******************************************************************************
                  TI ARM Linker PC v20.2.7                     
******************************************************************************
>> Linked Mon Feb 13 14:36:58 2023

OUTPUT FILE NAME:   <bLong new.out>
ENTRY POINT SYMBOL: "_c_int00_noargs"  address: 00013399


MEMORY CONFIGURATION

         name            origin    length      used     unused   attr    fill
----------------------  --------  ---------  --------  --------  ----  --------
  MAIN                  00000000   00040000  00013b50  0002c4b0  R  X
  INFO                  00200000   00004000  00000000  00004000  R  X
  SRAM_CODE             01000000   00010000  00000e4a  0000f1b6  RW X
  SRAM_DATA             20000000   00010000  00000e4a  0000f1b6  RW  


SEGMENT ALLOCATION MAP

run origin  load origin   length   init length attrs members
----------  ----------- ---------- ----------- ----- -------
00000000    00000000    00013b50   00013b50    r-x
  00000000    00000000    000000e4   000000e4    r-- .intvecs
  000000e4    000000e4    0000d158   0000d158    r-- .const
  0000d23c    0000d23c    00006864   00006864    r-x .text
  00013aa0    00013aa0    000000b0   000000b0    r-- .cinit
20000000    20000000    00000c50   00000000    rw-
  20000000    20000000    00000602   00000000    rw- .bss
  20000608    20000608    00000400   00000000    rw- .sysmem
  20000a08    20000a08    00000248   00000000    rw- .data
2000fe00    2000fe00    00000200   00000000    rw-
  2000fe00    2000fe00    00000200   00000000    rw- .stack


SECTION ALLOCATION MAP

 output                                  attributes/
section   page    origin      length       input sections
--------  ----  ----------  ----------   ----------------
.intvecs   0    00000000    000000e4     
                  00000000    000000e4     startup_msp432p401r_ccs.obj (.intvecs:retain)

.const     0    000000e4    0000d158     
                  000000e4    00002000     Gr_bLong.obj (.const:.string:pixel_bLong4BPP_UNCOMP)
                  000020e4    00002000     Gr_bubbleLevel.obj (.const:.string:pixel_bubbleLevel4BPP_UNCOMP)
                  000040e4    00002000     Gr_lidarInit.obj (.const:.string:pixel_lidar4BPP_UNCOMP)
                  000060e4    00002000     Gr_menu.obj (.const:.string:pixel_menu4BPP_UNCOMP)
                  000080e4    00002000     Gr_meterInit.obj (.const:.string:pixel_meterInit4BPP_UNCOMP)
                  0000a0e4    00002000     Gr_meterMeasure.obj (.const:.string:pixel_meterMeasure4BPP_UNCOMP)
                  0000c0e4    000008c1     grlib.a : fontcmss20.obj (.const:.string:g_pucCmss20Data)
                  0000c9a5    000002f8             : fontfixed6x8.obj (.const:.string:g_pucFontFixed6x8Data)
                  0000cc9d    00000101     rtsv7M4_T_le_v4SPD16_eabi.lib : ctype.c.obj (.const:.string:_ctypes_)
                  0000cd9e    00000002     --HOLE-- [fill = 0]
                  0000cda0    000000c8     grlib.a : fontcmss20.obj (.const:g_sFontCmss20)
                  0000ce68    000000c8             : fontfixed6x8.obj (.const:g_sFontFixed6x8)
                  0000cf30    00000080     msp432p4xx_driverlib.lib : adc14.o (.const:_ctlRegs)
                  0000cfb0    00000040     Gr_bLong.obj (.const:palette_bLong4BPP_UNCOMP)
                  0000cff0    00000040     Gr_bubbleLevel.obj (.const:palette_bubbleLevel4BPP_UNCOMP)
                  0000d030    00000040     Gr_lidarInit.obj (.const:palette_lidar4BPP_UNCOMP)
                  0000d070    00000040     Gr_menu.obj (.const:palette_menu4BPP_UNCOMP)
                  0000d0b0    00000040     Gr_meterInit.obj (.const:palette_meterInit4BPP_UNCOMP)
                  0000d0f0    00000040     Gr_meterMeasure.obj (.const:palette_meterMeasure4BPP_UNCOMP)
                  0000d130    00000030     msp432p4xx_driverlib.lib : gpio.o (.const:GPIO_PORT_TO_BASE)
                  0000d160    00000028     msp432_init.obj (.const:uartConfig)
                  0000d188    00000020     Crystalfontz128x128_ST7735.obj (.const:g_sCrystalfontz128x128_funcs)
                  0000d1a8    0000001c     HAL_MSP_EXP432P401R_Crystalfontz128x128_ST7735.obj (.const:$P$T0$1)
                  0000d1c4    00000010     Gr_bLong.obj (.const:bLong4BPP_UNCOMP)
                  0000d1d4    00000010     Gr_bubbleLevel.obj (.const:bubbleLevel4BPP_UNCOMP)
                  0000d1e4    00000010     Gr_lidarInit.obj (.const:lidar4BPP_UNCOMP)
                  0000d1f4    00000010     Gr_menu.obj (.const:menu4BPP_UNCOMP)
                  0000d204    00000010     Gr_meterInit.obj (.const:meterInit4BPP_UNCOMP)
                  0000d214    00000010     Gr_meterMeasure.obj (.const:meterMeasure4BPP_UNCOMP)
                  0000d224    00000008     Crystalfontz128x128_ST7735.obj (.const:$P$T0$1)
                  0000d22c    00000008     msp432p4xx_driverlib.lib : interrupt.o (.const:g_pulEnRegs)
                  0000d234    00000008     msp432_meter.obj (.const)

.text      0    0000d23c    00006864     
                  0000d23c    00000a4e     rtsv7M4_T_le_v4SPD16_eabi.lib : _printfi.c.obj (.text:__TI_printfi)
                  0000dc8a    00000002                                   : _lock.c.obj (.text:_nop)
                  0000dc8c    00000680     Crystalfontz128x128_ST7735.obj (.text)
                  0000e30c    0000047e     grlib.a : string.obj (.text:Graphics_drawString)
                  0000e78a    00000390             : image.obj (.text:Graphics_drawImage)
                  0000eb1a    00000002     rtsv7M4_T_le_v4SPD16_eabi.lib : div0.asm.obj (.text)
                  0000eb1c    00000334     system_msp432p401r.obj (.text)
                  0000ee50    000002cc     msp432_menu.obj (.text)
                  0000f11c    000002a4     main.obj (.text)
                  0000f3c0    00000298     msp432_bubbleLevel.obj (.text)
                  0000f658    00000270     rtsv7M4_T_le_v4SPD16_eabi.lib : _printfi.c.obj (.text:_pconv_a)
                  0000f8c8    0000026e     grlib.a : circle.obj (.text:Graphics_drawCircle)
                  0000fb36    00000002     --HOLE-- [fill = 0]
                  0000fb38    00000240     msp432_meter.obj (.text)
                  0000fd78    0000022a     grlib.a : circle.obj (.text:Graphics_fillCircle)
                  0000ffa2    00000002     --HOLE-- [fill = 0]
                  0000ffa4    000001d8     msp432_utils.obj (.text)
                  0001017c    000001d0     rtsv7M4_T_le_v4SPD16_eabi.lib : _printfi.c.obj (.text:_pconv_g)
                  0001034c    000001bc     msp432_init.obj (.text)
                  00010508    000001b6     rtsv7M4_T_le_v4SPD16_eabi.lib : fd_add_t2.asm.obj (.text)
                  000106be    00000002     --HOLE-- [fill = 0]
                  000106c0    00000160     msp432p4xx_driverlib.lib : adc14.o (.text:_getIndexForMemRegister)
                  00010820    0000015c                              : pcm.o (.text:__PCM_setPowerModeAdvanced)
                  0001097c    0000013c     rtsv7M4_T_le_v4SPD16_eabi.lib : _printfi.c.obj (.text:_pconv_e)
                  00010ab8    00000136                                   : fd_div_t2.asm.obj (.text)
                  00010bee    00000002     --HOLE-- [fill = 0]
                  00010bf0    00000124                                   : _printfi.c.obj (.text:fcvt)
                  00010d14    0000011c     msp432p4xx_driverlib.lib : uart.o (.text:UART_initModule)
                  00010e30    00000114     rtsv7M4_T_le_v4SPD16_eabi.lib : fputs.c.obj (.text:fputs)
                  00010f44    00000112     grlib.a : rectangle.obj (.text:Graphics_fillRectangle)
                  00011056    00000002     --HOLE-- [fill = 0]
                  00011058    00000110     rtsv7M4_T_le_v4SPD16_eabi.lib : s_scalbn.c.obj (.text:scalbn)
                  00011168    00000108     msp432p4xx_driverlib.lib : pcm.o (.text:__PCM_setCoreVoltageLevelAdvanced)
                  00011270    00000100     rtsv7M4_T_le_v4SPD16_eabi.lib : memory.c.obj (.text:aligned_alloc)
                  00011370    000000fc                                   : fd_mul_t2.asm.obj (.text)
                  0001146c    000000fa     grlib.a : string.obj (.text:Graphics_getStringWidth)
                  00011566    00000002     --HOLE-- [fill = 0]
                  00011568    000000f0     msp432_uart.obj (.text)
                  00011658    000000e4     rtsv7M4_T_le_v4SPD16_eabi.lib : memory.c.obj (.text:free)
                  0001173c    000000dc                                   : setvbuf.c.obj (.text:setvbuf)
                  00011818    000000cc     HAL_MSP_EXP432P401R_Crystalfontz128x128_ST7735.obj (.text)
                  000118e4    000000b4     msp432p4xx_driverlib.lib : adc14.o (.text:ADC14_configureConversionMemory)
                  00011998    000000b4                              : adc14.o (.text:ADC14_configureMultiSequenceMode)
                  00011a4c    000000b1     rtsv7M4_T_le_v4SPD16_eabi.lib : _printfi.c.obj (.text:_ltostr)
                  00011afd    00000001     --HOLE-- [fill = 0]
                  00011afe    000000b0     msp432p4xx_driverlib.lib : spi.o (.text:SPI_initMaster)
                  00011bae    0000009c     grlib.a : line.obj (.text:Graphics_drawLineH)
                  00011c4a    0000009c             : line.obj (.text:Graphics_drawLineV)
                  00011ce6    0000009c     rtsv7M4_T_le_v4SPD16_eabi.lib : memcpy_t2.asm.obj (.text)
                  00011d82    00000096                                   : ull_div_t2.asm.obj (.text)
                  00011e18    00000094     msp432_lidar.obj (.text)
                  00011eac    0000008c     rtsv7M4_T_le_v4SPD16_eabi.lib : fputc.c.obj (.text:fputc)
                  00011f38    00000088     msp432p4xx_driverlib.lib : gpio.o (.text:GPIO_setAsPeripheralModuleFunctionInputPin)
                  00011fc0    00000088                              : gpio.o (.text:GPIO_setAsPeripheralModuleFunctionOutputPin)
                  00012048    00000086     rtsv7M4_T_le_v4SPD16_eabi.lib : fd_cmp_t2.asm.obj (.text:__aeabi_cdcmple)
                  000120ce    00000086                                   : fd_cmp_t2.asm.obj (.text:__aeabi_cdrcmple)
                  00012154    00000084     msp432p4xx_driverlib.lib : gpio.o (.text:GPIO_getEnabledInterruptStatus)
                  000121d8    00000080                              : interrupt.o (.text:Interrupt_enableInterrupt)
                  00012258    0000007a     rtsv7M4_T_le_v4SPD16_eabi.lib : memset_t2.asm.obj (.text)
                  000122d2    00000002     --HOLE-- [fill = 0]
                  000122d4    00000074                                   : fclose.c.obj (.text:__TI_closefile)
                  00012348    00000070                                   : memory.c.obj (.text:split)
                  000123b8    0000006e                                   : _printfi.c.obj (.text:_mcpy)
                  00012426    0000006e                                   : fd_tos_t2.asm.obj (.text)
                  00012494    0000006c     grlib.a : image.obj (.text:Graphics_convertPalette)
                  00012500    0000006c     rtsv7M4_T_le_v4SPD16_eabi.lib : hostrename.c.obj (.text:HOSTrename)
                  0001256c    00000068                                   : hostlseek.c.obj (.text:HOSTlseek)
                  000125d4    00000068                                   : copy_decompress_lzss.c.obj (.text:decompress:lzss:__TI_decompress_lzss)
                  0001263c    00000068                                   : printf.c.obj (.text:printf)
                  000126a4    00000064     msp432p4xx_driverlib.lib : uart.o (.text:UART_getEnabledInterruptStatus)
                  00012708    00000064     rtsv7M4_T_le_v4SPD16_eabi.lib : s_frexp.c.obj (.text:frexp)
                  0001276c    00000064                                   : fseek.c.obj (.text:fseek)
                  000127d0    00000062                                   : _io_perm.c.obj (.text:__TI_wrt_ok)
                  00012832    00000002     --HOLE-- [fill = 0]
                  00012834    00000060                                   : hostopen.c.obj (.text:HOSTopen)
                  00012894    0000005e     msp432p4xx_driverlib.lib : pcm.o (.text:PCM_getCoreVoltageLevel)
                  000128f2    00000002     --HOLE-- [fill = 0]
                  000128f4    0000005c     rtsv7M4_T_le_v4SPD16_eabi.lib : close.c.obj (.text:close)
                  00012950    0000005a     grlib.a : context.obj (.text:Graphics_drawPixel)
                  000129aa    0000005a     msp432p4xx_driverlib.lib : pcm.o (.text:PCM_getPowerMode)
                  00012a04    00000058                              : gpio.o (.text:GPIO_setAsInputPinWithPullUpResistor)
                  00012a5c    00000058     rtsv7M4_T_le_v4SPD16_eabi.lib : hostread.c.obj (.text:HOSTread)
                  00012ab4    00000058                                   : hostwrite.c.obj (.text:HOSTwrite)
                  00012b0c    00000056                                   : _printfi.c.obj (.text:_pconv_f)
                  00012b62    00000002     --HOLE-- [fill = 0]
                  00012b64    00000054     msp432p4xx_driverlib.lib : adc14.o (.text:ADC14_initModule)
                  00012bb8    00000054     rtsv7M4_T_le_v4SPD16_eabi.lib : _ltoa.c.obj (.text:__TI_ltoa)
                  00012c0c    00000052     grlib.a : context.obj (.text:Graphics_initContext)
                  00012c5e    00000052     rtsv7M4_T_le_v4SPD16_eabi.lib : _printfi.c.obj (.text:_ecpy)
                  00012cb0    0000004c                                   : fflush.c.obj (.text:__TI_doflush)
                  00012cfc    0000004c                                   : atoi.c.obj (.text:atoi)
                  00012d48    00000048     msp432p4xx_driverlib.lib : flash.o (.text:FlashCtl_setWaitState)
                  00012d90    00000048     grlib.a : string.obj (.text:Graphics_drawStringCentered)
                  00012dd8    00000048     rtsv7M4_T_le_v4SPD16_eabi.lib : hosttime.c.obj (.text:HOSTtime)
                  00012e20    00000048                                   : exit.c.obj (.text:exit)
                  00012e68    00000048                                   : fd_toi_t2.asm.obj (.text)
                  00012eb0    00000046     grlib.a : display.obj (.text:Graphics_drawMultiplePixelsOnDisplay)
                  00012ef6    00000002     --HOLE-- [fill = 0]
                  00012ef8    00000044     rtsv7M4_T_le_v4SPD16_eabi.lib : hostclose.c.obj (.text:HOSTclose)
                  00012f3c    00000044                                   : hostunlink.c.obj (.text:HOSTunlink)
                  00012f80    00000044                                   : autoinit.c.obj (.text:__TI_auto_init_nobinit_nopinit:__TI_auto_init_nobinit_nopinit)
                  00012fc4    00000044                                   : getdevice.c.obj (.text:getdevice)
                  00013008    00000040     msp432p4xx_driverlib.lib : gpio.o (.text:GPIO_setAsOutputPin)
                  00013048    00000040     grlib.a : string.obj (.text:Graphics_getNumberOfLeadingZeros)
                  00013088    00000040     msp432p4xx_driverlib.lib : spi.o (.text:is_A_Module)
                  000130c8    00000040     rtsv7M4_T_le_v4SPD16_eabi.lib : sprintf.c.obj (.text:sprintf)
                  00013108    0000003e                                   : _printfi.c.obj (.text:_fcpy)
                  00013146    00000002     --HOLE-- [fill = 0]
                  00013148    00000038     msp432p4xx_driverlib.lib : adc14.o (.text:ADC14_getEnabledInterruptStatus)
                  00013180    00000038     rtsv7M4_T_le_v4SPD16_eabi.lib : trgmsg.c.obj (.text:__TI_writemsg)
                  000131b8    00000038                                   : fs_tod_t2.asm.obj (.text)
                  000131f0    00000036     grlib.a : display.obj (.text:Graphics_drawHorizontalLineOnDisplay)
                  00013226    00000036             : display.obj (.text:Graphics_drawVerticalLineOnDisplay)
                  0001325c    00000036     rtsv7M4_T_le_v4SPD16_eabi.lib : strncpy.c.obj (.text:strncpy)
                  00013292    00000002     --HOLE-- [fill = 0]
                  00013294    00000034     msp432p4xx_driverlib.lib : adc14.o (.text:ADC14_enableSampleTimer)
                  000132c8    00000034                              : cs.o (.text:CS_setDCOCenteredFrequency)
                  000132fc    00000034                              : uart.o (.text:UART_transmitData)
                  00013330    00000034     rtsv7M4_T_le_v4SPD16_eabi.lib : fopen.c.obj (.text:__TI_cleanup)
                  00013364    00000034                                   : trgmsg.c.obj (.text:__TI_readmsg)
                  00013398    00000034                                   : boot_cortex_m.c.obj (.text:_c_int00_noargs:_c_int00_noargs)
                  000133cc    00000030     msp432p4xx_driverlib.lib : adc14.o (.text:ADC14_clearInterruptFlag)
                  000133fc    00000030                              : adc14.o (.text:ADC14_enableInterrupt)
                  0001342c    00000030                              : gpio.o (.text:GPIO_getInputPinValue)
                  0001345c    00000030                              : uart.o (.text:UART_receiveData)
                  0001348c    00000030     rtsv7M4_T_le_v4SPD16_eabi.lib : getdevice.c.obj (.text:finddevice)
                  000134bc    0000002e                                   : i_tofd_t2.asm.obj (.text)
                  000134ea    00000002     --HOLE-- [fill = 0]
                  000134ec    0000002c     msp432p4xx_driverlib.lib : adc14.o (.text:ADC14_getInterruptStatus)
                  00013518    0000002c                              : adc14.o (.text:ADC14_toggleConversionTrigger)
                  00013544    0000002c     grlib.a : display.obj (.text:Graphics_drawPixelOnDisplay)
                  00013570    0000002c     rtsv7M4_T_le_v4SPD16_eabi.lib : unlink.c.obj (.text:unlink)
                  0001359c    00000028     msp432p4xx_driverlib.lib : adc14.o (.text:ADC14_enableConversion)
                  000135c4    00000028                              : adc14.o (.text:ADC14_getResult)
                  000135ec    00000028                              : gpio.o (.text:GPIO_clearInterruptFlag)
                  00013614    00000028                              : gpio.o (.text:GPIO_enableInterrupt)
                  0001363c    00000028                              : gpio.o (.text:GPIO_setOutputHighOnPin)
                  00013664    00000028                              : gpio.o (.text:GPIO_setOutputLowOnPin)
                  0001368c    00000028                              : pcm.o (.text:PCM_gotoLPM0)
                  000136b4    00000028     rtsv7M4_T_le_v4SPD16_eabi.lib : memory.c.obj (.text:free_list_insert)
                  000136dc    00000028                                   : lseek.c.obj (.text:lseek)
                  00013704    00000028                                   : write.c.obj (.text:write)
                  0001372c    00000024     msp432p4xx_driverlib.lib : gpio.o (.text:GPIO_getInterruptStatus)
                  00013750    00000024                              : wdt_a.o (.text:WDT_A_holdTimer)
                  00013774    00000020     rtsv7M4_T_le_v4SPD16_eabi.lib : memchr.c.obj (.text:memchr)
                  00013794    0000001e     grlib.a : display.obj (.text:Graphics_fillRectangleOnDisplay)
                  000137b2    0000001c     msp432p4xx_driverlib.lib : spi.o (.text:SPI_enableModule)
                  000137ce    00000002     --HOLE-- [fill = 0]
                  000137d0    0000001c     rtsv7M4_T_le_v4SPD16_eabi.lib : memory.c.obj (.text:free_list_remove)
                  000137ec    0000001c                                   : memccpy.c.obj (.text:memccpy)
                  00013808    0000001a     grlib.a : display.obj (.text:Graphics_clearDisplayOnDisplay)
                  00013822    0000001a             : context.obj (.text:Graphics_setBackgroundColor)
                  0001383c    0000001a             : context.obj (.text:Graphics_setFont)
                  00013856    0000001a     rtsv7M4_T_le_v4SPD16_eabi.lib : s_copysign.c.obj (.text:copysign)
                  00013870    00000018     msp432p4xx_driverlib.lib : uart.o (.text:UART_getInterruptStatus)
                  00013888    00000018     rtsv7M4_T_le_v4SPD16_eabi.lib : sprintf.c.obj (.text:_outs)
                  000138a0    00000018                                   : strcmp.c.obj (.text:strcmp)
                  000138b8    00000016     msp432p4xx_driverlib.lib : spi.o (.text:EUSCI_A_SPI_enable)
                  000138ce    00000016                              : spi.o (.text:EUSCI_B_SPI_enable)
                  000138e4    00000016     grlib.a : context.obj (.text:Graphics_setForegroundColor)
                  000138fa    00000016             : display.obj (.text:Graphics_translateColorOnDisplay)
                  00013910    00000016     msp432p4xx_driverlib.lib : uart.o (.text:UART_clearInterruptFlag)
                  00013926    00000016                              : uart.o (.text:UART_enableModule)
                  0001393c    00000016     rtsv7M4_T_le_v4SPD16_eabi.lib : strchr.c.obj (.text:strchr)
                  00013952    00000002     --HOLE-- [fill = 0]
                  00013954    00000014     msp432p4xx_driverlib.lib : pcm.o (.text:PCM_getPowerState)
                  00013968    00000014     rtsv7M4_T_le_v4SPD16_eabi.lib : strcpy.c.obj (.text:strcpy)
                  0001397c    00000014                                   : strlen.c.obj (.text:strlen)
                  00013990    00000012     grlib.a : context.obj (.text:Graphics_clearDisplay)
                  000139a2    00000012     rtsv7M4_T_le_v4SPD16_eabi.lib : wcslen.c.obj (.text:wcslen)
                  000139b4    00000010     msp432p4xx_driverlib.lib : adc14.o (.text:ADCIsConversionRunning)
                  000139c4    00000010                              : interrupt.o (.text:Interrupt_disableMaster)
                  000139d4    00000010                              : interrupt.o (.text:Interrupt_disableSleepOnIsrExit)
                  000139e4    00000010                              : interrupt.o (.text:Interrupt_enableMaster)
                  000139f4    00000010                              : pcm.o (.text:PCM_setCoreVoltageLevel)
                  00013a04    00000010                              : pcm.o (.text:PCM_setPowerMode)
                  00013a14    0000000e     rtsv7M4_T_le_v4SPD16_eabi.lib : time.c.obj (.text:__time32)
                  00013a22    0000000e                                   : copy_decompress_none.c.obj (.text:decompress:none:__TI_decompress_none)
                  00013a30    0000000e     startup_msp432p401r_ccs.obj (.text)
                  00013a3e    00000002     --HOLE-- [fill = 0]
                  00013a40    0000000c     msp432p4xx_driverlib.lib : adc14.o (.text:ADC14_enableModule)
                  00013a4c    0000000c                              : cpu.o (.text:CPU_cpsid)
                  00013a58    0000000c                              : cpu.o (.text:CPU_cpsie)
                  00013a64    0000000c     rtsv7M4_T_le_v4SPD16_eabi.lib : copy_zero_init.c.obj (.text:decompress:ZI:__TI_zero_init)
                  00013a70    0000000a                                   : sprintf.c.obj (.text:_outc)
                  00013a7a    00000002     --HOLE-- [fill = 0]
                  00013a7c    00000008                                   : errno.c.obj (.text:__aeabi_errno_addr)
                  00013a84    00000008                                   : memory.c.obj (.text:malloc)
                  00013a8c    00000004     msp432p4xx_driverlib.lib : cpu.o (.text:CPU_wfi)
                  00013a90    00000004     rtsv7M4_T_le_v4SPD16_eabi.lib : printf.c.obj (.text:_outc)
                  00013a94    00000004                                   : printf.c.obj (.text:_outs)
                  00013a98    00000004                                   : pre_init.c.obj (.text:_system_pre_init)
                  00013a9c    00000004                                   : exit.c.obj (.text:abort:abort)

.cinit     0    00013aa0    000000b0     
                  00013aa0    00000086     (.cinit..data.load) [load image, compression = lzss]
                  00013b26    00000002     --HOLE-- [fill = 0]
                  00013b28    0000000c     (__TI_handler_table)
                  00013b34    00000004     --HOLE-- [fill = 0]
                  00013b38    00000008     (.cinit..bss.load) [load image, compression = zero_init]
                  00013b40    00000010     (__TI_cinit_table)

.init_array 
*          0    00000000    00000000     UNINITIALIZED

.binit     0    00000000    00000000     

.bss       0    20000000    00000602     UNINITIALIZED
                  20000000    00000400     grlib.a : image.obj (.bss:g_pulConvertedPalette)
                  20000400    00000120     rtsv7M4_T_le_v4SPD16_eabi.lib : trgmsg.c.obj (.bss:_CIOBUF_)
                  20000520    000000a0     (.common:__TI_tmpnams)
                  200005c0    0000001c     (.common:g_sContext)
                  200005dc    0000000c     (.common:BOX)
                  200005e8    00000008     (.common:parmbuf)
                  200005f0    00000008     (.common:rectBubble)
                  200005f8    00000002     (.common:Lcd_ScreenHeigth)
                  200005fa    00000002     (.common:Lcd_ScreenWidth)
                  200005fc    00000002     (.common:Lcd_TouchTrim)
                  200005fe    00000001     (.common:Lcd_FlagRead)
                  200005ff    00000001     (.common:Lcd_FontSolid)
                  20000600    00000001     (.common:Lcd_Orientation)
                  20000601    00000001     (.common:Lcd_PenSolid)

.sysmem    0    20000608    00000400     UNINITIALIZED
                  20000608    00000010     rtsv7M4_T_le_v4SPD16_eabi.lib : memory.c.obj (.sysmem)
                  20000618    000003f0     --HOLE--

.data      0    20000a08    00000248     UNINITIALIZED
                  20000a08    000000f0     rtsv7M4_T_le_v4SPD16_eabi.lib : defs.c.obj (.data:_ftable)
                  20000af8    00000078                                   : host_device.c.obj (.data:_device)
                  20000b70    00000050                                   : host_device.c.obj (.data:_stream)
                  20000bc0    00000014     msp432_menu.obj (.data)
                  20000bd4    00000011     main.obj (.data)
                  20000be5    00000003     --HOLE--
                  20000be8    00000010     Crystalfontz128x128_ST7735.obj (.data:g_sCrystalfontz128x128)
                  20000bf8    00000010     msp432_meter.obj (.data)
                  20000c08    00000010     rtsv7M4_T_le_v4SPD16_eabi.lib : defs.c.obj (.data)
                  20000c18    0000000e     msp432_bubbleLevel.obj (.data)
                  20000c26    00000002     --HOLE--
                  20000c28    0000000c     rtsv7M4_T_le_v4SPD16_eabi.lib : exit.c.obj (.data:$O1$$)
                  20000c34    00000008                                   : _lock.c.obj (.data:$O1$$)
                  20000c3c    00000008                                   : memory.c.obj (.data:$O1$$)
                  20000c44    00000004     msp432_lidar.obj (.data)
                  20000c48    00000004     rtsv7M4_T_le_v4SPD16_eabi.lib : errno.c.obj (.data)
                  20000c4c    00000004     system_msp432p401r.obj (.data)

.stack     0    2000fe00    00000200     UNINITIALIZED
                  2000fe00    00000004     rtsv7M4_T_le_v4SPD16_eabi.lib : boot_cortex_m.c.obj (.stack)
                  2000fe04    000001fc     --HOLE--

__llvm_prf_cnts 
*          0    20000000    00000000     UNINITIALIZED

MODULE SUMMARY

       Module                                               code    ro data   rw data
       ------                                               ----    -------   -------
    .\
       Gr_bLong.obj                                         0       8272      0      
       Gr_bubbleLevel.obj                                   0       8272      0      
       Gr_lidarInit.obj                                     0       8272      0      
       Gr_menu.obj                                          0       8272      0      
       Gr_meterInit.obj                                     0       8272      0      
       Gr_meterMeasure.obj                                  0       8272      0      
       system_msp432p401r.obj                               820     0         8      
       msp432_menu.obj                                      716     0         64     
       main.obj                                             676     0         90     
       msp432_bubbleLevel.obj                               664     0         44     
       msp432_meter.obj                                     576     8         32     
       msp432_init.obj                                      444     40        0      
       msp432_utils.obj                                     472     0         0      
       startup_msp432p401r_ccs.obj                          14      228       0      
       msp432_uart.obj                                      240     0         0      
       msp432_lidar.obj                                     148     0         8      
    +--+----------------------------------------------------+-------+---------+---------+
       Total:                                               4770    49908     246    
                                                                                     
    .\LcdDriver\
       Crystalfontz128x128_ST7735.obj                       1664    40        52     
       HAL_MSP_EXP432P401R_Crystalfontz128x128_ST7735.obj   204     28        0      
    +--+----------------------------------------------------+-------+---------+---------+
       Total:                                               1868    68        52     
                                                                                     
    C:/Users/sassi/Documents/Universita/Terzo anno/Embedded software for the internet of things/Libraries/simplelink_msp432p4_sdk_3_40_01_02/source/ti/devices/msp432p4xx/driverlib/ccs/msp432p4xx_driverlib.lib
       adc14.o                                              1196    128       0      
       pcm.o                                                888     0         0      
       gpio.o                                               800     48        0      
       uart.o                                               552     0         0      
       spi.o                                                312     0         0      
       interrupt.o                                          176     8         0      
       flash.o                                              72      0         0      
       cs.o                                                 52      0         0      
       wdt_a.o                                              36      0         0      
       cpu.o                                                28      0         0      
    +--+----------------------------------------------------+-------+---------+---------+
       Total:                                               4112    184       0      
                                                                                     
    C:/Users/sassi/Documents/Universita/Terzo anno/Embedded software for the internet of things/Libraries/simplelink_msp432p4_sdk_3_40_01_02/source/ti/grlib/lib/ccs/m4/grlib.a
       image.obj                                            1020    0         2048   
       fontcmss20.obj                                       0       2441      0      
       string.obj                                           1536    0         0      
       circle.obj                                           1176    0         0      
       fontfixed6x8.obj                                     0       960       0      
       line.obj                                             312     0         0      
       display.obj                                          300     0         0      
       rectangle.obj                                        274     0         0      
       context.obj                                          264     0         0      
    +--+----------------------------------------------------+-------+---------+---------+
       Total:                                               4882    3401      2048   
                                                                                     
    C:\ti\ccs1210\ccs\tools\compiler\ti-cgt-arm_20.2.7.LTS\lib\rtsv7M4_T_le_v4SPD16_eabi.lib
       _printfi.c.obj                                       4851    0         0      
       defs.c.obj                                           0       0         832    
       memory.c.obj                                         672     0         16     
       trgmsg.c.obj                                         108     0         576    
       fd_add_t2.asm.obj                                    438     0         0      
       host_device.c.obj                                    0       0         400    
       fd_div_t2.asm.obj                                    310     0         0      
       fputs.c.obj                                          276     0         0      
       s_scalbn.c.obj                                       272     0         0      
       fd_cmp_t2.asm.obj                                    268     0         0      
       ctype.c.obj                                          0       257       0      
       fd_mul_t2.asm.obj                                    252     0         0      
       setvbuf.c.obj                                        220     0         0      
       memcpy_t2.asm.obj                                    156     0         0      
       ull_div_t2.asm.obj                                   150     0         0      
       fputc.c.obj                                          140     0         0      
       memset_t2.asm.obj                                    122     0         0      
       fclose.c.obj                                         116     0         0      
       getdevice.c.obj                                      116     0         0      
       hostopen.c.obj                                       96      0         16     
       printf.c.obj                                         112     0         0      
       fd_tos_t2.asm.obj                                    110     0         0      
       hostrename.c.obj                                     108     0         0      
       copy_decompress_lzss.c.obj                           104     0         0      
       hostlseek.c.obj                                      104     0         0      
       exit.c.obj                                           76      0         24     
       fseek.c.obj                                          100     0         0      
       s_frexp.c.obj                                        100     0         0      
       _io_perm.c.obj                                       98      0         0      
       sprintf.c.obj                                        98      0         0      
       close.c.obj                                          92      0         0      
       hostread.c.obj                                       88      0         0      
       hostwrite.c.obj                                      88      0         0      
       _ltoa.c.obj                                          84      0         0      
       atoi.c.obj                                           76      0         0      
       fflush.c.obj                                         76      0         0      
       fd_toi_t2.asm.obj                                    72      0         0      
       hosttime.c.obj                                       72      0         0      
       autoinit.c.obj                                       68      0         0      
       hostclose.c.obj                                      68      0         0      
       hostunlink.c.obj                                     68      0         0      
       fs_tod_t2.asm.obj                                    56      0         0      
       strncpy.c.obj                                        54      0         0      
       boot_cortex_m.c.obj                                  52      0         0      
       fopen.c.obj                                          52      0         0      
       i_tofd_t2.asm.obj                                    46      0         0      
       unlink.c.obj                                         44      0         0      
       lseek.c.obj                                          40      0         0      
       write.c.obj                                          40      0         0      
       memchr.c.obj                                         32      0         0      
       memccpy.c.obj                                        28      0         0      
       s_copysign.c.obj                                     26      0         0      
       strcmp.c.obj                                         24      0         0      
       strchr.c.obj                                         22      0         0      
       strcpy.c.obj                                         20      0         0      
       strlen.c.obj                                         20      0         0      
       _lock.c.obj                                          2       0         16     
       wcslen.c.obj                                         18      0         0      
       errno.c.obj                                          8       0         8      
       copy_decompress_none.c.obj                           14      0         0      
       time.c.obj                                           14      0         0      
       copy_zero_init.c.obj                                 12      0         0      
       pre_init.c.obj                                       4       0         0      
       div0.asm.obj                                         2       0         0      
    +--+----------------------------------------------------+-------+---------+---------+
       Total:                                               11055   257       1888   
                                                                                     
       Heap:                                                0       0         2048   
       Stack:                                               0       0         1024   
       Linker Generated:                                    0       170       0      
    +--+----------------------------------------------------+-------+---------+---------+
       Grand Total:                                         26687   53988     7306   


LINKER GENERATED COPY TABLES

__TI_cinit_table @ 00013b40 records: 2, size/record: 8, table size: 16
	.data: load addr=00013aa0, load size=00000086 bytes, run addr=20000a08, run size=00000248 bytes, compression=lzss
	.bss: load addr=00013b38, load size=00000008 bytes, run addr=20000000, run size=00000602 bytes, compression=zero_init


LINKER GENERATED HANDLER TABLE

__TI_handler_table @ 00013b28 records: 3, size/record: 4, table size: 12
	index: 0, handler: __TI_decompress_lzss
	index: 1, handler: __TI_decompress_none
	index: 2, handler: __TI_zero_init


GLOBAL SYMBOLS: SORTED ALPHABETICALLY BY Name 

address   name                                       
-------   ----                                       
0000f131  ADC14_IRQHandler                           
0000f131  ADC14_IRQHandler                           
000133cd  ADC14_clearInterruptFlag                   
000118e5  ADC14_configureConversionMemory            
00011999  ADC14_configureMultiSequenceMode           
0001359d  ADC14_enableConversion                     
000133fd  ADC14_enableInterrupt                      
00013a41  ADC14_enableModule                         
00013295  ADC14_enableSampleTimer                    
00013149  ADC14_getEnabledInterruptStatus            
000134ed  ADC14_getInterruptStatus                   
000135c5  ADC14_getResult                            
00012b65  ADC14_initModule                           
00013519  ADC14_toggleConversionTrigger              
00013a3d  AES256_IRQHandler                          
200005dc  BOX                                        
00013a3d  BusFault_Handler                           
00013a9d  C$$EXIT                                    
000131af  C$$IO$$                                    
00013a3d  COMP_E0_IRQHandler                         
00013a3d  COMP_E1_IRQHandler                         
00013a4d  CPU_cpsid                                  
00013a59  CPU_cpsie                                  
00013a8d  CPU_wfi                                    
00013a3d  CS_IRQHandler                              
000132c9  CS_setDCOCenteredFrequency                 
20000be4  CURRENT_STATE                              
20000bc4  CURSOR                                     
0000dc8d  Crystalfontz128x128_Init                   
0000dda1  Crystalfontz128x128_SetDrawFrame           
0000decf  Crystalfontz128x128_SetOrientation         
00013a3d  DMA_ERR_IRQHandler                         
00013a3d  DMA_INT0_IRQHandler                        
00013a3d  DMA_INT1_IRQHandler                        
00013a3d  DMA_INT2_IRQHandler                        
00013a3d  DMA_INT3_IRQHandler                        
00013a3d  DebugMon_Handler                           
00013a3d  Default_Handler                            
00013a3d  EUSCIA0_IRQHandler                         
00013a3d  EUSCIA1_IRQHandler                         
0000f307  EUSCIA2_IRQHandler                         
0000f307  EUSCIA2_IRQHandler                         
00013a3d  EUSCIA3_IRQHandler                         
00013a3d  EUSCIB0_IRQHandler                         
00013a3d  EUSCIB1_IRQHandler                         
00013a3d  EUSCIB2_IRQHandler                         
00013a3d  EUSCIB3_IRQHandler                         
000138b9  EUSCI_A_SPI_enable                         
000138cf  EUSCI_B_SPI_enable                         
00013a3d  FLCTL_IRQHandler                           
00013a3d  FPU_IRQHandler                             
00012d49  FlashCtl_setWaitState                      
000135ed  GPIO_clearInterruptFlag                    
00013615  GPIO_enableInterrupt                       
00012155  GPIO_getEnabledInterruptStatus             
0001342d  GPIO_getInputPinValue                      
0001372d  GPIO_getInterruptStatus                    
00012a05  GPIO_setAsInputPinWithPullUpResistor       
00013009  GPIO_setAsOutputPin                        
00011f39  GPIO_setAsPeripheralModuleFunctionInputPin 
00011fc1  GPIO_setAsPeripheralModuleFunctionOutputPin
0001363d  GPIO_setOutputHighOnPin                    
00013665  GPIO_setOutputLowOnPin                     
00013991  Graphics_clearDisplay                      
00013809  Graphics_clearDisplayOnDisplay             
0000f8c9  Graphics_drawCircle                        
000131f1  Graphics_drawHorizontalLineOnDisplay       
0000e78b  Graphics_drawImage                         
00011baf  Graphics_drawLineH                         
00011c4b  Graphics_drawLineV                         
00012eb1  Graphics_drawMultiplePixelsOnDisplay       
00012951  Graphics_drawPixel                         
00013545  Graphics_drawPixelOnDisplay                
0000e30d  Graphics_drawString                        
00012d91  Graphics_drawStringCentered                
00013227  Graphics_drawVerticalLineOnDisplay         
0000fd79  Graphics_fillCircle                        
00010f45  Graphics_fillRectangle                     
00013795  Graphics_fillRectangleOnDisplay            
0001146d  Graphics_getStringWidth                    
00012c0d  Graphics_initContext                       
00013823  Graphics_setBackgroundColor                
0001383d  Graphics_setFont                           
000138e5  Graphics_setForegroundColor                
000138fb  Graphics_translateColorOnDisplay           
00011819  HAL_LCD_PortInit                           
00011849  HAL_LCD_SpiInit                            
0001187f  HAL_LCD_writeCommand                       
000118af  HAL_LCD_writeData                          
00012ef9  HOSTclose                                  
0001256d  HOSTlseek                                  
00012835  HOSTopen                                   
00012a5d  HOSTread                                   
00012501  HOSTrename                                 
00012dd9  HOSTtime                                   
00012f3d  HOSTunlink                                 
00012ab5  HOSTwrite                                  
00013a3d  HardFault_Handler                          
20000bd0  INIT_IMG                                   
20000bcc  INIT_POS                                   
000139c5  Interrupt_disableMaster                    
000139d5  Interrupt_disableSleepOnIsrExit            
000121d9  Interrupt_enableInterrupt                  
000139e5  Interrupt_enableMaster                     
20000bd8  LAST_CLICK_A                               
20000bd4  LAST_CLICK_B                               
20000c44  LIDAR_STATE                                
200005fe  Lcd_FlagRead                               
200005ff  Lcd_FontSolid                              
20000600  Lcd_Orientation                            
20000601  Lcd_PenSolid                               
200005f8  Lcd_ScreenHeigth                           
200005fa  Lcd_ScreenWidth                            
200005fc  Lcd_TouchTrim                              
20000c04  METER_STATE                                
00013a3d  MemManage_Handler                          
00013a3d  NMI_Handler                                
00013a3d  PCM_IRQHandler                             
00012895  PCM_getCoreVoltageLevel                    
000129ab  PCM_getPowerMode                           
00013955  PCM_getPowerState                          
0001368d  PCM_gotoLPM0                               
000139f5  PCM_setCoreVoltageLevel                    
00013a05  PCM_setPowerMode                           
00013a3d  PORT1_IRQHandler                           
00013a3d  PORT2_IRQHandler                           
0000f24b  PORT3_IRQHandler                           
0000f24b  PORT3_IRQHandler                           
00013a3d  PORT4_IRQHandler                           
0000f18b  PORT5_IRQHandler                           
0000f18b  PORT5_IRQHandler                           
00013a3d  PORT6_IRQHandler                           
00013a3d  PSS_IRQHandler                             
00013a3d  PendSV_Handler                             
00013a3d  RTC_C_IRQHandler                           
00013a31  Reset_Handler                              
20000bc0  SELECTED                                   
000137b3  SPI_enableModule                           
00011aff  SPI_initMaster                             
20000c00  START                                      
00013a3d  SVC_Handler                                
00013a3d  SysTick_Handler                            
20000c4c  SystemCoreClock                            
0000eb1d  SystemCoreClockUpdate                      
0000ed95  SystemInit                                 
00013a3d  T32_INT1_IRQHandler                        
00013a3d  T32_INT2_IRQHandler                        
00013a3d  T32_INTC_IRQHandler                        
00013a3d  TA0_0_IRQHandler                           
00013a3d  TA0_N_IRQHandler                           
00013a3d  TA1_0_IRQHandler                           
00013a3d  TA1_N_IRQHandler                           
00013a3d  TA2_0_IRQHandler                           
00013a3d  TA2_N_IRQHandler                           
00013a3d  TA3_0_IRQHandler                           
00013a3d  TA3_N_IRQHandler                           
00013911  UART_clearInterruptFlag                    
00013927  UART_enableModule                          
000126a5  UART_getEnabledInterruptStatus             
00013871  UART_getInterruptStatus                    
00010d15  UART_initModule                            
0001345d  UART_receiveData                           
000132fd  UART_transmitData                          
00013a3d  UsageFault_Handler                         
20000bc8  WAIT_POS                                   
4000480c  WDTCTL_SYM                                 
00013a3d  WDT_A_IRQHandler                           
00013751  WDT_A_holdTimer                            
00010493  _UARTInit                                  
20000400  __CIOBUF_                                  
20010000  __STACK_END                                
00000200  __STACK_SIZE                               
00000400  __SYSMEM_SIZE                              
00013b40  __TI_CINIT_Base                            
00013b50  __TI_CINIT_Limit                           
00013b28  __TI_Handler_Table_Base                    
00013b34  __TI_Handler_Table_Limit                   
00012f81  __TI_auto_init_nobinit_nopinit             
00013331  __TI_cleanup                               
20000c28  __TI_cleanup_ptr                           
000122d5  __TI_closefile                             
000125d5  __TI_decompress_lzss                       
00013a23  __TI_decompress_none                       
00012cb1  __TI_doflush                               
20000c2c  __TI_dtors_ptr                             
20000c30  __TI_enable_exit_profile_output            
20000c08  __TI_ft_end                                
00012bb9  __TI_ltoa                                  
ffffffff  __TI_pprof_out_hndl                        
0000d23d  __TI_printfi                               
ffffffff  __TI_prof_data_size                        
ffffffff  __TI_prof_data_start                       
00013365  __TI_readmsg                               
00000000  __TI_static_base__                         
20000520  __TI_tmpnams                               
00013181  __TI_writemsg                              
000127d1  __TI_wrt_ok                                
00013a65  __TI_zero_init                             
00012049  __aeabi_cdcmpeq                            
00012049  __aeabi_cdcmple                            
000120cf  __aeabi_cdrcmple                           
00012427  __aeabi_d2f                                
00012e69  __aeabi_d2iz                               
00010513  __aeabi_dadd                               
00010ab9  __aeabi_ddiv                               
00011371  __aeabi_dmul                               
00010509  __aeabi_dsub                               
00013a7d  __aeabi_errno_addr                         
000131b9  __aeabi_f2d                                
000134bd  __aeabi_i2d                                
0000eb1b  __aeabi_idiv0                              
0000eb1b  __aeabi_ldiv0                              
00012259  __aeabi_memclr                             
00012259  __aeabi_memclr4                            
00012259  __aeabi_memclr8                            
00011ce7  __aeabi_memcpy                             
00011ce7  __aeabi_memcpy4                            
00011ce7  __aeabi_memcpy8                            
0001225b  __aeabi_memset                             
0001225b  __aeabi_memset4                            
0001225b  __aeabi_memset8                            
20000c14  __aeabi_stderr                             
20000c0c  __aeabi_stdin                              
20000c10  __aeabi_stdout                             
00011d83  __aeabi_uldivmod                           
ffffffff  __binit__                                  
ffffffff  __c_args__                                 
UNDEFED   __mpu_init                                 
2000fe00  __stack                                    
20000000  __start___llvm_prf_cnts                    
20000000  __stop___llvm_prf_cnts                     
00013a15  __time32                                   
000103a3  _adcInit                                   
0001037d  _adcJoystickInit                           
0001034d  _buttonsInit                               
00013399  _c_int00_noargs                            
0000cc9d  _ctypes_                                   
20000af8  _device                                    
0001045b  _encoderInit                               
20000a08  _ftable                                    
00010411  _graphicsInit                              
0001046f  _ledInit                                   
20000c34  _lock                                      
0000dc8b  _nop                                       
20000b70  _stream                                    
20000608  _sys_memory                                
UNDEFED   _system_post_cinit                         
00013a99  _system_pre_init                           
20000c38  _unlock                                    
00013a9d  abort                                      
00011271  aligned_alloc                              
00012cfd  atoi                                       
0000d1c4  bLong4BPP_UNCOMP                           
ffffffff  binit                                      
0000f5b7  bubbleInit                                 
0000d1d4  bubbleLevel4BPP_UNCOMP                     
0000f1dd  buttonA                                    
0000f075  buttonAMenu                                
0000f29d  buttonB                                    
0000f1b3  canClickA                                  
0000f273  canClickB                                  
0000f199  checkInterruptA                            
0000f259  checkInterruptB                            
0000ffcf  clearCircle                                
000128f5  close                                      
00013857  copysign                                   
00013857  copysignl                                  
20000c20  count                                      
00010123  delay                                      
00011e3f  displayMeasure                             
0000f3c1  drawBubbleRect                             
0000ffa5  drawCircle                                 
000100e7  drawImageBubbleLevel                       
00010105  drawImageLidar                             
00010081  drawImageMenu                              
0001009f  drawImageMeterInit                         
000100c9  drawImageMeterMeasure                      
0000f43f  drawRect                                   
00010069  drawSplashScreen                           
0000fbb1  encoderHandler                             
0000fb85  encoderInit                                
20000c48  errno                                      
00012e21  exit                                       
0001348d  finddevice                                 
00011ead  fputc                                      
00010e31  fputs                                      
00011659  free                                       
00012709  frexp                                      
00012709  frexpl                                     
0001276d  fseek                                      
200005c0  g_sContext                                 
20000be8  g_sCrystalfontz128x128                     
0000d188  g_sCrystalfontz128x128_funcs               
0000cda0  g_sFontCmss20                              
0000ce68  g_sFontFixed6x8                            
0001014b  getTimestamp                               
00012fc5  getdevice                                  
000104af  hwInit                                     
20000bfc  inc                                        
20000be0  increment                                  
00000000  interruptVectors                           
0000ef83  joystickMenu                               
00011059  ldexp                                      
00011059  ldexpl                                     
0000d1e4  lidar4BPP_UNCOMP                           
00011e19  lidarInit                                  
000136dd  lseek                                      
0000f11d  main                                       
00013a85  malloc                                     
20000bf8  measure                                    
00011271  memalign                                   
000137ed  memccpy                                    
00013775  memchr                                     
00011ce7  memcpy                                     
00012261  memset                                     
0000d1f4  menu4BPP_UNCOMP                            
0000fcdf  meter                                      
0000d204  meterInit4BPP_UNCOMP                       
0000d214  meterMeasure4BPP_UNCOMP                    
20000c1c  oldPos                                     
200005e8  parmbuf                                    
0000d238  pi                                         
20000c18  pos                                        
0000fb39  printMeasure                               
0001263d  printf                                     
00011ead  putc                                       
200005f0  rectBubble                                 
00013571  remove                                     
0000f0bb  resetMenu                                  
00011059  scalbn                                     
00011059  scalbnl                                    
000115c7  sendBubbleLevelAngle                       
000115e3  sendChunks                                 
00011569  sendMessage                                
00011577  sendMeterIncrement                         
0001173d  setvbuf                                    
000130c9  sprintf                                    
20000bdc  status                                     
0001393d  strchr                                     
000138a1  strcmp                                     
00013969  strcpy                                     
0001397d  strlen                                     
0001325d  strncpy                                    
00013a15  time                                       
0000d160  uartConfig                                 
00013571  unlink                                     
0000ee51  updateMenu                                 
000139a3  wcslen                                     
0000d234  wheelRadius                                
00013705  write                                      
20000c24  xMeasured                                  


GLOBAL SYMBOLS: SORTED BY Symbol Address 

address   name                                       
-------   ----                                       
00000000  __TI_static_base__                         
00000000  interruptVectors                           
00000200  __STACK_SIZE                               
00000400  __SYSMEM_SIZE                              
0000cc9d  _ctypes_                                   
0000cda0  g_sFontCmss20                              
0000ce68  g_sFontFixed6x8                            
0000d160  uartConfig                                 
0000d188  g_sCrystalfontz128x128_funcs               
0000d1c4  bLong4BPP_UNCOMP                           
0000d1d4  bubbleLevel4BPP_UNCOMP                     
0000d1e4  lidar4BPP_UNCOMP                           
0000d1f4  menu4BPP_UNCOMP                            
0000d204  meterInit4BPP_UNCOMP                       
0000d214  meterMeasure4BPP_UNCOMP                    
0000d234  wheelRadius                                
0000d238  pi                                         
0000d23d  __TI_printfi                               
0000dc8b  _nop                                       
0000dc8d  Crystalfontz128x128_Init                   
0000dda1  Crystalfontz128x128_SetDrawFrame           
0000decf  Crystalfontz128x128_SetOrientation         
0000e30d  Graphics_drawString                        
0000e78b  Graphics_drawImage                         
0000eb1b  __aeabi_idiv0                              
0000eb1b  __aeabi_ldiv0                              
0000eb1d  SystemCoreClockUpdate                      
0000ed95  SystemInit                                 
0000ee51  updateMenu                                 
0000ef83  joystickMenu                               
0000f075  buttonAMenu                                
0000f0bb  resetMenu                                  
0000f11d  main                                       
0000f131  ADC14_IRQHandler                           
0000f131  ADC14_IRQHandler                           
0000f18b  PORT5_IRQHandler                           
0000f18b  PORT5_IRQHandler                           
0000f199  checkInterruptA                            
0000f1b3  canClickA                                  
0000f1dd  buttonA                                    
0000f24b  PORT3_IRQHandler                           
0000f24b  PORT3_IRQHandler                           
0000f259  checkInterruptB                            
0000f273  canClickB                                  
0000f29d  buttonB                                    
0000f307  EUSCIA2_IRQHandler                         
0000f307  EUSCIA2_IRQHandler                         
0000f3c1  drawBubbleRect                             
0000f43f  drawRect                                   
0000f5b7  bubbleInit                                 
0000f8c9  Graphics_drawCircle                        
0000fb39  printMeasure                               
0000fb85  encoderInit                                
0000fbb1  encoderHandler                             
0000fcdf  meter                                      
0000fd79  Graphics_fillCircle                        
0000ffa5  drawCircle                                 
0000ffcf  clearCircle                                
00010069  drawSplashScreen                           
00010081  drawImageMenu                              
0001009f  drawImageMeterInit                         
000100c9  drawImageMeterMeasure                      
000100e7  drawImageBubbleLevel                       
00010105  drawImageLidar                             
00010123  delay                                      
0001014b  getTimestamp                               
0001034d  _buttonsInit                               
0001037d  _adcJoystickInit                           
000103a3  _adcInit                                   
00010411  _graphicsInit                              
0001045b  _encoderInit                               
0001046f  _ledInit                                   
00010493  _UARTInit                                  
000104af  hwInit                                     
00010509  __aeabi_dsub                               
00010513  __aeabi_dadd                               
00010ab9  __aeabi_ddiv                               
00010d15  UART_initModule                            
00010e31  fputs                                      
00010f45  Graphics_fillRectangle                     
00011059  ldexp                                      
00011059  ldexpl                                     
00011059  scalbn                                     
00011059  scalbnl                                    
00011271  aligned_alloc                              
00011271  memalign                                   
00011371  __aeabi_dmul                               
0001146d  Graphics_getStringWidth                    
00011569  sendMessage                                
00011577  sendMeterIncrement                         
000115c7  sendBubbleLevelAngle                       
000115e3  sendChunks                                 
00011659  free                                       
0001173d  setvbuf                                    
00011819  HAL_LCD_PortInit                           
00011849  HAL_LCD_SpiInit                            
0001187f  HAL_LCD_writeCommand                       
000118af  HAL_LCD_writeData                          
000118e5  ADC14_configureConversionMemory            
00011999  ADC14_configureMultiSequenceMode           
00011aff  SPI_initMaster                             
00011baf  Graphics_drawLineH                         
00011c4b  Graphics_drawLineV                         
00011ce7  __aeabi_memcpy                             
00011ce7  __aeabi_memcpy4                            
00011ce7  __aeabi_memcpy8                            
00011ce7  memcpy                                     
00011d83  __aeabi_uldivmod                           
00011e19  lidarInit                                  
00011e3f  displayMeasure                             
00011ead  fputc                                      
00011ead  putc                                       
00011f39  GPIO_setAsPeripheralModuleFunctionInputPin 
00011fc1  GPIO_setAsPeripheralModuleFunctionOutputPin
00012049  __aeabi_cdcmpeq                            
00012049  __aeabi_cdcmple                            
000120cf  __aeabi_cdrcmple                           
00012155  GPIO_getEnabledInterruptStatus             
000121d9  Interrupt_enableInterrupt                  
00012259  __aeabi_memclr                             
00012259  __aeabi_memclr4                            
00012259  __aeabi_memclr8                            
0001225b  __aeabi_memset                             
0001225b  __aeabi_memset4                            
0001225b  __aeabi_memset8                            
00012261  memset                                     
000122d5  __TI_closefile                             
00012427  __aeabi_d2f                                
00012501  HOSTrename                                 
0001256d  HOSTlseek                                  
000125d5  __TI_decompress_lzss                       
0001263d  printf                                     
000126a5  UART_getEnabledInterruptStatus             
00012709  frexp                                      
00012709  frexpl                                     
0001276d  fseek                                      
000127d1  __TI_wrt_ok                                
00012835  HOSTopen                                   
00012895  PCM_getCoreVoltageLevel                    
000128f5  close                                      
00012951  Graphics_drawPixel                         
000129ab  PCM_getPowerMode                           
00012a05  GPIO_setAsInputPinWithPullUpResistor       
00012a5d  HOSTread                                   
00012ab5  HOSTwrite                                  
00012b65  ADC14_initModule                           
00012bb9  __TI_ltoa                                  
00012c0d  Graphics_initContext                       
00012cb1  __TI_doflush                               
00012cfd  atoi                                       
00012d49  FlashCtl_setWaitState                      
00012d91  Graphics_drawStringCentered                
00012dd9  HOSTtime                                   
00012e21  exit                                       
00012e69  __aeabi_d2iz                               
00012eb1  Graphics_drawMultiplePixelsOnDisplay       
00012ef9  HOSTclose                                  
00012f3d  HOSTunlink                                 
00012f81  __TI_auto_init_nobinit_nopinit             
00012fc5  getdevice                                  
00013009  GPIO_setAsOutputPin                        
000130c9  sprintf                                    
00013149  ADC14_getEnabledInterruptStatus            
00013181  __TI_writemsg                              
000131af  C$$IO$$                                    
000131b9  __aeabi_f2d                                
000131f1  Graphics_drawHorizontalLineOnDisplay       
00013227  Graphics_drawVerticalLineOnDisplay         
0001325d  strncpy                                    
00013295  ADC14_enableSampleTimer                    
000132c9  CS_setDCOCenteredFrequency                 
000132fd  UART_transmitData                          
00013331  __TI_cleanup                               
00013365  __TI_readmsg                               
00013399  _c_int00_noargs                            
000133cd  ADC14_clearInterruptFlag                   
000133fd  ADC14_enableInterrupt                      
0001342d  GPIO_getInputPinValue                      
0001345d  UART_receiveData                           
0001348d  finddevice                                 
000134bd  __aeabi_i2d                                
000134ed  ADC14_getInterruptStatus                   
00013519  ADC14_toggleConversionTrigger              
00013545  Graphics_drawPixelOnDisplay                
00013571  remove                                     
00013571  unlink                                     
0001359d  ADC14_enableConversion                     
000135c5  ADC14_getResult                            
000135ed  GPIO_clearInterruptFlag                    
00013615  GPIO_enableInterrupt                       
0001363d  GPIO_setOutputHighOnPin                    
00013665  GPIO_setOutputLowOnPin                     
0001368d  PCM_gotoLPM0                               
000136dd  lseek                                      
00013705  write                                      
0001372d  GPIO_getInterruptStatus                    
00013751  WDT_A_holdTimer                            
00013775  memchr                                     
00013795  Graphics_fillRectangleOnDisplay            
000137b3  SPI_enableModule                           
000137ed  memccpy                                    
00013809  Graphics_clearDisplayOnDisplay             
00013823  Graphics_setBackgroundColor                
0001383d  Graphics_setFont                           
00013857  copysign                                   
00013857  copysignl                                  
00013871  UART_getInterruptStatus                    
000138a1  strcmp                                     
000138b9  EUSCI_A_SPI_enable                         
000138cf  EUSCI_B_SPI_enable                         
000138e5  Graphics_setForegroundColor                
000138fb  Graphics_translateColorOnDisplay           
00013911  UART_clearInterruptFlag                    
00013927  UART_enableModule                          
0001393d  strchr                                     
00013955  PCM_getPowerState                          
00013969  strcpy                                     
0001397d  strlen                                     
00013991  Graphics_clearDisplay                      
000139a3  wcslen                                     
000139c5  Interrupt_disableMaster                    
000139d5  Interrupt_disableSleepOnIsrExit            
000139e5  Interrupt_enableMaster                     
000139f5  PCM_setCoreVoltageLevel                    
00013a05  PCM_setPowerMode                           
00013a15  __time32                                   
00013a15  time                                       
00013a23  __TI_decompress_none                       
00013a31  Reset_Handler                              
00013a3d  AES256_IRQHandler                          
00013a3d  BusFault_Handler                           
00013a3d  COMP_E0_IRQHandler                         
00013a3d  COMP_E1_IRQHandler                         
00013a3d  CS_IRQHandler                              
00013a3d  DMA_ERR_IRQHandler                         
00013a3d  DMA_INT0_IRQHandler                        
00013a3d  DMA_INT1_IRQHandler                        
00013a3d  DMA_INT2_IRQHandler                        
00013a3d  DMA_INT3_IRQHandler                        
00013a3d  DebugMon_Handler                           
00013a3d  Default_Handler                            
00013a3d  EUSCIA0_IRQHandler                         
00013a3d  EUSCIA1_IRQHandler                         
00013a3d  EUSCIA3_IRQHandler                         
00013a3d  EUSCIB0_IRQHandler                         
00013a3d  EUSCIB1_IRQHandler                         
00013a3d  EUSCIB2_IRQHandler                         
00013a3d  EUSCIB3_IRQHandler                         
00013a3d  FLCTL_IRQHandler                           
00013a3d  FPU_IRQHandler                             
00013a3d  HardFault_Handler                          
00013a3d  MemManage_Handler                          
00013a3d  NMI_Handler                                
00013a3d  PCM_IRQHandler                             
00013a3d  PORT1_IRQHandler                           
00013a3d  PORT2_IRQHandler                           
00013a3d  PORT4_IRQHandler                           
00013a3d  PORT6_IRQHandler                           
00013a3d  PSS_IRQHandler                             
00013a3d  PendSV_Handler                             
00013a3d  RTC_C_IRQHandler                           
00013a3d  SVC_Handler                                
00013a3d  SysTick_Handler                            
00013a3d  T32_INT1_IRQHandler                        
00013a3d  T32_INT2_IRQHandler                        
00013a3d  T32_INTC_IRQHandler                        
00013a3d  TA0_0_IRQHandler                           
00013a3d  TA0_N_IRQHandler                           
00013a3d  TA1_0_IRQHandler                           
00013a3d  TA1_N_IRQHandler                           
00013a3d  TA2_0_IRQHandler                           
00013a3d  TA2_N_IRQHandler                           
00013a3d  TA3_0_IRQHandler                           
00013a3d  TA3_N_IRQHandler                           
00013a3d  UsageFault_Handler                         
00013a3d  WDT_A_IRQHandler                           
00013a41  ADC14_enableModule                         
00013a4d  CPU_cpsid                                  
00013a59  CPU_cpsie                                  
00013a65  __TI_zero_init                             
00013a7d  __aeabi_errno_addr                         
00013a85  malloc                                     
00013a8d  CPU_wfi                                    
00013a99  _system_pre_init                           
00013a9d  C$$EXIT                                    
00013a9d  abort                                      
00013b28  __TI_Handler_Table_Base                    
00013b34  __TI_Handler_Table_Limit                   
00013b40  __TI_CINIT_Base                            
00013b50  __TI_CINIT_Limit                           
20000000  __start___llvm_prf_cnts                    
20000000  __stop___llvm_prf_cnts                     
20000400  __CIOBUF_                                  
20000520  __TI_tmpnams                               
200005c0  g_sContext                                 
200005dc  BOX                                        
200005e8  parmbuf                                    
200005f0  rectBubble                                 
200005f8  Lcd_ScreenHeigth                           
200005fa  Lcd_ScreenWidth                            
200005fc  Lcd_TouchTrim                              
200005fe  Lcd_FlagRead                               
200005ff  Lcd_FontSolid                              
20000600  Lcd_Orientation                            
20000601  Lcd_PenSolid                               
20000608  _sys_memory                                
20000a08  _ftable                                    
20000af8  _device                                    
20000b70  _stream                                    
20000bc0  SELECTED                                   
20000bc4  CURSOR                                     
20000bc8  WAIT_POS                                   
20000bcc  INIT_POS                                   
20000bd0  INIT_IMG                                   
20000bd4  LAST_CLICK_B                               
20000bd8  LAST_CLICK_A                               
20000bdc  status                                     
20000be0  increment                                  
20000be4  CURRENT_STATE                              
20000be8  g_sCrystalfontz128x128                     
20000bf8  measure                                    
20000bfc  inc                                        
20000c00  START                                      
20000c04  METER_STATE                                
20000c08  __TI_ft_end                                
20000c0c  __aeabi_stdin                              
20000c10  __aeabi_stdout                             
20000c14  __aeabi_stderr                             
20000c18  pos                                        
20000c1c  oldPos                                     
20000c20  count                                      
20000c24  xMeasured                                  
20000c28  __TI_cleanup_ptr                           
20000c2c  __TI_dtors_ptr                             
20000c30  __TI_enable_exit_profile_output            
20000c34  _lock                                      
20000c38  _unlock                                    
20000c44  LIDAR_STATE                                
20000c48  errno                                      
20000c4c  SystemCoreClock                            
2000fe00  __stack                                    
20010000  __STACK_END                                
4000480c  WDTCTL_SYM                                 
ffffffff  __TI_pprof_out_hndl                        
ffffffff  __TI_prof_data_size                        
ffffffff  __TI_prof_data_start                       
ffffffff  __binit__                                  
ffffffff  __c_args__                                 
ffffffff  binit                                      
UNDEFED   __mpu_init                                 
UNDEFED   _system_post_cinit                         

[351 symbols]
