******************************************************************************
                  TI ARM Linker PC v20.2.7                     
******************************************************************************
>> Linked Fri Feb  3 12:50:09 2023

OUTPUT FILE NAME:   <Z3_ChriProject.out>
ENTRY POINT SYMBOL: "_c_int00_noargs"  address: 00005925


MEMORY CONFIGURATION

         name            origin    length      used     unused   attr    fill
----------------------  --------  ---------  --------  --------  ----  --------
  MAIN                  00000000   00040000  00006600  00039a00  R  X
  INFO                  00200000   00004000  00000000  00004000  R  X
  SRAM_CODE             01000000   00010000  00000a2e  0000f5d2  RW X
  SRAM_DATA             20000000   00010000  00000a2e  0000f5d2  RW  


SEGMENT ALLOCATION MAP

run origin  load origin   length   init length attrs members
----------  ----------- ---------- ----------- ----- -------
00000000    00000000    00006600   00006600    r-x
  00000000    00000000    000000e4   000000e4    r-- .intvecs
  000000e4    000000e4    00005ea4   00005ea4    r-x .text
  00005f88    00005f88    000005c8   000005c8    r-- .const
  00006550    00006550    000000b0   000000b0    r-- .cinit
20000000    20000000    0000082e   00000000    rw-
  20000000    20000000    00000400   00000000    rw- .sysmem
  20000400    20000400    0000022c   00000000    rw- .data
  2000062c    2000062c    00000202   00000000    rw- .bss
2000fe00    2000fe00    00000200   00000000    rw-
  2000fe00    2000fe00    00000200   00000000    rw- .stack


SECTION ALLOCATION MAP

 output                                  attributes/
section   page    origin      length       input sections
--------  ----  ----------  ----------   ----------------
.intvecs   0    00000000    000000e4     
                  00000000    000000e4     startup_msp432p401r_ccs.obj (.intvecs:retain)

.text      0    000000e4    00005ea4     
                  000000e4    00000a4e     rtsv7M4_T_le_v4SPD16_eabi.lib : _printfi.c.obj (.text:__TI_printfi)
                  00000b32    00000002                                   : _lock.c.obj (.text:_nop)
                  00000b34    00000680     Crystalfontz128x128_ST7735.obj (.text)
                  000011b4    000004f8     menu.obj (.text)
                  000016ac    0000047e     grlib.a : string.obj (.text:Graphics_drawString)
                  00001b2a    00000002     rtsv7M4_T_le_v4SPD16_eabi.lib : div0.asm.obj (.text)
                  00001b2c    00000334     system_msp432p401r.obj (.text)
                  00001e60    0000032c     meter.obj (.text)
                  0000218c    00000270     rtsv7M4_T_le_v4SPD16_eabi.lib : _printfi.c.obj (.text:_pconv_a)
                  000023fc    0000026e     grlib.a : circle.obj (.text:Graphics_drawCircle)
                  0000266a    0000022a             : circle.obj (.text:Graphics_fillCircle)
                  00002894    000001d0     rtsv7M4_T_le_v4SPD16_eabi.lib : _printfi.c.obj (.text:_pconv_g)
                  00002a64    000001b6                                   : fd_add_t2.asm.obj (.text)
                  00002c1a    00000002     --HOLE-- [fill = 0]
                  00002c1c    000001a8     utils.obj (.text)
                  00002dc4    00000188     init.obj (.text)
                  00002f4c    00000160     msp432p4xx_driverlib.lib : adc14.o (.text:_getIndexForMemRegister)
                  000030ac    0000015c                              : pcm.o (.text:__PCM_setPowerModeAdvanced)
                  00003208    0000013c     rtsv7M4_T_le_v4SPD16_eabi.lib : _printfi.c.obj (.text:_pconv_e)
                  00003344    00000136                                   : fd_div_t2.asm.obj (.text)
                  0000347a    00000002     --HOLE-- [fill = 0]
                  0000347c    00000130     msp432p4xx_driverlib.lib : cs.o (.text:CS_initClockSignal)
                  000035ac    00000124     rtsv7M4_T_le_v4SPD16_eabi.lib : _printfi.c.obj (.text:fcvt)
                  000036d0    00000114                                   : fputs.c.obj (.text:fputs)
                  000037e4    00000110                                   : s_scalbn.c.obj (.text:scalbn)
                  000038f4    00000108     msp432p4xx_driverlib.lib : pcm.o (.text:__PCM_setCoreVoltageLevelAdvanced)
                  000039fc    00000100     rtsv7M4_T_le_v4SPD16_eabi.lib : memory.c.obj (.text:aligned_alloc)
                  00003afc    000000fc                                   : fd_mul_t2.asm.obj (.text)
                  00003bf8    000000fa     grlib.a : string.obj (.text:Graphics_getStringWidth)
                  00003cf2    00000002     --HOLE-- [fill = 0]
                  00003cf4    000000e4     rtsv7M4_T_le_v4SPD16_eabi.lib : memory.c.obj (.text:free)
                  00003dd8    000000e0     main.obj (.text)
                  00003eb8    000000dc     rtsv7M4_T_le_v4SPD16_eabi.lib : setvbuf.c.obj (.text:setvbuf)
                  00003f94    000000cc     HAL_MSP_EXP432P401R_Crystalfontz128x128_ST7735.obj (.text)
                  00004060    000000b4     msp432p4xx_driverlib.lib : adc14.o (.text:ADC14_configureConversionMemory)
                  00004114    000000b4                              : adc14.o (.text:ADC14_configureMultiSequenceMode)
                  000041c8    000000b1     rtsv7M4_T_le_v4SPD16_eabi.lib : _printfi.c.obj (.text:_ltostr)
                  00004279    00000001     --HOLE-- [fill = 0]
                  0000427a    000000b0     msp432p4xx_driverlib.lib : spi.o (.text:SPI_initMaster)
                  0000432a    000000a2     grlib.a : rectangle.obj (.text:Graphics_drawRectangle)
                  000043cc    0000009c             : line.obj (.text:Graphics_drawLineH)
                  00004468    0000009c             : line.obj (.text:Graphics_drawLineV)
                  00004504    0000009c     rtsv7M4_T_le_v4SPD16_eabi.lib : memcpy_t2.asm.obj (.text)
                  000045a0    00000096                                   : ull_div_t2.asm.obj (.text)
                  00004636    00000002     --HOLE-- [fill = 0]
                  00004638    0000008c                                   : fputc.c.obj (.text:fputc)
                  000046c4    00000088     msp432p4xx_driverlib.lib : gpio.o (.text:GPIO_setAsPeripheralModuleFunctionInputPin)
                  0000474c    00000088                              : gpio.o (.text:GPIO_setAsPeripheralModuleFunctionOutputPin)
                  000047d4    00000086     rtsv7M4_T_le_v4SPD16_eabi.lib : fd_cmp_t2.asm.obj (.text:__aeabi_cdcmple)
                  0000485a    00000086                                   : fd_cmp_t2.asm.obj (.text:__aeabi_cdrcmple)
                  000048e0    00000084     msp432p4xx_driverlib.lib : gpio.o (.text:GPIO_getEnabledInterruptStatus)
                  00004964    00000080                              : interrupt.o (.text:Interrupt_enableInterrupt)
                  000049e4    0000007a     rtsv7M4_T_le_v4SPD16_eabi.lib : memset_t2.asm.obj (.text)
                  00004a5e    00000002     --HOLE-- [fill = 0]
                  00004a60    00000074                                   : fclose.c.obj (.text:__TI_closefile)
                  00004ad4    00000070                                   : memory.c.obj (.text:split)
                  00004b44    0000006e                                   : _printfi.c.obj (.text:_mcpy)
                  00004bb2    00000002     --HOLE-- [fill = 0]
                  00004bb4    0000006c                                   : hostrename.c.obj (.text:HOSTrename)
                  00004c20    00000068                                   : hostlseek.c.obj (.text:HOSTlseek)
                  00004c88    00000068                                   : copy_decompress_lzss.c.obj (.text:decompress:lzss:__TI_decompress_lzss)
                  00004cf0    00000068                                   : printf.c.obj (.text:printf)
                  00004d58    00000064                                   : s_frexp.c.obj (.text:frexp)
                  00004dbc    00000064                                   : fseek.c.obj (.text:fseek)
                  00004e20    00000062                                   : _io_perm.c.obj (.text:__TI_wrt_ok)
                  00004e82    00000002     --HOLE-- [fill = 0]
                  00004e84    00000060                                   : hostopen.c.obj (.text:HOSTopen)
                  00004ee4    0000005e     msp432p4xx_driverlib.lib : pcm.o (.text:PCM_getCoreVoltageLevel)
                  00004f42    00000002     --HOLE-- [fill = 0]
                  00004f44    0000005c     rtsv7M4_T_le_v4SPD16_eabi.lib : close.c.obj (.text:close)
                  00004fa0    0000005a     grlib.a : context.obj (.text:Graphics_drawPixel)
                  00004ffa    0000005a     msp432p4xx_driverlib.lib : pcm.o (.text:PCM_getPowerMode)
                  00005054    00000058                              : gpio.o (.text:GPIO_setAsInputPinWithPullUpResistor)
                  000050ac    00000058     rtsv7M4_T_le_v4SPD16_eabi.lib : hostread.c.obj (.text:HOSTread)
                  00005104    00000058                                   : hostwrite.c.obj (.text:HOSTwrite)
                  0000515c    00000056                                   : _printfi.c.obj (.text:_pconv_f)
                  000051b2    00000002     --HOLE-- [fill = 0]
                  000051b4    00000054     msp432p4xx_driverlib.lib : adc14.o (.text:ADC14_initModule)
                  00005208    00000054     rtsv7M4_T_le_v4SPD16_eabi.lib : _ltoa.c.obj (.text:__TI_ltoa)
                  0000525c    00000052     grlib.a : context.obj (.text:Graphics_initContext)
                  000052ae    00000052     rtsv7M4_T_le_v4SPD16_eabi.lib : _printfi.c.obj (.text:_ecpy)
                  00005300    0000004c                                   : fflush.c.obj (.text:__TI_doflush)
                  0000534c    0000004c                                   : atoi.c.obj (.text:atoi)
                  00005398    00000048     msp432p4xx_driverlib.lib : flash.o (.text:FlashCtl_setWaitState)
                  000053e0    00000048     grlib.a : string.obj (.text:Graphics_drawStringCentered)
                  00005428    00000048     rtsv7M4_T_le_v4SPD16_eabi.lib : exit.c.obj (.text:exit)
                  00005470    00000048                                   : fd_toi_t2.asm.obj (.text)
                  000054b8    00000044                                   : hostclose.c.obj (.text:HOSTclose)
                  000054fc    00000044                                   : hostunlink.c.obj (.text:HOSTunlink)
                  00005540    00000044                                   : autoinit.c.obj (.text:__TI_auto_init_nobinit_nopinit:__TI_auto_init_nobinit_nopinit)
                  00005584    00000044                                   : getdevice.c.obj (.text:getdevice)
                  000055c8    00000040     msp432p4xx_driverlib.lib : gpio.o (.text:GPIO_setAsOutputPin)
                  00005608    00000040     grlib.a : string.obj (.text:Graphics_getNumberOfLeadingZeros)
                  00005648    00000040     msp432p4xx_driverlib.lib : spi.o (.text:is_A_Module)
                  00005688    00000040     rtsv7M4_T_le_v4SPD16_eabi.lib : sprintf.c.obj (.text:sprintf)
                  000056c8    0000003e                                   : _printfi.c.obj (.text:_fcpy)
                  00005706    00000002     --HOLE-- [fill = 0]
                  00005708    00000038     msp432p4xx_driverlib.lib : adc14.o (.text:ADC14_getEnabledInterruptStatus)
                  00005740    00000038     rtsv7M4_T_le_v4SPD16_eabi.lib : trgmsg.c.obj (.text:__TI_writemsg)
                  00005778    00000038                                   : fs_tod_t2.asm.obj (.text)
                  000057b0    00000036     grlib.a : display.obj (.text:Graphics_drawHorizontalLineOnDisplay)
                  000057e6    00000036             : display.obj (.text:Graphics_drawVerticalLineOnDisplay)
                  0000581c    00000036     rtsv7M4_T_le_v4SPD16_eabi.lib : strncpy.c.obj (.text:strncpy)
                  00005852    00000002     --HOLE-- [fill = 0]
                  00005854    00000034     msp432p4xx_driverlib.lib : adc14.o (.text:ADC14_enableSampleTimer)
                  00005888    00000034                              : cs.o (.text:CS_setDCOCenteredFrequency)
                  000058bc    00000034     rtsv7M4_T_le_v4SPD16_eabi.lib : fopen.c.obj (.text:__TI_cleanup)
                  000058f0    00000034                                   : trgmsg.c.obj (.text:__TI_readmsg)
                  00005924    00000034                                   : boot_cortex_m.c.obj (.text:_c_int00_noargs:_c_int00_noargs)
                  00005958    00000030     msp432p4xx_driverlib.lib : adc14.o (.text:ADC14_clearInterruptFlag)
                  00005988    00000030                              : adc14.o (.text:ADC14_enableInterrupt)
                  000059b8    00000030                              : gpio.o (.text:GPIO_getInputPinValue)
                  000059e8    00000030     rtsv7M4_T_le_v4SPD16_eabi.lib : getdevice.c.obj (.text:finddevice)
                  00005a18    0000002e                                   : i_tofd_t2.asm.obj (.text)
                  00005a46    00000002     --HOLE-- [fill = 0]
                  00005a48    0000002c     msp432p4xx_driverlib.lib : adc14.o (.text:ADC14_getInterruptStatus)
                  00005a74    0000002c                              : adc14.o (.text:ADC14_toggleConversionTrigger)
                  00005aa0    0000002c     grlib.a : display.obj (.text:Graphics_drawPixelOnDisplay)
                  00005acc    0000002c     rtsv7M4_T_le_v4SPD16_eabi.lib : unlink.c.obj (.text:unlink)
                  00005af8    00000028     msp432p4xx_driverlib.lib : adc14.o (.text:ADC14_enableConversion)
                  00005b20    00000028                              : adc14.o (.text:ADC14_getResult)
                  00005b48    00000028                              : gpio.o (.text:GPIO_clearInterruptFlag)
                  00005b70    00000028                              : gpio.o (.text:GPIO_enableInterrupt)
                  00005b98    00000028                              : gpio.o (.text:GPIO_setOutputHighOnPin)
                  00005bc0    00000028                              : gpio.o (.text:GPIO_setOutputLowOnPin)
                  00005be8    00000028                              : pcm.o (.text:PCM_gotoLPM0)
                  00005c10    00000028     rtsv7M4_T_le_v4SPD16_eabi.lib : memory.c.obj (.text:free_list_insert)
                  00005c38    00000028                                   : lseek.c.obj (.text:lseek)
                  00005c60    00000028                                   : write.c.obj (.text:write)
                  00005c88    00000024     msp432p4xx_driverlib.lib : gpio.o (.text:GPIO_getInterruptStatus)
                  00005cac    00000024                              : wdt_a.o (.text:WDT_A_holdTimer)
                  00005cd0    00000020     rtsv7M4_T_le_v4SPD16_eabi.lib : memchr.c.obj (.text:memchr)
                  00005cf0    0000001c     msp432p4xx_driverlib.lib : spi.o (.text:SPI_enableModule)
                  00005d0c    0000001c     rtsv7M4_T_le_v4SPD16_eabi.lib : copy_zero_init.c.obj (.text:decompress:ZI:__TI_zero_init_nomemset:__TI_zero_init_nomemset)
                  00005d28    0000001c                                   : memory.c.obj (.text:free_list_remove)
                  00005d44    0000001c                                   : memccpy.c.obj (.text:memccpy)
                  00005d60    0000001a     grlib.a : display.obj (.text:Graphics_clearDisplayOnDisplay)
                  00005d7a    0000001a             : context.obj (.text:Graphics_setBackgroundColor)
                  00005d94    0000001a             : context.obj (.text:Graphics_setFont)
                  00005dae    0000001a     rtsv7M4_T_le_v4SPD16_eabi.lib : s_copysign.c.obj (.text:copysign)
                  00005dc8    00000018                                   : sprintf.c.obj (.text:_outs)
                  00005de0    00000018                                   : strcmp.c.obj (.text:strcmp)
                  00005df8    00000016     msp432p4xx_driverlib.lib : spi.o (.text:EUSCI_A_SPI_enable)
                  00005e0e    00000016                              : spi.o (.text:EUSCI_B_SPI_enable)
                  00005e24    00000016     grlib.a : context.obj (.text:Graphics_setForegroundColor)
                  00005e3a    00000016             : display.obj (.text:Graphics_translateColorOnDisplay)
                  00005e50    00000016     rtsv7M4_T_le_v4SPD16_eabi.lib : strchr.c.obj (.text:strchr)
                  00005e66    00000002     --HOLE-- [fill = 0]
                  00005e68    00000014     msp432p4xx_driverlib.lib : pcm.o (.text:PCM_getPowerState)
                  00005e7c    00000014     rtsv7M4_T_le_v4SPD16_eabi.lib : strcpy.c.obj (.text:strcpy)
                  00005e90    00000014                                   : strlen.c.obj (.text:strlen)
                  00005ea4    00000012     grlib.a : context.obj (.text:Graphics_clearDisplay)
                  00005eb6    00000012     rtsv7M4_T_le_v4SPD16_eabi.lib : wcslen.c.obj (.text:wcslen)
                  00005ec8    00000010     msp432p4xx_driverlib.lib : adc14.o (.text:ADCIsConversionRunning)
                  00005ed8    00000010                              : interrupt.o (.text:Interrupt_disableMaster)
                  00005ee8    00000010                              : interrupt.o (.text:Interrupt_enableMaster)
                  00005ef8    00000010                              : pcm.o (.text:PCM_setCoreVoltageLevel)
                  00005f08    00000010                              : pcm.o (.text:PCM_setPowerMode)
                  00005f18    0000000e     rtsv7M4_T_le_v4SPD16_eabi.lib : copy_decompress_none.c.obj (.text:decompress:none:__TI_decompress_none)
                  00005f26    0000000e     startup_msp432p401r_ccs.obj (.text)
                  00005f34    0000000c     msp432p4xx_driverlib.lib : adc14.o (.text:ADC14_enableModule)
                  00005f40    0000000c                              : cpu.o (.text:CPU_cpsid)
                  00005f4c    0000000c                              : cpu.o (.text:CPU_cpsie)
                  00005f58    0000000a     rtsv7M4_T_le_v4SPD16_eabi.lib : sprintf.c.obj (.text:_outc)
                  00005f62    00000002     --HOLE-- [fill = 0]
                  00005f64    00000008                                   : errno.c.obj (.text:__aeabi_errno_addr)
                  00005f6c    00000008                                   : memory.c.obj (.text:malloc)
                  00005f74    00000004     msp432p4xx_driverlib.lib : cpu.o (.text:CPU_wfi)
                  00005f78    00000004     rtsv7M4_T_le_v4SPD16_eabi.lib : printf.c.obj (.text:_outc)
                  00005f7c    00000004                                   : printf.c.obj (.text:_outs)
                  00005f80    00000004                                   : pre_init.c.obj (.text:_system_pre_init)
                  00005f84    00000004                                   : exit.c.obj (.text:abort:abort)

.const     0    00005f88    000005c8     
                  00005f88    000002f8     grlib.a : fontfixed6x8.obj (.const:.string:g_pucFontFixed6x8Data)
                  00006280    00000101     rtsv7M4_T_le_v4SPD16_eabi.lib : ctype.c.obj (.const:.string:_ctypes_)
                  00006381    00000003     --HOLE-- [fill = 0]
                  00006384    000000c8     grlib.a : fontfixed6x8.obj (.const:g_sFontFixed6x8)
                  0000644c    00000080     msp432p4xx_driverlib.lib : adc14.o (.const:_ctlRegs)
                  000064cc    00000030                              : gpio.o (.const:GPIO_PORT_TO_BASE)
                  000064fc    00000020     Crystalfontz128x128_ST7735.obj (.const:g_sCrystalfontz128x128_funcs)
                  0000651c    0000001c     HAL_MSP_EXP432P401R_Crystalfontz128x128_ST7735.obj (.const:$P$T0$1)
                  00006538    00000008     Crystalfontz128x128_ST7735.obj (.const:$P$T0$1)
                  00006540    00000008     msp432p4xx_driverlib.lib : interrupt.o (.const:g_pulEnRegs)
                  00006548    00000008     meter.obj (.const)

.cinit     0    00006550    000000b0     
                  00006550    00000086     (.cinit..data.load) [load image, compression = lzss]
                  000065d6    00000002     --HOLE-- [fill = 0]
                  000065d8    0000000c     (__TI_handler_table)
                  000065e4    00000004     --HOLE-- [fill = 0]
                  000065e8    00000008     (.cinit..bss.load) [load image, compression = zero_init]
                  000065f0    00000010     (__TI_cinit_table)

.init_array 
*          0    00000000    00000000     UNINITIALIZED

.binit     0    00000000    00000000     

.sysmem    0    20000000    00000400     UNINITIALIZED
                  20000000    00000010     rtsv7M4_T_le_v4SPD16_eabi.lib : memory.c.obj (.sysmem)
                  20000010    000003f0     --HOLE--

.data      0    20000400    0000022c     UNINITIALIZED
                  20000400    000000f0     rtsv7M4_T_le_v4SPD16_eabi.lib : defs.c.obj (.data:_ftable)
                  200004f0    00000078                                   : host_device.c.obj (.data:_device)
                  20000568    00000050                                   : host_device.c.obj (.data:_stream)
                  200005b8    00000014     menu.obj (.data)
                  200005cc    00000014     meter.obj (.data)
                  200005e0    00000010     Crystalfontz128x128_ST7735.obj (.data:g_sCrystalfontz128x128)
                  200005f0    00000010     rtsv7M4_T_le_v4SPD16_eabi.lib : defs.c.obj (.data)
                  20000600    0000000c                                   : exit.c.obj (.data:$O1$$)
                  2000060c    00000008                                   : _lock.c.obj (.data:$O1$$)
                  20000614    00000008                                   : memory.c.obj (.data:$O1$$)
                  2000061c    00000008     main.obj (.data)
                  20000624    00000004     rtsv7M4_T_le_v4SPD16_eabi.lib : errno.c.obj (.data)
                  20000628    00000004     system_msp432p401r.obj (.data)

.bss       0    2000062c    00000202     UNINITIALIZED
                  2000062c    00000120     rtsv7M4_T_le_v4SPD16_eabi.lib : trgmsg.c.obj (.bss:_CIOBUF_)
                  2000074c    000000a0     (.common:__TI_tmpnams)
                  200007ec    0000001c     (.common:g_sContext)
                  20000808    0000000c     (.common:BOX)
                  20000814    00000008     (.common:parmbuf)
                  2000081c    00000008     (.common:string)
                  20000824    00000002     (.common:Lcd_ScreenHeigth)
                  20000826    00000002     (.common:Lcd_ScreenWidth)
                  20000828    00000002     (.common:Lcd_TouchTrim)
                  2000082a    00000001     (.common:Lcd_FlagRead)
                  2000082b    00000001     (.common:Lcd_FontSolid)
                  2000082c    00000001     (.common:Lcd_Orientation)
                  2000082d    00000001     (.common:Lcd_PenSolid)

.stack     0    2000fe00    00000200     UNINITIALIZED
                  2000fe00    00000004     rtsv7M4_T_le_v4SPD16_eabi.lib : boot_cortex_m.c.obj (.stack)
                  2000fe04    000001fc     --HOLE--

__llvm_prf_cnts 
*          0    20000000    00000000     UNINITIALIZED

MODULE SUMMARY

       Module                                               code    ro data   rw data
       ------                                               ----    -------   -------
    .\
       menu.obj                                             1272    0         64     
       meter.obj                                            812     8         56     
       system_msp432p401r.obj                               820     0         8      
       utils.obj                                            424     0         0      
       init.obj                                             392     0         0      
       main.obj                                             224     0         72     
       startup_msp432p401r_ccs.obj                          14      228       0      
    +--+----------------------------------------------------+-------+---------+---------+
       Total:                                               3958    236       200    
                                                                                     
    .\LcdDriver\
       Crystalfontz128x128_ST7735.obj                       1664    40        52     
       HAL_MSP_EXP432P401R_Crystalfontz128x128_ST7735.obj   204     28        0      
    +--+----------------------------------------------------+-------+---------+---------+
       Total:                                               1868    68        52     
                                                                                     
    C:/Users/pietr/Desktop/workspace_IoT/simplelink_msp432p4_sdk_3_40_01_02/source/ti/devices/msp432p4xx/driverlib/ccs/msp432p4xx_driverlib.lib
       adc14.o                                              1196    128       0      
       pcm.o                                                888     0         0      
       gpio.o                                               800     48        0      
       cs.o                                                 356     0         0      
       spi.o                                                312     0         0      
       interrupt.o                                          160     8         0      
       flash.o                                              72      0         0      
       wdt_a.o                                              36      0         0      
       cpu.o                                                28      0         0      
    +--+----------------------------------------------------+-------+---------+---------+
       Total:                                               3848    184       0      
                                                                                     
    C:/Users/pietr/Desktop/workspace_IoT/simplelink_msp432p4_sdk_3_40_01_02/source/ti/grlib/lib/ccs/m4f/grlib.a
       string.obj                                           1536    0         0      
       circle.obj                                           1176    0         0      
       fontfixed6x8.obj                                     0       960       0      
       line.obj                                             312     0         0      
       context.obj                                          264     0         0      
       display.obj                                          200     0         0      
       rectangle.obj                                        162     0         0      
    +--+----------------------------------------------------+-------+---------+---------+
       Total:                                               3650    960       0      
                                                                                     
    C:\ti\ccs1210\ccs\tools\compiler\ti-cgt-arm_20.2.7.LTS\lib\rtsv7M4_T_le_v4SPD16_eabi.lib
       _printfi.c.obj                                       4851    0         0      
       defs.c.obj                                           0       0         832    
       memory.c.obj                                         672     0         16     
       trgmsg.c.obj                                         108     0         576    
       fd_add_t2.asm.obj                                    438     0         0      
       host_device.c.obj                                    0       0         400    
       fd_div_t2.asm.obj                                    310     0         0      
       fputs.c.obj                                          276     0         0      
       s_scalbn.c.obj                                       272     0         0      
       fd_cmp_t2.asm.obj                                    268     0         0      
       ctype.c.obj                                          0       257       0      
       fd_mul_t2.asm.obj                                    252     0         0      
       setvbuf.c.obj                                        220     0         0      
       memcpy_t2.asm.obj                                    156     0         0      
       ull_div_t2.asm.obj                                   150     0         0      
       fputc.c.obj                                          140     0         0      
       memset_t2.asm.obj                                    122     0         0      
       fclose.c.obj                                         116     0         0      
       getdevice.c.obj                                      116     0         0      
       hostopen.c.obj                                       96      0         16     
       printf.c.obj                                         112     0         0      
       hostrename.c.obj                                     108     0         0      
       copy_decompress_lzss.c.obj                           104     0         0      
       hostlseek.c.obj                                      104     0         0      
       exit.c.obj                                           76      0         24     
       fseek.c.obj                                          100     0         0      
       s_frexp.c.obj                                        100     0         0      
       _io_perm.c.obj                                       98      0         0      
       sprintf.c.obj                                        98      0         0      
       close.c.obj                                          92      0         0      
       hostread.c.obj                                       88      0         0      
       hostwrite.c.obj                                      88      0         0      
       _ltoa.c.obj                                          84      0         0      
       atoi.c.obj                                           76      0         0      
       fflush.c.obj                                         76      0         0      
       fd_toi_t2.asm.obj                                    72      0         0      
       autoinit.c.obj                                       68      0         0      
       hostclose.c.obj                                      68      0         0      
       hostunlink.c.obj                                     68      0         0      
       fs_tod_t2.asm.obj                                    56      0         0      
       strncpy.c.obj                                        54      0         0      
       boot_cortex_m.c.obj                                  52      0         0      
       fopen.c.obj                                          52      0         0      
       i_tofd_t2.asm.obj                                    46      0         0      
       unlink.c.obj                                         44      0         0      
       lseek.c.obj                                          40      0         0      
       write.c.obj                                          40      0         0      
       memchr.c.obj                                         32      0         0      
       copy_zero_init.c.obj                                 28      0         0      
       memccpy.c.obj                                        28      0         0      
       s_copysign.c.obj                                     26      0         0      
       strcmp.c.obj                                         24      0         0      
       strchr.c.obj                                         22      0         0      
       strcpy.c.obj                                         20      0         0      
       strlen.c.obj                                         20      0         0      
       _lock.c.obj                                          2       0         16     
       wcslen.c.obj                                         18      0         0      
       errno.c.obj                                          8       0         8      
       copy_decompress_none.c.obj                           14      0         0      
       pre_init.c.obj                                       4       0         0      
       div0.asm.obj                                         2       0         0      
    +--+----------------------------------------------------+-------+---------+---------+
       Total:                                               10875   257       1888   
                                                                                     
       Heap:                                                0       0         2048   
       Stack:                                               0       0         1024   
       Linker Generated:                                    0       170       0      
    +--+----------------------------------------------------+-------+---------+---------+
       Grand Total:                                         24199   1875      5212   


LINKER GENERATED COPY TABLES

__TI_cinit_table @ 000065f0 records: 2, size/record: 8, table size: 16
	.data: load addr=00006550, load size=00000086 bytes, run addr=20000400, run size=0000022c bytes, compression=lzss
	.bss: load addr=000065e8, load size=00000008 bytes, run addr=2000062c, run size=00000202 bytes, compression=zero_init


LINKER GENERATED HANDLER TABLE

__TI_handler_table @ 000065d8 records: 3, size/record: 4, table size: 12
	index: 0, handler: __TI_decompress_lzss
	index: 1, handler: __TI_decompress_none
	index: 2, handler: __TI_zero_init


GLOBAL SYMBOLS: SORTED ALPHABETICALLY BY Name 

address   name                                       
-------   ----                                       
00003df3  ADC14_IRQHandler                           
00003df3  ADC14_IRQHandler                           
00005959  ADC14_clearInterruptFlag                   
00004061  ADC14_configureConversionMemory            
00004115  ADC14_configureMultiSequenceMode           
00005af9  ADC14_enableConversion                     
00005989  ADC14_enableInterrupt                      
00005f35  ADC14_enableModule                         
00005855  ADC14_enableSampleTimer                    
00005709  ADC14_getEnabledInterruptStatus            
00005a49  ADC14_getInterruptStatus                   
00005b21  ADC14_getResult                            
000051b5  ADC14_initModule                           
00005a75  ADC14_toggleConversionTrigger              
00005f33  AES256_IRQHandler                          
20000808  BOX                                        
00005f33  BusFault_Handler                           
00005f85  C$$EXIT                                    
0000576f  C$$IO$$                                    
00005f33  COMP_E0_IRQHandler                         
00005f33  COMP_E1_IRQHandler                         
00005f41  CPU_cpsid                                  
00005f4d  CPU_cpsie                                  
00005f75  CPU_wfi                                    
00005f33  CS_IRQHandler                              
0000347d  CS_initClockSignal                         
00005889  CS_setDCOCenteredFrequency                 
2000061c  CURRENT_STATE                              
200005bc  CURSOR                                     
00000b35  Crystalfontz128x128_Init                   
00000c49  Crystalfontz128x128_SetDrawFrame           
00000d77  Crystalfontz128x128_SetOrientation         
00005f33  DMA_ERR_IRQHandler                         
00005f33  DMA_INT0_IRQHandler                        
00005f33  DMA_INT1_IRQHandler                        
00005f33  DMA_INT2_IRQHandler                        
00005f33  DMA_INT3_IRQHandler                        
00005f33  DebugMon_Handler                           
00005f33  Default_Handler                            
00005f33  EUSCIA0_IRQHandler                         
00005f33  EUSCIA1_IRQHandler                         
00005f33  EUSCIA2_IRQHandler                         
00005f33  EUSCIA3_IRQHandler                         
00005f33  EUSCIB0_IRQHandler                         
00005f33  EUSCIB1_IRQHandler                         
00005f33  EUSCIB2_IRQHandler                         
00005f33  EUSCIB3_IRQHandler                         
00005df9  EUSCI_A_SPI_enable                         
00005e0f  EUSCI_B_SPI_enable                         
00005f33  FLCTL_IRQHandler                           
00005f33  FPU_IRQHandler                             
00005399  FlashCtl_setWaitState                      
00005b49  GPIO_clearInterruptFlag                    
00005b71  GPIO_enableInterrupt                       
000048e1  GPIO_getEnabledInterruptStatus             
000059b9  GPIO_getInputPinValue                      
00005c89  GPIO_getInterruptStatus                    
00005055  GPIO_setAsInputPinWithPullUpResistor       
000055c9  GPIO_setAsOutputPin                        
000046c5  GPIO_setAsPeripheralModuleFunctionInputPin 
0000474d  GPIO_setAsPeripheralModuleFunctionOutputPin
00005b99  GPIO_setOutputHighOnPin                    
00005bc1  GPIO_setOutputLowOnPin                     
00005ea5  Graphics_clearDisplay                      
00005d61  Graphics_clearDisplayOnDisplay             
000023fd  Graphics_drawCircle                        
000057b1  Graphics_drawHorizontalLineOnDisplay       
000043cd  Graphics_drawLineH                         
00004469  Graphics_drawLineV                         
00004fa1  Graphics_drawPixel                         
00005aa1  Graphics_drawPixelOnDisplay                
0000432b  Graphics_drawRectangle                     
000016ad  Graphics_drawString                        
000053e1  Graphics_drawStringCentered                
000057e7  Graphics_drawVerticalLineOnDisplay         
0000266b  Graphics_fillCircle                        
00003bf9  Graphics_getStringWidth                    
0000525d  Graphics_initContext                       
00005d7b  Graphics_setBackgroundColor                
00005d95  Graphics_setFont                           
00005e25  Graphics_setForegroundColor                
00005e3b  Graphics_translateColorOnDisplay           
00003f95  HAL_LCD_PortInit                           
00003fc5  HAL_LCD_SpiInit                            
00003ffb  HAL_LCD_writeCommand                       
0000402b  HAL_LCD_writeData                          
000054b9  HOSTclose                                  
00004c21  HOSTlseek                                  
00004e85  HOSTopen                                   
000050ad  HOSTread                                   
00004bb5  HOSTrename                                 
000054fd  HOSTunlink                                 
00005105  HOSTwrite                                  
00005f33  HardFault_Handler                          
200005c4  INIT_POS                                   
00005ed9  Interrupt_disableMaster                    
00004965  Interrupt_enableInterrupt                  
00005ee9  Interrupt_enableMaster                     
2000082a  Lcd_FlagRead                               
2000082b  Lcd_FontSolid                              
2000082c  Lcd_Orientation                            
2000082d  Lcd_PenSolid                               
20000824  Lcd_ScreenHeigth                           
20000826  Lcd_ScreenWidth                            
20000828  Lcd_TouchTrim                              
20000620  METER_STATE                                
00005f33  MemManage_Handler                          
00005f33  NMI_Handler                                
00005f33  PCM_IRQHandler                             
00004ee5  PCM_getCoreVoltageLevel                    
00004ffb  PCM_getPowerMode                           
00005e69  PCM_getPowerState                          
00005be9  PCM_gotoLPM0                               
00005ef9  PCM_setCoreVoltageLevel                    
00005f09  PCM_setPowerMode                           
00005f33  PORT1_IRQHandler                           
00005f33  PORT2_IRQHandler                           
00003e85  PORT3_IRQHandler                           
00003e85  PORT3_IRQHandler                           
00005f33  PORT4_IRQHandler                           
00003e2d  PORT5_IRQHandler                           
00003e2d  PORT5_IRQHandler                           
00005f33  PORT6_IRQHandler                           
00005f33  PSS_IRQHandler                             
00005f33  PendSV_Handler                             
00005f33  RTC_C_IRQHandler                           
00005f27  Reset_Handler                              
200005b8  SELECTED                                   
200005c8  SENSITIVITY                                
00005cf1  SPI_enableModule                           
0000427b  SPI_initMaster                             
200005dc  START                                      
00005f33  SVC_Handler                                
00005f33  SysTick_Handler                            
20000628  SystemCoreClock                            
00001b2d  SystemCoreClockUpdate                      
00001da5  SystemInit                                 
00005f33  T32_INT1_IRQHandler                        
00005f33  T32_INT2_IRQHandler                        
00005f33  T32_INTC_IRQHandler                        
00005f33  TA0_0_IRQHandler                           
00005f33  TA0_N_IRQHandler                           
00005f33  TA1_0_IRQHandler                           
00005f33  TA1_N_IRQHandler                           
00005f33  TA2_0_IRQHandler                           
00005f33  TA2_N_IRQHandler                           
00005f33  TA3_0_IRQHandler                           
00005f33  TA3_N_IRQHandler                           
00005f33  UsageFault_Handler                         
200005c0  WAIT_POS                                   
4000480c  WDTCTL_SYM                                 
00005f33  WDT_A_IRQHandler                           
00005cad  WDT_A_holdTimer                            
2000062c  __CIOBUF_                                  
20010000  __STACK_END                                
00000200  __STACK_SIZE                               
00000400  __SYSMEM_SIZE                              
000065f0  __TI_CINIT_Base                            
00006600  __TI_CINIT_Limit                           
000065d8  __TI_Handler_Table_Base                    
000065e4  __TI_Handler_Table_Limit                   
00005541  __TI_auto_init_nobinit_nopinit             
000058bd  __TI_cleanup                               
20000600  __TI_cleanup_ptr                           
00004a61  __TI_closefile                             
00004c89  __TI_decompress_lzss                       
00005f19  __TI_decompress_none                       
00005301  __TI_doflush                               
20000604  __TI_dtors_ptr                             
20000608  __TI_enable_exit_profile_output            
200005f0  __TI_ft_end                                
00005209  __TI_ltoa                                  
ffffffff  __TI_pprof_out_hndl                        
000000e5  __TI_printfi                               
ffffffff  __TI_prof_data_size                        
ffffffff  __TI_prof_data_start                       
000058f1  __TI_readmsg                               
00000000  __TI_static_base__                         
2000074c  __TI_tmpnams                               
00005741  __TI_writemsg                              
00004e21  __TI_wrt_ok                                
00005d0d  __TI_zero_init_nomemset                    
000047d5  __aeabi_cdcmpeq                            
000047d5  __aeabi_cdcmple                            
0000485b  __aeabi_cdrcmple                           
00005471  __aeabi_d2iz                               
00002a6f  __aeabi_dadd                               
00003345  __aeabi_ddiv                               
00003afd  __aeabi_dmul                               
00002a65  __aeabi_dsub                               
00005f65  __aeabi_errno_addr                         
00005779  __aeabi_f2d                                
00005a19  __aeabi_i2d                                
00001b2b  __aeabi_idiv0                              
00001b2b  __aeabi_ldiv0                              
000049e5  __aeabi_memclr                             
000049e5  __aeabi_memclr4                            
000049e5  __aeabi_memclr8                            
00004505  __aeabi_memcpy                             
00004505  __aeabi_memcpy4                            
00004505  __aeabi_memcpy8                            
000049e7  __aeabi_memset                             
000049e7  __aeabi_memset4                            
000049e7  __aeabi_memset8                            
200005fc  __aeabi_stderr                             
200005f4  __aeabi_stdin                              
200005f8  __aeabi_stdout                             
000045a1  __aeabi_uldivmod                           
ffffffff  __binit__                                  
ffffffff  __c_args__                                 
UNDEFED   __mpu_init                                 
2000fe00  __stack                                    
20000000  __start___llvm_prf_cnts                    
20000000  __stop___llvm_prf_cnts                     
00002df5  _adcInit                                   
00002dc5  _buttonsInit                               
00005925  _c_int00_noargs                            
00001ee5  _clearDisplay                              
00006280  _ctypes_                                   
200004f0  _device                                    
00001f4b  _encoder                                   
00002e9d  _encoderInit                               
20000400  _ftable                                    
00002e5f  _graphicsInit                              
00002eb1  _ledInit                                   
2000060c  _lock                                      
00000b33  _nop                                       
00001e61  _printMeasure                              
20000568  _stream                                    
20000000  _sys_memory                                
UNDEFED   _system_post_cinit                         
00005f81  _system_pre_init                           
20000610  _unlock                                    
00005f85  abort                                      
000039fd  aligned_alloc                              
0000534d  atoi                                       
ffffffff  binit                                      
0000163f  buttonAMenu                                
200005d0  centimeter                                 
00004f45  close                                      
00005daf  copysign                                   
00005daf  copysignl                                  
00002c9d  drawButtonAB                               
00002d2b  drawButtonC                                
00002c4d  drawFrame                                  
000011b5  drawMenu                                   
00002c79  drawTitle                                  
00002c1d  drawWindow                                 
00001f2d  encoderInit                                
20000624  errno                                      
00005429  exit                                       
000059e9  finddevice                                 
00004639  fputc                                      
000036d1  fputs                                      
00003cf5  free                                       
00004d59  frexp                                      
00004d59  frexpl                                     
00004dbd  fseek                                      
200007ec  g_sContext                                 
200005e0  g_sCrystalfontz128x128                     
000064fc  g_sCrystalfontz128x128_funcs               
00006384  g_sFontFixed6x8                            
00005585  getdevice                                  
00002ed5  hwInit                                     
200005d8  inc                                        
00000000  interruptVectors                           
0000152d  joystickMenu                               
000037e5  ldexp                                      
000037e5  ldexpl                                     
00005c39  lseek                                      
00003dd9  main                                       
00005f6d  malloc                                     
000039fd  memalign                                   
00005d45  memccpy                                    
00005cd1  memchr                                     
00004505  memcpy                                     
000049ed  memset                                     
200005d4  meter                                      
00002095  metro                                      
200005cc  millimeter                                 
20000814  parmbuf                                    
0000654c  pigreco                                    
00004cf1  printf                                     
00004639  putc                                       
00006548  radiusRuota                                
00005acd  remove                                     
000037e5  scalbn                                     
000037e5  scalbnl                                    
00003eb9  setvbuf                                    
00005689  sprintf                                    
00005e51  strchr                                     
00005de1  strcmp                                     
00005e7d  strcpy                                     
2000081c  string                                     
00005e91  strlen                                     
0000581d  strncpy                                    
00005acd  unlink                                     
00005eb7  wcslen                                     
00005c61  write                                      


GLOBAL SYMBOLS: SORTED BY Symbol Address 

address   name                                       
-------   ----                                       
00000000  __TI_static_base__                         
00000000  interruptVectors                           
000000e5  __TI_printfi                               
00000200  __STACK_SIZE                               
00000400  __SYSMEM_SIZE                              
00000b33  _nop                                       
00000b35  Crystalfontz128x128_Init                   
00000c49  Crystalfontz128x128_SetDrawFrame           
00000d77  Crystalfontz128x128_SetOrientation         
000011b5  drawMenu                                   
0000152d  joystickMenu                               
0000163f  buttonAMenu                                
000016ad  Graphics_drawString                        
00001b2b  __aeabi_idiv0                              
00001b2b  __aeabi_ldiv0                              
00001b2d  SystemCoreClockUpdate                      
00001da5  SystemInit                                 
00001e61  _printMeasure                              
00001ee5  _clearDisplay                              
00001f2d  encoderInit                                
00001f4b  _encoder                                   
00002095  metro                                      
000023fd  Graphics_drawCircle                        
0000266b  Graphics_fillCircle                        
00002a65  __aeabi_dsub                               
00002a6f  __aeabi_dadd                               
00002c1d  drawWindow                                 
00002c4d  drawFrame                                  
00002c79  drawTitle                                  
00002c9d  drawButtonAB                               
00002d2b  drawButtonC                                
00002dc5  _buttonsInit                               
00002df5  _adcInit                                   
00002e5f  _graphicsInit                              
00002e9d  _encoderInit                               
00002eb1  _ledInit                                   
00002ed5  hwInit                                     
00003345  __aeabi_ddiv                               
0000347d  CS_initClockSignal                         
000036d1  fputs                                      
000037e5  ldexp                                      
000037e5  ldexpl                                     
000037e5  scalbn                                     
000037e5  scalbnl                                    
000039fd  aligned_alloc                              
000039fd  memalign                                   
00003afd  __aeabi_dmul                               
00003bf9  Graphics_getStringWidth                    
00003cf5  free                                       
00003dd9  main                                       
00003df3  ADC14_IRQHandler                           
00003df3  ADC14_IRQHandler                           
00003e2d  PORT5_IRQHandler                           
00003e2d  PORT5_IRQHandler                           
00003e85  PORT3_IRQHandler                           
00003e85  PORT3_IRQHandler                           
00003eb9  setvbuf                                    
00003f95  HAL_LCD_PortInit                           
00003fc5  HAL_LCD_SpiInit                            
00003ffb  HAL_LCD_writeCommand                       
0000402b  HAL_LCD_writeData                          
00004061  ADC14_configureConversionMemory            
00004115  ADC14_configureMultiSequenceMode           
0000427b  SPI_initMaster                             
0000432b  Graphics_drawRectangle                     
000043cd  Graphics_drawLineH                         
00004469  Graphics_drawLineV                         
00004505  __aeabi_memcpy                             
00004505  __aeabi_memcpy4                            
00004505  __aeabi_memcpy8                            
00004505  memcpy                                     
000045a1  __aeabi_uldivmod                           
00004639  fputc                                      
00004639  putc                                       
000046c5  GPIO_setAsPeripheralModuleFunctionInputPin 
0000474d  GPIO_setAsPeripheralModuleFunctionOutputPin
000047d5  __aeabi_cdcmpeq                            
000047d5  __aeabi_cdcmple                            
0000485b  __aeabi_cdrcmple                           
000048e1  GPIO_getEnabledInterruptStatus             
00004965  Interrupt_enableInterrupt                  
000049e5  __aeabi_memclr                             
000049e5  __aeabi_memclr4                            
000049e5  __aeabi_memclr8                            
000049e7  __aeabi_memset                             
000049e7  __aeabi_memset4                            
000049e7  __aeabi_memset8                            
000049ed  memset                                     
00004a61  __TI_closefile                             
00004bb5  HOSTrename                                 
00004c21  HOSTlseek                                  
00004c89  __TI_decompress_lzss                       
00004cf1  printf                                     
00004d59  frexp                                      
00004d59  frexpl                                     
00004dbd  fseek                                      
00004e21  __TI_wrt_ok                                
00004e85  HOSTopen                                   
00004ee5  PCM_getCoreVoltageLevel                    
00004f45  close                                      
00004fa1  Graphics_drawPixel                         
00004ffb  PCM_getPowerMode                           
00005055  GPIO_setAsInputPinWithPullUpResistor       
000050ad  HOSTread                                   
00005105  HOSTwrite                                  
000051b5  ADC14_initModule                           
00005209  __TI_ltoa                                  
0000525d  Graphics_initContext                       
00005301  __TI_doflush                               
0000534d  atoi                                       
00005399  FlashCtl_setWaitState                      
000053e1  Graphics_drawStringCentered                
00005429  exit                                       
00005471  __aeabi_d2iz                               
000054b9  HOSTclose                                  
000054fd  HOSTunlink                                 
00005541  __TI_auto_init_nobinit_nopinit             
00005585  getdevice                                  
000055c9  GPIO_setAsOutputPin                        
00005689  sprintf                                    
00005709  ADC14_getEnabledInterruptStatus            
00005741  __TI_writemsg                              
0000576f  C$$IO$$                                    
00005779  __aeabi_f2d                                
000057b1  Graphics_drawHorizontalLineOnDisplay       
000057e7  Graphics_drawVerticalLineOnDisplay         
0000581d  strncpy                                    
00005855  ADC14_enableSampleTimer                    
00005889  CS_setDCOCenteredFrequency                 
000058bd  __TI_cleanup                               
000058f1  __TI_readmsg                               
00005925  _c_int00_noargs                            
00005959  ADC14_clearInterruptFlag                   
00005989  ADC14_enableInterrupt                      
000059b9  GPIO_getInputPinValue                      
000059e9  finddevice                                 
00005a19  __aeabi_i2d                                
00005a49  ADC14_getInterruptStatus                   
00005a75  ADC14_toggleConversionTrigger              
00005aa1  Graphics_drawPixelOnDisplay                
00005acd  remove                                     
00005acd  unlink                                     
00005af9  ADC14_enableConversion                     
00005b21  ADC14_getResult                            
00005b49  GPIO_clearInterruptFlag                    
00005b71  GPIO_enableInterrupt                       
00005b99  GPIO_setOutputHighOnPin                    
00005bc1  GPIO_setOutputLowOnPin                     
00005be9  PCM_gotoLPM0                               
00005c39  lseek                                      
00005c61  write                                      
00005c89  GPIO_getInterruptStatus                    
00005cad  WDT_A_holdTimer                            
00005cd1  memchr                                     
00005cf1  SPI_enableModule                           
00005d0d  __TI_zero_init_nomemset                    
00005d45  memccpy                                    
00005d61  Graphics_clearDisplayOnDisplay             
00005d7b  Graphics_setBackgroundColor                
00005d95  Graphics_setFont                           
00005daf  copysign                                   
00005daf  copysignl                                  
00005de1  strcmp                                     
00005df9  EUSCI_A_SPI_enable                         
00005e0f  EUSCI_B_SPI_enable                         
00005e25  Graphics_setForegroundColor                
00005e3b  Graphics_translateColorOnDisplay           
00005e51  strchr                                     
00005e69  PCM_getPowerState                          
00005e7d  strcpy                                     
00005e91  strlen                                     
00005ea5  Graphics_clearDisplay                      
00005eb7  wcslen                                     
00005ed9  Interrupt_disableMaster                    
00005ee9  Interrupt_enableMaster                     
00005ef9  PCM_setCoreVoltageLevel                    
00005f09  PCM_setPowerMode                           
00005f19  __TI_decompress_none                       
00005f27  Reset_Handler                              
00005f33  AES256_IRQHandler                          
00005f33  BusFault_Handler                           
00005f33  COMP_E0_IRQHandler                         
00005f33  COMP_E1_IRQHandler                         
00005f33  CS_IRQHandler                              
00005f33  DMA_ERR_IRQHandler                         
00005f33  DMA_INT0_IRQHandler                        
00005f33  DMA_INT1_IRQHandler                        
00005f33  DMA_INT2_IRQHandler                        
00005f33  DMA_INT3_IRQHandler                        
00005f33  DebugMon_Handler                           
00005f33  Default_Handler                            
00005f33  EUSCIA0_IRQHandler                         
00005f33  EUSCIA1_IRQHandler                         
00005f33  EUSCIA2_IRQHandler                         
00005f33  EUSCIA3_IRQHandler                         
00005f33  EUSCIB0_IRQHandler                         
00005f33  EUSCIB1_IRQHandler                         
00005f33  EUSCIB2_IRQHandler                         
00005f33  EUSCIB3_IRQHandler                         
00005f33  FLCTL_IRQHandler                           
00005f33  FPU_IRQHandler                             
00005f33  HardFault_Handler                          
00005f33  MemManage_Handler                          
00005f33  NMI_Handler                                
00005f33  PCM_IRQHandler                             
00005f33  PORT1_IRQHandler                           
00005f33  PORT2_IRQHandler                           
00005f33  PORT4_IRQHandler                           
00005f33  PORT6_IRQHandler                           
00005f33  PSS_IRQHandler                             
00005f33  PendSV_Handler                             
00005f33  RTC_C_IRQHandler                           
00005f33  SVC_Handler                                
00005f33  SysTick_Handler                            
00005f33  T32_INT1_IRQHandler                        
00005f33  T32_INT2_IRQHandler                        
00005f33  T32_INTC_IRQHandler                        
00005f33  TA0_0_IRQHandler                           
00005f33  TA0_N_IRQHandler                           
00005f33  TA1_0_IRQHandler                           
00005f33  TA1_N_IRQHandler                           
00005f33  TA2_0_IRQHandler                           
00005f33  TA2_N_IRQHandler                           
00005f33  TA3_0_IRQHandler                           
00005f33  TA3_N_IRQHandler                           
00005f33  UsageFault_Handler                         
00005f33  WDT_A_IRQHandler                           
00005f35  ADC14_enableModule                         
00005f41  CPU_cpsid                                  
00005f4d  CPU_cpsie                                  
00005f65  __aeabi_errno_addr                         
00005f6d  malloc                                     
00005f75  CPU_wfi                                    
00005f81  _system_pre_init                           
00005f85  C$$EXIT                                    
00005f85  abort                                      
00006280  _ctypes_                                   
00006384  g_sFontFixed6x8                            
000064fc  g_sCrystalfontz128x128_funcs               
00006548  radiusRuota                                
0000654c  pigreco                                    
000065d8  __TI_Handler_Table_Base                    
000065e4  __TI_Handler_Table_Limit                   
000065f0  __TI_CINIT_Base                            
00006600  __TI_CINIT_Limit                           
20000000  __start___llvm_prf_cnts                    
20000000  __stop___llvm_prf_cnts                     
20000000  _sys_memory                                
20000400  _ftable                                    
200004f0  _device                                    
20000568  _stream                                    
200005b8  SELECTED                                   
200005bc  CURSOR                                     
200005c0  WAIT_POS                                   
200005c4  INIT_POS                                   
200005c8  SENSITIVITY                                
200005cc  millimeter                                 
200005d0  centimeter                                 
200005d4  meter                                      
200005d8  inc                                        
200005dc  START                                      
200005e0  g_sCrystalfontz128x128                     
200005f0  __TI_ft_end                                
200005f4  __aeabi_stdin                              
200005f8  __aeabi_stdout                             
200005fc  __aeabi_stderr                             
20000600  __TI_cleanup_ptr                           
20000604  __TI_dtors_ptr                             
20000608  __TI_enable_exit_profile_output            
2000060c  _lock                                      
20000610  _unlock                                    
2000061c  CURRENT_STATE                              
20000620  METER_STATE                                
20000624  errno                                      
20000628  SystemCoreClock                            
2000062c  __CIOBUF_                                  
2000074c  __TI_tmpnams                               
200007ec  g_sContext                                 
20000808  BOX                                        
20000814  parmbuf                                    
2000081c  string                                     
20000824  Lcd_ScreenHeigth                           
20000826  Lcd_ScreenWidth                            
20000828  Lcd_TouchTrim                              
2000082a  Lcd_FlagRead                               
2000082b  Lcd_FontSolid                              
2000082c  Lcd_Orientation                            
2000082d  Lcd_PenSolid                               
2000fe00  __stack                                    
20010000  __STACK_END                                
4000480c  WDTCTL_SYM                                 
ffffffff  __TI_pprof_out_hndl                        
ffffffff  __TI_prof_data_size                        
ffffffff  __TI_prof_data_start                       
ffffffff  __binit__                                  
ffffffff  __c_args__                                 
ffffffff  binit                                      
UNDEFED   __mpu_init                                 
UNDEFED   _system_post_cinit                         

[299 symbols]
