******************************************************************************
                  TI ARM Linker PC v20.2.7                     
******************************************************************************
>> Linked Wed Feb  8 16:29:22 2023

OUTPUT FILE NAME:   <Z7_ChriProject3.out>
ENTRY POINT SYMBOL: "_c_int00_noargs"  address: 00014b69


MEMORY CONFIGURATION

         name            origin    length      used     unused   attr    fill
----------------------  --------  ---------  --------  --------  ----  --------
  MAIN                  00000000   00040000  0001526c  0002ad94  R  X
  INFO                  00200000   00004000  00000000  00004000  R  X
  SRAM_CODE             01000000   00010000  00000e32  0000f1ce  RW X
  SRAM_DATA             20000000   00010000  00000e32  0000f1ce  RW  


SEGMENT ALLOCATION MAP

run origin  load origin   length   init length attrs members
----------  ----------- ---------- ----------- ----- -------
00000000    00000000    00015270   00015270    r-x
  00000000    00000000    000000e4   000000e4    r-- .intvecs
  000000e4    000000e4    0000f180   0000f180    r-- .const
  0000f264    0000f264    00005f58   00005f58    r-x .text
  000151c0    000151c0    000000b0   000000b0    r-- .cinit
20000000    20000000    00000c38   00000000    rw-
  20000000    20000000    00000602   00000000    rw- .bss
  20000608    20000608    00000400   00000000    rw- .sysmem
  20000a08    20000a08    00000230   00000000    rw- .data
2000fe00    2000fe00    00000200   00000000    rw-
  2000fe00    2000fe00    00000200   00000000    rw- .stack


SECTION ALLOCATION MAP

 output                                  attributes/
section   page    origin      length       input sections
--------  ----  ----------  ----------   ----------------
.intvecs   0    00000000    000000e4     
                  00000000    000000e4     startup_msp432p401r_ccs.obj (.intvecs:retain)

.const     0    000000e4    0000f180     
                  000000e4    00002000     Gr_bLong.obj (.const:.string:pixel_bLong4BPP_UNCOMP)
                  000020e4    00002000     Gr_bubbleLevel.obj (.const:.string:pixel_bubbleLevel4BPP_UNCOMP)
                  000040e4    00002000     Gr_lidarInit.obj (.const:.string:pixel_lidarInit4BPP_UNCOMP)
                  000060e4    00002000     Gr_lidarMeasure.obj (.const:.string:pixel_lidarMeasure4BPP_UNCOMP)
                  000080e4    00002000     Gr_menu.obj (.const:.string:pixel_menu4BPP_UNCOMP)
                  0000a0e4    00002000     Gr_meterInit.obj (.const:.string:pixel_meterInit4BPP_UNCOMP)
                  0000c0e4    00002000     Gr_meterMeasure.obj (.const:.string:pixel_meterMeasure4BPP_UNCOMP)
                  0000e0e4    000008c1     grlib.a : fontcmss20.obj (.const:.string:g_pucCmss20Data)
                  0000e9a5    000002f8             : fontfixed6x8.obj (.const:.string:g_pucFontFixed6x8Data)
                  0000ec9d    00000101     rtsv7M4_T_le_v4SPD16_eabi.lib : ctype.c.obj (.const:.string:_ctypes_)
                  0000ed9e    00000002     --HOLE-- [fill = 0]
                  0000eda0    000000c8     grlib.a : fontcmss20.obj (.const:g_sFontCmss20)
                  0000ee68    000000c8             : fontfixed6x8.obj (.const:g_sFontFixed6x8)
                  0000ef30    00000080     msp432p4xx_driverlib.lib : adc14.o (.const:_ctlRegs)
                  0000efb0    00000040     Gr_bLong.obj (.const:palette_bLong4BPP_UNCOMP)
                  0000eff0    00000040     Gr_bubbleLevel.obj (.const:palette_bubbleLevel4BPP_UNCOMP)
                  0000f030    00000040     Gr_lidarInit.obj (.const:palette_lidarInit4BPP_UNCOMP)
                  0000f070    00000040     Gr_lidarMeasure.obj (.const:palette_lidarMeasure4BPP_UNCOMP)
                  0000f0b0    00000040     Gr_menu.obj (.const:palette_menu4BPP_UNCOMP)
                  0000f0f0    00000040     Gr_meterInit.obj (.const:palette_meterInit4BPP_UNCOMP)
                  0000f130    00000040     Gr_meterMeasure.obj (.const:palette_meterMeasure4BPP_UNCOMP)
                  0000f170    00000030     msp432p4xx_driverlib.lib : gpio.o (.const:GPIO_PORT_TO_BASE)
                  0000f1a0    00000020     Crystalfontz128x128_ST7735.obj (.const:g_sCrystalfontz128x128_funcs)
                  0000f1c0    0000001c     HAL_MSP_EXP432P401R_Crystalfontz128x128_ST7735.obj (.const:$P$T0$1)
                  0000f1dc    00000010     Gr_bLong.obj (.const:bLong4BPP_UNCOMP)
                  0000f1ec    00000010     Gr_bubbleLevel.obj (.const:bubbleLevel4BPP_UNCOMP)
                  0000f1fc    00000010     Gr_lidarInit.obj (.const:lidarInit4BPP_UNCOMP)
                  0000f20c    00000010     Gr_lidarMeasure.obj (.const:lidarMeasure4BPP_UNCOMP)
                  0000f21c    00000010     Gr_menu.obj (.const:menu4BPP_UNCOMP)
                  0000f22c    00000010     Gr_meterInit.obj (.const:meterInit4BPP_UNCOMP)
                  0000f23c    00000010     Gr_meterMeasure.obj (.const:meterMeasure4BPP_UNCOMP)
                  0000f24c    00000008     Crystalfontz128x128_ST7735.obj (.const:$P$T0$1)
                  0000f254    00000008     msp432p4xx_driverlib.lib : interrupt.o (.const:g_pulEnRegs)
                  0000f25c    00000008     meter.obj (.const)

.text      0    0000f264    00005f58     
                  0000f264    00000a4e     rtsv7M4_T_le_v4SPD16_eabi.lib : _printfi.c.obj (.text:__TI_printfi)
                  0000fcb2    00000002                                   : _lock.c.obj (.text:_nop)
                  0000fcb4    00000680     Crystalfontz128x128_ST7735.obj (.text)
                  00010334    0000047e     grlib.a : string.obj (.text:Graphics_drawString)
                  000107b2    00000390             : image.obj (.text:Graphics_drawImage)
                  00010b42    00000002     rtsv7M4_T_le_v4SPD16_eabi.lib : div0.asm.obj (.text)
                  00010b44    00000334     system_msp432p401r.obj (.text)
                  00010e78    0000029c     menu.obj (.text)
                  00011114    00000270     rtsv7M4_T_le_v4SPD16_eabi.lib : _printfi.c.obj (.text:_pconv_a)
                  00011384    0000026e     grlib.a : circle.obj (.text:Graphics_drawCircle)
                  000115f2    00000002     --HOLE-- [fill = 0]
                  000115f4    00000240     meter.obj (.text)
                  00011834    0000022a     grlib.a : circle.obj (.text:Graphics_fillCircle)
                  00011a5e    00000002     --HOLE-- [fill = 0]
                  00011a60    000001dc     main.obj (.text)
                  00011c3c    000001d0     rtsv7M4_T_le_v4SPD16_eabi.lib : _printfi.c.obj (.text:_pconv_g)
                  00011e0c    000001bc     init.obj (.text)
                  00011fc8    000001b6     rtsv7M4_T_le_v4SPD16_eabi.lib : fd_add_t2.asm.obj (.text)
                  0001217e    00000002     --HOLE-- [fill = 0]
                  00012180    000001b4     utils.obj (.text)
                  00012334    00000160     msp432p4xx_driverlib.lib : adc14.o (.text:_getIndexForMemRegister)
                  00012494    0000015c                              : pcm.o (.text:__PCM_setPowerModeAdvanced)
                  000125f0    0000013c     rtsv7M4_T_le_v4SPD16_eabi.lib : _printfi.c.obj (.text:_pconv_e)
                  0001272c    00000136                                   : fd_div_t2.asm.obj (.text)
                  00012862    00000002     --HOLE-- [fill = 0]
                  00012864    00000130     msp432p4xx_driverlib.lib : cs.o (.text:CS_initClockSignal)
                  00012994    00000124     rtsv7M4_T_le_v4SPD16_eabi.lib : _printfi.c.obj (.text:fcvt)
                  00012ab8    00000114                                   : fputs.c.obj (.text:fputs)
                  00012bcc    00000110                                   : s_scalbn.c.obj (.text:scalbn)
                  00012cdc    00000108     msp432p4xx_driverlib.lib : pcm.o (.text:__PCM_setCoreVoltageLevelAdvanced)
                  00012de4    00000100     rtsv7M4_T_le_v4SPD16_eabi.lib : memory.c.obj (.text:aligned_alloc)
                  00012ee4    000000fc                                   : fd_mul_t2.asm.obj (.text)
                  00012fe0    000000fa     grlib.a : string.obj (.text:Graphics_getStringWidth)
                  000130da    00000002     --HOLE-- [fill = 0]
                  000130dc    000000e4     rtsv7M4_T_le_v4SPD16_eabi.lib : memory.c.obj (.text:free)
                  000131c0    000000dc                                   : setvbuf.c.obj (.text:setvbuf)
                  0001329c    000000cc     HAL_MSP_EXP432P401R_Crystalfontz128x128_ST7735.obj (.text)
                  00013368    000000b4     msp432p4xx_driverlib.lib : adc14.o (.text:ADC14_configureConversionMemory)
                  0001341c    000000b4                              : adc14.o (.text:ADC14_configureMultiSequenceMode)
                  000134d0    000000b1     rtsv7M4_T_le_v4SPD16_eabi.lib : _printfi.c.obj (.text:_ltostr)
                  00013581    00000001     --HOLE-- [fill = 0]
                  00013582    000000b0     msp432p4xx_driverlib.lib : spi.o (.text:SPI_initMaster)
                  00013632    0000009c     grlib.a : line.obj (.text:Graphics_drawLineH)
                  000136ce    0000009c     rtsv7M4_T_le_v4SPD16_eabi.lib : memcpy_t2.asm.obj (.text)
                  0001376a    00000096                                   : ull_div_t2.asm.obj (.text)
                  00013800    0000008c                                   : fputc.c.obj (.text:fputc)
                  0001388c    00000088     msp432p4xx_driverlib.lib : gpio.o (.text:GPIO_setAsPeripheralModuleFunctionInputPin)
                  00013914    00000088                              : gpio.o (.text:GPIO_setAsPeripheralModuleFunctionOutputPin)
                  0001399c    00000086     rtsv7M4_T_le_v4SPD16_eabi.lib : fd_cmp_t2.asm.obj (.text:__aeabi_cdcmple)
                  00013a22    00000086                                   : fd_cmp_t2.asm.obj (.text:__aeabi_cdrcmple)
                  00013aa8    00000084     msp432p4xx_driverlib.lib : gpio.o (.text:GPIO_getEnabledInterruptStatus)
                  00013b2c    00000080                              : interrupt.o (.text:Interrupt_enableInterrupt)
                  00013bac    0000007a     rtsv7M4_T_le_v4SPD16_eabi.lib : memset_t2.asm.obj (.text)
                  00013c26    00000002     --HOLE-- [fill = 0]
                  00013c28    00000074                                   : fclose.c.obj (.text:__TI_closefile)
                  00013c9c    00000070                                   : memory.c.obj (.text:split)
                  00013d0c    0000006e                                   : _printfi.c.obj (.text:_mcpy)
                  00013d7a    00000002     --HOLE-- [fill = 0]
                  00013d7c    0000006c     grlib.a : image.obj (.text:Graphics_convertPalette)
                  00013de8    0000006c     rtsv7M4_T_le_v4SPD16_eabi.lib : hostrename.c.obj (.text:HOSTrename)
                  00013e54    00000068                                   : hostlseek.c.obj (.text:HOSTlseek)
                  00013ebc    00000068                                   : copy_decompress_lzss.c.obj (.text:decompress:lzss:__TI_decompress_lzss)
                  00013f24    00000068                                   : printf.c.obj (.text:printf)
                  00013f8c    00000064                                   : s_frexp.c.obj (.text:frexp)
                  00013ff0    00000064                                   : fseek.c.obj (.text:fseek)
                  00014054    00000062                                   : _io_perm.c.obj (.text:__TI_wrt_ok)
                  000140b6    00000002     --HOLE-- [fill = 0]
                  000140b8    00000060                                   : hostopen.c.obj (.text:HOSTopen)
                  00014118    0000005e     msp432p4xx_driverlib.lib : pcm.o (.text:PCM_getCoreVoltageLevel)
                  00014176    00000002     --HOLE-- [fill = 0]
                  00014178    0000005c     rtsv7M4_T_le_v4SPD16_eabi.lib : close.c.obj (.text:close)
                  000141d4    0000005a     grlib.a : context.obj (.text:Graphics_drawPixel)
                  0001422e    0000005a     msp432p4xx_driverlib.lib : pcm.o (.text:PCM_getPowerMode)
                  00014288    00000058                              : gpio.o (.text:GPIO_setAsInputPinWithPullUpResistor)
                  000142e0    00000058     rtsv7M4_T_le_v4SPD16_eabi.lib : hostread.c.obj (.text:HOSTread)
                  00014338    00000058                                   : hostwrite.c.obj (.text:HOSTwrite)
                  00014390    00000056                                   : _printfi.c.obj (.text:_pconv_f)
                  000143e6    00000002     --HOLE-- [fill = 0]
                  000143e8    00000054     msp432p4xx_driverlib.lib : adc14.o (.text:ADC14_initModule)
                  0001443c    00000054     rtsv7M4_T_le_v4SPD16_eabi.lib : _ltoa.c.obj (.text:__TI_ltoa)
                  00014490    00000052     grlib.a : context.obj (.text:Graphics_initContext)
                  000144e2    00000052     rtsv7M4_T_le_v4SPD16_eabi.lib : _printfi.c.obj (.text:_ecpy)
                  00014534    0000004c                                   : fflush.c.obj (.text:__TI_doflush)
                  00014580    0000004c                                   : atoi.c.obj (.text:atoi)
                  000145cc    00000048     msp432p4xx_driverlib.lib : flash.o (.text:FlashCtl_setWaitState)
                  00014614    00000048     grlib.a : string.obj (.text:Graphics_drawStringCentered)
                  0001465c    00000048     rtsv7M4_T_le_v4SPD16_eabi.lib : exit.c.obj (.text:exit)
                  000146a4    00000048                                   : fd_toi_t2.asm.obj (.text)
                  000146ec    00000046     grlib.a : display.obj (.text:Graphics_drawMultiplePixelsOnDisplay)
                  00014732    00000002     --HOLE-- [fill = 0]
                  00014734    00000044     rtsv7M4_T_le_v4SPD16_eabi.lib : hostclose.c.obj (.text:HOSTclose)
                  00014778    00000044                                   : hostunlink.c.obj (.text:HOSTunlink)
                  000147bc    00000044                                   : autoinit.c.obj (.text:__TI_auto_init_nobinit_nopinit:__TI_auto_init_nobinit_nopinit)
                  00014800    00000044                                   : getdevice.c.obj (.text:getdevice)
                  00014844    00000040     msp432p4xx_driverlib.lib : gpio.o (.text:GPIO_setAsOutputPin)
                  00014884    00000040     grlib.a : string.obj (.text:Graphics_getNumberOfLeadingZeros)
                  000148c4    00000040     msp432p4xx_driverlib.lib : spi.o (.text:is_A_Module)
                  00014904    00000040     rtsv7M4_T_le_v4SPD16_eabi.lib : sprintf.c.obj (.text:sprintf)
                  00014944    0000003e                                   : _printfi.c.obj (.text:_fcpy)
                  00014982    00000002     --HOLE-- [fill = 0]
                  00014984    00000038     msp432p4xx_driverlib.lib : adc14.o (.text:ADC14_getEnabledInterruptStatus)
                  000149bc    00000038     rtsv7M4_T_le_v4SPD16_eabi.lib : trgmsg.c.obj (.text:__TI_writemsg)
                  000149f4    00000038                                   : fs_tod_t2.asm.obj (.text)
                  00014a2c    00000036     grlib.a : display.obj (.text:Graphics_drawHorizontalLineOnDisplay)
                  00014a62    00000036     rtsv7M4_T_le_v4SPD16_eabi.lib : strncpy.c.obj (.text:strncpy)
                  00014a98    00000034     msp432p4xx_driverlib.lib : adc14.o (.text:ADC14_enableSampleTimer)
                  00014acc    00000034                              : cs.o (.text:CS_setDCOCenteredFrequency)
                  00014b00    00000034     rtsv7M4_T_le_v4SPD16_eabi.lib : fopen.c.obj (.text:__TI_cleanup)
                  00014b34    00000034                                   : trgmsg.c.obj (.text:__TI_readmsg)
                  00014b68    00000034                                   : boot_cortex_m.c.obj (.text:_c_int00_noargs:_c_int00_noargs)
                  00014b9c    00000030     msp432p4xx_driverlib.lib : adc14.o (.text:ADC14_clearInterruptFlag)
                  00014bcc    00000030                              : adc14.o (.text:ADC14_enableInterrupt)
                  00014bfc    00000030                              : gpio.o (.text:GPIO_getInputPinValue)
                  00014c2c    00000030     rtsv7M4_T_le_v4SPD16_eabi.lib : getdevice.c.obj (.text:finddevice)
                  00014c5c    0000002e                                   : i_tofd_t2.asm.obj (.text)
                  00014c8a    00000002     --HOLE-- [fill = 0]
                  00014c8c    0000002c     msp432p4xx_driverlib.lib : adc14.o (.text:ADC14_getInterruptStatus)
                  00014cb8    0000002c                              : adc14.o (.text:ADC14_toggleConversionTrigger)
                  00014ce4    0000002c     grlib.a : display.obj (.text:Graphics_drawPixelOnDisplay)
                  00014d10    0000002c     rtsv7M4_T_le_v4SPD16_eabi.lib : unlink.c.obj (.text:unlink)
                  00014d3c    00000028     msp432p4xx_driverlib.lib : adc14.o (.text:ADC14_enableConversion)
                  00014d64    00000028                              : adc14.o (.text:ADC14_getResult)
                  00014d8c    00000028                              : gpio.o (.text:GPIO_clearInterruptFlag)
                  00014db4    00000028                              : gpio.o (.text:GPIO_enableInterrupt)
                  00014ddc    00000028                              : gpio.o (.text:GPIO_setOutputHighOnPin)
                  00014e04    00000028                              : gpio.o (.text:GPIO_setOutputLowOnPin)
                  00014e2c    00000028                              : pcm.o (.text:PCM_gotoLPM0)
                  00014e54    00000028     rtsv7M4_T_le_v4SPD16_eabi.lib : memory.c.obj (.text:free_list_insert)
                  00014e7c    00000028                                   : lseek.c.obj (.text:lseek)
                  00014ea4    00000028                                   : write.c.obj (.text:write)
                  00014ecc    00000024     msp432p4xx_driverlib.lib : gpio.o (.text:GPIO_getInterruptStatus)
                  00014ef0    00000024                              : wdt_a.o (.text:WDT_A_holdTimer)
                  00014f14    00000020     rtsv7M4_T_le_v4SPD16_eabi.lib : memchr.c.obj (.text:memchr)
                  00014f34    0000001c     msp432p4xx_driverlib.lib : spi.o (.text:SPI_enableModule)
                  00014f50    0000001c     rtsv7M4_T_le_v4SPD16_eabi.lib : memory.c.obj (.text:free_list_remove)
                  00014f6c    0000001c                                   : memccpy.c.obj (.text:memccpy)
                  00014f88    0000001a     grlib.a : display.obj (.text:Graphics_clearDisplayOnDisplay)
                  00014fa2    0000001a             : context.obj (.text:Graphics_setBackgroundColor)
                  00014fbc    0000001a             : context.obj (.text:Graphics_setFont)
                  00014fd6    0000001a     rtsv7M4_T_le_v4SPD16_eabi.lib : s_copysign.c.obj (.text:copysign)
                  00014ff0    00000018                                   : sprintf.c.obj (.text:_outs)
                  00015008    00000018                                   : strcmp.c.obj (.text:strcmp)
                  00015020    00000016     msp432p4xx_driverlib.lib : spi.o (.text:EUSCI_A_SPI_enable)
                  00015036    00000016                              : spi.o (.text:EUSCI_B_SPI_enable)
                  0001504c    00000016     grlib.a : context.obj (.text:Graphics_setForegroundColor)
                  00015062    00000016             : display.obj (.text:Graphics_translateColorOnDisplay)
                  00015078    00000016     rtsv7M4_T_le_v4SPD16_eabi.lib : strchr.c.obj (.text:strchr)
                  0001508e    00000002     --HOLE-- [fill = 0]
                  00015090    00000014     msp432p4xx_driverlib.lib : pcm.o (.text:PCM_getPowerState)
                  000150a4    00000014     rtsv7M4_T_le_v4SPD16_eabi.lib : strcpy.c.obj (.text:strcpy)
                  000150b8    00000014                                   : strlen.c.obj (.text:strlen)
                  000150cc    00000012     grlib.a : context.obj (.text:Graphics_clearDisplay)
                  000150de    00000012     rtsv7M4_T_le_v4SPD16_eabi.lib : wcslen.c.obj (.text:wcslen)
                  000150f0    00000010     msp432p4xx_driverlib.lib : adc14.o (.text:ADCIsConversionRunning)
                  00015100    00000010                              : interrupt.o (.text:Interrupt_disableMaster)
                  00015110    00000010                              : interrupt.o (.text:Interrupt_enableMaster)
                  00015120    00000010                              : pcm.o (.text:PCM_setCoreVoltageLevel)
                  00015130    00000010                              : pcm.o (.text:PCM_setPowerMode)
                  00015140    0000000e     rtsv7M4_T_le_v4SPD16_eabi.lib : copy_decompress_none.c.obj (.text:decompress:none:__TI_decompress_none)
                  0001514e    0000000e     startup_msp432p401r_ccs.obj (.text)
                  0001515c    0000000c     msp432p4xx_driverlib.lib : adc14.o (.text:ADC14_enableModule)
                  00015168    0000000c                              : cpu.o (.text:CPU_cpsid)
                  00015174    0000000c                              : cpu.o (.text:CPU_cpsie)
                  00015180    0000000c     rtsv7M4_T_le_v4SPD16_eabi.lib : copy_zero_init.c.obj (.text:decompress:ZI:__TI_zero_init)
                  0001518c    0000000a                                   : sprintf.c.obj (.text:_outc)
                  00015196    00000002     --HOLE-- [fill = 0]
                  00015198    00000008                                   : errno.c.obj (.text:__aeabi_errno_addr)
                  000151a0    00000008                                   : memory.c.obj (.text:malloc)
                  000151a8    00000004     msp432p4xx_driverlib.lib : cpu.o (.text:CPU_wfi)
                  000151ac    00000004     rtsv7M4_T_le_v4SPD16_eabi.lib : printf.c.obj (.text:_outc)
                  000151b0    00000004                                   : printf.c.obj (.text:_outs)
                  000151b4    00000004                                   : pre_init.c.obj (.text:_system_pre_init)
                  000151b8    00000004                                   : exit.c.obj (.text:abort:abort)

.cinit     0    000151c0    000000b0     
                  000151c0    0000008b     (.cinit..data.load) [load image, compression = lzss]
                  0001524b    00000001     --HOLE-- [fill = 0]
                  0001524c    0000000c     (__TI_handler_table)
                  00015258    00000008     (.cinit..bss.load) [load image, compression = zero_init]
                  00015260    00000010     (__TI_cinit_table)

.init_array 
*          0    00000000    00000000     UNINITIALIZED

.binit     0    00000000    00000000     

.bss       0    20000000    00000602     UNINITIALIZED
                  20000000    00000400     grlib.a : image.obj (.bss:g_pulConvertedPalette)
                  20000400    00000120     rtsv7M4_T_le_v4SPD16_eabi.lib : trgmsg.c.obj (.bss:_CIOBUF_)
                  20000520    000000a0     (.common:__TI_tmpnams)
                  200005c0    0000001c     (.common:g_sContext)
                  200005dc    0000000c     (.common:BOX)
                  200005e8    00000008     (.common:parmbuf)
                  200005f0    00000008     (.common:string)
                  200005f8    00000002     (.common:Lcd_ScreenHeigth)
                  200005fa    00000002     (.common:Lcd_ScreenWidth)
                  200005fc    00000002     (.common:Lcd_TouchTrim)
                  200005fe    00000001     (.common:Lcd_FlagRead)
                  200005ff    00000001     (.common:Lcd_FontSolid)
                  20000600    00000001     (.common:Lcd_Orientation)
                  20000601    00000001     (.common:Lcd_PenSolid)

.sysmem    0    20000608    00000400     UNINITIALIZED
                  20000608    00000010     rtsv7M4_T_le_v4SPD16_eabi.lib : memory.c.obj (.sysmem)
                  20000618    000003f0     --HOLE--

.data      0    20000a08    00000230     UNINITIALIZED
                  20000a08    000000f0     rtsv7M4_T_le_v4SPD16_eabi.lib : defs.c.obj (.data:_ftable)
                  20000af8    00000078                                   : host_device.c.obj (.data:_device)
                  20000b70    00000050                                   : host_device.c.obj (.data:_stream)
                  20000bc0    00000014     menu.obj (.data)
                  20000bd4    00000014     meter.obj (.data)
                  20000be8    00000010     Crystalfontz128x128_ST7735.obj (.data:g_sCrystalfontz128x128)
                  20000bf8    00000010     rtsv7M4_T_le_v4SPD16_eabi.lib : defs.c.obj (.data)
                  20000c08    0000000c                                   : exit.c.obj (.data:$O1$$)
                  20000c14    0000000c     main.obj (.data)
                  20000c20    00000008     rtsv7M4_T_le_v4SPD16_eabi.lib : _lock.c.obj (.data:$O1$$)
                  20000c28    00000008                                   : memory.c.obj (.data:$O1$$)
                  20000c30    00000004                                   : errno.c.obj (.data)
                  20000c34    00000004     system_msp432p401r.obj (.data)

.stack     0    2000fe00    00000200     UNINITIALIZED
                  2000fe00    00000004     rtsv7M4_T_le_v4SPD16_eabi.lib : boot_cortex_m.c.obj (.stack)
                  2000fe04    000001fc     --HOLE--

__llvm_prf_cnts 
*          0    20000000    00000000     UNINITIALIZED

MODULE SUMMARY

       Module                                               code    ro data   rw data
       ------                                               ----    -------   -------
    .\
       Gr_bLong.obj                                         0       8272      0      
       Gr_bubbleLevel.obj                                   0       8272      0      
       Gr_lidarInit.obj                                     0       8272      0      
       Gr_lidarMeasure.obj                                  0       8272      0      
       Gr_menu.obj                                          0       8272      0      
       Gr_meterInit.obj                                     0       8272      0      
       Gr_meterMeasure.obj                                  0       8272      0      
       system_msp432p401r.obj                               820     0         8      
       menu.obj                                             668     0         64     
       meter.obj                                            576     8         56     
       main.obj                                             476     0         80     
       init.obj                                             444     0         0      
       utils.obj                                            436     0         0      
       startup_msp432p401r_ccs.obj                          14      228       0      
    +--+----------------------------------------------------+-------+---------+---------+
       Total:                                               3434    58140     208    
                                                                                     
    .\LcdDriver\
       Crystalfontz128x128_ST7735.obj                       1664    40        52     
       HAL_MSP_EXP432P401R_Crystalfontz128x128_ST7735.obj   204     28        0      
    +--+----------------------------------------------------+-------+---------+---------+
       Total:                                               1868    68        52     
                                                                                     
    C:/Users/pietr/Desktop/workspace_IoT/simplelink_msp432p4_sdk_3_40_01_02/source/ti/devices/msp432p4xx/driverlib/ccs/msp432p4xx_driverlib.lib
       adc14.o                                              1196    128       0      
       pcm.o                                                888     0         0      
       gpio.o                                               800     48        0      
       cs.o                                                 356     0         0      
       spi.o                                                312     0         0      
       interrupt.o                                          160     8         0      
       flash.o                                              72      0         0      
       wdt_a.o                                              36      0         0      
       cpu.o                                                28      0         0      
    +--+----------------------------------------------------+-------+---------+---------+
       Total:                                               3848    184       0      
                                                                                     
    C:/Users/pietr/Desktop/workspace_IoT/simplelink_msp432p4_sdk_3_40_01_02/source/ti/grlib/lib/ccs/m4f/grlib.a
       image.obj                                            1020    0         2048   
       fontcmss20.obj                                       0       2441      0      
       string.obj                                           1536    0         0      
       circle.obj                                           1176    0         0      
       fontfixed6x8.obj                                     0       960       0      
       context.obj                                          264     0         0      
       display.obj                                          216     0         0      
       line.obj                                             156     0         0      
    +--+----------------------------------------------------+-------+---------+---------+
       Total:                                               4368    3401      2048   
                                                                                     
    C:\ti\ccs1210\ccs\tools\compiler\ti-cgt-arm_20.2.7.LTS\lib\rtsv7M4_T_le_v4SPD16_eabi.lib
       _printfi.c.obj                                       4851    0         0      
       defs.c.obj                                           0       0         832    
       memory.c.obj                                         672     0         16     
       trgmsg.c.obj                                         108     0         576    
       fd_add_t2.asm.obj                                    438     0         0      
       host_device.c.obj                                    0       0         400    
       fd_div_t2.asm.obj                                    310     0         0      
       fputs.c.obj                                          276     0         0      
       s_scalbn.c.obj                                       272     0         0      
       fd_cmp_t2.asm.obj                                    268     0         0      
       ctype.c.obj                                          0       257       0      
       fd_mul_t2.asm.obj                                    252     0         0      
       setvbuf.c.obj                                        220     0         0      
       memcpy_t2.asm.obj                                    156     0         0      
       ull_div_t2.asm.obj                                   150     0         0      
       fputc.c.obj                                          140     0         0      
       memset_t2.asm.obj                                    122     0         0      
       fclose.c.obj                                         116     0         0      
       getdevice.c.obj                                      116     0         0      
       hostopen.c.obj                                       96      0         16     
       printf.c.obj                                         112     0         0      
       hostrename.c.obj                                     108     0         0      
       copy_decompress_lzss.c.obj                           104     0         0      
       hostlseek.c.obj                                      104     0         0      
       exit.c.obj                                           76      0         24     
       fseek.c.obj                                          100     0         0      
       s_frexp.c.obj                                        100     0         0      
       _io_perm.c.obj                                       98      0         0      
       sprintf.c.obj                                        98      0         0      
       close.c.obj                                          92      0         0      
       hostread.c.obj                                       88      0         0      
       hostwrite.c.obj                                      88      0         0      
       _ltoa.c.obj                                          84      0         0      
       atoi.c.obj                                           76      0         0      
       fflush.c.obj                                         76      0         0      
       fd_toi_t2.asm.obj                                    72      0         0      
       autoinit.c.obj                                       68      0         0      
       hostclose.c.obj                                      68      0         0      
       hostunlink.c.obj                                     68      0         0      
       fs_tod_t2.asm.obj                                    56      0         0      
       strncpy.c.obj                                        54      0         0      
       boot_cortex_m.c.obj                                  52      0         0      
       fopen.c.obj                                          52      0         0      
       i_tofd_t2.asm.obj                                    46      0         0      
       unlink.c.obj                                         44      0         0      
       lseek.c.obj                                          40      0         0      
       write.c.obj                                          40      0         0      
       memchr.c.obj                                         32      0         0      
       memccpy.c.obj                                        28      0         0      
       s_copysign.c.obj                                     26      0         0      
       strcmp.c.obj                                         24      0         0      
       strchr.c.obj                                         22      0         0      
       strcpy.c.obj                                         20      0         0      
       strlen.c.obj                                         20      0         0      
       _lock.c.obj                                          2       0         16     
       wcslen.c.obj                                         18      0         0      
       errno.c.obj                                          8       0         8      
       copy_decompress_none.c.obj                           14      0         0      
       copy_zero_init.c.obj                                 12      0         0      
       pre_init.c.obj                                       4       0         0      
       div0.asm.obj                                         2       0         0      
    +--+----------------------------------------------------+-------+---------+---------+
       Total:                                               10859   257       1888   
                                                                                     
       Heap:                                                0       0         2048   
       Stack:                                               0       0         1024   
       Linker Generated:                                    0       175       0      
    +--+----------------------------------------------------+-------+---------+---------+
       Grand Total:                                         24377   62225     7268   


LINKER GENERATED COPY TABLES

__TI_cinit_table @ 00015260 records: 2, size/record: 8, table size: 16
	.data: load addr=000151c0, load size=0000008b bytes, run addr=20000a08, run size=00000230 bytes, compression=lzss
	.bss: load addr=00015258, load size=00000008 bytes, run addr=20000000, run size=00000602 bytes, compression=zero_init


LINKER GENERATED HANDLER TABLE

__TI_handler_table @ 0001524c records: 3, size/record: 4, table size: 12
	index: 0, handler: __TI_decompress_lzss
	index: 1, handler: __TI_decompress_none
	index: 2, handler: __TI_zero_init


GLOBAL SYMBOLS: SORTED ALPHABETICALLY BY Name 

address   name                                       
-------   ----                                       
00011a7b  ADC14_IRQHandler                           
00011a7b  ADC14_IRQHandler                           
00014b9d  ADC14_clearInterruptFlag                   
00013369  ADC14_configureConversionMemory            
0001341d  ADC14_configureMultiSequenceMode           
00014d3d  ADC14_enableConversion                     
00014bcd  ADC14_enableInterrupt                      
0001515d  ADC14_enableModule                         
00014a99  ADC14_enableSampleTimer                    
00014985  ADC14_getEnabledInterruptStatus            
00014c8d  ADC14_getInterruptStatus                   
00014d65  ADC14_getResult                            
000143e9  ADC14_initModule                           
00014cb9  ADC14_toggleConversionTrigger              
0001515b  AES256_IRQHandler                          
200005dc  BOX                                        
0001515b  BusFault_Handler                           
000151b9  C$$EXIT                                    
000149eb  C$$IO$$                                    
0001515b  COMP_E0_IRQHandler                         
0001515b  COMP_E1_IRQHandler                         
20000c1c  CONTROL                                    
00015169  CPU_cpsid                                  
00015175  CPU_cpsie                                  
000151a9  CPU_wfi                                    
0001515b  CS_IRQHandler                              
00012865  CS_initClockSignal                         
00014acd  CS_setDCOCenteredFrequency                 
20000c14  CURRENT_STATE                              
20000bc4  CURSOR                                     
0000fcb5  Crystalfontz128x128_Init                   
0000fdc9  Crystalfontz128x128_SetDrawFrame           
0000fef7  Crystalfontz128x128_SetOrientation         
0001515b  DMA_ERR_IRQHandler                         
0001515b  DMA_INT0_IRQHandler                        
0001515b  DMA_INT1_IRQHandler                        
0001515b  DMA_INT2_IRQHandler                        
0001515b  DMA_INT3_IRQHandler                        
0001515b  DebugMon_Handler                           
0001515b  Default_Handler                            
0001515b  EUSCIA0_IRQHandler                         
0001515b  EUSCIA1_IRQHandler                         
0001515b  EUSCIA2_IRQHandler                         
0001515b  EUSCIA3_IRQHandler                         
0001515b  EUSCIB0_IRQHandler                         
0001515b  EUSCIB1_IRQHandler                         
0001515b  EUSCIB2_IRQHandler                         
0001515b  EUSCIB3_IRQHandler                         
00015021  EUSCI_A_SPI_enable                         
00015037  EUSCI_B_SPI_enable                         
0001515b  FLCTL_IRQHandler                           
0001515b  FPU_IRQHandler                             
000145cd  FlashCtl_setWaitState                      
00014d8d  GPIO_clearInterruptFlag                    
00014db5  GPIO_enableInterrupt                       
00013aa9  GPIO_getEnabledInterruptStatus             
00014bfd  GPIO_getInputPinValue                      
00014ecd  GPIO_getInterruptStatus                    
00014289  GPIO_setAsInputPinWithPullUpResistor       
00014845  GPIO_setAsOutputPin                        
0001388d  GPIO_setAsPeripheralModuleFunctionInputPin 
00013915  GPIO_setAsPeripheralModuleFunctionOutputPin
00014ddd  GPIO_setOutputHighOnPin                    
00014e05  GPIO_setOutputLowOnPin                     
000150cd  Graphics_clearDisplay                      
00014f89  Graphics_clearDisplayOnDisplay             
00011385  Graphics_drawCircle                        
00014a2d  Graphics_drawHorizontalLineOnDisplay       
000107b3  Graphics_drawImage                         
00013633  Graphics_drawLineH                         
000146ed  Graphics_drawMultiplePixelsOnDisplay       
000141d5  Graphics_drawPixel                         
00014ce5  Graphics_drawPixelOnDisplay                
00010335  Graphics_drawString                        
00014615  Graphics_drawStringCentered                
00011835  Graphics_fillCircle                        
00012fe1  Graphics_getStringWidth                    
00014491  Graphics_initContext                       
00014fa3  Graphics_setBackgroundColor                
00014fbd  Graphics_setFont                           
0001504d  Graphics_setForegroundColor                
00015063  Graphics_translateColorOnDisplay           
0001329d  HAL_LCD_PortInit                           
000132cd  HAL_LCD_SpiInit                            
00013303  HAL_LCD_writeCommand                       
00013333  HAL_LCD_writeData                          
00014735  HOSTclose                                  
00013e55  HOSTlseek                                  
000140b9  HOSTopen                                   
000142e1  HOSTread                                   
00013de9  HOSTrename                                 
00014779  HOSTunlink                                 
00014339  HOSTwrite                                  
0001515b  HardFault_Handler                          
20000bcc  INIT_POS                                   
00015101  Interrupt_disableMaster                    
00013b2d  Interrupt_enableInterrupt                  
00015111  Interrupt_enableMaster                     
200005fe  Lcd_FlagRead                               
200005ff  Lcd_FontSolid                              
20000600  Lcd_Orientation                            
20000601  Lcd_PenSolid                               
200005f8  Lcd_ScreenHeigth                           
200005fa  Lcd_ScreenWidth                            
200005fc  Lcd_TouchTrim                              
20000c18  METER_STATE                                
0001515b  MemManage_Handler                          
0001515b  NMI_Handler                                
0001515b  PCM_IRQHandler                             
00014119  PCM_getCoreVoltageLevel                    
0001422f  PCM_getPowerMode                           
00015091  PCM_getPowerState                          
00014e2d  PCM_gotoLPM0                               
00015121  PCM_setCoreVoltageLevel                    
00015131  PCM_setPowerMode                           
0001515b  PORT1_IRQHandler                           
0001515b  PORT2_IRQHandler                           
00011b99  PORT3_IRQHandler                           
00011b99  PORT3_IRQHandler                           
0001515b  PORT4_IRQHandler                           
00011ab5  PORT5_IRQHandler                           
00011ab5  PORT5_IRQHandler                           
0001515b  PORT6_IRQHandler                           
0001515b  PSS_IRQHandler                             
0001515b  PendSV_Handler                             
0001515b  RTC_C_IRQHandler                           
0001514f  Reset_Handler                              
20000bc0  SELECTED                                   
20000bd0  SENSITIVITY                                
00014f35  SPI_enableModule                           
00013583  SPI_initMaster                             
20000be4  START                                      
0001515b  SVC_Handler                                
0001515b  SysTick_Handler                            
20000c34  SystemCoreClock                            
00010b45  SystemCoreClockUpdate                      
00010dbd  SystemInit                                 
0001515b  T32_INT1_IRQHandler                        
0001515b  T32_INT2_IRQHandler                        
0001515b  T32_INTC_IRQHandler                        
0001515b  TA0_0_IRQHandler                           
0001515b  TA0_N_IRQHandler                           
0001515b  TA1_0_IRQHandler                           
0001515b  TA1_N_IRQHandler                           
0001515b  TA2_0_IRQHandler                           
0001515b  TA2_N_IRQHandler                           
0001515b  TA3_0_IRQHandler                           
0001515b  TA3_N_IRQHandler                           
0001515b  UsageFault_Handler                         
20000bc8  WAIT_POS                                   
4000480c  WDTCTL_SYM                                 
0001515b  WDT_A_IRQHandler                           
00014ef1  WDT_A_holdTimer                            
20000400  __CIOBUF_                                  
20010000  __STACK_END                                
00000200  __STACK_SIZE                               
00000400  __SYSMEM_SIZE                              
00015260  __TI_CINIT_Base                            
00015270  __TI_CINIT_Limit                           
0001524c  __TI_Handler_Table_Base                    
00015258  __TI_Handler_Table_Limit                   
000147bd  __TI_auto_init_nobinit_nopinit             
00014b01  __TI_cleanup                               
20000c08  __TI_cleanup_ptr                           
00013c29  __TI_closefile                             
00013ebd  __TI_decompress_lzss                       
00015141  __TI_decompress_none                       
00014535  __TI_doflush                               
20000c0c  __TI_dtors_ptr                             
20000c10  __TI_enable_exit_profile_output            
20000bf8  __TI_ft_end                                
0001443d  __TI_ltoa                                  
ffffffff  __TI_pprof_out_hndl                        
0000f265  __TI_printfi                               
ffffffff  __TI_prof_data_size                        
ffffffff  __TI_prof_data_start                       
00014b35  __TI_readmsg                               
00000000  __TI_static_base__                         
20000520  __TI_tmpnams                               
000149bd  __TI_writemsg                              
00014055  __TI_wrt_ok                                
00015181  __TI_zero_init                             
0001399d  __aeabi_cdcmpeq                            
0001399d  __aeabi_cdcmple                            
00013a23  __aeabi_cdrcmple                           
000146a5  __aeabi_d2iz                               
00011fd3  __aeabi_dadd                               
0001272d  __aeabi_ddiv                               
00012ee5  __aeabi_dmul                               
00011fc9  __aeabi_dsub                               
00015199  __aeabi_errno_addr                         
000149f5  __aeabi_f2d                                
00014c5d  __aeabi_i2d                                
00010b43  __aeabi_idiv0                              
00010b43  __aeabi_ldiv0                              
00013bad  __aeabi_memclr                             
00013bad  __aeabi_memclr4                            
00013bad  __aeabi_memclr8                            
000136cf  __aeabi_memcpy                             
000136cf  __aeabi_memcpy4                            
000136cf  __aeabi_memcpy8                            
00013baf  __aeabi_memset                             
00013baf  __aeabi_memset4                            
00013baf  __aeabi_memset8                            
20000c04  __aeabi_stderr                             
20000bfc  __aeabi_stdin                              
20000c00  __aeabi_stdout                             
0001376b  __aeabi_uldivmod                           
ffffffff  __binit__                                  
ffffffff  __c_args__                                 
UNDEFED   __mpu_init                                 
2000fe00  __stack                                    
20000000  __start___llvm_prf_cnts                    
20000000  __stop___llvm_prf_cnts                     
00011e3d  _adcInit                                   
00011e0d  _buttonsInit                               
00014b69  _c_int00_noargs                            
0000ec9d  _ctypes_                                   
20000af8  _device                                    
00011f11  _encoderInit                               
20000a08  _ftable                                    
00011ea7  _graphicsInit                              
00011f25  _ledInit                                   
20000c20  _lock                                      
0000fcb3  _nop                                       
20000b70  _stream                                    
20000608  _sys_memory                                
UNDEFED   _system_post_cinit                         
000151b5  _system_pre_init                           
20000c24  _unlock                                    
000151b9  abort                                      
00012de5  aligned_alloc                              
00014581  atoi                                       
0000f1dc  bLong4BPP_UNCOMP                           
ffffffff  binit                                      
0000f1ec  bubbleLevel4BPP_UNCOMP                     
000110b3  buttonAMenu                                
20000bd8  centimeter                                 
000121ab  clearCircle                                
00014179  close                                      
00014fd7  copysign                                   
00014fd7  copysignl                                  
00012181  drawCircle                                 
000122ab  drawImageBubbleLevel                       
000122c9  drawImageLidarInit                         
000122f3  drawImageLidarMeasure                      
00012245  drawImageMenu                              
00012263  drawImageMeterInit                         
0001228d  drawImageMeterMeasure                      
00010e79  drawMenu                                   
00011653  encoder                                    
0001163b  encoderInit                                
20000c30  errno                                      
0001465d  exit                                       
00014c2d  finddevice                                 
00013801  fputc                                      
00012ab9  fputs                                      
000130dd  free                                       
00013f8d  frexp                                      
00013f8d  frexpl                                     
00013ff1  fseek                                      
200005c0  g_sContext                                 
20000be8  g_sCrystalfontz128x128                     
0000f1a0  g_sCrystalfontz128x128_funcs               
0000eda0  g_sFontCmss20                              
0000ee68  g_sFontFixed6x8                            
00014801  getdevice                                  
00011f49  hwInit                                     
20000be0  inc                                        
00000000  interruptVectors                           
00010fab  joystickMenu                               
00012bcd  ldexp                                      
00012bcd  ldexpl                                     
0000f1fc  lidarInit4BPP_UNCOMP                       
0000f20c  lidarMeasure4BPP_UNCOMP                    
00014e7d  lseek                                      
00011a61  main                                       
000151a1  malloc                                     
00012de5  memalign                                   
00014f6d  memccpy                                    
00014f15  memchr                                     
000136cf  memcpy                                     
00013bb5  memset                                     
0000f21c  menu4BPP_UNCOMP                            
20000bdc  meter                                      
0000f22c  meterInit4BPP_UNCOMP                       
0000f23c  meterMeasure4BPP_UNCOMP                    
0001178d  metro                                      
20000bd4  millimeter                                 
200005e8  parmbuf                                    
0000f260  pigreco                                    
000115f5  printMeasure                               
00013f25  printf                                     
00013801  putc                                       
0000f25c  radiusRuota                                
00014d11  remove                                     
00012bcd  scalbn                                     
00012bcd  scalbnl                                    
000131c1  setvbuf                                    
00014905  sprintf                                    
00015079  strchr                                     
00015009  strcmp                                     
000150a5  strcpy                                     
200005f0  string                                     
000150b9  strlen                                     
00014a63  strncpy                                    
00014d11  unlink                                     
000150df  wcslen                                     
00014ea5  write                                      


GLOBAL SYMBOLS: SORTED BY Symbol Address 

address   name                                       
-------   ----                                       
00000000  __TI_static_base__                         
00000000  interruptVectors                           
00000200  __STACK_SIZE                               
00000400  __SYSMEM_SIZE                              
0000ec9d  _ctypes_                                   
0000eda0  g_sFontCmss20                              
0000ee68  g_sFontFixed6x8                            
0000f1a0  g_sCrystalfontz128x128_funcs               
0000f1dc  bLong4BPP_UNCOMP                           
0000f1ec  bubbleLevel4BPP_UNCOMP                     
0000f1fc  lidarInit4BPP_UNCOMP                       
0000f20c  lidarMeasure4BPP_UNCOMP                    
0000f21c  menu4BPP_UNCOMP                            
0000f22c  meterInit4BPP_UNCOMP                       
0000f23c  meterMeasure4BPP_UNCOMP                    
0000f25c  radiusRuota                                
0000f260  pigreco                                    
0000f265  __TI_printfi                               
0000fcb3  _nop                                       
0000fcb5  Crystalfontz128x128_Init                   
0000fdc9  Crystalfontz128x128_SetDrawFrame           
0000fef7  Crystalfontz128x128_SetOrientation         
00010335  Graphics_drawString                        
000107b3  Graphics_drawImage                         
00010b43  __aeabi_idiv0                              
00010b43  __aeabi_ldiv0                              
00010b45  SystemCoreClockUpdate                      
00010dbd  SystemInit                                 
00010e79  drawMenu                                   
00010fab  joystickMenu                               
000110b3  buttonAMenu                                
00011385  Graphics_drawCircle                        
000115f5  printMeasure                               
0001163b  encoderInit                                
00011653  encoder                                    
0001178d  metro                                      
00011835  Graphics_fillCircle                        
00011a61  main                                       
00011a7b  ADC14_IRQHandler                           
00011a7b  ADC14_IRQHandler                           
00011ab5  PORT5_IRQHandler                           
00011ab5  PORT5_IRQHandler                           
00011b99  PORT3_IRQHandler                           
00011b99  PORT3_IRQHandler                           
00011e0d  _buttonsInit                               
00011e3d  _adcInit                                   
00011ea7  _graphicsInit                              
00011f11  _encoderInit                               
00011f25  _ledInit                                   
00011f49  hwInit                                     
00011fc9  __aeabi_dsub                               
00011fd3  __aeabi_dadd                               
00012181  drawCircle                                 
000121ab  clearCircle                                
00012245  drawImageMenu                              
00012263  drawImageMeterInit                         
0001228d  drawImageMeterMeasure                      
000122ab  drawImageBubbleLevel                       
000122c9  drawImageLidarInit                         
000122f3  drawImageLidarMeasure                      
0001272d  __aeabi_ddiv                               
00012865  CS_initClockSignal                         
00012ab9  fputs                                      
00012bcd  ldexp                                      
00012bcd  ldexpl                                     
00012bcd  scalbn                                     
00012bcd  scalbnl                                    
00012de5  aligned_alloc                              
00012de5  memalign                                   
00012ee5  __aeabi_dmul                               
00012fe1  Graphics_getStringWidth                    
000130dd  free                                       
000131c1  setvbuf                                    
0001329d  HAL_LCD_PortInit                           
000132cd  HAL_LCD_SpiInit                            
00013303  HAL_LCD_writeCommand                       
00013333  HAL_LCD_writeData                          
00013369  ADC14_configureConversionMemory            
0001341d  ADC14_configureMultiSequenceMode           
00013583  SPI_initMaster                             
00013633  Graphics_drawLineH                         
000136cf  __aeabi_memcpy                             
000136cf  __aeabi_memcpy4                            
000136cf  __aeabi_memcpy8                            
000136cf  memcpy                                     
0001376b  __aeabi_uldivmod                           
00013801  fputc                                      
00013801  putc                                       
0001388d  GPIO_setAsPeripheralModuleFunctionInputPin 
00013915  GPIO_setAsPeripheralModuleFunctionOutputPin
0001399d  __aeabi_cdcmpeq                            
0001399d  __aeabi_cdcmple                            
00013a23  __aeabi_cdrcmple                           
00013aa9  GPIO_getEnabledInterruptStatus             
00013b2d  Interrupt_enableInterrupt                  
00013bad  __aeabi_memclr                             
00013bad  __aeabi_memclr4                            
00013bad  __aeabi_memclr8                            
00013baf  __aeabi_memset                             
00013baf  __aeabi_memset4                            
00013baf  __aeabi_memset8                            
00013bb5  memset                                     
00013c29  __TI_closefile                             
00013de9  HOSTrename                                 
00013e55  HOSTlseek                                  
00013ebd  __TI_decompress_lzss                       
00013f25  printf                                     
00013f8d  frexp                                      
00013f8d  frexpl                                     
00013ff1  fseek                                      
00014055  __TI_wrt_ok                                
000140b9  HOSTopen                                   
00014119  PCM_getCoreVoltageLevel                    
00014179  close                                      
000141d5  Graphics_drawPixel                         
0001422f  PCM_getPowerMode                           
00014289  GPIO_setAsInputPinWithPullUpResistor       
000142e1  HOSTread                                   
00014339  HOSTwrite                                  
000143e9  ADC14_initModule                           
0001443d  __TI_ltoa                                  
00014491  Graphics_initContext                       
00014535  __TI_doflush                               
00014581  atoi                                       
000145cd  FlashCtl_setWaitState                      
00014615  Graphics_drawStringCentered                
0001465d  exit                                       
000146a5  __aeabi_d2iz                               
000146ed  Graphics_drawMultiplePixelsOnDisplay       
00014735  HOSTclose                                  
00014779  HOSTunlink                                 
000147bd  __TI_auto_init_nobinit_nopinit             
00014801  getdevice                                  
00014845  GPIO_setAsOutputPin                        
00014905  sprintf                                    
00014985  ADC14_getEnabledInterruptStatus            
000149bd  __TI_writemsg                              
000149eb  C$$IO$$                                    
000149f5  __aeabi_f2d                                
00014a2d  Graphics_drawHorizontalLineOnDisplay       
00014a63  strncpy                                    
00014a99  ADC14_enableSampleTimer                    
00014acd  CS_setDCOCenteredFrequency                 
00014b01  __TI_cleanup                               
00014b35  __TI_readmsg                               
00014b69  _c_int00_noargs                            
00014b9d  ADC14_clearInterruptFlag                   
00014bcd  ADC14_enableInterrupt                      
00014bfd  GPIO_getInputPinValue                      
00014c2d  finddevice                                 
00014c5d  __aeabi_i2d                                
00014c8d  ADC14_getInterruptStatus                   
00014cb9  ADC14_toggleConversionTrigger              
00014ce5  Graphics_drawPixelOnDisplay                
00014d11  remove                                     
00014d11  unlink                                     
00014d3d  ADC14_enableConversion                     
00014d65  ADC14_getResult                            
00014d8d  GPIO_clearInterruptFlag                    
00014db5  GPIO_enableInterrupt                       
00014ddd  GPIO_setOutputHighOnPin                    
00014e05  GPIO_setOutputLowOnPin                     
00014e2d  PCM_gotoLPM0                               
00014e7d  lseek                                      
00014ea5  write                                      
00014ecd  GPIO_getInterruptStatus                    
00014ef1  WDT_A_holdTimer                            
00014f15  memchr                                     
00014f35  SPI_enableModule                           
00014f6d  memccpy                                    
00014f89  Graphics_clearDisplayOnDisplay             
00014fa3  Graphics_setBackgroundColor                
00014fbd  Graphics_setFont                           
00014fd7  copysign                                   
00014fd7  copysignl                                  
00015009  strcmp                                     
00015021  EUSCI_A_SPI_enable                         
00015037  EUSCI_B_SPI_enable                         
0001504d  Graphics_setForegroundColor                
00015063  Graphics_translateColorOnDisplay           
00015079  strchr                                     
00015091  PCM_getPowerState                          
000150a5  strcpy                                     
000150b9  strlen                                     
000150cd  Graphics_clearDisplay                      
000150df  wcslen                                     
00015101  Interrupt_disableMaster                    
00015111  Interrupt_enableMaster                     
00015121  PCM_setCoreVoltageLevel                    
00015131  PCM_setPowerMode                           
00015141  __TI_decompress_none                       
0001514f  Reset_Handler                              
0001515b  AES256_IRQHandler                          
0001515b  BusFault_Handler                           
0001515b  COMP_E0_IRQHandler                         
0001515b  COMP_E1_IRQHandler                         
0001515b  CS_IRQHandler                              
0001515b  DMA_ERR_IRQHandler                         
0001515b  DMA_INT0_IRQHandler                        
0001515b  DMA_INT1_IRQHandler                        
0001515b  DMA_INT2_IRQHandler                        
0001515b  DMA_INT3_IRQHandler                        
0001515b  DebugMon_Handler                           
0001515b  Default_Handler                            
0001515b  EUSCIA0_IRQHandler                         
0001515b  EUSCIA1_IRQHandler                         
0001515b  EUSCIA2_IRQHandler                         
0001515b  EUSCIA3_IRQHandler                         
0001515b  EUSCIB0_IRQHandler                         
0001515b  EUSCIB1_IRQHandler                         
0001515b  EUSCIB2_IRQHandler                         
0001515b  EUSCIB3_IRQHandler                         
0001515b  FLCTL_IRQHandler                           
0001515b  FPU_IRQHandler                             
0001515b  HardFault_Handler                          
0001515b  MemManage_Handler                          
0001515b  NMI_Handler                                
0001515b  PCM_IRQHandler                             
0001515b  PORT1_IRQHandler                           
0001515b  PORT2_IRQHandler                           
0001515b  PORT4_IRQHandler                           
0001515b  PORT6_IRQHandler                           
0001515b  PSS_IRQHandler                             
0001515b  PendSV_Handler                             
0001515b  RTC_C_IRQHandler                           
0001515b  SVC_Handler                                
0001515b  SysTick_Handler                            
0001515b  T32_INT1_IRQHandler                        
0001515b  T32_INT2_IRQHandler                        
0001515b  T32_INTC_IRQHandler                        
0001515b  TA0_0_IRQHandler                           
0001515b  TA0_N_IRQHandler                           
0001515b  TA1_0_IRQHandler                           
0001515b  TA1_N_IRQHandler                           
0001515b  TA2_0_IRQHandler                           
0001515b  TA2_N_IRQHandler                           
0001515b  TA3_0_IRQHandler                           
0001515b  TA3_N_IRQHandler                           
0001515b  UsageFault_Handler                         
0001515b  WDT_A_IRQHandler                           
0001515d  ADC14_enableModule                         
00015169  CPU_cpsid                                  
00015175  CPU_cpsie                                  
00015181  __TI_zero_init                             
00015199  __aeabi_errno_addr                         
000151a1  malloc                                     
000151a9  CPU_wfi                                    
000151b5  _system_pre_init                           
000151b9  C$$EXIT                                    
000151b9  abort                                      
0001524c  __TI_Handler_Table_Base                    
00015258  __TI_Handler_Table_Limit                   
00015260  __TI_CINIT_Base                            
00015270  __TI_CINIT_Limit                           
20000000  __start___llvm_prf_cnts                    
20000000  __stop___llvm_prf_cnts                     
20000400  __CIOBUF_                                  
20000520  __TI_tmpnams                               
200005c0  g_sContext                                 
200005dc  BOX                                        
200005e8  parmbuf                                    
200005f0  string                                     
200005f8  Lcd_ScreenHeigth                           
200005fa  Lcd_ScreenWidth                            
200005fc  Lcd_TouchTrim                              
200005fe  Lcd_FlagRead                               
200005ff  Lcd_FontSolid                              
20000600  Lcd_Orientation                            
20000601  Lcd_PenSolid                               
20000608  _sys_memory                                
20000a08  _ftable                                    
20000af8  _device                                    
20000b70  _stream                                    
20000bc0  SELECTED                                   
20000bc4  CURSOR                                     
20000bc8  WAIT_POS                                   
20000bcc  INIT_POS                                   
20000bd0  SENSITIVITY                                
20000bd4  millimeter                                 
20000bd8  centimeter                                 
20000bdc  meter                                      
20000be0  inc                                        
20000be4  START                                      
20000be8  g_sCrystalfontz128x128                     
20000bf8  __TI_ft_end                                
20000bfc  __aeabi_stdin                              
20000c00  __aeabi_stdout                             
20000c04  __aeabi_stderr                             
20000c08  __TI_cleanup_ptr                           
20000c0c  __TI_dtors_ptr                             
20000c10  __TI_enable_exit_profile_output            
20000c14  CURRENT_STATE                              
20000c18  METER_STATE                                
20000c1c  CONTROL                                    
20000c20  _lock                                      
20000c24  _unlock                                    
20000c30  errno                                      
20000c34  SystemCoreClock                            
2000fe00  __stack                                    
20010000  __STACK_END                                
4000480c  WDTCTL_SYM                                 
ffffffff  __TI_pprof_out_hndl                        
ffffffff  __TI_prof_data_size                        
ffffffff  __TI_prof_data_start                       
ffffffff  __binit__                                  
ffffffff  __c_args__                                 
ffffffff  binit                                      
UNDEFED   __mpu_init                                 
UNDEFED   _system_post_cinit                         

[309 symbols]
