<?xml version="1.0" encoding="ISO-8859-1" ?>
<link_info>
   <banner>TI ARM Linker PC v20.2.7.LTS</banner>
   <copyright>Copyright (c) 1996-2018 Texas Instruments Incorporated</copyright>
   <link_time>0x63e3bfd2</link_time>
   <link_errors>0x0</link_errors>
   <output_file>Z7_ChriProject3.out</output_file>
   <entry_point>
      <name>_c_int00_noargs</name>
      <address>0x14b69</address>
   </entry_point>
   <input_file_list>
      <input_file id="fl-2">
         <path>.\</path>
         <kind>object</kind>
         <file>Gr_bLong.obj</file>
         <name>Gr_bLong.obj</name>
      </input_file>
      <input_file id="fl-3">
         <path>.\</path>
         <kind>object</kind>
         <file>Gr_bubbleLevel.obj</file>
         <name>Gr_bubbleLevel.obj</name>
      </input_file>
      <input_file id="fl-4">
         <path>.\</path>
         <kind>object</kind>
         <file>Gr_lidarInit.obj</file>
         <name>Gr_lidarInit.obj</name>
      </input_file>
      <input_file id="fl-5">
         <path>.\</path>
         <kind>object</kind>
         <file>Gr_lidarMeasure.obj</file>
         <name>Gr_lidarMeasure.obj</name>
      </input_file>
      <input_file id="fl-6">
         <path>.\</path>
         <kind>object</kind>
         <file>Gr_menu.obj</file>
         <name>Gr_menu.obj</name>
      </input_file>
      <input_file id="fl-7">
         <path>.\</path>
         <kind>object</kind>
         <file>Gr_meterInit.obj</file>
         <name>Gr_meterInit.obj</name>
      </input_file>
      <input_file id="fl-8">
         <path>.\</path>
         <kind>object</kind>
         <file>Gr_meterMeasure.obj</file>
         <name>Gr_meterMeasure.obj</name>
      </input_file>
      <input_file id="fl-9">
         <path>.\</path>
         <kind>object</kind>
         <file>init.obj</file>
         <name>init.obj</name>
      </input_file>
      <input_file id="fl-a">
         <path>.\</path>
         <kind>object</kind>
         <file>main.obj</file>
         <name>main.obj</name>
      </input_file>
      <input_file id="fl-b">
         <path>.\</path>
         <kind>object</kind>
         <file>menu.obj</file>
         <name>menu.obj</name>
      </input_file>
      <input_file id="fl-c">
         <path>.\</path>
         <kind>object</kind>
         <file>meter.obj</file>
         <name>meter.obj</name>
      </input_file>
      <input_file id="fl-d">
         <path>.\</path>
         <kind>object</kind>
         <file>startup_msp432p401r_ccs.obj</file>
         <name>startup_msp432p401r_ccs.obj</name>
      </input_file>
      <input_file id="fl-e">
         <path>.\</path>
         <kind>object</kind>
         <file>system_msp432p401r.obj</file>
         <name>system_msp432p401r.obj</name>
      </input_file>
      <input_file id="fl-f">
         <path>.\</path>
         <kind>object</kind>
         <file>utils.obj</file>
         <name>utils.obj</name>
      </input_file>
      <input_file id="fl-10">
         <path>.\LcdDriver\</path>
         <kind>object</kind>
         <file>Crystalfontz128x128_ST7735.obj</file>
         <name>Crystalfontz128x128_ST7735.obj</name>
      </input_file>
      <input_file id="fl-11">
         <path>.\LcdDriver\</path>
         <kind>object</kind>
         <file>HAL_I2C.obj</file>
         <name>HAL_I2C.obj</name>
      </input_file>
      <input_file id="fl-12">
         <path>.\LcdDriver\</path>
         <kind>object</kind>
         <file>HAL_MSP_EXP432P401R_Crystalfontz128x128_ST7735.obj</file>
         <name>HAL_MSP_EXP432P401R_Crystalfontz128x128_ST7735.obj</name>
      </input_file>
      <input_file id="fl-13">
         <path>.\LcdDriver\</path>
         <kind>object</kind>
         <file>HAL_OPT3001.obj</file>
         <name>HAL_OPT3001.obj</name>
      </input_file>
      <input_file id="fl-14">
         <path>.\LcdDriver\</path>
         <kind>object</kind>
         <file>HAL_TMP006.obj</file>
         <name>HAL_TMP006.obj</name>
      </input_file>
      <input_file id="fl-1a">
         <kind>object</kind>
         <file>&lt;internal&gt;</file>
         <name>&lt;internal&gt;</name>
      </input_file>
      <input_file id="fl-d0">
         <path>C:\ti\ccs1210\ccs\tools\compiler\ti-cgt-arm_20.2.7.LTS\lib\</path>
         <kind>archive</kind>
         <file>rtsv7M4_T_le_v4SPD16_eabi.lib</file>
         <name>e_pow.c.obj</name>
      </input_file>
      <input_file id="fl-d1">
         <path>C:\ti\ccs1210\ccs\tools\compiler\ti-cgt-arm_20.2.7.LTS\lib\</path>
         <kind>archive</kind>
         <file>rtsv7M4_T_le_v4SPD16_eabi.lib</file>
         <name>e_sqrt.c.obj</name>
      </input_file>
      <input_file id="fl-d2">
         <path>C:\ti\ccs1210\ccs\tools\compiler\ti-cgt-arm_20.2.7.LTS\lib\</path>
         <kind>archive</kind>
         <file>rtsv7M4_T_le_v4SPD16_eabi.lib</file>
         <name>s_scalbn.c.obj</name>
      </input_file>
      <input_file id="fl-d3">
         <path>C:\ti\ccs1210\ccs\tools\compiler\ti-cgt-arm_20.2.7.LTS\lib\</path>
         <kind>archive</kind>
         <file>rtsv7M4_T_le_v4SPD16_eabi.lib</file>
         <name>printf.c.obj</name>
      </input_file>
      <input_file id="fl-d4">
         <path>C:\ti\ccs1210\ccs\tools\compiler\ti-cgt-arm_20.2.7.LTS\lib\</path>
         <kind>archive</kind>
         <file>rtsv7M4_T_le_v4SPD16_eabi.lib</file>
         <name>_printfi.c.obj</name>
      </input_file>
      <input_file id="fl-d5">
         <path>C:\ti\ccs1210\ccs\tools\compiler\ti-cgt-arm_20.2.7.LTS\lib\</path>
         <kind>archive</kind>
         <file>rtsv7M4_T_le_v4SPD16_eabi.lib</file>
         <name>sprintf.c.obj</name>
      </input_file>
      <input_file id="fl-d6">
         <path>C:\ti\ccs1210\ccs\tools\compiler\ti-cgt-arm_20.2.7.LTS\lib\</path>
         <kind>archive</kind>
         <file>rtsv7M4_T_le_v4SPD16_eabi.lib</file>
         <name>fputc.c.obj</name>
      </input_file>
      <input_file id="fl-d7">
         <path>C:\ti\ccs1210\ccs\tools\compiler\ti-cgt-arm_20.2.7.LTS\lib\</path>
         <kind>archive</kind>
         <file>rtsv7M4_T_le_v4SPD16_eabi.lib</file>
         <name>fputs.c.obj</name>
      </input_file>
      <input_file id="fl-d8">
         <path>C:\ti\ccs1210\ccs\tools\compiler\ti-cgt-arm_20.2.7.LTS\lib\</path>
         <kind>archive</kind>
         <file>rtsv7M4_T_le_v4SPD16_eabi.lib</file>
         <name>_io_perm.c.obj</name>
      </input_file>
      <input_file id="fl-d9">
         <path>C:\ti\ccs1210\ccs\tools\compiler\ti-cgt-arm_20.2.7.LTS\lib\</path>
         <kind>archive</kind>
         <file>rtsv7M4_T_le_v4SPD16_eabi.lib</file>
         <name>setvbuf.c.obj</name>
      </input_file>
      <input_file id="fl-da">
         <path>C:\ti\ccs1210\ccs\tools\compiler\ti-cgt-arm_20.2.7.LTS\lib\</path>
         <kind>archive</kind>
         <file>rtsv7M4_T_le_v4SPD16_eabi.lib</file>
         <name>fd_add_t2.asm.obj</name>
      </input_file>
      <input_file id="fl-db">
         <path>C:\ti\ccs1210\ccs\tools\compiler\ti-cgt-arm_20.2.7.LTS\lib\</path>
         <kind>archive</kind>
         <file>rtsv7M4_T_le_v4SPD16_eabi.lib</file>
         <name>fd_cmp_t2.asm.obj</name>
      </input_file>
      <input_file id="fl-dc">
         <path>C:\ti\ccs1210\ccs\tools\compiler\ti-cgt-arm_20.2.7.LTS\lib\</path>
         <kind>archive</kind>
         <file>rtsv7M4_T_le_v4SPD16_eabi.lib</file>
         <name>fd_div_t2.asm.obj</name>
      </input_file>
      <input_file id="fl-dd">
         <path>C:\ti\ccs1210\ccs\tools\compiler\ti-cgt-arm_20.2.7.LTS\lib\</path>
         <kind>archive</kind>
         <file>rtsv7M4_T_le_v4SPD16_eabi.lib</file>
         <name>fd_mul_t2.asm.obj</name>
      </input_file>
      <input_file id="fl-de">
         <path>C:\ti\ccs1210\ccs\tools\compiler\ti-cgt-arm_20.2.7.LTS\lib\</path>
         <kind>archive</kind>
         <file>rtsv7M4_T_le_v4SPD16_eabi.lib</file>
         <name>fd_toi_t2.asm.obj</name>
      </input_file>
      <input_file id="fl-df">
         <path>C:\ti\ccs1210\ccs\tools\compiler\ti-cgt-arm_20.2.7.LTS\lib\</path>
         <kind>archive</kind>
         <file>rtsv7M4_T_le_v4SPD16_eabi.lib</file>
         <name>fs_tod_t2.asm.obj</name>
      </input_file>
      <input_file id="fl-e0">
         <path>C:\ti\ccs1210\ccs\tools\compiler\ti-cgt-arm_20.2.7.LTS\lib\</path>
         <kind>archive</kind>
         <file>rtsv7M4_T_le_v4SPD16_eabi.lib</file>
         <name>i_tofd_t2.asm.obj</name>
      </input_file>
      <input_file id="fl-e1">
         <path>C:\ti\ccs1210\ccs\tools\compiler\ti-cgt-arm_20.2.7.LTS\lib\</path>
         <kind>archive</kind>
         <file>rtsv7M4_T_le_v4SPD16_eabi.lib</file>
         <name>memcpy_t2.asm.obj</name>
      </input_file>
      <input_file id="fl-e2">
         <path>C:\ti\ccs1210\ccs\tools\compiler\ti-cgt-arm_20.2.7.LTS\lib\</path>
         <kind>archive</kind>
         <file>rtsv7M4_T_le_v4SPD16_eabi.lib</file>
         <name>memset_t2.asm.obj</name>
      </input_file>
      <input_file id="fl-e3">
         <path>C:\ti\ccs1210\ccs\tools\compiler\ti-cgt-arm_20.2.7.LTS\lib\</path>
         <kind>archive</kind>
         <file>rtsv7M4_T_le_v4SPD16_eabi.lib</file>
         <name>ull_div_t2.asm.obj</name>
      </input_file>
      <input_file id="fl-e4">
         <path>C:\ti\ccs1210\ccs\tools\compiler\ti-cgt-arm_20.2.7.LTS\lib\</path>
         <kind>archive</kind>
         <file>rtsv7M4_T_le_v4SPD16_eabi.lib</file>
         <name>copy_zero_init.c.obj</name>
      </input_file>
      <input_file id="fl-e5">
         <path>C:\ti\ccs1210\ccs\tools\compiler\ti-cgt-arm_20.2.7.LTS\lib\</path>
         <kind>archive</kind>
         <file>rtsv7M4_T_le_v4SPD16_eabi.lib</file>
         <name>copy_decompress_none.c.obj</name>
      </input_file>
      <input_file id="fl-e6">
         <path>C:\ti\ccs1210\ccs\tools\compiler\ti-cgt-arm_20.2.7.LTS\lib\</path>
         <kind>archive</kind>
         <file>rtsv7M4_T_le_v4SPD16_eabi.lib</file>
         <name>copy_decompress_lzss.c.obj</name>
      </input_file>
      <input_file id="fl-e7">
         <path>C:\ti\ccs1210\ccs\tools\compiler\ti-cgt-arm_20.2.7.LTS\lib\</path>
         <kind>archive</kind>
         <file>rtsv7M4_T_le_v4SPD16_eabi.lib</file>
         <name>exit.c.obj</name>
      </input_file>
      <input_file id="fl-e8">
         <path>C:\ti\ccs1210\ccs\tools\compiler\ti-cgt-arm_20.2.7.LTS\lib\</path>
         <kind>archive</kind>
         <file>rtsv7M4_T_le_v4SPD16_eabi.lib</file>
         <name>_lock.c.obj</name>
      </input_file>
      <input_file id="fl-e9">
         <path>C:\ti\ccs1210\ccs\tools\compiler\ti-cgt-arm_20.2.7.LTS\lib\</path>
         <kind>archive</kind>
         <file>rtsv7M4_T_le_v4SPD16_eabi.lib</file>
         <name>_ltoa.c.obj</name>
      </input_file>
      <input_file id="fl-ea">
         <path>C:\ti\ccs1210\ccs\tools\compiler\ti-cgt-arm_20.2.7.LTS\lib\</path>
         <kind>archive</kind>
         <file>rtsv7M4_T_le_v4SPD16_eabi.lib</file>
         <name>atoi.c.obj</name>
      </input_file>
      <input_file id="fl-eb">
         <path>C:\ti\ccs1210\ccs\tools\compiler\ti-cgt-arm_20.2.7.LTS\lib\</path>
         <kind>archive</kind>
         <file>rtsv7M4_T_le_v4SPD16_eabi.lib</file>
         <name>ctype.c.obj</name>
      </input_file>
      <input_file id="fl-ec">
         <path>C:\ti\ccs1210\ccs\tools\compiler\ti-cgt-arm_20.2.7.LTS\lib\</path>
         <kind>archive</kind>
         <file>rtsv7M4_T_le_v4SPD16_eabi.lib</file>
         <name>defs.c.obj</name>
      </input_file>
      <input_file id="fl-ed">
         <path>C:\ti\ccs1210\ccs\tools\compiler\ti-cgt-arm_20.2.7.LTS\lib\</path>
         <kind>archive</kind>
         <file>rtsv7M4_T_le_v4SPD16_eabi.lib</file>
         <name>memccpy.c.obj</name>
      </input_file>
      <input_file id="fl-ee">
         <path>C:\ti\ccs1210\ccs\tools\compiler\ti-cgt-arm_20.2.7.LTS\lib\</path>
         <kind>archive</kind>
         <file>rtsv7M4_T_le_v4SPD16_eabi.lib</file>
         <name>memchr.c.obj</name>
      </input_file>
      <input_file id="fl-ef">
         <path>C:\ti\ccs1210\ccs\tools\compiler\ti-cgt-arm_20.2.7.LTS\lib\</path>
         <kind>archive</kind>
         <file>rtsv7M4_T_le_v4SPD16_eabi.lib</file>
         <name>memory.c.obj</name>
      </input_file>
      <input_file id="fl-f0">
         <path>C:\ti\ccs1210\ccs\tools\compiler\ti-cgt-arm_20.2.7.LTS\lib\</path>
         <kind>archive</kind>
         <file>rtsv7M4_T_le_v4SPD16_eabi.lib</file>
         <name>strchr.c.obj</name>
      </input_file>
      <input_file id="fl-f1">
         <path>C:\ti\ccs1210\ccs\tools\compiler\ti-cgt-arm_20.2.7.LTS\lib\</path>
         <kind>archive</kind>
         <file>rtsv7M4_T_le_v4SPD16_eabi.lib</file>
         <name>strlen.c.obj</name>
      </input_file>
      <input_file id="fl-f2">
         <path>C:\ti\ccs1210\ccs\tools\compiler\ti-cgt-arm_20.2.7.LTS\lib\</path>
         <kind>archive</kind>
         <file>rtsv7M4_T_le_v4SPD16_eabi.lib</file>
         <name>boot_cortex_m.c.obj</name>
      </input_file>
      <input_file id="fl-f3">
         <path>C:\ti\ccs1210\ccs\tools\compiler\ti-cgt-arm_20.2.7.LTS\lib\</path>
         <kind>archive</kind>
         <file>rtsv7M4_T_le_v4SPD16_eabi.lib</file>
         <name>write.c.obj</name>
      </input_file>
      <input_file id="fl-f4">
         <path>C:\ti\ccs1210\ccs\tools\compiler\ti-cgt-arm_20.2.7.LTS\lib\</path>
         <kind>archive</kind>
         <file>rtsv7M4_T_le_v4SPD16_eabi.lib</file>
         <name>host_device.c.obj</name>
      </input_file>
      <input_file id="fl-f5">
         <path>C:\ti\ccs1210\ccs\tools\compiler\ti-cgt-arm_20.2.7.LTS\lib\</path>
         <kind>archive</kind>
         <file>rtsv7M4_T_le_v4SPD16_eabi.lib</file>
         <name>errno.c.obj</name>
      </input_file>
      <input_file id="fl-f6">
         <path>C:\ti\ccs1210\ccs\tools\compiler\ti-cgt-arm_20.2.7.LTS\lib\</path>
         <kind>archive</kind>
         <file>rtsv7M4_T_le_v4SPD16_eabi.lib</file>
         <name>wcslen.c.obj</name>
      </input_file>
      <input_file id="fl-f7">
         <path>C:\ti\ccs1210\ccs\tools\compiler\ti-cgt-arm_20.2.7.LTS\lib\</path>
         <kind>archive</kind>
         <file>rtsv7M4_T_le_v4SPD16_eabi.lib</file>
         <name>s_copysign.c.obj</name>
      </input_file>
      <input_file id="fl-f8">
         <path>C:\ti\ccs1210\ccs\tools\compiler\ti-cgt-arm_20.2.7.LTS\lib\</path>
         <kind>archive</kind>
         <file>rtsv7M4_T_le_v4SPD16_eabi.lib</file>
         <name>s_frexp.c.obj</name>
      </input_file>
      <input_file id="fl-f9">
         <path>C:\ti\ccs1210\ccs\tools\compiler\ti-cgt-arm_20.2.7.LTS\lib\</path>
         <kind>archive</kind>
         <file>rtsv7M4_T_le_v4SPD16_eabi.lib</file>
         <name>fflush.c.obj</name>
      </input_file>
      <input_file id="fl-fa">
         <path>C:\ti\ccs1210\ccs\tools\compiler\ti-cgt-arm_20.2.7.LTS\lib\</path>
         <kind>archive</kind>
         <file>rtsv7M4_T_le_v4SPD16_eabi.lib</file>
         <name>fopen.c.obj</name>
      </input_file>
      <input_file id="fl-fb">
         <path>C:\ti\ccs1210\ccs\tools\compiler\ti-cgt-arm_20.2.7.LTS\lib\</path>
         <kind>archive</kind>
         <file>rtsv7M4_T_le_v4SPD16_eabi.lib</file>
         <name>fseek.c.obj</name>
      </input_file>
      <input_file id="fl-fc">
         <path>C:\ti\ccs1210\ccs\tools\compiler\ti-cgt-arm_20.2.7.LTS\lib\</path>
         <kind>archive</kind>
         <file>rtsv7M4_T_le_v4SPD16_eabi.lib</file>
         <name>div0.asm.obj</name>
      </input_file>
      <input_file id="fl-fd">
         <path>C:\ti\ccs1210\ccs\tools\compiler\ti-cgt-arm_20.2.7.LTS\lib\</path>
         <kind>archive</kind>
         <file>rtsv7M4_T_le_v4SPD16_eabi.lib</file>
         <name>autoinit.c.obj</name>
      </input_file>
      <input_file id="fl-fe">
         <path>C:\ti\ccs1210\ccs\tools\compiler\ti-cgt-arm_20.2.7.LTS\lib\</path>
         <kind>archive</kind>
         <file>rtsv7M4_T_le_v4SPD16_eabi.lib</file>
         <name>pre_init.c.obj</name>
      </input_file>
      <input_file id="fl-ff">
         <path>C:\ti\ccs1210\ccs\tools\compiler\ti-cgt-arm_20.2.7.LTS\lib\</path>
         <kind>archive</kind>
         <file>rtsv7M4_T_le_v4SPD16_eabi.lib</file>
         <name>cpy_tbl.c.obj</name>
      </input_file>
      <input_file id="fl-100">
         <path>C:\ti\ccs1210\ccs\tools\compiler\ti-cgt-arm_20.2.7.LTS\lib\</path>
         <kind>archive</kind>
         <file>rtsv7M4_T_le_v4SPD16_eabi.lib</file>
         <name>args_main.c.obj</name>
      </input_file>
      <input_file id="fl-101">
         <path>C:\ti\ccs1210\ccs\tools\compiler\ti-cgt-arm_20.2.7.LTS\lib\</path>
         <kind>archive</kind>
         <file>rtsv7M4_T_le_v4SPD16_eabi.lib</file>
         <name>hostclose.c.obj</name>
      </input_file>
      <input_file id="fl-102">
         <path>C:\ti\ccs1210\ccs\tools\compiler\ti-cgt-arm_20.2.7.LTS\lib\</path>
         <kind>archive</kind>
         <file>rtsv7M4_T_le_v4SPD16_eabi.lib</file>
         <name>hostlseek.c.obj</name>
      </input_file>
      <input_file id="fl-103">
         <path>C:\ti\ccs1210\ccs\tools\compiler\ti-cgt-arm_20.2.7.LTS\lib\</path>
         <kind>archive</kind>
         <file>rtsv7M4_T_le_v4SPD16_eabi.lib</file>
         <name>hostopen.c.obj</name>
      </input_file>
      <input_file id="fl-104">
         <path>C:\ti\ccs1210\ccs\tools\compiler\ti-cgt-arm_20.2.7.LTS\lib\</path>
         <kind>archive</kind>
         <file>rtsv7M4_T_le_v4SPD16_eabi.lib</file>
         <name>hostread.c.obj</name>
      </input_file>
      <input_file id="fl-105">
         <path>C:\ti\ccs1210\ccs\tools\compiler\ti-cgt-arm_20.2.7.LTS\lib\</path>
         <kind>archive</kind>
         <file>rtsv7M4_T_le_v4SPD16_eabi.lib</file>
         <name>hostrename.c.obj</name>
      </input_file>
      <input_file id="fl-106">
         <path>C:\ti\ccs1210\ccs\tools\compiler\ti-cgt-arm_20.2.7.LTS\lib\</path>
         <kind>archive</kind>
         <file>rtsv7M4_T_le_v4SPD16_eabi.lib</file>
         <name>hostunlink.c.obj</name>
      </input_file>
      <input_file id="fl-107">
         <path>C:\ti\ccs1210\ccs\tools\compiler\ti-cgt-arm_20.2.7.LTS\lib\</path>
         <kind>archive</kind>
         <file>rtsv7M4_T_le_v4SPD16_eabi.lib</file>
         <name>hostwrite.c.obj</name>
      </input_file>
      <input_file id="fl-108">
         <path>C:\ti\ccs1210\ccs\tools\compiler\ti-cgt-arm_20.2.7.LTS\lib\</path>
         <kind>archive</kind>
         <file>rtsv7M4_T_le_v4SPD16_eabi.lib</file>
         <name>trgmsg.c.obj</name>
      </input_file>
      <input_file id="fl-109">
         <path>C:\ti\ccs1210\ccs\tools\compiler\ti-cgt-arm_20.2.7.LTS\lib\</path>
         <kind>archive</kind>
         <file>rtsv7M4_T_le_v4SPD16_eabi.lib</file>
         <name>open.c.obj</name>
      </input_file>
      <input_file id="fl-10a">
         <path>C:\ti\ccs1210\ccs\tools\compiler\ti-cgt-arm_20.2.7.LTS\lib\</path>
         <kind>archive</kind>
         <file>rtsv7M4_T_le_v4SPD16_eabi.lib</file>
         <name>lseek.c.obj</name>
      </input_file>
      <input_file id="fl-10b">
         <path>C:\ti\ccs1210\ccs\tools\compiler\ti-cgt-arm_20.2.7.LTS\lib\</path>
         <kind>archive</kind>
         <file>rtsv7M4_T_le_v4SPD16_eabi.lib</file>
         <name>fclose.c.obj</name>
      </input_file>
      <input_file id="fl-10c">
         <path>C:\ti\ccs1210\ccs\tools\compiler\ti-cgt-arm_20.2.7.LTS\lib\</path>
         <kind>archive</kind>
         <file>rtsv7M4_T_le_v4SPD16_eabi.lib</file>
         <name>getdevice.c.obj</name>
      </input_file>
      <input_file id="fl-10d">
         <path>C:\ti\ccs1210\ccs\tools\compiler\ti-cgt-arm_20.2.7.LTS\lib\</path>
         <kind>archive</kind>
         <file>rtsv7M4_T_le_v4SPD16_eabi.lib</file>
         <name>strcmp.c.obj</name>
      </input_file>
      <input_file id="fl-10e">
         <path>C:\ti\ccs1210\ccs\tools\compiler\ti-cgt-arm_20.2.7.LTS\lib\</path>
         <kind>archive</kind>
         <file>rtsv7M4_T_le_v4SPD16_eabi.lib</file>
         <name>strcpy.c.obj</name>
      </input_file>
      <input_file id="fl-10f">
         <path>C:\ti\ccs1210\ccs\tools\compiler\ti-cgt-arm_20.2.7.LTS\lib\</path>
         <kind>archive</kind>
         <file>rtsv7M4_T_le_v4SPD16_eabi.lib</file>
         <name>strncpy.c.obj</name>
      </input_file>
      <input_file id="fl-110">
         <path>C:\ti\ccs1210\ccs\tools\compiler\ti-cgt-arm_20.2.7.LTS\lib\</path>
         <kind>archive</kind>
         <file>rtsv7M4_T_le_v4SPD16_eabi.lib</file>
         <name>remove.c.obj</name>
      </input_file>
      <input_file id="fl-111">
         <path>C:\ti\ccs1210\ccs\tools\compiler\ti-cgt-arm_20.2.7.LTS\lib\</path>
         <kind>archive</kind>
         <file>rtsv7M4_T_le_v4SPD16_eabi.lib</file>
         <name>close.c.obj</name>
      </input_file>
      <input_file id="fl-112">
         <path>C:\ti\ccs1210\ccs\tools\compiler\ti-cgt-arm_20.2.7.LTS\lib\</path>
         <kind>archive</kind>
         <file>rtsv7M4_T_le_v4SPD16_eabi.lib</file>
         <name>unlink.c.obj</name>
      </input_file>
      <input_file id="fl-113">
         <path>C:\Users\pietr\Desktop\workspace_IoT\simplelink_msp432p4_sdk_3_40_01_02\source\ti\devices\msp432p4xx\driverlib\ccs\</path>
         <kind>archive</kind>
         <file>msp432p4xx_driverlib.lib</file>
         <name>adc14.o</name>
      </input_file>
      <input_file id="fl-114">
         <path>C:\Users\pietr\Desktop\workspace_IoT\simplelink_msp432p4_sdk_3_40_01_02\source\ti\devices\msp432p4xx\driverlib\ccs\</path>
         <kind>archive</kind>
         <file>msp432p4xx_driverlib.lib</file>
         <name>cs.o</name>
      </input_file>
      <input_file id="fl-115">
         <path>C:\Users\pietr\Desktop\workspace_IoT\simplelink_msp432p4_sdk_3_40_01_02\source\ti\devices\msp432p4xx\driverlib\ccs\</path>
         <kind>archive</kind>
         <file>msp432p4xx_driverlib.lib</file>
         <name>flash.o</name>
      </input_file>
      <input_file id="fl-116">
         <path>C:\Users\pietr\Desktop\workspace_IoT\simplelink_msp432p4_sdk_3_40_01_02\source\ti\devices\msp432p4xx\driverlib\ccs\</path>
         <kind>archive</kind>
         <file>msp432p4xx_driverlib.lib</file>
         <name>gpio.o</name>
      </input_file>
      <input_file id="fl-117">
         <path>C:\Users\pietr\Desktop\workspace_IoT\simplelink_msp432p4_sdk_3_40_01_02\source\ti\devices\msp432p4xx\driverlib\ccs\</path>
         <kind>archive</kind>
         <file>msp432p4xx_driverlib.lib</file>
         <name>i2c.o</name>
      </input_file>
      <input_file id="fl-118">
         <path>C:\Users\pietr\Desktop\workspace_IoT\simplelink_msp432p4_sdk_3_40_01_02\source\ti\devices\msp432p4xx\driverlib\ccs\</path>
         <kind>archive</kind>
         <file>msp432p4xx_driverlib.lib</file>
         <name>interrupt.o</name>
      </input_file>
      <input_file id="fl-119">
         <path>C:\Users\pietr\Desktop\workspace_IoT\simplelink_msp432p4_sdk_3_40_01_02\source\ti\devices\msp432p4xx\driverlib\ccs\</path>
         <kind>archive</kind>
         <file>msp432p4xx_driverlib.lib</file>
         <name>pcm.o</name>
      </input_file>
      <input_file id="fl-11a">
         <path>C:\Users\pietr\Desktop\workspace_IoT\simplelink_msp432p4_sdk_3_40_01_02\source\ti\devices\msp432p4xx\driverlib\ccs\</path>
         <kind>archive</kind>
         <file>msp432p4xx_driverlib.lib</file>
         <name>rtc_c.o</name>
      </input_file>
      <input_file id="fl-11b">
         <path>C:\Users\pietr\Desktop\workspace_IoT\simplelink_msp432p4_sdk_3_40_01_02\source\ti\devices\msp432p4xx\driverlib\ccs\</path>
         <kind>archive</kind>
         <file>msp432p4xx_driverlib.lib</file>
         <name>spi.o</name>
      </input_file>
      <input_file id="fl-11c">
         <path>C:\Users\pietr\Desktop\workspace_IoT\simplelink_msp432p4_sdk_3_40_01_02\source\ti\devices\msp432p4xx\driverlib\ccs\</path>
         <kind>archive</kind>
         <file>msp432p4xx_driverlib.lib</file>
         <name>sysctl.o</name>
      </input_file>
      <input_file id="fl-11d">
         <path>C:\Users\pietr\Desktop\workspace_IoT\simplelink_msp432p4_sdk_3_40_01_02\source\ti\devices\msp432p4xx\driverlib\ccs\</path>
         <kind>archive</kind>
         <file>msp432p4xx_driverlib.lib</file>
         <name>sysctl_a.o</name>
      </input_file>
      <input_file id="fl-11e">
         <path>C:\Users\pietr\Desktop\workspace_IoT\simplelink_msp432p4_sdk_3_40_01_02\source\ti\devices\msp432p4xx\driverlib\ccs\</path>
         <kind>archive</kind>
         <file>msp432p4xx_driverlib.lib</file>
         <name>wdt_a.o</name>
      </input_file>
      <input_file id="fl-11f">
         <path>C:\Users\pietr\Desktop\workspace_IoT\simplelink_msp432p4_sdk_3_40_01_02\source\ti\devices\msp432p4xx\driverlib\ccs\</path>
         <kind>archive</kind>
         <file>msp432p4xx_driverlib.lib</file>
         <name>cpu.o</name>
      </input_file>
      <input_file id="fl-120">
         <path>C:\Users\pietr\Desktop\workspace_IoT\simplelink_msp432p4_sdk_3_40_01_02\source\ti\grlib\lib\ccs\m4f\</path>
         <kind>archive</kind>
         <file>grlib.a</file>
         <name>circle.obj</name>
      </input_file>
      <input_file id="fl-121">
         <path>C:\Users\pietr\Desktop\workspace_IoT\simplelink_msp432p4_sdk_3_40_01_02\source\ti\grlib\lib\ccs\m4f\</path>
         <kind>archive</kind>
         <file>grlib.a</file>
         <name>context.obj</name>
      </input_file>
      <input_file id="fl-122">
         <path>C:\Users\pietr\Desktop\workspace_IoT\simplelink_msp432p4_sdk_3_40_01_02\source\ti\grlib\lib\ccs\m4f\</path>
         <kind>archive</kind>
         <file>grlib.a</file>
         <name>display.obj</name>
      </input_file>
      <input_file id="fl-123">
         <path>C:\Users\pietr\Desktop\workspace_IoT\simplelink_msp432p4_sdk_3_40_01_02\source\ti\grlib\lib\ccs\m4f\</path>
         <kind>archive</kind>
         <file>grlib.a</file>
         <name>fontcmss20.obj</name>
      </input_file>
      <input_file id="fl-124">
         <path>C:\Users\pietr\Desktop\workspace_IoT\simplelink_msp432p4_sdk_3_40_01_02\source\ti\grlib\lib\ccs\m4f\</path>
         <kind>archive</kind>
         <file>grlib.a</file>
         <name>fontfixed6x8.obj</name>
      </input_file>
      <input_file id="fl-125">
         <path>C:\Users\pietr\Desktop\workspace_IoT\simplelink_msp432p4_sdk_3_40_01_02\source\ti\grlib\lib\ccs\m4f\</path>
         <kind>archive</kind>
         <file>grlib.a</file>
         <name>image.obj</name>
      </input_file>
      <input_file id="fl-126">
         <path>C:\Users\pietr\Desktop\workspace_IoT\simplelink_msp432p4_sdk_3_40_01_02\source\ti\grlib\lib\ccs\m4f\</path>
         <kind>archive</kind>
         <file>grlib.a</file>
         <name>line.obj</name>
      </input_file>
      <input_file id="fl-127">
         <path>C:\Users\pietr\Desktop\workspace_IoT\simplelink_msp432p4_sdk_3_40_01_02\source\ti\grlib\lib\ccs\m4f\</path>
         <kind>archive</kind>
         <file>grlib.a</file>
         <name>string.obj</name>
      </input_file>
   </input_file_list>
   <object_component_list>
      <object_component id="oc-26">
         <name>.intvecs:retain</name>
         <load_address>0x0</load_address>
         <run_address>0x0</run_address>
         <size>0xe4</size>
         <input_file_ref idref="fl-d"/>
      </object_component>
      <object_component id="oc-263">
         <name>.text:__TI_printfi</name>
         <load_address>0xf264</load_address>
         <run_address>0xf264</run_address>
         <size>0xa4e</size>
         <input_file_ref idref="fl-d4"/>
      </object_component>
      <object_component id="oc-3fd">
         <name>.text:_nop</name>
         <load_address>0xfcb2</load_address>
         <run_address>0xfcb2</run_address>
         <size>0x2</size>
         <input_file_ref idref="fl-e8"/>
      </object_component>
      <object_component id="oc-1c4">
         <name>.text</name>
         <load_address>0xfcb4</load_address>
         <run_address>0xfcb4</run_address>
         <size>0x680</size>
         <input_file_ref idref="fl-10"/>
      </object_component>
      <object_component id="oc-2b1">
         <name>.text:Graphics_drawString</name>
         <load_address>0x10334</load_address>
         <run_address>0x10334</run_address>
         <size>0x47e</size>
         <input_file_ref idref="fl-127"/>
      </object_component>
      <object_component id="oc-f5">
         <name>.text:Graphics_drawImage</name>
         <load_address>0x107b2</load_address>
         <run_address>0x107b2</run_address>
         <size>0x390</size>
         <input_file_ref idref="fl-125"/>
      </object_component>
      <object_component id="oc-622">
         <name>.text</name>
         <load_address>0x10b42</load_address>
         <run_address>0x10b42</run_address>
         <size>0x2</size>
         <input_file_ref idref="fl-fc"/>
      </object_component>
      <object_component id="oc-ac">
         <name>.text</name>
         <load_address>0x10b44</load_address>
         <run_address>0x10b44</run_address>
         <size>0x334</size>
         <input_file_ref idref="fl-e"/>
      </object_component>
      <object_component id="oc-cb">
         <name>.text</name>
         <load_address>0x10e78</load_address>
         <run_address>0x10e78</run_address>
         <size>0x29c</size>
         <input_file_ref idref="fl-b"/>
      </object_component>
      <object_component id="oc-3d9">
         <name>.text:_pconv_a</name>
         <load_address>0x11114</load_address>
         <run_address>0x11114</run_address>
         <size>0x270</size>
         <input_file_ref idref="fl-d4"/>
      </object_component>
      <object_component id="oc-248">
         <name>.text:Graphics_drawCircle</name>
         <load_address>0x11384</load_address>
         <run_address>0x11384</run_address>
         <size>0x26e</size>
         <input_file_ref idref="fl-120"/>
      </object_component>
      <object_component id="oc-e9">
         <name>.text</name>
         <load_address>0x115f4</load_address>
         <run_address>0x115f4</run_address>
         <size>0x240</size>
         <input_file_ref idref="fl-c"/>
      </object_component>
      <object_component id="oc-242">
         <name>.text:Graphics_fillCircle</name>
         <load_address>0x11834</load_address>
         <run_address>0x11834</run_address>
         <size>0x22a</size>
         <input_file_ref idref="fl-120"/>
      </object_component>
      <object_component id="oc-70">
         <name>.text</name>
         <load_address>0x11a60</load_address>
         <run_address>0x11a60</run_address>
         <size>0x1dc</size>
         <input_file_ref idref="fl-a"/>
      </object_component>
      <object_component id="oc-3c7">
         <name>.text:_pconv_g</name>
         <load_address>0x11c3c</load_address>
         <run_address>0x11c3c</run_address>
         <size>0x1d0</size>
         <input_file_ref idref="fl-d4"/>
      </object_component>
      <object_component id="oc-b3">
         <name>.text</name>
         <load_address>0x11e0c</load_address>
         <run_address>0x11e0c</run_address>
         <size>0x1bc</size>
         <input_file_ref idref="fl-9"/>
      </object_component>
      <object_component id="oc-543">
         <name>.text</name>
         <load_address>0x11fc8</load_address>
         <run_address>0x11fc8</run_address>
         <size>0x1b6</size>
         <input_file_ref idref="fl-da"/>
      </object_component>
      <object_component id="oc-1e2">
         <name>.text</name>
         <load_address>0x12180</load_address>
         <run_address>0x12180</run_address>
         <size>0x1b4</size>
         <input_file_ref idref="fl-f"/>
      </object_component>
      <object_component id="oc-323">
         <name>.text:_getIndexForMemRegister</name>
         <load_address>0x12334</load_address>
         <run_address>0x12334</run_address>
         <size>0x160</size>
         <input_file_ref idref="fl-113"/>
      </object_component>
      <object_component id="oc-611">
         <name>.text:__PCM_setPowerModeAdvanced</name>
         <load_address>0x12494</load_address>
         <run_address>0x12494</run_address>
         <size>0x15c</size>
         <input_file_ref idref="fl-119"/>
      </object_component>
      <object_component id="oc-3d3">
         <name>.text:_pconv_e</name>
         <load_address>0x125f0</load_address>
         <run_address>0x125f0</run_address>
         <size>0x13c</size>
         <input_file_ref idref="fl-d4"/>
      </object_component>
      <object_component id="oc-529">
         <name>.text</name>
         <load_address>0x1272c</load_address>
         <run_address>0x1272c</run_address>
         <size>0x136</size>
         <input_file_ref idref="fl-dc"/>
      </object_component>
      <object_component id="oc-218">
         <name>.text:CS_initClockSignal</name>
         <load_address>0x12864</load_address>
         <run_address>0x12864</run_address>
         <size>0x130</size>
         <input_file_ref idref="fl-114"/>
      </object_component>
      <object_component id="oc-555">
         <name>.text:fcvt</name>
         <load_address>0x12994</load_address>
         <run_address>0x12994</run_address>
         <size>0x124</size>
         <input_file_ref idref="fl-d4"/>
      </object_component>
      <object_component id="oc-40b">
         <name>.text:fputs</name>
         <load_address>0x12ab8</load_address>
         <run_address>0x12ab8</run_address>
         <size>0x114</size>
         <input_file_ref idref="fl-d7"/>
      </object_component>
      <object_component id="oc-569">
         <name>.text:scalbn</name>
         <load_address>0x12bcc</load_address>
         <run_address>0x12bcc</run_address>
         <size>0x110</size>
         <input_file_ref idref="fl-d2"/>
      </object_component>
      <object_component id="oc-378">
         <name>.text:__PCM_setCoreVoltageLevelAdvanced</name>
         <load_address>0x12cdc</load_address>
         <run_address>0x12cdc</run_address>
         <size>0x108</size>
         <input_file_ref idref="fl-119"/>
      </object_component>
      <object_component id="oc-6da">
         <name>.text:aligned_alloc</name>
         <load_address>0x12de4</load_address>
         <run_address>0x12de4</run_address>
         <size>0x100</size>
         <input_file_ref idref="fl-ef"/>
      </object_component>
      <object_component id="oc-524">
         <name>.text</name>
         <load_address>0x12ee4</load_address>
         <run_address>0x12ee4</run_address>
         <size>0xfc</size>
         <input_file_ref idref="fl-dd"/>
      </object_component>
      <object_component id="oc-2ab">
         <name>.text:Graphics_getStringWidth</name>
         <load_address>0x12fe0</load_address>
         <run_address>0x12fe0</run_address>
         <size>0xfa</size>
         <input_file_ref idref="fl-127"/>
      </object_component>
      <object_component id="oc-698">
         <name>.text:free</name>
         <load_address>0x130dc</load_address>
         <run_address>0x130dc</run_address>
         <size>0xe4</size>
         <input_file_ref idref="fl-ef"/>
      </object_component>
      <object_component id="oc-65d">
         <name>.text:setvbuf</name>
         <load_address>0x131c0</load_address>
         <run_address>0x131c0</run_address>
         <size>0xdc</size>
         <input_file_ref idref="fl-d9"/>
      </object_component>
      <object_component id="oc-333">
         <name>.text</name>
         <load_address>0x1329c</load_address>
         <run_address>0x1329c</run_address>
         <size>0xcc</size>
         <input_file_ref idref="fl-12"/>
      </object_component>
      <object_component id="oc-1a6">
         <name>.text:ADC14_configureConversionMemory</name>
         <load_address>0x13368</load_address>
         <run_address>0x13368</run_address>
         <size>0xb4</size>
         <input_file_ref idref="fl-113"/>
      </object_component>
      <object_component id="oc-1a0">
         <name>.text:ADC14_configureMultiSequenceMode</name>
         <load_address>0x1341c</load_address>
         <run_address>0x1341c</run_address>
         <size>0xb4</size>
         <input_file_ref idref="fl-113"/>
      </object_component>
      <object_component id="oc-3bc">
         <name>.text:_ltostr</name>
         <load_address>0x134d0</load_address>
         <run_address>0x134d0</run_address>
         <size>0xb1</size>
         <input_file_ref idref="fl-d4"/>
      </object_component>
      <object_component id="oc-48d">
         <name>.text:SPI_initMaster</name>
         <load_address>0x13582</load_address>
         <run_address>0x13582</run_address>
         <size>0xb0</size>
         <input_file_ref idref="fl-11b"/>
      </object_component>
      <object_component id="oc-395">
         <name>.text:Graphics_drawLineH</name>
         <load_address>0x13632</load_address>
         <run_address>0x13632</run_address>
         <size>0x9c</size>
         <input_file_ref idref="fl-126"/>
      </object_component>
      <object_component id="oc-3a">
         <name>.text</name>
         <load_address>0x136ce</load_address>
         <run_address>0x136ce</run_address>
         <size>0x9c</size>
         <input_file_ref idref="fl-e1"/>
      </object_component>
      <object_component id="oc-51d">
         <name>.text</name>
         <load_address>0x1376a</load_address>
         <run_address>0x1376a</run_address>
         <size>0x96</size>
         <input_file_ref idref="fl-e3"/>
      </object_component>
      <object_component id="oc-412">
         <name>.text:fputc</name>
         <load_address>0x13800</load_address>
         <run_address>0x13800</run_address>
         <size>0x8c</size>
         <input_file_ref idref="fl-d6"/>
      </object_component>
      <object_component id="oc-18e">
         <name>.text:GPIO_setAsPeripheralModuleFunctionInputPin</name>
         <load_address>0x1388c</load_address>
         <run_address>0x1388c</run_address>
         <size>0x88</size>
         <input_file_ref idref="fl-116"/>
      </object_component>
      <object_component id="oc-487">
         <name>.text:GPIO_setAsPeripheralModuleFunctionOutputPin</name>
         <load_address>0x13914</load_address>
         <run_address>0x13914</run_address>
         <size>0x88</size>
         <input_file_ref idref="fl-116"/>
      </object_component>
      <object_component id="oc-3c2">
         <name>.text:__aeabi_cdcmple</name>
         <load_address>0x1399c</load_address>
         <run_address>0x1399c</run_address>
         <size>0x86</size>
         <input_file_ref idref="fl-db"/>
      </object_component>
      <object_component id="oc-52e">
         <name>.text:__aeabi_cdrcmple</name>
         <load_address>0x13a22</load_address>
         <run_address>0x13a22</run_address>
         <size>0x86</size>
         <input_file_ref idref="fl-db"/>
      </object_component>
      <object_component id="oc-d1">
         <name>.text:GPIO_getEnabledInterruptStatus</name>
         <load_address>0x13aa8</load_address>
         <run_address>0x13aa8</run_address>
         <size>0x84</size>
         <input_file_ref idref="fl-116"/>
      </object_component>
      <object_component id="oc-188">
         <name>.text:Interrupt_enableInterrupt</name>
         <load_address>0x13b2c</load_address>
         <run_address>0x13b2c</run_address>
         <size>0x80</size>
         <input_file_ref idref="fl-118"/>
      </object_component>
      <object_component id="oc-94">
         <name>.text</name>
         <load_address>0x13bac</load_address>
         <run_address>0x13bac</run_address>
         <size>0x7a</size>
         <input_file_ref idref="fl-e2"/>
      </object_component>
      <object_component id="oc-6e1">
         <name>.text:__TI_closefile</name>
         <load_address>0x13c28</load_address>
         <run_address>0x13c28</run_address>
         <size>0x74</size>
         <input_file_ref idref="fl-10b"/>
      </object_component>
      <object_component id="oc-722">
         <name>.text:split</name>
         <load_address>0x13c9c</load_address>
         <run_address>0x13c9c</run_address>
         <size>0x70</size>
         <input_file_ref idref="fl-ef"/>
      </object_component>
      <object_component id="oc-54e">
         <name>.text:_mcpy</name>
         <load_address>0x13d0c</load_address>
         <run_address>0x13d0c</run_address>
         <size>0x6e</size>
         <input_file_ref idref="fl-d4"/>
      </object_component>
      <object_component id="oc-2b9">
         <name>.text:Graphics_convertPalette</name>
         <load_address>0x13d7c</load_address>
         <run_address>0x13d7c</run_address>
         <size>0x6c</size>
         <input_file_ref idref="fl-125"/>
      </object_component>
      <object_component id="oc-711">
         <name>.text:HOSTrename</name>
         <load_address>0x13de8</load_address>
         <run_address>0x13de8</run_address>
         <size>0x6c</size>
         <input_file_ref idref="fl-105"/>
      </object_component>
      <object_component id="oc-705">
         <name>.text:HOSTlseek</name>
         <load_address>0x13e54</load_address>
         <run_address>0x13e54</run_address>
         <size>0x68</size>
         <input_file_ref idref="fl-102"/>
      </object_component>
      <object_component id="oc-17">
         <name>.text:decompress:lzss:__TI_decompress_lzss</name>
         <load_address>0x13ebc</load_address>
         <run_address>0x13ebc</run_address>
         <size>0x68</size>
         <input_file_ref idref="fl-e6"/>
      </object_component>
      <object_component id="oc-dd">
         <name>.text:printf</name>
         <load_address>0x13f24</load_address>
         <run_address>0x13f24</run_address>
         <size>0x68</size>
         <input_file_ref idref="fl-d3"/>
      </object_component>
      <object_component id="oc-563">
         <name>.text:frexp</name>
         <load_address>0x13f8c</load_address>
         <run_address>0x13f8c</run_address>
         <size>0x64</size>
         <input_file_ref idref="fl-f8"/>
      </object_component>
      <object_component id="oc-657">
         <name>.text:fseek</name>
         <load_address>0x13ff0</load_address>
         <run_address>0x13ff0</run_address>
         <size>0x64</size>
         <input_file_ref idref="fl-fb"/>
      </object_component>
      <object_component id="oc-59a">
         <name>.text:__TI_wrt_ok</name>
         <load_address>0x14054</load_address>
         <run_address>0x14054</run_address>
         <size>0x62</size>
         <input_file_ref idref="fl-d8"/>
      </object_component>
      <object_component id="oc-6ed">
         <name>.text:HOSTopen</name>
         <load_address>0x140b8</load_address>
         <run_address>0x140b8</run_address>
         <size>0x60</size>
         <input_file_ref idref="fl-103"/>
      </object_component>
      <object_component id="oc-4f2">
         <name>.text:PCM_getCoreVoltageLevel</name>
         <load_address>0x14118</load_address>
         <run_address>0x14118</run_address>
         <size>0x5e</size>
         <input_file_ref idref="fl-119"/>
      </object_component>
      <object_component id="oc-729">
         <name>.text:close</name>
         <load_address>0x14178</load_address>
         <run_address>0x14178</run_address>
         <size>0x5c</size>
         <input_file_ref idref="fl-111"/>
      </object_component>
      <object_component id="oc-39d">
         <name>.text:Graphics_drawPixel</name>
         <load_address>0x141d4</load_address>
         <run_address>0x141d4</run_address>
         <size>0x5a</size>
         <input_file_ref idref="fl-121"/>
      </object_component>
      <object_component id="oc-4ec">
         <name>.text:PCM_getPowerMode</name>
         <load_address>0x1422e</load_address>
         <run_address>0x1422e</run_address>
         <size>0x5a</size>
         <input_file_ref idref="fl-119"/>
      </object_component>
      <object_component id="oc-17c">
         <name>.text:GPIO_setAsInputPinWithPullUpResistor</name>
         <load_address>0x14288</load_address>
         <run_address>0x14288</run_address>
         <size>0x58</size>
         <input_file_ref idref="fl-116"/>
      </object_component>
      <object_component id="oc-6f9">
         <name>.text:HOSTread</name>
         <load_address>0x142e0</load_address>
         <run_address>0x142e0</run_address>
         <size>0x58</size>
         <input_file_ref idref="fl-104"/>
      </object_component>
      <object_component id="oc-6ff">
         <name>.text:HOSTwrite</name>
         <load_address>0x14338</load_address>
         <run_address>0x14338</run_address>
         <size>0x58</size>
         <input_file_ref idref="fl-107"/>
      </object_component>
      <object_component id="oc-3cd">
         <name>.text:_pconv_f</name>
         <load_address>0x14390</load_address>
         <run_address>0x14390</run_address>
         <size>0x56</size>
         <input_file_ref idref="fl-d4"/>
      </object_component>
      <object_component id="oc-19a">
         <name>.text:ADC14_initModule</name>
         <load_address>0x143e8</load_address>
         <run_address>0x143e8</run_address>
         <size>0x54</size>
         <input_file_ref idref="fl-113"/>
      </object_component>
      <object_component id="oc-538">
         <name>.text:__TI_ltoa</name>
         <load_address>0x1443c</load_address>
         <run_address>0x1443c</run_address>
         <size>0x54</size>
         <input_file_ref idref="fl-e9"/>
      </object_component>
      <object_component id="oc-1ca">
         <name>.text:Graphics_initContext</name>
         <load_address>0x14490</load_address>
         <run_address>0x14490</run_address>
         <size>0x52</size>
         <input_file_ref idref="fl-121"/>
      </object_component>
      <object_component id="oc-548">
         <name>.text:_ecpy</name>
         <load_address>0x144e2</load_address>
         <run_address>0x144e2</run_address>
         <size>0x52</size>
         <input_file_ref idref="fl-d4"/>
      </object_component>
      <object_component id="oc-5a6">
         <name>.text:__TI_doflush</name>
         <load_address>0x14534</load_address>
         <run_address>0x14534</run_address>
         <size>0x4c</size>
         <input_file_ref idref="fl-f9"/>
      </object_component>
      <object_component id="oc-3b6">
         <name>.text:atoi</name>
         <load_address>0x14580</load_address>
         <run_address>0x14580</run_address>
         <size>0x4c</size>
         <input_file_ref idref="fl-ea"/>
      </object_component>
      <object_component id="oc-20c">
         <name>.text:FlashCtl_setWaitState</name>
         <load_address>0x145cc</load_address>
         <run_address>0x145cc</run_address>
         <size>0x48</size>
         <input_file_ref idref="fl-115"/>
      </object_component>
      <object_component id="oc-ef">
         <name>.text:Graphics_drawStringCentered</name>
         <load_address>0x14614</load_address>
         <run_address>0x14614</run_address>
         <size>0x48</size>
         <input_file_ref idref="fl-127"/>
      </object_component>
      <object_component id="oc-140">
         <name>.text:exit</name>
         <load_address>0x1465c</load_address>
         <run_address>0x1465c</run_address>
         <size>0x48</size>
         <input_file_ref idref="fl-e7"/>
      </object_component>
      <object_component id="oc-533">
         <name>.text</name>
         <load_address>0x146a4</load_address>
         <run_address>0x146a4</run_address>
         <size>0x48</size>
         <input_file_ref idref="fl-de"/>
      </object_component>
      <object_component id="oc-2bf">
         <name>.text:Graphics_drawMultiplePixelsOnDisplay</name>
         <load_address>0x146ec</load_address>
         <run_address>0x146ec</run_address>
         <size>0x46</size>
         <input_file_ref idref="fl-122"/>
      </object_component>
      <object_component id="oc-6f3">
         <name>.text:HOSTclose</name>
         <load_address>0x14734</load_address>
         <run_address>0x14734</run_address>
         <size>0x44</size>
         <input_file_ref idref="fl-101"/>
      </object_component>
      <object_component id="oc-70b">
         <name>.text:HOSTunlink</name>
         <load_address>0x14778</load_address>
         <run_address>0x14778</run_address>
         <size>0x44</size>
         <input_file_ref idref="fl-106"/>
      </object_component>
      <object_component id="oc-146">
         <name>.text:__TI_auto_init_nobinit_nopinit:__TI_auto_init_nobinit_nopinit</name>
         <load_address>0x147bc</load_address>
         <run_address>0x147bc</run_address>
         <size>0x44</size>
         <input_file_ref idref="fl-fd"/>
      </object_component>
      <object_component id="oc-761">
         <name>.text:getdevice</name>
         <load_address>0x14800</load_address>
         <run_address>0x14800</run_address>
         <size>0x44</size>
         <input_file_ref idref="fl-10c"/>
      </object_component>
      <object_component id="oc-1ee">
         <name>.text:GPIO_setAsOutputPin</name>
         <load_address>0x14844</load_address>
         <run_address>0x14844</run_address>
         <size>0x40</size>
         <input_file_ref idref="fl-116"/>
      </object_component>
      <object_component id="oc-446">
         <name>.text:Graphics_getNumberOfLeadingZeros</name>
         <load_address>0x14884</load_address>
         <run_address>0x14884</run_address>
         <size>0x40</size>
         <input_file_ref idref="fl-127"/>
      </object_component>
      <object_component id="oc-5ce">
         <name>.text:is_A_Module</name>
         <load_address>0x148c4</load_address>
         <run_address>0x148c4</run_address>
         <size>0x40</size>
         <input_file_ref idref="fl-11b"/>
      </object_component>
      <object_component id="oc-28f">
         <name>.text:sprintf</name>
         <load_address>0x14904</load_address>
         <run_address>0x14904</run_address>
         <size>0x40</size>
         <input_file_ref idref="fl-d5"/>
      </object_component>
      <object_component id="oc-55b">
         <name>.text:_fcpy</name>
         <load_address>0x14944</load_address>
         <run_address>0x14944</run_address>
         <size>0x3e</size>
         <input_file_ref idref="fl-d4"/>
      </object_component>
      <object_component id="oc-bf">
         <name>.text:ADC14_getEnabledInterruptStatus</name>
         <load_address>0x14984</load_address>
         <run_address>0x14984</run_address>
         <size>0x38</size>
         <input_file_ref idref="fl-113"/>
      </object_component>
      <object_component id="oc-73a">
         <name>.text:__TI_writemsg</name>
         <load_address>0x149bc</load_address>
         <run_address>0x149bc</run_address>
         <size>0x38</size>
         <input_file_ref idref="fl-108"/>
      </object_component>
      <object_component id="oc-28a">
         <name>.text</name>
         <load_address>0x149f4</load_address>
         <run_address>0x149f4</run_address>
         <size>0x38</size>
         <input_file_ref idref="fl-df"/>
      </object_component>
      <object_component id="oc-509">
         <name>.text:Graphics_drawHorizontalLineOnDisplay</name>
         <load_address>0x14a2c</load_address>
         <run_address>0x14a2c</run_address>
         <size>0x36</size>
         <input_file_ref idref="fl-122"/>
      </object_component>
      <object_component id="oc-783">
         <name>.text:strncpy</name>
         <load_address>0x14a62</load_address>
         <run_address>0x14a62</run_address>
         <size>0x36</size>
         <input_file_ref idref="fl-10f"/>
      </object_component>
      <object_component id="oc-1b2">
         <name>.text:ADC14_enableSampleTimer</name>
         <load_address>0x14a98</load_address>
         <run_address>0x14a98</run_address>
         <size>0x34</size>
         <input_file_ref idref="fl-113"/>
      </object_component>
      <object_component id="oc-212">
         <name>.text:CS_setDCOCenteredFrequency</name>
         <load_address>0x14acc</load_address>
         <run_address>0x14acc</run_address>
         <size>0x34</size>
         <input_file_ref idref="fl-114"/>
      </object_component>
      <object_component id="oc-6a4">
         <name>.text:__TI_cleanup</name>
         <load_address>0x14b00</load_address>
         <run_address>0x14b00</run_address>
         <size>0x34</size>
         <input_file_ref idref="fl-fa"/>
      </object_component>
      <object_component id="oc-740">
         <name>.text:__TI_readmsg</name>
         <load_address>0x14b34</load_address>
         <run_address>0x14b34</run_address>
         <size>0x34</size>
         <input_file_ref idref="fl-108"/>
      </object_component>
      <object_component id="oc-58">
         <name>.text:_c_int00_noargs:_c_int00_noargs</name>
         <load_address>0x14b68</load_address>
         <run_address>0x14b68</run_address>
         <size>0x34</size>
         <input_file_ref idref="fl-f2"/>
      </object_component>
      <object_component id="oc-c5">
         <name>.text:ADC14_clearInterruptFlag</name>
         <load_address>0x14b9c</load_address>
         <run_address>0x14b9c</run_address>
         <size>0x30</size>
         <input_file_ref idref="fl-113"/>
      </object_component>
      <object_component id="oc-1ac">
         <name>.text:ADC14_enableInterrupt</name>
         <load_address>0x14bcc</load_address>
         <run_address>0x14bcc</run_address>
         <size>0x30</size>
         <input_file_ref idref="fl-113"/>
      </object_component>
      <object_component id="oc-295">
         <name>.text:GPIO_getInputPinValue</name>
         <load_address>0x14bfc</load_address>
         <run_address>0x14bfc</run_address>
         <size>0x30</size>
         <input_file_ref idref="fl-116"/>
      </object_component>
      <object_component id="oc-789">
         <name>.text:finddevice</name>
         <load_address>0x14c2c</load_address>
         <run_address>0x14c2c</run_address>
         <size>0x30</size>
         <input_file_ref idref="fl-10c"/>
      </object_component>
      <object_component id="oc-53e">
         <name>.text</name>
         <load_address>0x14c5c</load_address>
         <run_address>0x14c5c</run_address>
         <size>0x2e</size>
         <input_file_ref idref="fl-e0"/>
      </object_component>
      <object_component id="oc-230">
         <name>.text:ADC14_getInterruptStatus</name>
         <load_address>0x14c8c</load_address>
         <run_address>0x14c8c</run_address>
         <size>0x2c</size>
         <input_file_ref idref="fl-113"/>
      </object_component>
      <object_component id="oc-1be">
         <name>.text:ADC14_toggleConversionTrigger</name>
         <load_address>0x14cb8</load_address>
         <run_address>0x14cb8</run_address>
         <size>0x2c</size>
         <input_file_ref idref="fl-113"/>
      </object_component>
      <object_component id="oc-2c5">
         <name>.text:Graphics_drawPixelOnDisplay</name>
         <load_address>0x14ce4</load_address>
         <run_address>0x14ce4</run_address>
         <size>0x2c</size>
         <input_file_ref idref="fl-122"/>
      </object_component>
      <object_component id="oc-72f">
         <name>.text:unlink</name>
         <load_address>0x14d10</load_address>
         <run_address>0x14d10</run_address>
         <size>0x2c</size>
         <input_file_ref idref="fl-112"/>
      </object_component>
      <object_component id="oc-1b8">
         <name>.text:ADC14_enableConversion</name>
         <load_address>0x14d3c</load_address>
         <run_address>0x14d3c</run_address>
         <size>0x28</size>
         <input_file_ref idref="fl-113"/>
      </object_component>
      <object_component id="oc-24e">
         <name>.text:ADC14_getResult</name>
         <load_address>0x14d64</load_address>
         <run_address>0x14d64</run_address>
         <size>0x28</size>
         <input_file_ref idref="fl-113"/>
      </object_component>
      <object_component id="oc-d7">
         <name>.text:GPIO_clearInterruptFlag</name>
         <load_address>0x14d8c</load_address>
         <run_address>0x14d8c</run_address>
         <size>0x28</size>
         <input_file_ref idref="fl-116"/>
      </object_component>
      <object_component id="oc-182">
         <name>.text:GPIO_enableInterrupt</name>
         <load_address>0x14db4</load_address>
         <run_address>0x14db4</run_address>
         <size>0x28</size>
         <input_file_ref idref="fl-116"/>
      </object_component>
      <object_component id="oc-29b">
         <name>.text:GPIO_setOutputHighOnPin</name>
         <load_address>0x14ddc</load_address>
         <run_address>0x14ddc</run_address>
         <size>0x28</size>
         <input_file_ref idref="fl-116"/>
      </object_component>
      <object_component id="oc-1f4">
         <name>.text:GPIO_setOutputLowOnPin</name>
         <load_address>0x14e04</load_address>
         <run_address>0x14e04</run_address>
         <size>0x28</size>
         <input_file_ref idref="fl-116"/>
      </object_component>
      <object_component id="oc-b9">
         <name>.text:PCM_gotoLPM0</name>
         <load_address>0x14e2c</load_address>
         <run_address>0x14e2c</run_address>
         <size>0x28</size>
         <input_file_ref idref="fl-119"/>
      </object_component>
      <object_component id="oc-6d3">
         <name>.text:free_list_insert</name>
         <load_address>0x14e54</load_address>
         <run_address>0x14e54</run_address>
         <size>0x28</size>
         <input_file_ref idref="fl-ef"/>
      </object_component>
      <object_component id="oc-690">
         <name>.text:lseek</name>
         <load_address>0x14e7c</load_address>
         <run_address>0x14e7c</run_address>
         <size>0x28</size>
         <input_file_ref idref="fl-10a"/>
      </object_component>
      <object_component id="oc-5ac">
         <name>.text:write</name>
         <load_address>0x14ea4</load_address>
         <run_address>0x14ea4</run_address>
         <size>0x28</size>
         <input_file_ref idref="fl-f3"/>
      </object_component>
      <object_component id="oc-258">
         <name>.text:GPIO_getInterruptStatus</name>
         <load_address>0x14ecc</load_address>
         <run_address>0x14ecc</run_address>
         <size>0x24</size>
         <input_file_ref idref="fl-116"/>
      </object_component>
      <object_component id="oc-1fa">
         <name>.text:WDT_A_holdTimer</name>
         <load_address>0x14ef0</load_address>
         <run_address>0x14ef0</run_address>
         <size>0x24</size>
         <input_file_ref idref="fl-11e"/>
      </object_component>
      <object_component id="oc-5a0">
         <name>.text:memchr</name>
         <load_address>0x14f14</load_address>
         <run_address>0x14f14</run_address>
         <size>0x20</size>
         <input_file_ref idref="fl-ee"/>
      </object_component>
      <object_component id="oc-493">
         <name>.text:SPI_enableModule</name>
         <load_address>0x14f34</load_address>
         <run_address>0x14f34</run_address>
         <size>0x1c</size>
         <input_file_ref idref="fl-11b"/>
      </object_component>
      <object_component id="oc-6cd">
         <name>.text:free_list_remove</name>
         <load_address>0x14f50</load_address>
         <run_address>0x14f50</run_address>
         <size>0x1c</size>
         <input_file_ref idref="fl-ef"/>
      </object_component>
      <object_component id="oc-3df">
         <name>.text:memccpy</name>
         <load_address>0x14f6c</load_address>
         <run_address>0x14f6c</run_address>
         <size>0x1c</size>
         <input_file_ref idref="fl-ed"/>
      </object_component>
      <object_component id="oc-282">
         <name>.text:Graphics_clearDisplayOnDisplay</name>
         <load_address>0x14f88</load_address>
         <run_address>0x14f88</run_address>
         <size>0x1a</size>
         <input_file_ref idref="fl-122"/>
      </object_component>
      <object_component id="oc-1d6">
         <name>.text:Graphics_setBackgroundColor</name>
         <load_address>0x14fa2</load_address>
         <run_address>0x14fa2</run_address>
         <size>0x1a</size>
         <input_file_ref idref="fl-121"/>
      </object_component>
      <object_component id="oc-1dc">
         <name>.text:Graphics_setFont</name>
         <load_address>0x14fbc</load_address>
         <run_address>0x14fbc</run_address>
         <size>0x1a</size>
         <input_file_ref idref="fl-121"/>
      </object_component>
      <object_component id="oc-63b">
         <name>.text:copysign</name>
         <load_address>0x14fd6</load_address>
         <run_address>0x14fd6</run_address>
         <size>0x1a</size>
         <input_file_ref idref="fl-f7"/>
      </object_component>
      <object_component id="oc-42f">
         <name>.text:_outs</name>
         <load_address>0x14ff0</load_address>
         <run_address>0x14ff0</run_address>
         <size>0x18</size>
         <input_file_ref idref="fl-d5"/>
      </object_component>
      <object_component id="oc-7a0">
         <name>.text:strcmp</name>
         <load_address>0x15008</load_address>
         <run_address>0x15008</run_address>
         <size>0x18</size>
         <input_file_ref idref="fl-10d"/>
      </object_component>
      <object_component id="oc-5d6">
         <name>.text:EUSCI_A_SPI_enable</name>
         <load_address>0x15020</load_address>
         <run_address>0x15020</run_address>
         <size>0x16</size>
         <input_file_ref idref="fl-11b"/>
      </object_component>
      <object_component id="oc-5dc">
         <name>.text:EUSCI_B_SPI_enable</name>
         <load_address>0x15036</load_address>
         <run_address>0x15036</run_address>
         <size>0x16</size>
         <input_file_ref idref="fl-11b"/>
      </object_component>
      <object_component id="oc-1d0">
         <name>.text:Graphics_setForegroundColor</name>
         <load_address>0x1504c</load_address>
         <run_address>0x1504c</run_address>
         <size>0x16</size>
         <input_file_ref idref="fl-121"/>
      </object_component>
      <object_component id="oc-347">
         <name>.text:Graphics_translateColorOnDisplay</name>
         <load_address>0x15062</load_address>
         <run_address>0x15062</run_address>
         <size>0x16</size>
         <input_file_ref idref="fl-122"/>
      </object_component>
      <object_component id="oc-56f">
         <name>.text:strchr</name>
         <load_address>0x15078</load_address>
         <run_address>0x15078</run_address>
         <size>0x16</size>
         <input_file_ref idref="fl-f0"/>
      </object_component>
      <object_component id="oc-4f8">
         <name>.text:PCM_getPowerState</name>
         <load_address>0x15090</load_address>
         <run_address>0x15090</run_address>
         <size>0x14</size>
         <input_file_ref idref="fl-119"/>
      </object_component>
      <object_component id="oc-754">
         <name>.text:strcpy</name>
         <load_address>0x150a4</load_address>
         <run_address>0x150a4</run_address>
         <size>0x14</size>
         <input_file_ref idref="fl-10e"/>
      </object_component>
      <object_component id="oc-3b0">
         <name>.text:strlen</name>
         <load_address>0x150b8</load_address>
         <run_address>0x150b8</run_address>
         <size>0x14</size>
         <input_file_ref idref="fl-f1"/>
      </object_component>
      <object_component id="oc-e3">
         <name>.text:Graphics_clearDisplay</name>
         <load_address>0x150cc</load_address>
         <run_address>0x150cc</run_address>
         <size>0x12</size>
         <input_file_ref idref="fl-121"/>
      </object_component>
      <object_component id="oc-3e5">
         <name>.text:wcslen</name>
         <load_address>0x150de</load_address>
         <run_address>0x150de</run_address>
         <size>0x12</size>
         <input_file_ref idref="fl-f6"/>
      </object_component>
      <object_component id="oc-31c">
         <name>.text:ADCIsConversionRunning</name>
         <load_address>0x150f0</load_address>
         <run_address>0x150f0</run_address>
         <size>0x10</size>
         <input_file_ref idref="fl-113"/>
      </object_component>
      <object_component id="oc-200">
         <name>.text:Interrupt_disableMaster</name>
         <load_address>0x15100</load_address>
         <run_address>0x15100</run_address>
         <size>0x10</size>
         <input_file_ref idref="fl-118"/>
      </object_component>
      <object_component id="oc-1e8">
         <name>.text:Interrupt_enableMaster</name>
         <load_address>0x15110</load_address>
         <run_address>0x15110</run_address>
         <size>0x10</size>
         <input_file_ref idref="fl-118"/>
      </object_component>
      <object_component id="oc-206">
         <name>.text:PCM_setCoreVoltageLevel</name>
         <load_address>0x15120</load_address>
         <run_address>0x15120</run_address>
         <size>0x10</size>
         <input_file_ref idref="fl-119"/>
      </object_component>
      <object_component id="oc-4fe">
         <name>.text:PCM_setPowerMode</name>
         <load_address>0x15130</load_address>
         <run_address>0x15130</run_address>
         <size>0x10</size>
         <input_file_ref idref="fl-119"/>
      </object_component>
      <object_component id="oc-1d">
         <name>.text:decompress:none:__TI_decompress_none</name>
         <load_address>0x15140</load_address>
         <run_address>0x15140</run_address>
         <size>0xe</size>
         <input_file_ref idref="fl-e5"/>
      </object_component>
      <object_component id="oc-6a">
         <name>.text</name>
         <load_address>0x1514e</load_address>
         <run_address>0x1514e</run_address>
         <size>0xe</size>
         <input_file_ref idref="fl-d"/>
      </object_component>
      <object_component id="oc-194">
         <name>.text:ADC14_enableModule</name>
         <load_address>0x1515c</load_address>
         <run_address>0x1515c</run_address>
         <size>0xc</size>
         <input_file_ref idref="fl-113"/>
      </object_component>
      <object_component id="oc-371">
         <name>.text:CPU_cpsid</name>
         <load_address>0x15168</load_address>
         <run_address>0x15168</run_address>
         <size>0xc</size>
         <input_file_ref idref="fl-11f"/>
      </object_component>
      <object_component id="oc-367">
         <name>.text:CPU_cpsie</name>
         <load_address>0x15174</load_address>
         <run_address>0x15174</run_address>
         <size>0xc</size>
         <input_file_ref idref="fl-11f"/>
      </object_component>
      <object_component id="oc-4c">
         <name>.text:decompress:ZI:__TI_zero_init</name>
         <load_address>0x15180</load_address>
         <run_address>0x15180</run_address>
         <size>0xc</size>
         <input_file_ref idref="fl-e4"/>
      </object_component>
      <object_component id="oc-435">
         <name>.text:_outc</name>
         <load_address>0x1518c</load_address>
         <run_address>0x1518c</run_address>
         <size>0xa</size>
         <input_file_ref idref="fl-d5"/>
      </object_component>
      <object_component id="oc-3eb">
         <name>.text:__aeabi_errno_addr</name>
         <load_address>0x15198</load_address>
         <run_address>0x15198</run_address>
         <size>0x8</size>
         <input_file_ref idref="fl-f5"/>
      </object_component>
      <object_component id="oc-69e">
         <name>.text:malloc</name>
         <load_address>0x151a0</load_address>
         <run_address>0x151a0</run_address>
         <size>0x8</size>
         <input_file_ref idref="fl-ef"/>
      </object_component>
      <object_component id="oc-229">
         <name>.text:CPU_wfi</name>
         <load_address>0x151a8</load_address>
         <run_address>0x151a8</run_address>
         <size>0x4</size>
         <input_file_ref idref="fl-11f"/>
      </object_component>
      <object_component id="oc-275">
         <name>.text:_outc</name>
         <load_address>0x151ac</load_address>
         <run_address>0x151ac</run_address>
         <size>0x4</size>
         <input_file_ref idref="fl-d3"/>
      </object_component>
      <object_component id="oc-26f">
         <name>.text:_outs</name>
         <load_address>0x151b0</load_address>
         <run_address>0x151b0</run_address>
         <size>0x4</size>
         <input_file_ref idref="fl-d3"/>
      </object_component>
      <object_component id="oc-9a">
         <name>.text:_system_pre_init</name>
         <load_address>0x151b4</load_address>
         <run_address>0x151b4</run_address>
         <size>0x4</size>
         <input_file_ref idref="fl-fe"/>
      </object_component>
      <object_component id="oc-13a">
         <name>.text:abort:abort</name>
         <load_address>0x151b8</load_address>
         <run_address>0x151b8</run_address>
         <size>0x4</size>
         <input_file_ref idref="fl-e7"/>
      </object_component>
      <object_component id="oc-2ea">
         <name>.const:.string:pixel_bLong4BPP_UNCOMP</name>
         <load_address>0xe4</load_address>
         <run_address>0xe4</run_address>
         <size>0x2000</size>
         <input_file_ref idref="fl-2"/>
      </object_component>
      <object_component id="oc-4d0">
         <name>.const:.string:pixel_bubbleLevel4BPP_UNCOMP</name>
         <load_address>0x20e4</load_address>
         <run_address>0x20e4</run_address>
         <size>0x2000</size>
         <input_file_ref idref="fl-3"/>
      </object_component>
      <object_component id="oc-4d9">
         <name>.const:.string:pixel_lidarInit4BPP_UNCOMP</name>
         <load_address>0x40e4</load_address>
         <run_address>0x40e4</run_address>
         <size>0x2000</size>
         <input_file_ref idref="fl-4"/>
      </object_component>
      <object_component id="oc-4e2">
         <name>.const:.string:pixel_lidarMeasure4BPP_UNCOMP</name>
         <load_address>0x60e4</load_address>
         <run_address>0x60e4</run_address>
         <size>0x2000</size>
         <input_file_ref idref="fl-5"/>
      </object_component>
      <object_component id="oc-4b5">
         <name>.const:.string:pixel_menu4BPP_UNCOMP</name>
         <load_address>0x80e4</load_address>
         <run_address>0x80e4</run_address>
         <size>0x2000</size>
         <input_file_ref idref="fl-6"/>
      </object_component>
      <object_component id="oc-4be">
         <name>.const:.string:pixel_meterInit4BPP_UNCOMP</name>
         <load_address>0xa0e4</load_address>
         <run_address>0xa0e4</run_address>
         <size>0x2000</size>
         <input_file_ref idref="fl-7"/>
      </object_component>
      <object_component id="oc-4c7">
         <name>.const:.string:pixel_meterMeasure4BPP_UNCOMP</name>
         <load_address>0xc0e4</load_address>
         <run_address>0xc0e4</run_address>
         <size>0x2000</size>
         <input_file_ref idref="fl-8"/>
      </object_component>
      <object_component id="oc-386">
         <name>.const:.string:g_pucCmss20Data</name>
         <load_address>0xe0e4</load_address>
         <run_address>0xe0e4</run_address>
         <size>0x8c1</size>
         <input_file_ref idref="fl-123"/>
      </object_component>
      <object_component id="oc-4ac">
         <name>.const:.string:g_pucFontFixed6x8Data</name>
         <load_address>0xe9a5</load_address>
         <run_address>0xe9a5</run_address>
         <size>0x2f8</size>
         <input_file_ref idref="fl-124"/>
      </object_component>
      <object_component id="oc-518">
         <name>.const:.string:_ctypes_</name>
         <load_address>0xec9d</load_address>
         <run_address>0xec9d</run_address>
         <size>0x101</size>
         <input_file_ref idref="fl-eb"/>
      </object_component>
      <object_component id="oc-224">
         <name>.const:g_sFontCmss20</name>
         <load_address>0xeda0</load_address>
         <run_address>0xeda0</run_address>
         <size>0xc8</size>
         <input_file_ref idref="fl-123"/>
      </object_component>
      <object_component id="oc-350">
         <name>.const:g_sFontFixed6x8</name>
         <load_address>0xee68</load_address>
         <run_address>0xee68</run_address>
         <size>0xc8</size>
         <input_file_ref idref="fl-124"/>
      </object_component>
      <object_component id="oc-329">
         <name>.const:_ctlRegs</name>
         <load_address>0xef30</load_address>
         <run_address>0xef30</run_address>
         <size>0x80</size>
         <input_file_ref idref="fl-113"/>
      </object_component>
      <object_component id="oc-2e7">
         <name>.const:palette_bLong4BPP_UNCOMP</name>
         <load_address>0xefb0</load_address>
         <run_address>0xefb0</run_address>
         <size>0x40</size>
         <input_file_ref idref="fl-2"/>
      </object_component>
      <object_component id="oc-4cd">
         <name>.const:palette_bubbleLevel4BPP_UNCOMP</name>
         <load_address>0xeff0</load_address>
         <run_address>0xeff0</run_address>
         <size>0x40</size>
         <input_file_ref idref="fl-3"/>
      </object_component>
      <object_component id="oc-4d6">
         <name>.const:palette_lidarInit4BPP_UNCOMP</name>
         <load_address>0xf030</load_address>
         <run_address>0xf030</run_address>
         <size>0x40</size>
         <input_file_ref idref="fl-4"/>
      </object_component>
      <object_component id="oc-4df">
         <name>.const:palette_lidarMeasure4BPP_UNCOMP</name>
         <load_address>0xf070</load_address>
         <run_address>0xf070</run_address>
         <size>0x40</size>
         <input_file_ref idref="fl-5"/>
      </object_component>
      <object_component id="oc-4b2">
         <name>.const:palette_menu4BPP_UNCOMP</name>
         <load_address>0xf0b0</load_address>
         <run_address>0xf0b0</run_address>
         <size>0x40</size>
         <input_file_ref idref="fl-6"/>
      </object_component>
      <object_component id="oc-4bb">
         <name>.const:palette_meterInit4BPP_UNCOMP</name>
         <load_address>0xf0f0</load_address>
         <run_address>0xf0f0</run_address>
         <size>0x40</size>
         <input_file_ref idref="fl-7"/>
      </object_component>
      <object_component id="oc-4c4">
         <name>.const:palette_meterMeasure4BPP_UNCOMP</name>
         <load_address>0xf130</load_address>
         <run_address>0xf130</run_address>
         <size>0x40</size>
         <input_file_ref idref="fl-8"/>
      </object_component>
      <object_component id="oc-25e">
         <name>.const:GPIO_PORT_TO_BASE</name>
         <load_address>0xf170</load_address>
         <run_address>0xf170</run_address>
         <size>0x30</size>
         <input_file_ref idref="fl-116"/>
      </object_component>
      <object_component id="oc-221">
         <name>.const:g_sCrystalfontz128x128_funcs</name>
         <load_address>0xf1a0</load_address>
         <run_address>0xf1a0</run_address>
         <size>0x20</size>
         <input_file_ref idref="fl-10"/>
      </object_component>
      <object_component id="oc-499">
         <name>.const:$P$T0$1</name>
         <load_address>0xf1c0</load_address>
         <run_address>0xf1c0</run_address>
         <size>0x1c</size>
         <input_file_ref idref="fl-12"/>
      </object_component>
      <object_component id="oc-104">
         <name>.const:bLong4BPP_UNCOMP</name>
         <load_address>0xf1dc</load_address>
         <run_address>0xf1dc</run_address>
         <size>0x10</size>
         <input_file_ref idref="fl-2"/>
      </object_component>
      <object_component id="oc-35c">
         <name>.const:bubbleLevel4BPP_UNCOMP</name>
         <load_address>0xf1ec</load_address>
         <run_address>0xf1ec</run_address>
         <size>0x10</size>
         <input_file_ref idref="fl-3"/>
      </object_component>
      <object_component id="oc-35f">
         <name>.const:lidarInit4BPP_UNCOMP</name>
         <load_address>0xf1fc</load_address>
         <run_address>0xf1fc</run_address>
         <size>0x10</size>
         <input_file_ref idref="fl-4"/>
      </object_component>
      <object_component id="oc-362">
         <name>.const:lidarMeasure4BPP_UNCOMP</name>
         <load_address>0xf20c</load_address>
         <run_address>0xf20c</run_address>
         <size>0x10</size>
         <input_file_ref idref="fl-5"/>
      </object_component>
      <object_component id="oc-353">
         <name>.const:menu4BPP_UNCOMP</name>
         <load_address>0xf21c</load_address>
         <run_address>0xf21c</run_address>
         <size>0x10</size>
         <input_file_ref idref="fl-6"/>
      </object_component>
      <object_component id="oc-356">
         <name>.const:meterInit4BPP_UNCOMP</name>
         <load_address>0xf22c</load_address>
         <run_address>0xf22c</run_address>
         <size>0x10</size>
         <input_file_ref idref="fl-7"/>
      </object_component>
      <object_component id="oc-359">
         <name>.const:meterMeasure4BPP_UNCOMP</name>
         <load_address>0xf23c</load_address>
         <run_address>0xf23c</run_address>
         <size>0x10</size>
         <input_file_ref idref="fl-8"/>
      </object_component>
      <object_component id="oc-342">
         <name>.const:$P$T0$1</name>
         <load_address>0xf24c</load_address>
         <run_address>0xf24c</run_address>
         <size>0x8</size>
         <input_file_ref idref="fl-10"/>
      </object_component>
      <object_component id="oc-316">
         <name>.const:g_pulEnRegs</name>
         <load_address>0xf254</load_address>
         <run_address>0xf254</run_address>
         <size>0x8</size>
         <input_file_ref idref="fl-118"/>
      </object_component>
      <object_component id="oc-2a7">
         <name>.const</name>
         <load_address>0xf25c</load_address>
         <run_address>0xf25c</run_address>
         <size>0x8</size>
         <input_file_ref idref="fl-c"/>
      </object_component>
      <object_component id="oc-7e0">
         <name>.cinit..data.load</name>
         <load_address>0x151c0</load_address>
         <run_address>0x151c0</run_address>
         <size>0x8b</size>
      </object_component>
[...]
         <value>0x142e1</value>
         <object_component_ref idref="oc-6f9"/>
      </symbol>
      <symbol id="sm-934">
         <name>HOSTrename</name>
         <value>0x13de9</value>
         <object_component_ref idref="oc-711"/>
      </symbol>
      <symbol id="sm-945">
         <name>HOSTunlink</name>
         <value>0x14779</value>
         <object_component_ref idref="oc-70b"/>
      </symbol>
      <symbol id="sm-956">
         <name>HOSTwrite</name>
         <value>0x14339</value>
         <object_component_ref idref="oc-6ff"/>
      </symbol>
      <symbol id="sm-97a">
         <name>__TI_readmsg</name>
         <value>0x14b35</value>
         <object_component_ref idref="oc-740"/>
      </symbol>
      <symbol id="sm-97b">
         <name>C$$IO$$</name>
         <value>0x149eb</value>
         <object_component_ref idref="oc-73a"/>
      </symbol>
      <symbol id="sm-97c">
         <name>__CIOBUF_</name>
         <value>0x20000400</value>
         <object_component_ref idref="oc-76b"/>
      </symbol>
      <symbol id="sm-97d">
         <name>__TI_writemsg</name>
         <value>0x149bd</value>
         <object_component_ref idref="oc-73a"/>
      </symbol>
      <symbol id="sm-98e">
         <name>lseek</name>
         <value>0x14e7d</value>
         <object_component_ref idref="oc-690"/>
      </symbol>
      <symbol id="sm-9a3">
         <name>__TI_closefile</name>
         <value>0x13c29</value>
         <object_component_ref idref="oc-6e1"/>
      </symbol>
      <symbol id="sm-9c6">
         <name>finddevice</name>
         <value>0x14c2d</value>
         <object_component_ref idref="oc-789"/>
      </symbol>
      <symbol id="sm-9c7">
         <name>getdevice</name>
         <value>0x14801</value>
         <object_component_ref idref="oc-761"/>
      </symbol>
      <symbol id="sm-9d6">
         <name>strcmp</name>
         <value>0x15009</value>
         <object_component_ref idref="oc-7a0"/>
      </symbol>
      <symbol id="sm-9e4">
         <name>strcpy</name>
         <value>0x150a5</value>
         <object_component_ref idref="oc-754"/>
      </symbol>
      <symbol id="sm-9f4">
         <name>strncpy</name>
         <value>0x14a63</value>
         <object_component_ref idref="oc-783"/>
      </symbol>
      <symbol id="sm-a09">
         <name>close</name>
         <value>0x14179</value>
         <object_component_ref idref="oc-729"/>
      </symbol>
      <symbol id="sm-a19">
         <name>unlink</name>
         <value>0x14d11</value>
         <object_component_ref idref="oc-72f"/>
      </symbol>
      <symbol id="sm-b24">
         <name>ADC14_enableInterrupt</name>
         <value>0x14bcd</value>
         <object_component_ref idref="oc-1ac"/>
      </symbol>
      <symbol id="sm-b25">
         <name>ADC14_getInterruptStatus</name>
         <value>0x14c8d</value>
         <object_component_ref idref="oc-230"/>
      </symbol>
      <symbol id="sm-b26">
         <name>ADC14_enableSampleTimer</name>
         <value>0x14a99</value>
         <object_component_ref idref="oc-1b2"/>
      </symbol>
      <symbol id="sm-b27">
         <name>ADC14_enableConversion</name>
         <value>0x14d3d</value>
         <object_component_ref idref="oc-1b8"/>
      </symbol>
      <symbol id="sm-b28">
         <name>ADC14_toggleConversionTrigger</name>
         <value>0x14cb9</value>
         <object_component_ref idref="oc-1be"/>
      </symbol>
      <symbol id="sm-b29">
         <name>ADC14_getEnabledInterruptStatus</name>
         <value>0x14985</value>
         <object_component_ref idref="oc-bf"/>
      </symbol>
      <symbol id="sm-b2a">
         <name>ADC14_initModule</name>
         <value>0x143e9</value>
         <object_component_ref idref="oc-19a"/>
      </symbol>
      <symbol id="sm-b2b">
         <name>ADC14_configureMultiSequenceMode</name>
         <value>0x1341d</value>
         <object_component_ref idref="oc-1a0"/>
      </symbol>
      <symbol id="sm-b2c">
         <name>ADC14_clearInterruptFlag</name>
         <value>0x14b9d</value>
         <object_component_ref idref="oc-c5"/>
      </symbol>
      <symbol id="sm-b2d">
         <name>ADC14_configureConversionMemory</name>
         <value>0x13369</value>
         <object_component_ref idref="oc-1a6"/>
      </symbol>
      <symbol id="sm-b2e">
         <name>ADC14_enableModule</name>
         <value>0x1515d</value>
         <object_component_ref idref="oc-194"/>
      </symbol>
      <symbol id="sm-b2f">
         <name>ADC14_getResult</name>
         <value>0x14d65</value>
         <object_component_ref idref="oc-24e"/>
      </symbol>
      <symbol id="sm-b5e">
         <name>CS_setDCOCenteredFrequency</name>
         <value>0x14acd</value>
         <object_component_ref idref="oc-212"/>
      </symbol>
      <symbol id="sm-b5f">
         <name>CS_initClockSignal</name>
         <value>0x12865</value>
         <object_component_ref idref="oc-218"/>
      </symbol>
      <symbol id="sm-b6e">
         <name>FlashCtl_setWaitState</name>
         <value>0x145cd</value>
         <object_component_ref idref="oc-20c"/>
      </symbol>
      <symbol id="sm-bfd">
         <name>GPIO_setOutputHighOnPin</name>
         <value>0x14ddd</value>
         <object_component_ref idref="oc-29b"/>
      </symbol>
      <symbol id="sm-bfe">
         <name>GPIO_setAsInputPinWithPullUpResistor</name>
         <value>0x14289</value>
         <object_component_ref idref="oc-17c"/>
      </symbol>
      <symbol id="sm-bff">
         <name>GPIO_getInterruptStatus</name>
         <value>0x14ecd</value>
         <object_component_ref idref="oc-258"/>
      </symbol>
      <symbol id="sm-c00">
         <name>GPIO_enableInterrupt</name>
         <value>0x14db5</value>
         <object_component_ref idref="oc-182"/>
      </symbol>
      <symbol id="sm-c01">
         <name>GPIO_getEnabledInterruptStatus</name>
         <value>0x13aa9</value>
         <object_component_ref idref="oc-d1"/>
      </symbol>
      <symbol id="sm-c02">
         <name>GPIO_setAsOutputPin</name>
         <value>0x14845</value>
         <object_component_ref idref="oc-1ee"/>
      </symbol>
      <symbol id="sm-c03">
         <name>GPIO_setOutputLowOnPin</name>
         <value>0x14e05</value>
         <object_component_ref idref="oc-1f4"/>
      </symbol>
      <symbol id="sm-c04">
         <name>GPIO_clearInterruptFlag</name>
         <value>0x14d8d</value>
         <object_component_ref idref="oc-d7"/>
      </symbol>
      <symbol id="sm-c05">
         <name>GPIO_setAsPeripheralModuleFunctionOutputPin</name>
         <value>0x13915</value>
         <object_component_ref idref="oc-487"/>
      </symbol>
      <symbol id="sm-c06">
         <name>GPIO_getInputPinValue</name>
         <value>0x14bfd</value>
         <object_component_ref idref="oc-295"/>
      </symbol>
      <symbol id="sm-c07">
         <name>GPIO_setAsPeripheralModuleFunctionInputPin</name>
         <value>0x1388d</value>
         <object_component_ref idref="oc-18e"/>
      </symbol>
      <symbol id="sm-c37">
         <name>Interrupt_disableMaster</name>
         <value>0x15101</value>
         <object_component_ref idref="oc-200"/>
      </symbol>
      <symbol id="sm-c38">
         <name>Interrupt_enableMaster</name>
         <value>0x15111</value>
         <object_component_ref idref="oc-1e8"/>
      </symbol>
      <symbol id="sm-c39">
         <name>Interrupt_enableInterrupt</name>
         <value>0x13b2d</value>
         <object_component_ref idref="oc-188"/>
      </symbol>
      <symbol id="sm-cc4">
         <name>PCM_setCoreVoltageLevel</name>
         <value>0x15121</value>
         <object_component_ref idref="oc-206"/>
      </symbol>
      <symbol id="sm-cc5">
         <name>PCM_getCoreVoltageLevel</name>
         <value>0x14119</value>
         <object_component_ref idref="oc-4f2"/>
      </symbol>
      <symbol id="sm-cc6">
         <name>PCM_getPowerMode</name>
         <value>0x1422f</value>
         <object_component_ref idref="oc-4ec"/>
      </symbol>
      <symbol id="sm-cc7">
         <name>PCM_getPowerState</name>
         <value>0x15091</value>
         <object_component_ref idref="oc-4f8"/>
      </symbol>
      <symbol id="sm-cc8">
         <name>PCM_gotoLPM0</name>
         <value>0x14e2d</value>
         <object_component_ref idref="oc-b9"/>
      </symbol>
      <symbol id="sm-cc9">
         <name>PCM_setPowerMode</name>
         <value>0x15131</value>
         <object_component_ref idref="oc-4fe"/>
      </symbol>
      <symbol id="sm-d09">
         <name>EUSCI_B_SPI_enable</name>
         <value>0x15037</value>
         <object_component_ref idref="oc-5dc"/>
      </symbol>
      <symbol id="sm-d0a">
         <name>SPI_enableModule</name>
         <value>0x14f35</value>
         <object_component_ref idref="oc-493"/>
      </symbol>
      <symbol id="sm-d0b">
         <name>EUSCI_A_SPI_enable</name>
         <value>0x15021</value>
         <object_component_ref idref="oc-5d6"/>
      </symbol>
      <symbol id="sm-d0c">
         <name>SPI_initMaster</name>
         <value>0x13583</value>
         <object_component_ref idref="oc-48d"/>
      </symbol>
      <symbol id="sm-d1a">
         <name>WDT_A_holdTimer</name>
         <value>0x14ef1</value>
         <object_component_ref idref="oc-1fa"/>
      </symbol>
      <symbol id="sm-d34">
         <name>CPU_wfi</name>
         <value>0x151a9</value>
         <object_component_ref idref="oc-229"/>
      </symbol>
      <symbol id="sm-d35">
         <name>CPU_cpsie</name>
         <value>0x15175</value>
         <object_component_ref idref="oc-367"/>
      </symbol>
      <symbol id="sm-d36">
         <name>CPU_cpsid</name>
         <value>0x15169</value>
         <object_component_ref idref="oc-371"/>
      </symbol>
      <symbol id="sm-d6c">
         <name>Graphics_drawCircle</name>
         <value>0x11385</value>
         <object_component_ref idref="oc-248"/>
      </symbol>
      <symbol id="sm-d6d">
         <name>Graphics_fillCircle</name>
         <value>0x11835</value>
         <object_component_ref idref="oc-242"/>
      </symbol>
      <symbol id="sm-da3">
         <name>Graphics_setBackgroundColor</name>
         <value>0x14fa3</value>
         <object_component_ref idref="oc-1d6"/>
      </symbol>
      <symbol id="sm-da4">
         <name>Graphics_setFont</name>
         <value>0x14fbd</value>
         <object_component_ref idref="oc-1dc"/>
      </symbol>
      <symbol id="sm-da5">
         <name>Graphics_initContext</name>
         <value>0x14491</value>
         <object_component_ref idref="oc-1ca"/>
      </symbol>
      <symbol id="sm-da6">
         <name>Graphics_drawPixel</name>
         <value>0x141d5</value>
         <object_component_ref idref="oc-39d"/>
      </symbol>
      <symbol id="sm-da7">
         <name>Graphics_setForegroundColor</name>
         <value>0x1504d</value>
         <object_component_ref idref="oc-1d0"/>
      </symbol>
      <symbol id="sm-da8">
         <name>Graphics_clearDisplay</name>
         <value>0x150cd</value>
         <object_component_ref idref="oc-e3"/>
      </symbol>
      <symbol id="sm-dd5">
         <name>Graphics_clearDisplayOnDisplay</name>
         <value>0x14f89</value>
         <object_component_ref idref="oc-282"/>
      </symbol>
      <symbol id="sm-dd6">
         <name>Graphics_drawPixelOnDisplay</name>
         <value>0x14ce5</value>
         <object_component_ref idref="oc-2c5"/>
      </symbol>
      <symbol id="sm-dd7">
         <name>Graphics_translateColorOnDisplay</name>
         <value>0x15063</value>
         <object_component_ref idref="oc-347"/>
      </symbol>
      <symbol id="sm-dd8">
         <name>Graphics_drawHorizontalLineOnDisplay</name>
         <value>0x14a2d</value>
         <object_component_ref idref="oc-509"/>
      </symbol>
      <symbol id="sm-dd9">
         <name>Graphics_drawMultiplePixelsOnDisplay</name>
         <value>0x146ed</value>
         <object_component_ref idref="oc-2bf"/>
      </symbol>
      <symbol id="sm-deb">
         <name>g_sFontCmss20</name>
         <value>0xeda0</value>
         <object_component_ref idref="oc-224"/>
      </symbol>
      <symbol id="sm-dfd">
         <name>g_sFontFixed6x8</name>
         <value>0xee68</value>
         <object_component_ref idref="oc-350"/>
      </symbol>
      <symbol id="sm-e33">
         <name>Graphics_drawImage</name>
         <value>0x107b3</value>
         <object_component_ref idref="oc-f5"/>
      </symbol>
      <symbol id="sm-e46">
         <name>Graphics_drawLineH</name>
         <value>0x13633</value>
         <object_component_ref idref="oc-395"/>
      </symbol>
      <symbol id="sm-e9e">
         <name>Graphics_drawStringCentered</name>
         <value>0x14615</value>
         <object_component_ref idref="oc-ef"/>
      </symbol>
      <symbol id="sm-e9f">
         <name>Graphics_drawString</name>
         <value>0x10335</value>
         <object_component_ref idref="oc-2b1"/>
      </symbol>
      <symbol id="sm-ea0">
         <name>Graphics_getStringWidth</name>
         <value>0x12fe1</value>
         <object_component_ref idref="oc-2ab"/>
      </symbol>
      <symbol id="sm-ea1">
         <name>__TI_static_base__</name>
         <value>0x0</value>
      </symbol>
      <symbol id="sm-ea4">
         <name>__mpu_init</name>
         <value>0x0</value>
      </symbol>
      <symbol id="sm-ea5">
         <name>_system_post_cinit</name>
         <value>0x0</value>
      </symbol>
      <symbol id="sm-ea6">
         <name>NMI_Handler</name>
         <value>0x1515b</value>
      </symbol>
      <symbol id="sm-ea7">
         <name>HardFault_Handler</name>
         <value>0x1515b</value>
      </symbol>
      <symbol id="sm-ea8">
         <name>MemManage_Handler</name>
         <value>0x1515b</value>
      </symbol>
      <symbol id="sm-ea9">
         <name>BusFault_Handler</name>
         <value>0x1515b</value>
      </symbol>
      <symbol id="sm-eaa">
         <name>UsageFault_Handler</name>
         <value>0x1515b</value>
      </symbol>
      <symbol id="sm-eab">
         <name>SVC_Handler</name>
         <value>0x1515b</value>
      </symbol>
      <symbol id="sm-eac">
         <name>DebugMon_Handler</name>
         <value>0x1515b</value>
      </symbol>
      <symbol id="sm-ead">
         <name>PendSV_Handler</name>
         <value>0x1515b</value>
      </symbol>
      <symbol id="sm-eae">
         <name>SysTick_Handler</name>
         <value>0x1515b</value>
      </symbol>
      <symbol id="sm-eaf">
         <name>PSS_IRQHandler</name>
         <value>0x1515b</value>
      </symbol>
      <symbol id="sm-eb0">
         <name>CS_IRQHandler</name>
         <value>0x1515b</value>
      </symbol>
      <symbol id="sm-eb1">
         <name>PCM_IRQHandler</name>
         <value>0x1515b</value>
      </symbol>
      <symbol id="sm-eb2">
         <name>WDT_A_IRQHandler</name>
         <value>0x1515b</value>
      </symbol>
      <symbol id="sm-eb3">
         <name>FPU_IRQHandler</name>
         <value>0x1515b</value>
      </symbol>
      <symbol id="sm-eb4">
         <name>FLCTL_IRQHandler</name>
         <value>0x1515b</value>
      </symbol>
      <symbol id="sm-eb5">
         <name>COMP_E0_IRQHandler</name>
         <value>0x1515b</value>
      </symbol>
      <symbol id="sm-eb6">
         <name>COMP_E1_IRQHandler</name>
         <value>0x1515b</value>
      </symbol>
      <symbol id="sm-eb7">
         <name>TA0_0_IRQHandler</name>
         <value>0x1515b</value>
      </symbol>
      <symbol id="sm-eb8">
         <name>TA0_N_IRQHandler</name>
         <value>0x1515b</value>
      </symbol>
      <symbol id="sm-eb9">
         <name>TA1_0_IRQHandler</name>
         <value>0x1515b</value>
      </symbol>
      <symbol id="sm-eba">
         <name>TA1_N_IRQHandler</name>
         <value>0x1515b</value>
      </symbol>
      <symbol id="sm-ebb">
         <name>TA2_0_IRQHandler</name>
         <value>0x1515b</value>
      </symbol>
      <symbol id="sm-ebc">
         <name>TA2_N_IRQHandler</name>
         <value>0x1515b</value>
      </symbol>
      <symbol id="sm-ebd">
         <name>TA3_0_IRQHandler</name>
         <value>0x1515b</value>
      </symbol>
      <symbol id="sm-ebe">
         <name>TA3_N_IRQHandler</name>
         <value>0x1515b</value>
      </symbol>
      <symbol id="sm-ebf">
         <name>EUSCIA0_IRQHandler</name>
         <value>0x1515b</value>
      </symbol>
      <symbol id="sm-ec0">
         <name>EUSCIA1_IRQHandler</name>
         <value>0x1515b</value>
      </symbol>
      <symbol id="sm-ec1">
         <name>EUSCIA2_IRQHandler</name>
         <value>0x1515b</value>
      </symbol>
      <symbol id="sm-ec2">
         <name>EUSCIA3_IRQHandler</name>
         <value>0x1515b</value>
      </symbol>
      <symbol id="sm-ec3">
         <name>EUSCIB0_IRQHandler</name>
         <value>0x1515b</value>
      </symbol>
      <symbol id="sm-ec4">
         <name>EUSCIB1_IRQHandler</name>
         <value>0x1515b</value>
      </symbol>
      <symbol id="sm-ec5">
         <name>EUSCIB2_IRQHandler</name>
         <value>0x1515b</value>
      </symbol>
      <symbol id="sm-ec6">
         <name>EUSCIB3_IRQHandler</name>
         <value>0x1515b</value>
      </symbol>
      <symbol id="sm-ec7">
         <name>ADC14_IRQHandler</name>
         <value>0x11a7b</value>
      </symbol>
      <symbol id="sm-ec8">
         <name>T32_INT1_IRQHandler</name>
         <value>0x1515b</value>
      </symbol>
      <symbol id="sm-ec9">
         <name>T32_INT2_IRQHandler</name>
         <value>0x1515b</value>
      </symbol>
      <symbol id="sm-eca">
         <name>T32_INTC_IRQHandler</name>
         <value>0x1515b</value>
      </symbol>
      <symbol id="sm-ecb">
         <name>AES256_IRQHandler</name>
         <value>0x1515b</value>
      </symbol>
      <symbol id="sm-ecc">
         <name>RTC_C_IRQHandler</name>
         <value>0x1515b</value>
      </symbol>
      <symbol id="sm-ecd">
         <name>DMA_ERR_IRQHandler</name>
         <value>0x1515b</value>
      </symbol>
      <symbol id="sm-ece">
         <name>DMA_INT3_IRQHandler</name>
         <value>0x1515b</value>
      </symbol>
      <symbol id="sm-ecf">
         <name>DMA_INT2_IRQHandler</name>
         <value>0x1515b</value>
      </symbol>
      <symbol id="sm-ed0">
         <name>DMA_INT1_IRQHandler</name>
         <value>0x1515b</value>
      </symbol>
      <symbol id="sm-ed1">
         <name>DMA_INT0_IRQHandler</name>
         <value>0x1515b</value>
      </symbol>
      <symbol id="sm-ed2">
         <name>PORT1_IRQHandler</name>
         <value>0x1515b</value>
      </symbol>
      <symbol id="sm-ed3">
         <name>PORT2_IRQHandler</name>
         <value>0x1515b</value>
      </symbol>
      <symbol id="sm-ed4">
         <name>PORT3_IRQHandler</name>
         <value>0x11b99</value>
      </symbol>
      <symbol id="sm-ed5">
         <name>PORT4_IRQHandler</name>
         <value>0x1515b</value>
      </symbol>
      <symbol id="sm-ed6">
         <name>PORT5_IRQHandler</name>
         <value>0x11ab5</value>
      </symbol>
      <symbol id="sm-ed7">
         <name>PORT6_IRQHandler</name>
         <value>0x1515b</value>
      </symbol>
      <symbol id="sm-ed8">
         <name>remove</name>
         <value>0x14d11</value>
      </symbol>
   </symbol_table>
   <title>Link successful</title>
</link_info>
