<?xml version="1.0" encoding="ISO-8859-1" ?>
<link_info>
   <banner>TI ARM Linker PC v20.2.7.LTS</banner>
   <copyright>Copyright (c) 1996-2018 Texas Instruments Incorporated</copyright>
   <link_time>0x63f5e539</link_time>
   <link_errors>0x0</link_errors>
   <output_file>ZZ_bLongFinal.out</output_file>
   <entry_point>
      <name>_c_int00_noargs</name>
      <address>0x11351</address>
   </entry_point>
   <input_file_list>
      <input_file id="fl-2">
         <path>.\</path>
         <kind>object</kind>
         <file>Gr_bLong.obj</file>
         <name>Gr_bLong.obj</name>
      </input_file>
      <input_file id="fl-3">
         <path>.\</path>
         <kind>object</kind>
         <file>Gr_bubbleLevel.obj</file>
         <name>Gr_bubbleLevel.obj</name>
      </input_file>
      <input_file id="fl-4">
         <path>.\</path>
         <kind>object</kind>
         <file>Gr_lidar.obj</file>
         <name>Gr_lidar.obj</name>
      </input_file>
      <input_file id="fl-5">
         <path>.\</path>
         <kind>object</kind>
         <file>Gr_menu.obj</file>
         <name>Gr_menu.obj</name>
      </input_file>
      <input_file id="fl-6">
         <path>.\</path>
         <kind>object</kind>
         <file>Gr_meter.obj</file>
         <name>Gr_meter.obj</name>
      </input_file>
      <input_file id="fl-7">
         <path>.\</path>
         <kind>object</kind>
         <file>main.obj</file>
         <name>main.obj</name>
      </input_file>
      <input_file id="fl-8">
         <path>.\</path>
         <kind>object</kind>
         <file>msp432_bubbleLevel.obj</file>
         <name>msp432_bubbleLevel.obj</name>
      </input_file>
      <input_file id="fl-9">
         <path>.\</path>
         <kind>object</kind>
         <file>msp432_init.obj</file>
         <name>msp432_init.obj</name>
      </input_file>
      <input_file id="fl-a">
         <path>.\</path>
         <kind>object</kind>
         <file>msp432_lidar.obj</file>
         <name>msp432_lidar.obj</name>
      </input_file>
      <input_file id="fl-b">
         <path>.\</path>
         <kind>object</kind>
         <file>msp432_menu.obj</file>
         <name>msp432_menu.obj</name>
      </input_file>
      <input_file id="fl-c">
         <path>.\</path>
         <kind>object</kind>
         <file>msp432_meter.obj</file>
         <name>msp432_meter.obj</name>
      </input_file>
      <input_file id="fl-d">
         <path>.\</path>
         <kind>object</kind>
         <file>msp432_uart.obj</file>
         <name>msp432_uart.obj</name>
      </input_file>
      <input_file id="fl-e">
         <path>.\</path>
         <kind>object</kind>
         <file>msp432_utils.obj</file>
         <name>msp432_utils.obj</name>
      </input_file>
      <input_file id="fl-f">
         <path>.\</path>
         <kind>object</kind>
         <file>startup_msp432p401r_ccs.obj</file>
         <name>startup_msp432p401r_ccs.obj</name>
      </input_file>
      <input_file id="fl-10">
         <path>.\</path>
         <kind>object</kind>
         <file>system_msp432p401r.obj</file>
         <name>system_msp432p401r.obj</name>
      </input_file>
      <input_file id="fl-11">
         <path>.\LcdDriver\</path>
         <kind>object</kind>
         <file>Crystalfontz128x128_ST7735.obj</file>
         <name>Crystalfontz128x128_ST7735.obj</name>
      </input_file>
      <input_file id="fl-12">
         <path>.\LcdDriver\</path>
         <kind>object</kind>
         <file>HAL_I2C.obj</file>
         <name>HAL_I2C.obj</name>
      </input_file>
      <input_file id="fl-13">
         <path>.\LcdDriver\</path>
         <kind>object</kind>
         <file>HAL_MSP_EXP432P401R_Crystalfontz128x128_ST7735.obj</file>
         <name>HAL_MSP_EXP432P401R_Crystalfontz128x128_ST7735.obj</name>
      </input_file>
      <input_file id="fl-14">
         <path>.\LcdDriver\</path>
         <kind>object</kind>
         <file>HAL_OPT3001.obj</file>
         <name>HAL_OPT3001.obj</name>
      </input_file>
      <input_file id="fl-15">
         <path>.\LcdDriver\</path>
         <kind>object</kind>
         <file>HAL_TMP006.obj</file>
         <name>HAL_TMP006.obj</name>
      </input_file>
      <input_file id="fl-1b">
         <kind>object</kind>
         <file>&lt;internal&gt;</file>
         <name>&lt;internal&gt;</name>
      </input_file>
      <input_file id="fl-d1">
         <path>C:\ti\ccs1210\ccs\tools\compiler\ti-cgt-arm_20.2.7.LTS\lib\</path>
         <kind>archive</kind>
         <file>rtsv7M4_T_le_v4SPD16_eabi.lib</file>
         <name>e_pow.c.obj</name>
      </input_file>
      <input_file id="fl-d2">
         <path>C:\ti\ccs1210\ccs\tools\compiler\ti-cgt-arm_20.2.7.LTS\lib\</path>
         <kind>archive</kind>
         <file>rtsv7M4_T_le_v4SPD16_eabi.lib</file>
         <name>e_sqrt.c.obj</name>
      </input_file>
      <input_file id="fl-d3">
         <path>C:\ti\ccs1210\ccs\tools\compiler\ti-cgt-arm_20.2.7.LTS\lib\</path>
         <kind>archive</kind>
         <file>rtsv7M4_T_le_v4SPD16_eabi.lib</file>
         <name>s_scalbn.c.obj</name>
      </input_file>
      <input_file id="fl-d4">
         <path>C:\ti\ccs1210\ccs\tools\compiler\ti-cgt-arm_20.2.7.LTS\lib\</path>
         <kind>archive</kind>
         <file>rtsv7M4_T_le_v4SPD16_eabi.lib</file>
         <name>printf.c.obj</name>
      </input_file>
      <input_file id="fl-d5">
         <path>C:\ti\ccs1210\ccs\tools\compiler\ti-cgt-arm_20.2.7.LTS\lib\</path>
         <kind>archive</kind>
         <file>rtsv7M4_T_le_v4SPD16_eabi.lib</file>
         <name>_printfi.c.obj</name>
      </input_file>
      <input_file id="fl-d6">
         <path>C:\ti\ccs1210\ccs\tools\compiler\ti-cgt-arm_20.2.7.LTS\lib\</path>
         <kind>archive</kind>
         <file>rtsv7M4_T_le_v4SPD16_eabi.lib</file>
         <name>sprintf.c.obj</name>
      </input_file>
      <input_file id="fl-d7">
         <path>C:\ti\ccs1210\ccs\tools\compiler\ti-cgt-arm_20.2.7.LTS\lib\</path>
         <kind>archive</kind>
         <file>rtsv7M4_T_le_v4SPD16_eabi.lib</file>
         <name>fputc.c.obj</name>
      </input_file>
      <input_file id="fl-d8">
         <path>C:\ti\ccs1210\ccs\tools\compiler\ti-cgt-arm_20.2.7.LTS\lib\</path>
         <kind>archive</kind>
         <file>rtsv7M4_T_le_v4SPD16_eabi.lib</file>
         <name>fputs.c.obj</name>
      </input_file>
      <input_file id="fl-d9">
         <path>C:\ti\ccs1210\ccs\tools\compiler\ti-cgt-arm_20.2.7.LTS\lib\</path>
         <kind>archive</kind>
         <file>rtsv7M4_T_le_v4SPD16_eabi.lib</file>
         <name>_io_perm.c.obj</name>
      </input_file>
      <input_file id="fl-da">
         <path>C:\ti\ccs1210\ccs\tools\compiler\ti-cgt-arm_20.2.7.LTS\lib\</path>
         <kind>archive</kind>
         <file>rtsv7M4_T_le_v4SPD16_eabi.lib</file>
         <name>setvbuf.c.obj</name>
      </input_file>
      <input_file id="fl-db">
         <path>C:\ti\ccs1210\ccs\tools\compiler\ti-cgt-arm_20.2.7.LTS\lib\</path>
         <kind>archive</kind>
         <file>rtsv7M4_T_le_v4SPD16_eabi.lib</file>
         <name>fd_add_t2.asm.obj</name>
      </input_file>
      <input_file id="fl-dc">
         <path>C:\ti\ccs1210\ccs\tools\compiler\ti-cgt-arm_20.2.7.LTS\lib\</path>
         <kind>archive</kind>
         <file>rtsv7M4_T_le_v4SPD16_eabi.lib</file>
         <name>fd_cmp_t2.asm.obj</name>
      </input_file>
      <input_file id="fl-dd">
         <path>C:\ti\ccs1210\ccs\tools\compiler\ti-cgt-arm_20.2.7.LTS\lib\</path>
         <kind>archive</kind>
         <file>rtsv7M4_T_le_v4SPD16_eabi.lib</file>
         <name>fd_div_t2.asm.obj</name>
      </input_file>
      <input_file id="fl-de">
         <path>C:\ti\ccs1210\ccs\tools\compiler\ti-cgt-arm_20.2.7.LTS\lib\</path>
         <kind>archive</kind>
         <file>rtsv7M4_T_le_v4SPD16_eabi.lib</file>
         <name>fd_mul_t2.asm.obj</name>
      </input_file>
      <input_file id="fl-df">
         <path>C:\ti\ccs1210\ccs\tools\compiler\ti-cgt-arm_20.2.7.LTS\lib\</path>
         <kind>archive</kind>
         <file>rtsv7M4_T_le_v4SPD16_eabi.lib</file>
         <name>fd_toi_t2.asm.obj</name>
      </input_file>
      <input_file id="fl-e0">
         <path>C:\ti\ccs1210\ccs\tools\compiler\ti-cgt-arm_20.2.7.LTS\lib\</path>
         <kind>archive</kind>
         <file>rtsv7M4_T_le_v4SPD16_eabi.lib</file>
         <name>fd_tos_t2.asm.obj</name>
      </input_file>
      <input_file id="fl-e1">
         <path>C:\ti\ccs1210\ccs\tools\compiler\ti-cgt-arm_20.2.7.LTS\lib\</path>
         <kind>archive</kind>
         <file>rtsv7M4_T_le_v4SPD16_eabi.lib</file>
         <name>fs_tod_t2.asm.obj</name>
      </input_file>
      <input_file id="fl-e2">
         <path>C:\ti\ccs1210\ccs\tools\compiler\ti-cgt-arm_20.2.7.LTS\lib\</path>
         <kind>archive</kind>
         <file>rtsv7M4_T_le_v4SPD16_eabi.lib</file>
         <name>i_tofd_t2.asm.obj</name>
      </input_file>
      <input_file id="fl-e3">
         <path>C:\ti\ccs1210\ccs\tools\compiler\ti-cgt-arm_20.2.7.LTS\lib\</path>
         <kind>archive</kind>
         <file>rtsv7M4_T_le_v4SPD16_eabi.lib</file>
         <name>memcpy_t2.asm.obj</name>
      </input_file>
      <input_file id="fl-e4">
         <path>C:\ti\ccs1210\ccs\tools\compiler\ti-cgt-arm_20.2.7.LTS\lib\</path>
         <kind>archive</kind>
         <file>rtsv7M4_T_le_v4SPD16_eabi.lib</file>
         <name>memset_t2.asm.obj</name>
      </input_file>
      <input_file id="fl-e5">
         <path>C:\ti\ccs1210\ccs\tools\compiler\ti-cgt-arm_20.2.7.LTS\lib\</path>
         <kind>archive</kind>
         <file>rtsv7M4_T_le_v4SPD16_eabi.lib</file>
         <name>ull_div_t2.asm.obj</name>
      </input_file>
      <input_file id="fl-e6">
         <path>C:\ti\ccs1210\ccs\tools\compiler\ti-cgt-arm_20.2.7.LTS\lib\</path>
         <kind>archive</kind>
         <file>rtsv7M4_T_le_v4SPD16_eabi.lib</file>
         <name>copy_zero_init.c.obj</name>
      </input_file>
      <input_file id="fl-e7">
         <path>C:\ti\ccs1210\ccs\tools\compiler\ti-cgt-arm_20.2.7.LTS\lib\</path>
         <kind>archive</kind>
         <file>rtsv7M4_T_le_v4SPD16_eabi.lib</file>
         <name>copy_decompress_none.c.obj</name>
      </input_file>
      <input_file id="fl-e8">
         <path>C:\ti\ccs1210\ccs\tools\compiler\ti-cgt-arm_20.2.7.LTS\lib\</path>
         <kind>archive</kind>
         <file>rtsv7M4_T_le_v4SPD16_eabi.lib</file>
         <name>copy_decompress_lzss.c.obj</name>
      </input_file>
      <input_file id="fl-e9">
         <path>C:\ti\ccs1210\ccs\tools\compiler\ti-cgt-arm_20.2.7.LTS\lib\</path>
         <kind>archive</kind>
         <file>rtsv7M4_T_le_v4SPD16_eabi.lib</file>
         <name>exit.c.obj</name>
      </input_file>
      <input_file id="fl-ea">
         <path>C:\ti\ccs1210\ccs\tools\compiler\ti-cgt-arm_20.2.7.LTS\lib\</path>
         <kind>archive</kind>
         <file>rtsv7M4_T_le_v4SPD16_eabi.lib</file>
         <name>_lock.c.obj</name>
      </input_file>
      <input_file id="fl-eb">
         <path>C:\ti\ccs1210\ccs\tools\compiler\ti-cgt-arm_20.2.7.LTS\lib\</path>
         <kind>archive</kind>
         <file>rtsv7M4_T_le_v4SPD16_eabi.lib</file>
         <name>_ltoa.c.obj</name>
      </input_file>
      <input_file id="fl-ec">
         <path>C:\ti\ccs1210\ccs\tools\compiler\ti-cgt-arm_20.2.7.LTS\lib\</path>
         <kind>archive</kind>
         <file>rtsv7M4_T_le_v4SPD16_eabi.lib</file>
         <name>atoi.c.obj</name>
      </input_file>
      <input_file id="fl-ed">
         <path>C:\ti\ccs1210\ccs\tools\compiler\ti-cgt-arm_20.2.7.LTS\lib\</path>
         <kind>archive</kind>
         <file>rtsv7M4_T_le_v4SPD16_eabi.lib</file>
         <name>ctype.c.obj</name>
      </input_file>
      <input_file id="fl-ee">
         <path>C:\ti\ccs1210\ccs\tools\compiler\ti-cgt-arm_20.2.7.LTS\lib\</path>
         <kind>archive</kind>
         <file>rtsv7M4_T_le_v4SPD16_eabi.lib</file>
         <name>defs.c.obj</name>
      </input_file>
      <input_file id="fl-ef">
         <path>C:\ti\ccs1210\ccs\tools\compiler\ti-cgt-arm_20.2.7.LTS\lib\</path>
         <kind>archive</kind>
         <file>rtsv7M4_T_le_v4SPD16_eabi.lib</file>
         <name>memccpy.c.obj</name>
      </input_file>
      <input_file id="fl-f0">
         <path>C:\ti\ccs1210\ccs\tools\compiler\ti-cgt-arm_20.2.7.LTS\lib\</path>
         <kind>archive</kind>
         <file>rtsv7M4_T_le_v4SPD16_eabi.lib</file>
         <name>memchr.c.obj</name>
      </input_file>
      <input_file id="fl-f1">
         <path>C:\ti\ccs1210\ccs\tools\compiler\ti-cgt-arm_20.2.7.LTS\lib\</path>
         <kind>archive</kind>
         <file>rtsv7M4_T_le_v4SPD16_eabi.lib</file>
         <name>memory.c.obj</name>
      </input_file>
      <input_file id="fl-f2">
         <path>C:\ti\ccs1210\ccs\tools\compiler\ti-cgt-arm_20.2.7.LTS\lib\</path>
         <kind>archive</kind>
         <file>rtsv7M4_T_le_v4SPD16_eabi.lib</file>
         <name>strchr.c.obj</name>
      </input_file>
      <input_file id="fl-f3">
         <path>C:\ti\ccs1210\ccs\tools\compiler\ti-cgt-arm_20.2.7.LTS\lib\</path>
         <kind>archive</kind>
         <file>rtsv7M4_T_le_v4SPD16_eabi.lib</file>
         <name>strlen.c.obj</name>
      </input_file>
      <input_file id="fl-f4">
         <path>C:\ti\ccs1210\ccs\tools\compiler\ti-cgt-arm_20.2.7.LTS\lib\</path>
         <kind>archive</kind>
         <file>rtsv7M4_T_le_v4SPD16_eabi.lib</file>
         <name>boot_cortex_m.c.obj</name>
      </input_file>
      <input_file id="fl-f5">
         <path>C:\ti\ccs1210\ccs\tools\compiler\ti-cgt-arm_20.2.7.LTS\lib\</path>
         <kind>archive</kind>
         <file>rtsv7M4_T_le_v4SPD16_eabi.lib</file>
         <name>write.c.obj</name>
      </input_file>
      <input_file id="fl-f6">
         <path>C:\ti\ccs1210\ccs\tools\compiler\ti-cgt-arm_20.2.7.LTS\lib\</path>
         <kind>archive</kind>
         <file>rtsv7M4_T_le_v4SPD16_eabi.lib</file>
         <name>host_device.c.obj</name>
      </input_file>
      <input_file id="fl-f7">
         <path>C:\ti\ccs1210\ccs\tools\compiler\ti-cgt-arm_20.2.7.LTS\lib\</path>
         <kind>archive</kind>
         <file>rtsv7M4_T_le_v4SPD16_eabi.lib</file>
         <name>time.c.obj</name>
      </input_file>
      <input_file id="fl-f8">
         <path>C:\ti\ccs1210\ccs\tools\compiler\ti-cgt-arm_20.2.7.LTS\lib\</path>
         <kind>archive</kind>
         <file>rtsv7M4_T_le_v4SPD16_eabi.lib</file>
         <name>errno.c.obj</name>
      </input_file>
      <input_file id="fl-f9">
         <path>C:\ti\ccs1210\ccs\tools\compiler\ti-cgt-arm_20.2.7.LTS\lib\</path>
         <kind>archive</kind>
         <file>rtsv7M4_T_le_v4SPD16_eabi.lib</file>
         <name>wcslen.c.obj</name>
      </input_file>
      <input_file id="fl-fa">
         <path>C:\ti\ccs1210\ccs\tools\compiler\ti-cgt-arm_20.2.7.LTS\lib\</path>
         <kind>archive</kind>
         <file>rtsv7M4_T_le_v4SPD16_eabi.lib</file>
         <name>s_copysign.c.obj</name>
      </input_file>
      <input_file id="fl-fb">
         <path>C:\ti\ccs1210\ccs\tools\compiler\ti-cgt-arm_20.2.7.LTS\lib\</path>
         <kind>archive</kind>
         <file>rtsv7M4_T_le_v4SPD16_eabi.lib</file>
         <name>s_frexp.c.obj</name>
      </input_file>
      <input_file id="fl-fc">
         <path>C:\ti\ccs1210\ccs\tools\compiler\ti-cgt-arm_20.2.7.LTS\lib\</path>
         <kind>archive</kind>
         <file>rtsv7M4_T_le_v4SPD16_eabi.lib</file>
         <name>fflush.c.obj</name>
      </input_file>
      <input_file id="fl-fd">
         <path>C:\ti\ccs1210\ccs\tools\compiler\ti-cgt-arm_20.2.7.LTS\lib\</path>
         <kind>archive</kind>
         <file>rtsv7M4_T_le_v4SPD16_eabi.lib</file>
         <name>fopen.c.obj</name>
      </input_file>
      <input_file id="fl-fe">
         <path>C:\ti\ccs1210\ccs\tools\compiler\ti-cgt-arm_20.2.7.LTS\lib\</path>
         <kind>archive</kind>
         <file>rtsv7M4_T_le_v4SPD16_eabi.lib</file>
         <name>fseek.c.obj</name>
      </input_file>
      <input_file id="fl-ff">
         <path>C:\ti\ccs1210\ccs\tools\compiler\ti-cgt-arm_20.2.7.LTS\lib\</path>
         <kind>archive</kind>
         <file>rtsv7M4_T_le_v4SPD16_eabi.lib</file>
         <name>div0.asm.obj</name>
      </input_file>
      <input_file id="fl-100">
         <path>C:\ti\ccs1210\ccs\tools\compiler\ti-cgt-arm_20.2.7.LTS\lib\</path>
         <kind>archive</kind>
         <file>rtsv7M4_T_le_v4SPD16_eabi.lib</file>
         <name>autoinit.c.obj</name>
      </input_file>
      <input_file id="fl-101">
         <path>C:\ti\ccs1210\ccs\tools\compiler\ti-cgt-arm_20.2.7.LTS\lib\</path>
         <kind>archive</kind>
         <file>rtsv7M4_T_le_v4SPD16_eabi.lib</file>
         <name>pre_init.c.obj</name>
      </input_file>
      <input_file id="fl-102">
         <path>C:\ti\ccs1210\ccs\tools\compiler\ti-cgt-arm_20.2.7.LTS\lib\</path>
         <kind>archive</kind>
         <file>rtsv7M4_T_le_v4SPD16_eabi.lib</file>
         <name>cpy_tbl.c.obj</name>
      </input_file>
      <input_file id="fl-103">
         <path>C:\ti\ccs1210\ccs\tools\compiler\ti-cgt-arm_20.2.7.LTS\lib\</path>
         <kind>archive</kind>
         <file>rtsv7M4_T_le_v4SPD16_eabi.lib</file>
         <name>args_main.c.obj</name>
      </input_file>
      <input_file id="fl-104">
         <path>C:\ti\ccs1210\ccs\tools\compiler\ti-cgt-arm_20.2.7.LTS\lib\</path>
         <kind>archive</kind>
         <file>rtsv7M4_T_le_v4SPD16_eabi.lib</file>
         <name>hostclose.c.obj</name>
      </input_file>
      <input_file id="fl-105">
         <path>C:\ti\ccs1210\ccs\tools\compiler\ti-cgt-arm_20.2.7.LTS\lib\</path>
         <kind>archive</kind>
         <file>rtsv7M4_T_le_v4SPD16_eabi.lib</file>
         <name>hostlseek.c.obj</name>
      </input_file>
      <input_file id="fl-106">
         <path>C:\ti\ccs1210\ccs\tools\compiler\ti-cgt-arm_20.2.7.LTS\lib\</path>
         <kind>archive</kind>
         <file>rtsv7M4_T_le_v4SPD16_eabi.lib</file>
         <name>hostopen.c.obj</name>
      </input_file>
      <input_file id="fl-107">
         <path>C:\ti\ccs1210\ccs\tools\compiler\ti-cgt-arm_20.2.7.LTS\lib\</path>
         <kind>archive</kind>
         <file>rtsv7M4_T_le_v4SPD16_eabi.lib</file>
         <name>hostread.c.obj</name>
      </input_file>
      <input_file id="fl-108">
         <path>C:\ti\ccs1210\ccs\tools\compiler\ti-cgt-arm_20.2.7.LTS\lib\</path>
         <kind>archive</kind>
         <file>rtsv7M4_T_le_v4SPD16_eabi.lib</file>
         <name>hostrename.c.obj</name>
      </input_file>
      <input_file id="fl-109">
         <path>C:\ti\ccs1210\ccs\tools\compiler\ti-cgt-arm_20.2.7.LTS\lib\</path>
         <kind>archive</kind>
         <file>rtsv7M4_T_le_v4SPD16_eabi.lib</file>
         <name>hosttime.c.obj</name>
      </input_file>
      <input_file id="fl-10a">
         <path>C:\ti\ccs1210\ccs\tools\compiler\ti-cgt-arm_20.2.7.LTS\lib\</path>
         <kind>archive</kind>
         <file>rtsv7M4_T_le_v4SPD16_eabi.lib</file>
         <name>hostunlink.c.obj</name>
      </input_file>
      <input_file id="fl-10b">
         <path>C:\ti\ccs1210\ccs\tools\compiler\ti-cgt-arm_20.2.7.LTS\lib\</path>
         <kind>archive</kind>
         <file>rtsv7M4_T_le_v4SPD16_eabi.lib</file>
         <name>hostwrite.c.obj</name>
      </input_file>
      <input_file id="fl-10c">
         <path>C:\ti\ccs1210\ccs\tools\compiler\ti-cgt-arm_20.2.7.LTS\lib\</path>
         <kind>archive</kind>
         <file>rtsv7M4_T_le_v4SPD16_eabi.lib</file>
         <name>trgmsg.c.obj</name>
      </input_file>
      <input_file id="fl-10d">
         <path>C:\ti\ccs1210\ccs\tools\compiler\ti-cgt-arm_20.2.7.LTS\lib\</path>
         <kind>archive</kind>
         <file>rtsv7M4_T_le_v4SPD16_eabi.lib</file>
         <name>open.c.obj</name>
      </input_file>
      <input_file id="fl-10e">
         <path>C:\ti\ccs1210\ccs\tools\compiler\ti-cgt-arm_20.2.7.LTS\lib\</path>
         <kind>archive</kind>
         <file>rtsv7M4_T_le_v4SPD16_eabi.lib</file>
         <name>lseek.c.obj</name>
      </input_file>
      <input_file id="fl-10f">
         <path>C:\ti\ccs1210\ccs\tools\compiler\ti-cgt-arm_20.2.7.LTS\lib\</path>
         <kind>archive</kind>
         <file>rtsv7M4_T_le_v4SPD16_eabi.lib</file>
         <name>fclose.c.obj</name>
      </input_file>
      <input_file id="fl-110">
         <path>C:\ti\ccs1210\ccs\tools\compiler\ti-cgt-arm_20.2.7.LTS\lib\</path>
         <kind>archive</kind>
         <file>rtsv7M4_T_le_v4SPD16_eabi.lib</file>
         <name>getdevice.c.obj</name>
      </input_file>
      <input_file id="fl-111">
         <path>C:\ti\ccs1210\ccs\tools\compiler\ti-cgt-arm_20.2.7.LTS\lib\</path>
         <kind>archive</kind>
         <file>rtsv7M4_T_le_v4SPD16_eabi.lib</file>
         <name>strcmp.c.obj</name>
      </input_file>
      <input_file id="fl-112">
         <path>C:\ti\ccs1210\ccs\tools\compiler\ti-cgt-arm_20.2.7.LTS\lib\</path>
         <kind>archive</kind>
         <file>rtsv7M4_T_le_v4SPD16_eabi.lib</file>
         <name>strcpy.c.obj</name>
      </input_file>
      <input_file id="fl-113">
         <path>C:\ti\ccs1210\ccs\tools\compiler\ti-cgt-arm_20.2.7.LTS\lib\</path>
         <kind>archive</kind>
         <file>rtsv7M4_T_le_v4SPD16_eabi.lib</file>
         <name>strncpy.c.obj</name>
      </input_file>
      <input_file id="fl-114">
         <path>C:\ti\ccs1210\ccs\tools\compiler\ti-cgt-arm_20.2.7.LTS\lib\</path>
         <kind>archive</kind>
         <file>rtsv7M4_T_le_v4SPD16_eabi.lib</file>
         <name>remove.c.obj</name>
      </input_file>
      <input_file id="fl-115">
         <path>C:\ti\ccs1210\ccs\tools\compiler\ti-cgt-arm_20.2.7.LTS\lib\</path>
         <kind>archive</kind>
         <file>rtsv7M4_T_le_v4SPD16_eabi.lib</file>
         <name>close.c.obj</name>
      </input_file>
      <input_file id="fl-116">
         <path>C:\ti\ccs1210\ccs\tools\compiler\ti-cgt-arm_20.2.7.LTS\lib\</path>
         <kind>archive</kind>
         <file>rtsv7M4_T_le_v4SPD16_eabi.lib</file>
         <name>unlink.c.obj</name>
      </input_file>
      <input_file id="fl-117">
         <path>C:\Users\pietr\Desktop\workspace_IoT\simplelink_msp432p4_sdk_3_40_01_02\source\ti\devices\msp432p4xx\driverlib\ccs\</path>
         <kind>archive</kind>
         <file>msp432p4xx_driverlib.lib</file>
         <name>adc14.o</name>
      </input_file>
      <input_file id="fl-118">
         <path>C:\Users\pietr\Desktop\workspace_IoT\simplelink_msp432p4_sdk_3_40_01_02\source\ti\devices\msp432p4xx\driverlib\ccs\</path>
         <kind>archive</kind>
         <file>msp432p4xx_driverlib.lib</file>
         <name>cs.o</name>
      </input_file>
      <input_file id="fl-119">
         <path>C:\Users\pietr\Desktop\workspace_IoT\simplelink_msp432p4_sdk_3_40_01_02\source\ti\devices\msp432p4xx\driverlib\ccs\</path>
         <kind>archive</kind>
         <file>msp432p4xx_driverlib.lib</file>
         <name>flash.o</name>
      </input_file>
      <input_file id="fl-11a">
         <path>C:\Users\pietr\Desktop\workspace_IoT\simplelink_msp432p4_sdk_3_40_01_02\source\ti\devices\msp432p4xx\driverlib\ccs\</path>
         <kind>archive</kind>
         <file>msp432p4xx_driverlib.lib</file>
         <name>gpio.o</name>
      </input_file>
      <input_file id="fl-11b">
         <path>C:\Users\pietr\Desktop\workspace_IoT\simplelink_msp432p4_sdk_3_40_01_02\source\ti\devices\msp432p4xx\driverlib\ccs\</path>
         <kind>archive</kind>
         <file>msp432p4xx_driverlib.lib</file>
         <name>i2c.o</name>
      </input_file>
      <input_file id="fl-11c">
         <path>C:\Users\pietr\Desktop\workspace_IoT\simplelink_msp432p4_sdk_3_40_01_02\source\ti\devices\msp432p4xx\driverlib\ccs\</path>
         <kind>archive</kind>
         <file>msp432p4xx_driverlib.lib</file>
         <name>interrupt.o</name>
      </input_file>
      <input_file id="fl-11d">
         <path>C:\Users\pietr\Desktop\workspace_IoT\simplelink_msp432p4_sdk_3_40_01_02\source\ti\devices\msp432p4xx\driverlib\ccs\</path>
         <kind>archive</kind>
         <file>msp432p4xx_driverlib.lib</file>
         <name>pcm.o</name>
      </input_file>
      <input_file id="fl-11e">
         <path>C:\Users\pietr\Desktop\workspace_IoT\simplelink_msp432p4_sdk_3_40_01_02\source\ti\devices\msp432p4xx\driverlib\ccs\</path>
         <kind>archive</kind>
         <file>msp432p4xx_driverlib.lib</file>
         <name>rtc_c.o</name>
      </input_file>
      <input_file id="fl-11f">
         <path>C:\Users\pietr\Desktop\workspace_IoT\simplelink_msp432p4_sdk_3_40_01_02\source\ti\devices\msp432p4xx\driverlib\ccs\</path>
         <kind>archive</kind>
         <file>msp432p4xx_driverlib.lib</file>
         <name>spi.o</name>
      </input_file>
      <input_file id="fl-120">
         <path>C:\Users\pietr\Desktop\workspace_IoT\simplelink_msp432p4_sdk_3_40_01_02\source\ti\devices\msp432p4xx\driverlib\ccs\</path>
         <kind>archive</kind>
         <file>msp432p4xx_driverlib.lib</file>
         <name>sysctl.o</name>
      </input_file>
      <input_file id="fl-121">
         <path>C:\Users\pietr\Desktop\workspace_IoT\simplelink_msp432p4_sdk_3_40_01_02\source\ti\devices\msp432p4xx\driverlib\ccs\</path>
         <kind>archive</kind>
         <file>msp432p4xx_driverlib.lib</file>
         <name>sysctl_a.o</name>
      </input_file>
      <input_file id="fl-122">
         <path>C:\Users\pietr\Desktop\workspace_IoT\simplelink_msp432p4_sdk_3_40_01_02\source\ti\devices\msp432p4xx\driverlib\ccs\</path>
         <kind>archive</kind>
         <file>msp432p4xx_driverlib.lib</file>
         <name>uart.o</name>
      </input_file>
      <input_file id="fl-123">
         <path>C:\Users\pietr\Desktop\workspace_IoT\simplelink_msp432p4_sdk_3_40_01_02\source\ti\devices\msp432p4xx\driverlib\ccs\</path>
         <kind>archive</kind>
         <file>msp432p4xx_driverlib.lib</file>
         <name>wdt_a.o</name>
      </input_file>
      <input_file id="fl-124">
         <path>C:\Users\pietr\Desktop\workspace_IoT\simplelink_msp432p4_sdk_3_40_01_02\source\ti\devices\msp432p4xx\driverlib\ccs\</path>
         <kind>archive</kind>
         <file>msp432p4xx_driverlib.lib</file>
         <name>cpu.o</name>
      </input_file>
      <input_file id="fl-125">
         <path>C:\Users\pietr\Desktop\workspace_IoT\simplelink_msp432p4_sdk_3_40_01_02\source\ti\grlib\lib\ccs\m4f\</path>
         <kind>archive</kind>
         <file>grlib.a</file>
         <name>circle.obj</name>
      </input_file>
      <input_file id="fl-126">
         <path>C:\Users\pietr\Desktop\workspace_IoT\simplelink_msp432p4_sdk_3_40_01_02\source\ti\grlib\lib\ccs\m4f\</path>
         <kind>archive</kind>
         <file>grlib.a</file>
         <name>context.obj</name>
      </input_file>
      <input_file id="fl-127">
         <path>C:\Users\pietr\Desktop\workspace_IoT\simplelink_msp432p4_sdk_3_40_01_02\source\ti\grlib\lib\ccs\m4f\</path>
         <kind>archive</kind>
         <file>grlib.a</file>
         <name>display.obj</name>
      </input_file>
      <input_file id="fl-128">
         <path>C:\Users\pietr\Desktop\workspace_IoT\simplelink_msp432p4_sdk_3_40_01_02\source\ti\grlib\lib\ccs\m4f\</path>
         <kind>archive</kind>
         <file>grlib.a</file>
         <name>fontcmss20.obj</name>
      </input_file>
      <input_file id="fl-129">
         <path>C:\Users\pietr\Desktop\workspace_IoT\simplelink_msp432p4_sdk_3_40_01_02\source\ti\grlib\lib\ccs\m4f\</path>
         <kind>archive</kind>
         <file>grlib.a</file>
         <name>fontfixed6x8.obj</name>
      </input_file>
      <input_file id="fl-12a">
         <path>C:\Users\pietr\Desktop\workspace_IoT\simplelink_msp432p4_sdk_3_40_01_02\source\ti\grlib\lib\ccs\m4f\</path>
         <kind>archive</kind>
         <file>grlib.a</file>
         <name>image.obj</name>
      </input_file>
      <input_file id="fl-12b">
         <path>C:\Users\pietr\Desktop\workspace_IoT\simplelink_msp432p4_sdk_3_40_01_02\source\ti\grlib\lib\ccs\m4f\</path>
         <kind>archive</kind>
         <file>grlib.a</file>
         <name>line.obj</name>
      </input_file>
      <input_file id="fl-12c">
         <path>C:\Users\pietr\Desktop\workspace_IoT\simplelink_msp432p4_sdk_3_40_01_02\source\ti\grlib\lib\ccs\m4f\</path>
         <kind>archive</kind>
         <file>grlib.a</file>
         <name>rectangle.obj</name>
      </input_file>
      <input_file id="fl-12d">
         <path>C:\Users\pietr\Desktop\workspace_IoT\simplelink_msp432p4_sdk_3_40_01_02\source\ti\grlib\lib\ccs\m4f\</path>
         <kind>archive</kind>
         <file>grlib.a</file>
         <name>string.obj</name>
      </input_file>
   </input_file_list>
   <object_component_list>
      <object_component id="oc-26">
         <name>.intvecs:retain</name>
         <load_address>0x0</load_address>
         <run_address>0x0</run_address>
         <size>0xe4</size>
         <input_file_ref idref="fl-f"/>
      </object_component>
      <object_component id="oc-411">
         <name>.text:__TI_printfi</name>
         <load_address>0xb1ec</load_address>
         <run_address>0xb1ec</run_address>
         <size>0xa4e</size>
         <input_file_ref idref="fl-d5"/>
      </object_component>
      <object_component id="oc-4c7">
         <name>.text:_nop</name>
         <load_address>0xbc3a</load_address>
         <run_address>0xbc3a</run_address>
         <size>0x2</size>
         <input_file_ref idref="fl-ea"/>
      </object_component>
      <object_component id="oc-1f7">
         <name>.text</name>
         <load_address>0xbc3c</load_address>
         <run_address>0xbc3c</run_address>
         <size>0x680</size>
         <input_file_ref idref="fl-11"/>
      </object_component>
      <object_component id="oc-2f9">
         <name>.text:Graphics_drawString</name>
         <load_address>0xc2bc</load_address>
         <run_address>0xc2bc</run_address>
         <size>0x47e</size>
         <input_file_ref idref="fl-12d"/>
      </object_component>
      <object_component id="oc-2ff">
         <name>.text:Graphics_drawImage</name>
         <load_address>0xc73a</load_address>
         <run_address>0xc73a</run_address>
         <size>0x390</size>
         <input_file_ref idref="fl-12a"/>
      </object_component>
      <object_component id="oc-6e3">
         <name>.text</name>
         <load_address>0xcaca</load_address>
         <run_address>0xcaca</run_address>
         <size>0x2</size>
         <input_file_ref idref="fl-ff"/>
      </object_component>
      <object_component id="oc-ac">
         <name>.text</name>
         <load_address>0xcacc</load_address>
         <run_address>0xcacc</run_address>
         <size>0x334</size>
         <input_file_ref idref="fl-10"/>
      </object_component>
      <object_component id="oc-d7">
         <name>.text</name>
         <load_address>0xce00</load_address>
         <run_address>0xce00</run_address>
         <size>0x2f8</size>
         <input_file_ref idref="fl-8"/>
      </object_component>
      <object_component id="oc-b9">
         <name>.text</name>
         <load_address>0xd0f8</load_address>
         <run_address>0xd0f8</run_address>
         <size>0x2cc</size>
         <input_file_ref idref="fl-b"/>
      </object_component>
      <object_component id="oc-57a">
         <name>.text:_pconv_a</name>
         <load_address>0xd3c4</load_address>
         <run_address>0xd3c4</run_address>
         <size>0x270</size>
         <input_file_ref idref="fl-d5"/>
      </object_component>
      <object_component id="oc-259">
         <name>.text:Graphics_drawCircle</name>
         <load_address>0xd634</load_address>
         <run_address>0xd634</run_address>
         <size>0x26e</size>
         <input_file_ref idref="fl-125"/>
      </object_component>
      <object_component id="oc-70">
         <name>.text</name>
         <load_address>0xd8a4</load_address>
         <run_address>0xd8a4</run_address>
         <size>0x260</size>
         <input_file_ref idref="fl-7"/>
      </object_component>
      <object_component id="oc-253">
         <name>.text:Graphics_fillCircle</name>
         <load_address>0xdb04</load_address>
         <run_address>0xdb04</run_address>
         <size>0x22a</size>
         <input_file_ref idref="fl-125"/>
      </object_component>
      <object_component id="oc-f5">
         <name>.text</name>
         <load_address>0xdd30</load_address>
         <run_address>0xdd30</run_address>
         <size>0x210</size>
         <input_file_ref idref="fl-c"/>
      </object_component>
      <object_component id="oc-568">
         <name>.text:_pconv_g</name>
         <load_address>0xdf40</load_address>
         <run_address>0xdf40</run_address>
         <size>0x1d0</size>
         <input_file_ref idref="fl-d5"/>
      </object_component>
      <object_component id="oc-b3">
         <name>.text</name>
         <load_address>0xe110</load_address>
         <run_address>0xe110</run_address>
         <size>0x1bc</size>
         <input_file_ref idref="fl-9"/>
      </object_component>
      <object_component id="oc-2a1">
         <name>.text</name>
         <load_address>0xe2cc</load_address>
         <run_address>0xe2cc</run_address>
         <size>0x1b6</size>
         <input_file_ref idref="fl-db"/>
      </object_component>
      <object_component id="oc-fb">
         <name>.text</name>
         <load_address>0xe484</load_address>
         <run_address>0xe484</run_address>
         <size>0x1ac</size>
         <input_file_ref idref="fl-e"/>
      </object_component>
      <object_component id="oc-27c">
         <name>.text:_getIndexForMemRegister</name>
         <load_address>0xe630</load_address>
         <run_address>0xe630</run_address>
         <size>0x160</size>
         <input_file_ref idref="fl-117"/>
      </object_component>
      <object_component id="oc-634">
         <name>.text:__PCM_setPowerModeAdvanced</name>
         <load_address>0xe790</load_address>
         <run_address>0xe790</run_address>
         <size>0x15c</size>
         <input_file_ref idref="fl-11d"/>
      </object_component>
      <object_component id="oc-574">
         <name>.text:_pconv_e</name>
         <load_address>0xe8ec</load_address>
         <run_address>0xe8ec</run_address>
         <size>0x13c</size>
         <input_file_ref idref="fl-d5"/>
      </object_component>
      <object_component id="oc-29c">
         <name>.text</name>
         <load_address>0xea28</load_address>
         <run_address>0xea28</run_address>
         <size>0x136</size>
         <input_file_ref idref="fl-dd"/>
      </object_component>
      <object_component id="oc-662">
         <name>.text:fcvt</name>
         <load_address>0xeb60</load_address>
         <run_address>0xeb60</run_address>
         <size>0x124</size>
         <input_file_ref idref="fl-d5"/>
      </object_component>
      <object_component id="oc-21b">
         <name>.text:UART_initModule</name>
         <load_address>0xec84</load_address>
         <run_address>0xec84</run_address>
         <size>0x11c</size>
         <input_file_ref idref="fl-122"/>
      </object_component>
      <object_component id="oc-5ad">
         <name>.text:fputs</name>
         <load_address>0xeda0</load_address>
         <run_address>0xeda0</run_address>
         <size>0x114</size>
         <input_file_ref idref="fl-d8"/>
      </object_component>
      <object_component id="oc-286">
         <name>.text:Graphics_fillRectangle</name>
         <load_address>0xeeb4</load_address>
         <run_address>0xeeb4</run_address>
         <size>0x112</size>
         <input_file_ref idref="fl-12c"/>
      </object_component>
      <object_component id="oc-676">
         <name>.text:scalbn</name>
         <load_address>0xefc8</load_address>
         <run_address>0xefc8</run_address>
         <size>0x110</size>
         <input_file_ref idref="fl-d3"/>
      </object_component>
      <object_component id="oc-3b9">
         <name>.text:__PCM_setCoreVoltageLevelAdvanced</name>
         <load_address>0xf0d8</load_address>
         <run_address>0xf0d8</run_address>
         <size>0x108</size>
         <input_file_ref idref="fl-11d"/>
      </object_component>
      <object_component id="oc-78d">
         <name>.text:aligned_alloc</name>
         <load_address>0xf1e0</load_address>
         <run_address>0xf1e0</run_address>
         <size>0x100</size>
         <input_file_ref idref="fl-f1"/>
      </object_component>
      <object_component id="oc-297">
         <name>.text</name>
         <load_address>0xf2e0</load_address>
         <run_address>0xf2e0</run_address>
         <size>0xfc</size>
         <input_file_ref idref="fl-de"/>
      </object_component>
      <object_component id="oc-42a">
         <name>.text:Graphics_getStringWidth</name>
         <load_address>0xf3dc</load_address>
         <run_address>0xf3dc</run_address>
         <size>0xfa</size>
         <input_file_ref idref="fl-12d"/>
      </object_component>
      <object_component id="oc-ef">
         <name>.text</name>
         <load_address>0xf4d8</load_address>
         <run_address>0xf4d8</run_address>
         <size>0xf0</size>
         <input_file_ref idref="fl-d"/>
      </object_component>
      <object_component id="oc-74b">
         <name>.text:free</name>
         <load_address>0xf5c8</load_address>
         <run_address>0xf5c8</run_address>
         <size>0xe4</size>
         <input_file_ref idref="fl-f1"/>
      </object_component>
      <object_component id="oc-101">
         <name>.text</name>
         <load_address>0xf6ac</load_address>
         <run_address>0xf6ac</run_address>
         <size>0xdc</size>
         <input_file_ref idref="fl-a"/>
      </object_component>
      <object_component id="oc-719">
         <name>.text:setvbuf</name>
         <load_address>0xf788</load_address>
         <run_address>0xf788</run_address>
         <size>0xdc</size>
         <input_file_ref idref="fl-da"/>
      </object_component>
      <object_component id="oc-38f">
         <name>.text</name>
         <load_address>0xf864</load_address>
         <run_address>0xf864</run_address>
         <size>0xcc</size>
         <input_file_ref idref="fl-13"/>
      </object_component>
      <object_component id="oc-1c1">
         <name>.text:ADC14_configureConversionMemory</name>
         <load_address>0xf930</load_address>
         <run_address>0xf930</run_address>
         <size>0xb4</size>
         <input_file_ref idref="fl-117"/>
      </object_component>
      <object_component id="oc-1bb">
         <name>.text:ADC14_configureMultiSequenceMode</name>
         <load_address>0xf9e4</load_address>
         <run_address>0xf9e4</run_address>
         <size>0xb4</size>
         <input_file_ref idref="fl-117"/>
      </object_component>
      <object_component id="oc-55d">
         <name>.text:_ltostr</name>
         <load_address>0xfa98</load_address>
         <run_address>0xfa98</run_address>
         <size>0xb1</size>
         <input_file_ref idref="fl-d5"/>
      </object_component>
      <object_component id="oc-4fd">
         <name>.text:SPI_initMaster</name>
         <load_address>0xfb4a</load_address>
         <run_address>0xfb4a</run_address>
         <size>0xb0</size>
         <input_file_ref idref="fl-11f"/>
      </object_component>
      <object_component id="oc-3d4">
         <name>.text:Graphics_drawLineH</name>
         <load_address>0xfbfa</load_address>
         <run_address>0xfbfa</run_address>
         <size>0x9c</size>
         <input_file_ref idref="fl-12b"/>
      </object_component>
      <object_component id="oc-28c">
         <name>.text:Graphics_drawLineV</name>
         <load_address>0xfc96</load_address>
         <run_address>0xfc96</run_address>
         <size>0x9c</size>
         <input_file_ref idref="fl-12b"/>
      </object_component>
      <object_component id="oc-3a">
         <name>.text</name>
         <load_address>0xfd32</load_address>
         <run_address>0xfd32</run_address>
         <size>0x9c</size>
         <input_file_ref idref="fl-e3"/>
      </object_component>
      <object_component id="oc-643">
         <name>.text</name>
         <load_address>0xfdce</load_address>
         <run_address>0xfdce</run_address>
         <size>0x96</size>
         <input_file_ref idref="fl-e5"/>
      </object_component>
      <object_component id="oc-5b4">
         <name>.text:fputc</name>
         <load_address>0xfe64</load_address>
         <run_address>0xfe64</run_address>
         <size>0x8c</size>
         <input_file_ref idref="fl-d7"/>
      </object_component>
      <object_component id="oc-1c7">
         <name>.text:GPIO_setAsPeripheralModuleFunctionInputPin</name>
         <load_address>0xfef0</load_address>
         <run_address>0xfef0</run_address>
         <size>0x88</size>
         <input_file_ref idref="fl-11a"/>
      </object_component>
      <object_component id="oc-4f7">
         <name>.text:GPIO_setAsPeripheralModuleFunctionOutputPin</name>
         <load_address>0xff78</load_address>
         <run_address>0xff78</run_address>
         <size>0x88</size>
         <input_file_ref idref="fl-11a"/>
      </object_component>
      <object_component id="oc-563">
         <name>.text:__aeabi_cdcmple</name>
         <load_address>0x10000</load_address>
         <run_address>0x10000</run_address>
         <size>0x86</size>
         <input_file_ref idref="fl-dc"/>
      </object_component>
      <object_component id="oc-2b0">
         <name>.text:__aeabi_cdrcmple</name>
         <load_address>0x10086</load_address>
         <run_address>0x10086</run_address>
         <size>0x86</size>
         <input_file_ref idref="fl-dc"/>
      </object_component>
      <object_component id="oc-dd">
         <name>.text:GPIO_getEnabledInterruptStatus</name>
         <load_address>0x1010c</load_address>
         <run_address>0x1010c</run_address>
         <size>0x84</size>
         <input_file_ref idref="fl-11a"/>
      </object_component>
      <object_component id="oc-1b5">
         <name>.text:Interrupt_enableInterrupt</name>
         <load_address>0x10190</load_address>
         <run_address>0x10190</run_address>
         <size>0x80</size>
         <input_file_ref idref="fl-11c"/>
      </object_component>
      <object_component id="oc-94">
         <name>.text</name>
         <load_address>0x10210</load_address>
         <run_address>0x10210</run_address>
         <size>0x7a</size>
         <input_file_ref idref="fl-e4"/>
      </object_component>
      <object_component id="oc-794">
         <name>.text:__TI_closefile</name>
         <load_address>0x1028c</load_address>
         <run_address>0x1028c</run_address>
         <size>0x74</size>
         <input_file_ref idref="fl-10f"/>
      </object_component>
      <object_component id="oc-7d5">
         <name>.text:split</name>
         <load_address>0x10300</load_address>
         <run_address>0x10300</run_address>
         <size>0x70</size>
         <input_file_ref idref="fl-f1"/>
      </object_component>
      <object_component id="oc-65b">
         <name>.text:_mcpy</name>
         <load_address>0x10370</load_address>
         <run_address>0x10370</run_address>
         <size>0x6e</size>
         <input_file_ref idref="fl-d5"/>
      </object_component>
      <object_component id="oc-2a6">
         <name>.text</name>
         <load_address>0x103de</load_address>
         <run_address>0x103de</run_address>
         <size>0x6e</size>
         <input_file_ref idref="fl-e0"/>
      </object_component>
      <object_component id="oc-467">
         <name>.text:Graphics_convertPalette</name>
         <load_address>0x1044c</load_address>
         <run_address>0x1044c</run_address>
         <size>0x6c</size>
         <input_file_ref idref="fl-12a"/>
      </object_component>
      <object_component id="oc-7c4">
         <name>.text:HOSTrename</name>
         <load_address>0x104b8</load_address>
         <run_address>0x104b8</run_address>
         <size>0x6c</size>
         <input_file_ref idref="fl-108"/>
      </object_component>
      <object_component id="oc-7b8">
         <name>.text:HOSTlseek</name>
         <load_address>0x10524</load_address>
         <run_address>0x10524</run_address>
         <size>0x68</size>
         <input_file_ref idref="fl-105"/>
      </object_component>
      <object_component id="oc-17">
         <name>.text:decompress:lzss:__TI_decompress_lzss</name>
         <load_address>0x1058c</load_address>
         <run_address>0x1058c</run_address>
         <size>0x68</size>
         <input_file_ref idref="fl-e8"/>
      </object_component>
      <object_component id="oc-2eb">
         <name>.text:printf</name>
         <load_address>0x105f4</load_address>
         <run_address>0x105f4</run_address>
         <size>0x68</size>
         <input_file_ref idref="fl-d4"/>
      </object_component>
      <object_component id="oc-10d">
         <name>.text:UART_getEnabledInterruptStatus</name>
         <load_address>0x1065c</load_address>
         <run_address>0x1065c</run_address>
         <size>0x64</size>
         <input_file_ref idref="fl-122"/>
      </object_component>
      <object_component id="oc-670">
         <name>.text:frexp</name>
         <load_address>0x106c0</load_address>
         <run_address>0x106c0</run_address>
         <size>0x64</size>
         <input_file_ref idref="fl-fb"/>
      </object_component>
      <object_component id="oc-713">
         <name>.text:fseek</name>
         <load_address>0x10724</load_address>
         <run_address>0x10724</run_address>
         <size>0x64</size>
         <input_file_ref idref="fl-fe"/>
      </object_component>
      <object_component id="oc-6a4">
         <name>.text:__TI_wrt_ok</name>
         <load_address>0x10788</load_address>
         <run_address>0x10788</run_address>
         <size>0x62</size>
         <input_file_ref idref="fl-d9"/>
      </object_component>
      <object_component id="oc-7a0">
         <name>.text:HOSTopen</name>
         <load_address>0x107ec</load_address>
         <run_address>0x107ec</run_address>
         <size>0x60</size>
         <input_file_ref idref="fl-106"/>
      </object_component>
      <object_component id="oc-52a">
         <name>.text:PCM_getCoreVoltageLevel</name>
         <load_address>0x1084c</load_address>
         <run_address>0x1084c</run_address>
         <size>0x5e</size>
         <input_file_ref idref="fl-11d"/>
      </object_component>
      <object_component id="oc-7dc">
         <name>.text:close</name>
         <load_address>0x108ac</load_address>
         <run_address>0x108ac</run_address>
         <size>0x5c</size>
         <input_file_ref idref="fl-115"/>
      </object_component>
      <object_component id="oc-3dc">
         <name>.text:Graphics_drawPixel</name>
         <load_address>0x10908</load_address>
         <run_address>0x10908</run_address>
         <size>0x5a</size>
         <input_file_ref idref="fl-126"/>
      </object_component>
      <object_component id="oc-524">
         <name>.text:PCM_getPowerMode</name>
         <load_address>0x10962</load_address>
         <run_address>0x10962</run_address>
         <size>0x5a</size>
         <input_file_ref idref="fl-11d"/>
      </object_component>
      <object_component id="oc-1a9">
         <name>.text:GPIO_setAsInputPinWithPullUpResistor</name>
         <load_address>0x109bc</load_address>
         <run_address>0x109bc</run_address>
         <size>0x58</size>
         <input_file_ref idref="fl-11a"/>
      </object_component>
      <object_component id="oc-7ac">
         <name>.text:HOSTread</name>
         <load_address>0x10a14</load_address>
         <run_address>0x10a14</run_address>
         <size>0x58</size>
         <input_file_ref idref="fl-107"/>
      </object_component>
      <object_component id="oc-7b2">
         <name>.text:HOSTwrite</name>
         <load_address>0x10a6c</load_address>
         <run_address>0x10a6c</run_address>
         <size>0x58</size>
         <input_file_ref idref="fl-10b"/>
      </object_component>
      <object_component id="oc-56e">
         <name>.text:_pconv_f</name>
         <load_address>0x10ac4</load_address>
         <run_address>0x10ac4</run_address>
         <size>0x56</size>
         <input_file_ref idref="fl-d5"/>
      </object_component>
      <object_component id="oc-1d3">
         <name>.text:ADC14_initModule</name>
         <load_address>0x10b1c</load_address>
         <run_address>0x10b1c</run_address>
         <size>0x54</size>
         <input_file_ref idref="fl-117"/>
      </object_component>
      <object_component id="oc-64f">
         <name>.text:__TI_ltoa</name>
         <load_address>0x10b70</load_address>
         <run_address>0x10b70</run_address>
         <size>0x54</size>
         <input_file_ref idref="fl-eb"/>
      </object_component>
      <object_component id="oc-1fd">
         <name>.text:Graphics_initContext</name>
         <load_address>0x10bc4</load_address>
         <run_address>0x10bc4</run_address>
         <size>0x52</size>
         <input_file_ref idref="fl-126"/>
      </object_component>
      <object_component id="oc-655">
         <name>.text:_ecpy</name>
         <load_address>0x10c16</load_address>
         <run_address>0x10c16</run_address>
         <size>0x52</size>
         <input_file_ref idref="fl-d5"/>
      </object_component>
      <object_component id="oc-6b0">
         <name>.text:__TI_doflush</name>
         <load_address>0x10c68</load_address>
         <run_address>0x10c68</run_address>
         <size>0x4c</size>
         <input_file_ref idref="fl-fc"/>
      </object_component>
      <object_component id="oc-557">
         <name>.text:atoi</name>
         <load_address>0x10cb4</load_address>
         <run_address>0x10cb4</run_address>
         <size>0x4c</size>
         <input_file_ref idref="fl-ec"/>
      </object_component>
      <object_component id="oc-233">
         <name>.text:FlashCtl_setWaitState</name>
         <load_address>0x10d00</load_address>
         <run_address>0x10d00</run_address>
         <size>0x48</size>
         <input_file_ref idref="fl-119"/>
      </object_component>
      <object_component id="oc-2c1">
         <name>.text:Graphics_drawStringCentered</name>
         <load_address>0x10d48</load_address>
         <run_address>0x10d48</run_address>
         <size>0x48</size>
         <input_file_ref idref="fl-12d"/>
      </object_component>
      <object_component id="oc-475">
         <name>.text:HOSTtime</name>
         <load_address>0x10d90</load_address>
         <run_address>0x10d90</run_address>
         <size>0x48</size>
         <input_file_ref idref="fl-109"/>
      </object_component>
      <object_component id="oc-16d">
         <name>.text:exit</name>
         <load_address>0x10dd8</load_address>
         <run_address>0x10dd8</run_address>
         <size>0x48</size>
         <input_file_ref idref="fl-e9"/>
      </object_component>
      <object_component id="oc-64a">
         <name>.text</name>
         <load_address>0x10e20</load_address>
         <run_address>0x10e20</run_address>
         <size>0x48</size>
         <input_file_ref idref="fl-df"/>
      </object_component>
      <object_component id="oc-46d">
         <name>.text:Graphics_drawMultiplePixelsOnDisplay</name>
         <load_address>0x10e68</load_address>
         <run_address>0x10e68</run_address>
         <size>0x46</size>
         <input_file_ref idref="fl-127"/>
      </object_component>
      <object_component id="oc-7a6">
         <name>.text:HOSTclose</name>
         <load_address>0x10eb0</load_address>
         <run_address>0x10eb0</run_address>
         <size>0x44</size>
         <input_file_ref idref="fl-104"/>
      </object_component>
      <object_component id="oc-7be">
         <name>.text:HOSTunlink</name>
         <load_address>0x10ef4</load_address>
         <run_address>0x10ef4</run_address>
         <size>0x44</size>
         <input_file_ref idref="fl-10a"/>
      </object_component>
      <object_component id="oc-173">
         <name>.text:__TI_auto_init_nobinit_nopinit:__TI_auto_init_nobinit_nopinit</name>
         <load_address>0x10f38</load_address>
         <run_address>0x10f38</run_address>
         <size>0x44</size>
         <input_file_ref idref="fl-100"/>
      </object_component>
      <object_component id="oc-805">
         <name>.text:getdevice</name>
         <load_address>0x10f7c</load_address>
         <run_address>0x10f7c</run_address>
         <size>0x44</size>
         <input_file_ref idref="fl-110"/>
      </object_component>
      <object_component id="oc-215">
         <name>.text:GPIO_setAsOutputPin</name>
         <load_address>0x10fc0</load_address>
         <run_address>0x10fc0</run_address>
         <size>0x40</size>
         <input_file_ref idref="fl-11a"/>
      </object_component>
      <object_component id="oc-45a">
         <name>.text:Graphics_getNumberOfLeadingZeros</name>
         <load_address>0x11000</load_address>
         <run_address>0x11000</run_address>
         <size>0x40</size>
         <input_file_ref idref="fl-12d"/>
      </object_component>
      <object_component id="oc-619">
         <name>.text:is_A_Module</name>
         <load_address>0x11040</load_address>
         <run_address>0x11040</run_address>
         <size>0x40</size>
         <input_file_ref idref="fl-11f"/>
      </object_component>
      <object_component id="oc-2bb">
         <name>.text:sprintf</name>
         <load_address>0x11080</load_address>
         <run_address>0x11080</run_address>
         <size>0x40</size>
         <input_file_ref idref="fl-d6"/>
      </object_component>
      <object_component id="oc-668">
         <name>.text:_fcpy</name>
         <load_address>0x110c0</load_address>
         <run_address>0x110c0</run_address>
         <size>0x3e</size>
         <input_file_ref idref="fl-d5"/>
      </object_component>
      <object_component id="oc-c5">
         <name>.text:ADC14_getEnabledInterruptStatus</name>
         <load_address>0x11100</load_address>
         <run_address>0x11100</run_address>
         <size>0x38</size>
         <input_file_ref idref="fl-117"/>
      </object_component>
      <object_component id="oc-5cb">
         <name>.text:__TI_writemsg</name>
         <load_address>0x11138</load_address>
         <run_address>0x11138</run_address>
         <size>0x38</size>
         <input_file_ref idref="fl-10c"/>
      </object_component>
      <object_component id="oc-2ab">
         <name>.text</name>
         <load_address>0x11170</load_address>
         <run_address>0x11170</run_address>
         <size>0x38</size>
         <input_file_ref idref="fl-e1"/>
      </object_component>
      <object_component id="oc-541">
         <name>.text:Graphics_drawHorizontalLineOnDisplay</name>
         <load_address>0x111a8</load_address>
         <run_address>0x111a8</run_address>
         <size>0x36</size>
         <input_file_ref idref="fl-127"/>
      </object_component>
      <object_component id="oc-401">
         <name>.text:Graphics_drawVerticalLineOnDisplay</name>
         <load_address>0x111de</load_address>
         <run_address>0x111de</run_address>
         <size>0x36</size>
         <input_file_ref idref="fl-127"/>
      </object_component>
      <object_component id="oc-81f">
         <name>.text:strncpy</name>
         <load_address>0x11214</load_address>
         <run_address>0x11214</run_address>
         <size>0x36</size>
         <input_file_ref idref="fl-113"/>
      </object_component>
      <object_component id="oc-1e5">
         <name>.text:ADC14_enableSampleTimer</name>
         <load_address>0x1124c</load_address>
         <run_address>0x1124c</run_address>
         <size>0x34</size>
         <input_file_ref idref="fl-117"/>
      </object_component>
      <object_component id="oc-23f">
         <name>.text:CS_setDCOCenteredFrequency</name>
         <load_address>0x11280</load_address>
         <run_address>0x11280</run_address>
         <size>0x34</size>
         <input_file_ref idref="fl-118"/>
      </object_component>
      <object_component id="oc-2de">
         <name>.text:UART_transmitData</name>
         <load_address>0x112b4</load_address>
         <run_address>0x112b4</run_address>
         <size>0x34</size>
         <input_file_ref idref="fl-122"/>
      </object_component>
      <object_component id="oc-757">
         <name>.text:__TI_cleanup</name>
         <load_address>0x112e8</load_address>
         <run_address>0x112e8</run_address>
         <size>0x34</size>
         <input_file_ref idref="fl-fd"/>
      </object_component>
      <object_component id="oc-5d1">
         <name>.text:__TI_readmsg</name>
         <load_address>0x1131c</load_address>
         <run_address>0x1131c</run_address>
         <size>0x34</size>
         <input_file_ref idref="fl-10c"/>
      </object_component>
      <object_component id="oc-58">
         <name>.text:_c_int00_noargs:_c_int00_noargs</name>
         <load_address>0x11350</load_address>
         <run_address>0x11350</run_address>
         <size>0x34</size>
         <input_file_ref idref="fl-f4"/>
      </object_component>
      <object_component id="oc-cb">
         <name>.text:ADC14_clearInterruptFlag</name>
         <load_address>0x11384</load_address>
         <run_address>0x11384</run_address>
         <size>0x30</size>
         <input_file_ref idref="fl-117"/>
      </object_component>
      <object_component id="oc-1d9">
         <name>.text:ADC14_enableInterrupt</name>
         <load_address>0x113b4</load_address>
         <run_address>0x113b4</run_address>
         <size>0x30</size>
         <input_file_ref idref="fl-117"/>
      </object_component>
      <object_component id="oc-2e5">
         <name>.text:GPIO_getInputPinValue</name>
         <load_address>0x113e4</load_address>
         <run_address>0x113e4</run_address>
         <size>0x30</size>
         <input_file_ref idref="fl-11a"/>
      </object_component>
      <object_component id="oc-11f">
         <name>.text:UART_receiveData</name>
         <load_address>0x11414</load_address>
         <run_address>0x11414</run_address>
         <size>0x30</size>
         <input_file_ref idref="fl-122"/>
      </object_component>
      <object_component id="oc-825">
         <name>.text:finddevice</name>
         <load_address>0x11444</load_address>
         <run_address>0x11444</run_address>
         <size>0x30</size>
         <input_file_ref idref="fl-110"/>
      </object_component>
      <object_component id="oc-292">
         <name>.text</name>
         <load_address>0x11474</load_address>
         <run_address>0x11474</run_address>
         <size>0x2e</size>
         <input_file_ref idref="fl-e2"/>
      </object_component>
      <object_component id="oc-26a">
         <name>.text:ADC14_getInterruptStatus</name>
         <load_address>0x114a4</load_address>
         <run_address>0x114a4</run_address>
         <size>0x2c</size>
         <input_file_ref idref="fl-117"/>
      </object_component>
      <object_component id="oc-1f1">
         <name>.text:ADC14_toggleConversionTrigger</name>
         <load_address>0x114d0</load_address>
         <run_address>0x114d0</run_address>
         <size>0x2c</size>
         <input_file_ref idref="fl-117"/>
      </object_component>
      <object_component id="oc-460">
         <name>.text:Graphics_drawPixelOnDisplay</name>
         <load_address>0x114fc</load_address>
         <run_address>0x114fc</run_address>
         <size>0x2c</size>
         <input_file_ref idref="fl-127"/>
      </object_component>
      <object_component id="oc-7e2">
         <name>.text:unlink</name>
         <load_address>0x11528</load_address>
         <run_address>0x11528</run_address>
         <size>0x2c</size>
         <input_file_ref idref="fl-116"/>
      </object_component>
      <object_component id="oc-1eb">
         <name>.text:ADC14_enableConversion</name>
         <load_address>0x11554</load_address>
         <run_address>0x11554</run_address>
         <size>0x28</size>
         <input_file_ref idref="fl-117"/>
      </object_component>
      <object_component id="oc-d1">
         <name>.text:ADC14_getResult</name>
         <load_address>0x1157c</load_address>
         <run_address>0x1157c</run_address>
         <size>0x28</size>
         <input_file_ref idref="fl-117"/>
      </object_component>
      <object_component id="oc-e3">
         <name>.text:GPIO_clearInterruptFlag</name>
         <load_address>0x115a4</load_address>
         <run_address>0x115a4</run_address>
         <size>0x28</size>
         <input_file_ref idref="fl-11a"/>
      </object_component>
      <object_component id="oc-1af">
         <name>.text:GPIO_enableInterrupt</name>
         <load_address>0x115cc</load_address>
         <run_address>0x115cc</run_address>
         <size>0x28</size>
         <input_file_ref idref="fl-11a"/>
      </object_component>
      <object_component id="oc-2b5">
         <name>.text:GPIO_setOutputHighOnPin</name>
         <load_address>0x115f4</load_address>
         <run_address>0x115f4</run_address>
         <size>0x28</size>
         <input_file_ref idref="fl-11a"/>
      </object_component>
      <object_component id="oc-107">
         <name>.text:GPIO_setOutputLowOnPin</name>
         <load_address>0x1161c</load_address>
         <run_address>0x1161c</run_address>
         <size>0x28</size>
         <input_file_ref idref="fl-11a"/>
      </object_component>
      <object_component id="oc-bf">
         <name>.text:PCM_gotoLPM0</name>
         <load_address>0x11644</load_address>
         <run_address>0x11644</run_address>
         <size>0x28</size>
         <input_file_ref idref="fl-11d"/>
      </object_component>
      <object_component id="oc-786">
         <name>.text:free_list_insert</name>
         <load_address>0x1166c</load_address>
         <run_address>0x1166c</run_address>
         <size>0x28</size>
         <input_file_ref idref="fl-f1"/>
      </object_component>
      <object_component id="oc-743">
         <name>.text:lseek</name>
         <load_address>0x11694</load_address>
         <run_address>0x11694</run_address>
         <size>0x28</size>
         <input_file_ref idref="fl-10e"/>
      </object_component>
      <object_component id="oc-6b6">
         <name>.text:write</name>
         <load_address>0x116bc</load_address>
         <run_address>0x116bc</run_address>
         <size>0x28</size>
         <input_file_ref idref="fl-f5"/>
      </object_component>
      <object_component id="oc-2cb">
         <name>.text:GPIO_getInterruptStatus</name>
         <load_address>0x116e4</load_address>
         <run_address>0x116e4</run_address>
         <size>0x24</size>
         <input_file_ref idref="fl-11a"/>
      </object_component>
      <object_component id="oc-227">
         <name>.text:WDT_A_holdTimer</name>
         <load_address>0x11708</load_address>
         <run_address>0x11708</run_address>
         <size>0x24</size>
         <input_file_ref idref="fl-123"/>
      </object_component>
      <object_component id="oc-6aa">
         <name>.text:memchr</name>
         <load_address>0x1172c</load_address>
         <run_address>0x1172c</run_address>
         <size>0x20</size>
         <input_file_ref idref="fl-f0"/>
      </object_component>
      <object_component id="oc-3f4">
         <name>.text:Graphics_fillRectangleOnDisplay</name>
         <load_address>0x1174c</load_address>
         <run_address>0x1174c</run_address>
         <size>0x1e</size>
         <input_file_ref idref="fl-127"/>
      </object_component>
      <object_component id="oc-503">
         <name>.text:SPI_enableModule</name>
         <load_address>0x1176a</load_address>
         <run_address>0x1176a</run_address>
         <size>0x1c</size>
         <input_file_ref idref="fl-11f"/>
      </object_component>
      <object_component id="oc-780">
         <name>.text:free_list_remove</name>
         <load_address>0x11788</load_address>
         <run_address>0x11788</run_address>
         <size>0x1c</size>
         <input_file_ref idref="fl-f1"/>
      </object_component>
      <object_component id="oc-580">
         <name>.text:memccpy</name>
         <load_address>0x117a4</load_address>
         <run_address>0x117a4</run_address>
         <size>0x1c</size>
         <input_file_ref idref="fl-ef"/>
      </object_component>
      <object_component id="oc-2d6">
         <name>.text:Graphics_clearDisplayOnDisplay</name>
         <load_address>0x117c0</load_address>
         <run_address>0x117c0</run_address>
         <size>0x1a</size>
         <input_file_ref idref="fl-127"/>
      </object_component>
      <object_component id="oc-209">
         <name>.text:Graphics_setBackgroundColor</name>
         <load_address>0x117da</load_address>
         <run_address>0x117da</run_address>
         <size>0x1a</size>
         <input_file_ref idref="fl-126"/>
      </object_component>
      <object_component id="oc-20f">
         <name>.text:Graphics_setFont</name>
         <load_address>0x117f4</load_address>
         <run_address>0x117f4</run_address>
         <size>0x1a</size>
         <input_file_ref idref="fl-126"/>
      </object_component>
      <object_component id="oc-6f7">
         <name>.text:copysign</name>
         <load_address>0x1180e</load_address>
         <run_address>0x1180e</run_address>
         <size>0x1a</size>
         <input_file_ref idref="fl-fa"/>
      </object_component>
      <object_component id="oc-322">
         <name>.text:UART_getInterruptStatus</name>
         <load_address>0x11828</load_address>
         <run_address>0x11828</run_address>
         <size>0x18</size>
         <input_file_ref idref="fl-122"/>
      </object_component>
      <object_component id="oc-417">
         <name>.text:_outs</name>
         <load_address>0x11840</load_address>
         <run_address>0x11840</run_address>
         <size>0x18</size>
         <input_file_ref idref="fl-d6"/>
      </object_component>
      <object_component id="oc-838">
         <name>.text:strcmp</name>
         <load_address>0x11858</load_address>
         <run_address>0x11858</run_address>
         <size>0x18</size>
         <input_file_ref idref="fl-111"/>
      </object_component>
      <object_component id="oc-621">
         <name>.text:EUSCI_A_SPI_enable</name>
         <load_address>0x11870</load_address>
         <run_address>0x11870</run_address>
         <size>0x16</size>
         <input_file_ref idref="fl-11f"/>
      </object_component>
      <object_component id="oc-627">
         <name>.text:EUSCI_B_SPI_enable</name>
         <load_address>0x11886</load_address>
         <run_address>0x11886</run_address>
         <size>0x16</size>
         <input_file_ref idref="fl-11f"/>
      </object_component>
      <object_component id="oc-203">
         <name>.text:Graphics_setForegroundColor</name>
         <load_address>0x1189c</load_address>
         <run_address>0x1189c</run_address>
         <size>0x16</size>
         <input_file_ref idref="fl-126"/>
      </object_component>
      <object_component id="oc-3a3">
         <name>.text:Graphics_translateColorOnDisplay</name>
         <load_address>0x118b2</load_address>
         <run_address>0x118b2</run_address>
         <size>0x16</size>
         <input_file_ref idref="fl-127"/>
      </object_component>
      <object_component id="oc-113">
         <name>.text:UART_clearInterruptFlag</name>
         <load_address>0x118c8</load_address>
         <run_address>0x118c8</run_address>
         <size>0x16</size>
         <input_file_ref idref="fl-122"/>
      </object_component>
      <object_component id="oc-221">
         <name>.text:UART_enableModule</name>
         <load_address>0x118de</load_address>
         <run_address>0x118de</run_address>
         <size>0x16</size>
         <input_file_ref idref="fl-122"/>
      </object_component>
      <object_component id="oc-67c">
         <name>.text:strchr</name>
         <load_address>0x118f4</load_address>
         <run_address>0x118f4</run_address>
         <size>0x16</size>
         <input_file_ref idref="fl-f2"/>
      </object_component>
      <object_component id="oc-530">
         <name>.text:PCM_getPowerState</name>
         <load_address>0x1190c</load_address>
         <run_address>0x1190c</run_address>
         <size>0x14</size>
         <input_file_ref idref="fl-11d"/>
      </object_component>
      <object_component id="oc-7f8">
         <name>.text:strcpy</name>
         <load_address>0x11920</load_address>
         <run_address>0x11920</run_address>
         <size>0x14</size>
         <input_file_ref idref="fl-112"/>
      </object_component>
      <object_component id="oc-551">
         <name>.text:strlen</name>
         <load_address>0x11934</load_address>
         <run_address>0x11934</run_address>
         <size>0x14</size>
         <input_file_ref idref="fl-f3"/>
      </object_component>
      <object_component id="oc-e9">
         <name>.text:Graphics_clearDisplay</name>
         <load_address>0x11948</load_address>
         <run_address>0x11948</run_address>
         <size>0x12</size>
         <input_file_ref idref="fl-126"/>
      </object_component>
      <object_component id="oc-586">
         <name>.text:wcslen</name>
         <load_address>0x1195a</load_address>
         <run_address>0x1195a</run_address>
         <size>0x12</size>
         <input_file_ref idref="fl-f9"/>
      </object_component>
      <object_component id="oc-378">
         <name>.text:ADCIsConversionRunning</name>
         <load_address>0x1196c</load_address>
         <run_address>0x1196c</run_address>
         <size>0x10</size>
         <input_file_ref idref="fl-117"/>
      </object_component>
      <object_component id="oc-22d">
         <name>.text:Interrupt_disableMaster</name>
         <load_address>0x1197c</load_address>
         <run_address>0x1197c</run_address>
         <size>0x10</size>
         <input_file_ref idref="fl-11c"/>
      </object_component>
      <object_component id="oc-119">
         <name>.text:Interrupt_disableSleepOnIsrExit</name>
         <load_address>0x1198c</load_address>
         <run_address>0x1198c</run_address>
         <size>0x10</size>
         <input_file_ref idref="fl-11c"/>
      </object_component>
      <object_component id="oc-1df">
         <name>.text:Interrupt_enableMaster</name>
         <load_address>0x1199c</load_address>
         <run_address>0x1199c</run_address>
         <size>0x10</size>
         <input_file_ref idref="fl-11c"/>
      </object_component>
      <object_component id="oc-239">
         <name>.text:PCM_setCoreVoltageLevel</name>
         <load_address>0x119ac</load_address>
         <run_address>0x119ac</run_address>
         <size>0x10</size>
         <input_file_ref idref="fl-11d"/>
      </object_component>
      <object_component id="oc-536">
         <name>.text:PCM_setPowerMode</name>
         <load_address>0x119bc</load_address>
         <run_address>0x119bc</run_address>
         <size>0x10</size>
         <input_file_ref idref="fl-11d"/>
      </object_component>
      <object_component id="oc-305">
         <name>.text:__time32</name>
         <load_address>0x119cc</load_address>
         <run_address>0x119cc</run_address>
         <size>0xe</size>
         <input_file_ref idref="fl-f7"/>
      </object_component>
      <object_component id="oc-1d">
         <name>.text:decompress:none:__TI_decompress_none</name>
         <load_address>0x119da</load_address>
         <run_address>0x119da</run_address>
         <size>0xe</size>
         <input_file_ref idref="fl-e7"/>
      </object_component>
      <object_component id="oc-6a">
         <name>.text</name>
         <load_address>0x119e8</load_address>
         <run_address>0x119e8</run_address>
         <size>0xe</size>
         <input_file_ref idref="fl-f"/>
      </object_component>
      <object_component id="oc-1cd">
         <name>.text:ADC14_enableModule</name>
         <load_address>0x119f8</load_address>
         <run_address>0x119f8</run_address>
         <size>0xc</size>
         <input_file_ref idref="fl-117"/>
      </object_component>
      <object_component id="oc-3b1">
         <name>.text:CPU_cpsid</name>
         <load_address>0x11a04</load_address>
         <run_address>0x11a04</run_address>
         <size>0xc</size>
         <input_file_ref idref="fl-124"/>
      </object_component>
      <object_component id="oc-385">
         <name>.text:CPU_cpsie</name>
         <load_address>0x11a10</load_address>
         <run_address>0x11a10</run_address>
         <size>0xc</size>
         <input_file_ref idref="fl-124"/>
      </object_component>
      <object_component id="oc-4c">
         <name>.text:decompress:ZI:__TI_zero_init</name>
         <load_address>0x11a1c</load_address>
         <run_address>0x11a1c</run_address>
         <size>0xc</size>
         <input_file_ref idref="fl-e6"/>
      </object_component>
      <object_component id="oc-41d">
         <name>.text:_outc</name>
         <load_address>0x11a28</load_address>
         <run_address>0x11a28</run_address>
         <size>0xa</size>
         <input_file_ref idref="fl-d6"/>
      </object_component>
      <object_component id="oc-58c">
         <name>.text:__aeabi_errno_addr</name>
         <load_address>0x11a34</load_address>
         <run_address>0x11a34</run_address>
         <size>0x8</size>
         <input_file_ref idref="fl-f8"/>
      </object_component>
      <object_component id="oc-751">
         <name>.text:malloc</name>
         <load_address>0x11a3c</load_address>
         <run_address>0x11a3c</run_address>
         <size>0x8</size>
         <input_file_ref idref="fl-f1"/>
      </object_component>
      <object_component id="oc-263">
         <name>.text:CPU_wfi</name>
         <load_address>0x11a44</load_address>
         <run_address>0x11a44</run_address>
         <size>0x4</size>
         <input_file_ref idref="fl-124"/>
      </object_component>
      <object_component id="oc-44c">
         <name>.text:_outc</name>
         <load_address>0x11a48</load_address>
         <run_address>0x11a48</run_address>
         <size>0x4</size>
         <input_file_ref idref="fl-d4"/>
      </object_component>
      <object_component id="oc-446">
         <name>.text:_outs</name>
         <load_address>0x11a4c</load_address>
         <run_address>0x11a4c</run_address>
         <size>0x4</size>
         <input_file_ref idref="fl-d4"/>
      </object_component>
      <object_component id="oc-9a">
         <name>.text:_system_pre_init</name>
         <load_address>0x11a50</load_address>
         <run_address>0x11a50</run_address>
         <size>0x4</size>
         <input_file_ref idref="fl-101"/>
      </object_component>
      <object_component id="oc-167">
         <name>.text:abort:abort</name>
         <load_address>0x11a54</load_address>
         <run_address>0x11a54</run_address>
         <size>0x4</size>
         <input_file_ref idref="fl-e9"/>
      </object_component>
      <object_component id="oc-48b">
         <name>.const:.string:pixel_bLong4BPP_UNCOMP</name>
         <load_address>0xe4</load_address>
         <run_address>0xe4</run_address>
         <size>0x2000</size>
         <input_file_ref idref="fl-2"/>
      </object_component>
      <object_component id="oc-4a5">
         <name>.const:.string:pixel_bubbleLevel4BPP_UNCOMP</name>
         <load_address>0x20e4</load_address>
         <run_address>0x20e4</run_address>
         <size>0x2000</size>
         <input_file_ref idref="fl-3"/>
      </object_component>
      <object_component id="oc-4ae">
         <name>.const:.string:pixel_lidar4BPP_UNCOMP</name>
         <load_address>0x40e4</load_address>
         <run_address>0x40e4</run_address>
         <size>0x2000</size>
         <input_file_ref idref="fl-4"/>
      </object_component>
      <object_component id="oc-493">
         <name>.const:.string:pixel_menu4BPP_UNCOMP</name>
         <load_address>0x60e4</load_address>
         <run_address>0x60e4</run_address>
         <size>0x2000</size>
         <input_file_ref idref="fl-5"/>
      </object_component>
      <object_component id="oc-49c">
         <name>.const:.string:pixel_meter4BPP_UNCOMP</name>
         <load_address>0x80e4</load_address>
         <run_address>0x80e4</run_address>
         <size>0x2000</size>
         <input_file_ref idref="fl-6"/>
      </object_component>
      <object_component id="oc-3c5">
         <name>.const:.string:g_pucCmss20Data</name>
         <load_address>0xa0e4</load_address>
         <run_address>0xa0e4</run_address>
         <size>0x8c1</size>
         <input_file_ref idref="fl-128"/>
      </object_component>
      <object_component id="oc-482">
         <name>.const:.string:g_pucFontFixed6x8Data</name>
         <load_address>0xa9a5</load_address>
         <run_address>0xa9a5</run_address>
         <size>0x2f8</size>
         <input_file_ref idref="fl-129"/>
      </object_component>
      <object_component id="oc-63e">
         <name>.const:.string:_ctypes_</name>
         <load_address>0xac9d</load_address>
         <run_address>0xac9d</run_address>
         <size>0x101</size>
         <input_file_ref idref="fl-ed"/>
      </object_component>
      <object_component id="oc-24b">
         <name>.const:g_sFontCmss20</name>
         <load_address>0xada0</load_address>
         <run_address>0xada0</run_address>
         <size>0xc8</size>
         <input_file_ref idref="fl-128"/>
      </object_component>
      <object_component id="oc-30b">
         <name>.const:g_sFontFixed6x8</name>
         <load_address>0xae68</load_address>
         <run_address>0xae68</run_address>
         <size>0xc8</size>
         <input_file_ref idref="fl-129"/>
      </object_component>
      <object_component id="oc-282">
         <name>.const:_ctlRegs</name>
         <load_address>0xaf30</load_address>
         <run_address>0xaf30</run_address>
         <size>0x80</size>
         <input_file_ref idref="fl-117"/>
      </object_component>
      <object_component id="oc-488">
         <name>.const:palette_bLong4BPP_UNCOMP</name>
         <load_address>0xafb0</load_address>
         <run_address>0xafb0</run_address>
         <size>0x40</size>
[...]
         <value>0x11859</value>
         <object_component_ref idref="oc-838"/>
      </symbol>
      <symbol id="sm-a96">
         <name>strcpy</name>
         <value>0x11921</value>
         <object_component_ref idref="oc-7f8"/>
      </symbol>
      <symbol id="sm-aa6">
         <name>strncpy</name>
         <value>0x11215</value>
         <object_component_ref idref="oc-81f"/>
      </symbol>
      <symbol id="sm-abb">
         <name>close</name>
         <value>0x108ad</value>
         <object_component_ref idref="oc-7dc"/>
      </symbol>
      <symbol id="sm-acb">
         <name>unlink</name>
         <value>0x11529</value>
         <object_component_ref idref="oc-7e2"/>
      </symbol>
      <symbol id="sm-bd6">
         <name>ADC14_enableInterrupt</name>
         <value>0x113b5</value>
         <object_component_ref idref="oc-1d9"/>
      </symbol>
      <symbol id="sm-bd7">
         <name>ADC14_getInterruptStatus</name>
         <value>0x114a5</value>
         <object_component_ref idref="oc-26a"/>
      </symbol>
      <symbol id="sm-bd8">
         <name>ADC14_enableSampleTimer</name>
         <value>0x1124d</value>
         <object_component_ref idref="oc-1e5"/>
      </symbol>
      <symbol id="sm-bd9">
         <name>ADC14_enableConversion</name>
         <value>0x11555</value>
         <object_component_ref idref="oc-1eb"/>
      </symbol>
      <symbol id="sm-bda">
         <name>ADC14_toggleConversionTrigger</name>
         <value>0x114d1</value>
         <object_component_ref idref="oc-1f1"/>
      </symbol>
      <symbol id="sm-bdb">
         <name>ADC14_getEnabledInterruptStatus</name>
         <value>0x11101</value>
         <object_component_ref idref="oc-c5"/>
      </symbol>
      <symbol id="sm-bdc">
         <name>ADC14_initModule</name>
         <value>0x10b1d</value>
         <object_component_ref idref="oc-1d3"/>
      </symbol>
      <symbol id="sm-bdd">
         <name>ADC14_configureMultiSequenceMode</name>
         <value>0xf9e5</value>
         <object_component_ref idref="oc-1bb"/>
      </symbol>
      <symbol id="sm-bde">
         <name>ADC14_clearInterruptFlag</name>
         <value>0x11385</value>
         <object_component_ref idref="oc-cb"/>
      </symbol>
      <symbol id="sm-bdf">
         <name>ADC14_configureConversionMemory</name>
         <value>0xf931</value>
         <object_component_ref idref="oc-1c1"/>
      </symbol>
      <symbol id="sm-be0">
         <name>ADC14_enableModule</name>
         <value>0x119f9</value>
         <object_component_ref idref="oc-1cd"/>
      </symbol>
      <symbol id="sm-be1">
         <name>ADC14_getResult</name>
         <value>0x1157d</value>
         <object_component_ref idref="oc-d1"/>
      </symbol>
      <symbol id="sm-bef">
         <name>CS_setDCOCenteredFrequency</name>
         <value>0x11281</value>
         <object_component_ref idref="oc-23f"/>
      </symbol>
      <symbol id="sm-bfe">
         <name>FlashCtl_setWaitState</name>
         <value>0x10d01</value>
         <object_component_ref idref="oc-233"/>
      </symbol>
      <symbol id="sm-c8d">
         <name>GPIO_setOutputHighOnPin</name>
         <value>0x115f5</value>
         <object_component_ref idref="oc-2b5"/>
      </symbol>
      <symbol id="sm-c8e">
         <name>GPIO_setAsInputPinWithPullUpResistor</name>
         <value>0x109bd</value>
         <object_component_ref idref="oc-1a9"/>
      </symbol>
      <symbol id="sm-c8f">
         <name>GPIO_getInterruptStatus</name>
         <value>0x116e5</value>
         <object_component_ref idref="oc-2cb"/>
      </symbol>
      <symbol id="sm-c90">
         <name>GPIO_enableInterrupt</name>
         <value>0x115cd</value>
         <object_component_ref idref="oc-1af"/>
      </symbol>
      <symbol id="sm-c91">
         <name>GPIO_getEnabledInterruptStatus</name>
         <value>0x1010d</value>
         <object_component_ref idref="oc-dd"/>
      </symbol>
      <symbol id="sm-c92">
         <name>GPIO_setAsOutputPin</name>
         <value>0x10fc1</value>
         <object_component_ref idref="oc-215"/>
      </symbol>
      <symbol id="sm-c93">
         <name>GPIO_setOutputLowOnPin</name>
         <value>0x1161d</value>
         <object_component_ref idref="oc-107"/>
      </symbol>
      <symbol id="sm-c94">
         <name>GPIO_clearInterruptFlag</name>
         <value>0x115a5</value>
         <object_component_ref idref="oc-e3"/>
      </symbol>
      <symbol id="sm-c95">
         <name>GPIO_setAsPeripheralModuleFunctionOutputPin</name>
         <value>0xff79</value>
         <object_component_ref idref="oc-4f7"/>
      </symbol>
      <symbol id="sm-c96">
         <name>GPIO_getInputPinValue</name>
         <value>0x113e5</value>
         <object_component_ref idref="oc-2e5"/>
      </symbol>
      <symbol id="sm-c97">
         <name>GPIO_setAsPeripheralModuleFunctionInputPin</name>
         <value>0xfef1</value>
         <object_component_ref idref="oc-1c7"/>
      </symbol>
      <symbol id="sm-cd1">
         <name>Interrupt_disableMaster</name>
         <value>0x1197d</value>
         <object_component_ref idref="oc-22d"/>
      </symbol>
      <symbol id="sm-cd2">
         <name>Interrupt_enableMaster</name>
         <value>0x1199d</value>
         <object_component_ref idref="oc-1df"/>
      </symbol>
      <symbol id="sm-cd3">
         <name>Interrupt_enableInterrupt</name>
         <value>0x10191</value>
         <object_component_ref idref="oc-1b5"/>
      </symbol>
      <symbol id="sm-cd4">
         <name>Interrupt_disableSleepOnIsrExit</name>
         <value>0x1198d</value>
         <object_component_ref idref="oc-119"/>
      </symbol>
      <symbol id="sm-d5f">
         <name>PCM_setCoreVoltageLevel</name>
         <value>0x119ad</value>
         <object_component_ref idref="oc-239"/>
      </symbol>
      <symbol id="sm-d60">
         <name>PCM_getCoreVoltageLevel</name>
         <value>0x1084d</value>
         <object_component_ref idref="oc-52a"/>
      </symbol>
      <symbol id="sm-d61">
         <name>PCM_getPowerMode</name>
         <value>0x10963</value>
         <object_component_ref idref="oc-524"/>
      </symbol>
      <symbol id="sm-d62">
         <name>PCM_getPowerState</name>
         <value>0x1190d</value>
         <object_component_ref idref="oc-530"/>
      </symbol>
      <symbol id="sm-d63">
         <name>PCM_gotoLPM0</name>
         <value>0x11645</value>
         <object_component_ref idref="oc-bf"/>
      </symbol>
      <symbol id="sm-d64">
         <name>PCM_setPowerMode</name>
         <value>0x119bd</value>
         <object_component_ref idref="oc-536"/>
      </symbol>
      <symbol id="sm-da4">
         <name>EUSCI_B_SPI_enable</name>
         <value>0x11887</value>
         <object_component_ref idref="oc-627"/>
      </symbol>
      <symbol id="sm-da5">
         <name>SPI_enableModule</name>
         <value>0x1176b</value>
         <object_component_ref idref="oc-503"/>
      </symbol>
      <symbol id="sm-da6">
         <name>EUSCI_A_SPI_enable</name>
         <value>0x11871</value>
         <object_component_ref idref="oc-621"/>
      </symbol>
      <symbol id="sm-da7">
         <name>SPI_initMaster</name>
         <value>0xfb4b</value>
         <object_component_ref idref="oc-4fd"/>
      </symbol>
      <symbol id="sm-e0b">
         <name>UART_receiveData</name>
         <value>0x11415</value>
         <object_component_ref idref="oc-11f"/>
      </symbol>
      <symbol id="sm-e0c">
         <name>UART_enableModule</name>
         <value>0x118df</value>
         <object_component_ref idref="oc-221"/>
      </symbol>
      <symbol id="sm-e0d">
         <name>UART_getEnabledInterruptStatus</name>
         <value>0x1065d</value>
         <object_component_ref idref="oc-10d"/>
      </symbol>
      <symbol id="sm-e0e">
         <name>UART_transmitData</name>
         <value>0x112b5</value>
         <object_component_ref idref="oc-2de"/>
      </symbol>
      <symbol id="sm-e0f">
         <name>UART_getInterruptStatus</name>
         <value>0x11829</value>
         <object_component_ref idref="oc-322"/>
      </symbol>
      <symbol id="sm-e10">
         <name>UART_initModule</name>
         <value>0xec85</value>
         <object_component_ref idref="oc-21b"/>
      </symbol>
      <symbol id="sm-e11">
         <name>UART_clearInterruptFlag</name>
         <value>0x118c9</value>
         <object_component_ref idref="oc-113"/>
      </symbol>
      <symbol id="sm-e1d">
         <name>WDT_A_holdTimer</name>
         <value>0x11709</value>
         <object_component_ref idref="oc-227"/>
      </symbol>
      <symbol id="sm-e37">
         <name>CPU_wfi</name>
         <value>0x11a45</value>
         <object_component_ref idref="oc-263"/>
      </symbol>
      <symbol id="sm-e38">
         <name>CPU_cpsie</name>
         <value>0x11a11</value>
         <object_component_ref idref="oc-385"/>
      </symbol>
      <symbol id="sm-e39">
         <name>CPU_cpsid</name>
         <value>0x11a05</value>
         <object_component_ref idref="oc-3b1"/>
      </symbol>
      <symbol id="sm-e6f">
         <name>Graphics_drawCircle</name>
         <value>0xd635</value>
         <object_component_ref idref="oc-259"/>
      </symbol>
      <symbol id="sm-e70">
         <name>Graphics_fillCircle</name>
         <value>0xdb05</value>
         <object_component_ref idref="oc-253"/>
      </symbol>
      <symbol id="sm-ea6">
         <name>Graphics_setBackgroundColor</name>
         <value>0x117db</value>
         <object_component_ref idref="oc-209"/>
      </symbol>
      <symbol id="sm-ea7">
         <name>Graphics_setFont</name>
         <value>0x117f5</value>
         <object_component_ref idref="oc-20f"/>
      </symbol>
      <symbol id="sm-ea8">
         <name>Graphics_initContext</name>
         <value>0x10bc5</value>
         <object_component_ref idref="oc-1fd"/>
      </symbol>
      <symbol id="sm-ea9">
         <name>Graphics_drawPixel</name>
         <value>0x10909</value>
         <object_component_ref idref="oc-3dc"/>
      </symbol>
      <symbol id="sm-eaa">
         <name>Graphics_setForegroundColor</name>
         <value>0x1189d</value>
         <object_component_ref idref="oc-203"/>
      </symbol>
      <symbol id="sm-eab">
         <name>Graphics_clearDisplay</name>
         <value>0x11949</value>
         <object_component_ref idref="oc-e9"/>
      </symbol>
      <symbol id="sm-ee8">
         <name>Graphics_clearDisplayOnDisplay</name>
         <value>0x117c1</value>
         <object_component_ref idref="oc-2d6"/>
      </symbol>
      <symbol id="sm-ee9">
         <name>Graphics_drawPixelOnDisplay</name>
         <value>0x114fd</value>
         <object_component_ref idref="oc-460"/>
      </symbol>
      <symbol id="sm-eea">
         <name>Graphics_translateColorOnDisplay</name>
         <value>0x118b3</value>
         <object_component_ref idref="oc-3a3"/>
      </symbol>
      <symbol id="sm-eeb">
         <name>Graphics_drawHorizontalLineOnDisplay</name>
         <value>0x111a9</value>
         <object_component_ref idref="oc-541"/>
      </symbol>
      <symbol id="sm-eec">
         <name>Graphics_drawVerticalLineOnDisplay</name>
         <value>0x111df</value>
         <object_component_ref idref="oc-401"/>
      </symbol>
      <symbol id="sm-eed">
         <name>Graphics_drawMultiplePixelsOnDisplay</name>
         <value>0x10e69</value>
         <object_component_ref idref="oc-46d"/>
      </symbol>
      <symbol id="sm-eee">
         <name>Graphics_fillRectangleOnDisplay</name>
         <value>0x1174d</value>
         <object_component_ref idref="oc-3f4"/>
      </symbol>
      <symbol id="sm-f00">
         <name>g_sFontCmss20</name>
         <value>0xada0</value>
         <object_component_ref idref="oc-24b"/>
      </symbol>
      <symbol id="sm-f12">
         <name>g_sFontFixed6x8</name>
         <value>0xae68</value>
         <object_component_ref idref="oc-30b"/>
      </symbol>
      <symbol id="sm-f48">
         <name>Graphics_drawImage</name>
         <value>0xc73b</value>
         <object_component_ref idref="oc-2ff"/>
      </symbol>
      <symbol id="sm-f69">
         <name>Graphics_drawLineH</name>
         <value>0xfbfb</value>
         <object_component_ref idref="oc-3d4"/>
      </symbol>
      <symbol id="sm-f6a">
         <name>Graphics_drawLineV</name>
         <value>0xfc97</value>
         <object_component_ref idref="oc-28c"/>
      </symbol>
      <symbol id="sm-f81">
         <name>Graphics_fillRectangle</name>
         <value>0xeeb5</value>
         <object_component_ref idref="oc-286"/>
      </symbol>
      <symbol id="sm-fd9">
         <name>Graphics_drawStringCentered</name>
         <value>0x10d49</value>
         <object_component_ref idref="oc-2c1"/>
      </symbol>
      <symbol id="sm-fda">
         <name>Graphics_drawString</name>
         <value>0xc2bd</value>
         <object_component_ref idref="oc-2f9"/>
      </symbol>
      <symbol id="sm-fdb">
         <name>Graphics_getStringWidth</name>
         <value>0xf3dd</value>
         <object_component_ref idref="oc-42a"/>
      </symbol>
      <symbol id="sm-fdc">
         <name>__TI_static_base__</name>
         <value>0x0</value>
      </symbol>
      <symbol id="sm-fdf">
         <name>__mpu_init</name>
         <value>0x0</value>
      </symbol>
      <symbol id="sm-fe0">
         <name>_system_post_cinit</name>
         <value>0x0</value>
      </symbol>
      <symbol id="sm-fe1">
         <name>NMI_Handler</name>
         <value>0x119f5</value>
      </symbol>
      <symbol id="sm-fe2">
         <name>HardFault_Handler</name>
         <value>0x119f5</value>
      </symbol>
      <symbol id="sm-fe3">
         <name>MemManage_Handler</name>
         <value>0x119f5</value>
      </symbol>
      <symbol id="sm-fe4">
         <name>BusFault_Handler</name>
         <value>0x119f5</value>
      </symbol>
      <symbol id="sm-fe5">
         <name>UsageFault_Handler</name>
         <value>0x119f5</value>
      </symbol>
      <symbol id="sm-fe6">
         <name>SVC_Handler</name>
         <value>0x119f5</value>
      </symbol>
      <symbol id="sm-fe7">
         <name>DebugMon_Handler</name>
         <value>0x119f5</value>
      </symbol>
      <symbol id="sm-fe8">
         <name>PendSV_Handler</name>
         <value>0x119f5</value>
      </symbol>
      <symbol id="sm-fe9">
         <name>SysTick_Handler</name>
         <value>0x119f5</value>
      </symbol>
      <symbol id="sm-fea">
         <name>PSS_IRQHandler</name>
         <value>0x119f5</value>
      </symbol>
      <symbol id="sm-feb">
         <name>CS_IRQHandler</name>
         <value>0x119f5</value>
      </symbol>
      <symbol id="sm-fec">
         <name>PCM_IRQHandler</name>
         <value>0x119f5</value>
      </symbol>
      <symbol id="sm-fed">
         <name>WDT_A_IRQHandler</name>
         <value>0x119f5</value>
      </symbol>
      <symbol id="sm-fee">
         <name>FPU_IRQHandler</name>
         <value>0x119f5</value>
      </symbol>
      <symbol id="sm-fef">
         <name>FLCTL_IRQHandler</name>
         <value>0x119f5</value>
      </symbol>
      <symbol id="sm-ff0">
         <name>COMP_E0_IRQHandler</name>
         <value>0x119f5</value>
      </symbol>
      <symbol id="sm-ff1">
         <name>COMP_E1_IRQHandler</name>
         <value>0x119f5</value>
      </symbol>
      <symbol id="sm-ff2">
         <name>TA0_0_IRQHandler</name>
         <value>0x119f5</value>
      </symbol>
      <symbol id="sm-ff3">
         <name>TA0_N_IRQHandler</name>
         <value>0x119f5</value>
      </symbol>
      <symbol id="sm-ff4">
         <name>TA1_0_IRQHandler</name>
         <value>0x119f5</value>
      </symbol>
      <symbol id="sm-ff5">
         <name>TA1_N_IRQHandler</name>
         <value>0x119f5</value>
      </symbol>
      <symbol id="sm-ff6">
         <name>TA2_0_IRQHandler</name>
         <value>0x119f5</value>
      </symbol>
      <symbol id="sm-ff7">
         <name>TA2_N_IRQHandler</name>
         <value>0x119f5</value>
      </symbol>
      <symbol id="sm-ff8">
         <name>TA3_0_IRQHandler</name>
         <value>0x119f5</value>
      </symbol>
      <symbol id="sm-ff9">
         <name>TA3_N_IRQHandler</name>
         <value>0x119f5</value>
      </symbol>
      <symbol id="sm-ffa">
         <name>EUSCIA0_IRQHandler</name>
         <value>0x119f5</value>
      </symbol>
      <symbol id="sm-ffb">
         <name>EUSCIA1_IRQHandler</name>
         <value>0x119f5</value>
      </symbol>
      <symbol id="sm-ffc">
         <name>EUSCIA2_IRQHandler</name>
         <value>0xda51</value>
      </symbol>
      <symbol id="sm-ffd">
         <name>EUSCIA3_IRQHandler</name>
         <value>0x119f5</value>
      </symbol>
      <symbol id="sm-ffe">
         <name>EUSCIB0_IRQHandler</name>
         <value>0x119f5</value>
      </symbol>
      <symbol id="sm-fff">
         <name>EUSCIB1_IRQHandler</name>
         <value>0x119f5</value>
      </symbol>
      <symbol id="sm-1000">
         <name>EUSCIB2_IRQHandler</name>
         <value>0x119f5</value>
      </symbol>
      <symbol id="sm-1001">
         <name>EUSCIB3_IRQHandler</name>
         <value>0x119f5</value>
      </symbol>
      <symbol id="sm-1002">
         <name>ADC14_IRQHandler</name>
         <value>0xd8b9</value>
      </symbol>
      <symbol id="sm-1003">
         <name>T32_INT1_IRQHandler</name>
         <value>0x119f5</value>
      </symbol>
      <symbol id="sm-1004">
         <name>T32_INT2_IRQHandler</name>
         <value>0x119f5</value>
      </symbol>
      <symbol id="sm-1005">
         <name>T32_INTC_IRQHandler</name>
         <value>0x119f5</value>
      </symbol>
      <symbol id="sm-1006">
         <name>AES256_IRQHandler</name>
         <value>0x119f5</value>
      </symbol>
      <symbol id="sm-1007">
         <name>RTC_C_IRQHandler</name>
         <value>0x119f5</value>
      </symbol>
      <symbol id="sm-1008">
         <name>DMA_ERR_IRQHandler</name>
         <value>0x119f5</value>
      </symbol>
      <symbol id="sm-1009">
         <name>DMA_INT3_IRQHandler</name>
         <value>0x119f5</value>
      </symbol>
      <symbol id="sm-100a">
         <name>DMA_INT2_IRQHandler</name>
         <value>0x119f5</value>
      </symbol>
      <symbol id="sm-100b">
         <name>DMA_INT1_IRQHandler</name>
         <value>0x119f5</value>
      </symbol>
      <symbol id="sm-100c">
         <name>DMA_INT0_IRQHandler</name>
         <value>0x119f5</value>
      </symbol>
      <symbol id="sm-100d">
         <name>PORT1_IRQHandler</name>
         <value>0x119f5</value>
      </symbol>
      <symbol id="sm-100e">
         <name>PORT2_IRQHandler</name>
         <value>0x119f5</value>
      </symbol>
      <symbol id="sm-100f">
         <name>PORT3_IRQHandler</name>
         <value>0xd9d5</value>
      </symbol>
      <symbol id="sm-1010">
         <name>PORT4_IRQHandler</name>
         <value>0x119f5</value>
      </symbol>
      <symbol id="sm-1011">
         <name>PORT5_IRQHandler</name>
         <value>0xd913</value>
      </symbol>
      <symbol id="sm-1012">
         <name>PORT6_IRQHandler</name>
         <value>0x119f5</value>
      </symbol>
      <symbol id="sm-1013">
         <name>remove</name>
         <value>0x11529</value>
      </symbol>
   </symbol_table>
   <title>Link successful</title>
</link_info>
