******************************************************************************
                  TI ARM Linker PC v20.2.7                     
******************************************************************************
>> Linked Tue Feb 21 15:56:53 2023

OUTPUT FILE NAME:   <ZZ_bLong.out>
ENTRY POINT SYMBOL: "_c_int00_noargs"  address: 00012dbd


MEMORY CONFIGURATION

         name            origin    length      used     unused   attr    fill
----------------------  --------  ---------  --------  --------  ----  --------
  MAIN                  00000000   00040000  000134e0  0002cb20  R  X
  INFO                  00200000   00004000  00000000  00004000  R  X
  SRAM_CODE             01000000   00010000  00000e44  0000f1bc  RW X
  SRAM_DATA             20000000   00010000  00000e44  0000f1bc  RW  


SEGMENT ALLOCATION MAP

run origin  load origin   length   init length attrs members
----------  ----------- ---------- ----------- ----- -------
00000000    00000000    000134e0   000134e0    r-x
  00000000    00000000    000000e4   000000e4    r-- .intvecs
  000000e4    000000e4    0000d130   0000d130    r-- .const
  0000d214    0000d214    0000621c   0000621c    r-x .text
  00013430    00013430    000000b0   000000b0    r-- .cinit
20000000    20000000    00000c44   00000000    rw-
  20000000    20000000    00000610   00000000    rw- .bss
  20000610    20000610    00000400   00000000    rw- .sysmem
  20000a10    20000a10    00000234   00000000    rw- .data
2000fe00    2000fe00    00000200   00000000    rw-
  2000fe00    2000fe00    00000200   00000000    rw- .stack


SECTION ALLOCATION MAP

 output                                  attributes/
section   page    origin      length       input sections
--------  ----  ----------  ----------   ----------------
.intvecs   0    00000000    000000e4     
                  00000000    000000e4     startup_msp432p401r_ccs.obj (.intvecs:retain)

.const     0    000000e4    0000d130     
                  000000e4    00002000     Gr_bubbleLevel.obj (.const:.string:pixel_bubbleLevel4BPP_UNCOMP)
                  000020e4    00002000     Gr_lidarInit.obj (.const:.string:pixel_lidarInit4BPP_UNCOMP)
                  000040e4    00002000     Gr_lidarMeasure.obj (.const:.string:pixel_lidarMeasure4BPP_UNCOMP)
                  000060e4    00002000     Gr_menu.obj (.const:.string:pixel_menu4BPP_UNCOMP)
                  000080e4    00002000     Gr_meterInit.obj (.const:.string:pixel_meterInit4BPP_UNCOMP)
                  0000a0e4    00002000     Gr_meterMeasure.obj (.const:.string:pixel_meterMeasure4BPP_UNCOMP)
                  0000c0e4    000008c1     grlib.a : fontcmss20.obj (.const:.string:g_pucCmss20Data)
                  0000c9a5    000002f8             : fontfixed6x8.obj (.const:.string:g_pucFontFixed6x8Data)
                  0000cc9d    00000101     rtsv7M4_T_le_v4SPD16_eabi.lib : ctype.c.obj (.const:.string:_ctypes_)
                  0000cd9e    00000002     --HOLE-- [fill = 0]
                  0000cda0    000000c8     grlib.a : fontcmss20.obj (.const:g_sFontCmss20)
                  0000ce68    000000c8             : fontfixed6x8.obj (.const:g_sFontFixed6x8)
                  0000cf30    00000080     msp432p4xx_driverlib.lib : adc14.o (.const:_ctlRegs)
                  0000cfb0    00000040     Gr_bubbleLevel.obj (.const:palette_bubbleLevel4BPP_UNCOMP)
                  0000cff0    00000040     Gr_lidarInit.obj (.const:palette_lidarInit4BPP_UNCOMP)
                  0000d030    00000040     Gr_lidarMeasure.obj (.const:palette_lidarMeasure4BPP_UNCOMP)
                  0000d070    00000040     Gr_menu.obj (.const:palette_menu4BPP_UNCOMP)
                  0000d0b0    00000040     Gr_meterInit.obj (.const:palette_meterInit4BPP_UNCOMP)
                  0000d0f0    00000040     Gr_meterMeasure.obj (.const:palette_meterMeasure4BPP_UNCOMP)
                  0000d130    00000030     msp432p4xx_driverlib.lib : gpio.o (.const:GPIO_PORT_TO_BASE)
                  0000d160    00000020     Crystalfontz128x128_ST7735.obj (.const:g_sCrystalfontz128x128_funcs)
                  0000d180    0000001c     HAL_MSP_EXP432P401R_Crystalfontz128x128_ST7735.obj (.const:$P$T0$1)
                  0000d19c    00000010     Gr_bubbleLevel.obj (.const:bubbleLevel4BPP_UNCOMP)
                  0000d1ac    00000010     Gr_lidarInit.obj (.const:lidarInit4BPP_UNCOMP)
                  0000d1bc    00000010     Gr_lidarMeasure.obj (.const:lidarMeasure4BPP_UNCOMP)
                  0000d1cc    00000010     Gr_menu.obj (.const:menu4BPP_UNCOMP)
                  0000d1dc    00000010     Gr_meterInit.obj (.const:meterInit4BPP_UNCOMP)
                  0000d1ec    00000010     Gr_meterMeasure.obj (.const:meterMeasure4BPP_UNCOMP)
                  0000d1fc    00000008     Crystalfontz128x128_ST7735.obj (.const:$P$T0$1)
                  0000d204    00000008     msp432p4xx_driverlib.lib : interrupt.o (.const:g_pulEnRegs)
                  0000d20c    00000008     meter.obj (.const)

.text      0    0000d214    0000621c     
                  0000d214    00000a4e     rtsv7M4_T_le_v4SPD16_eabi.lib : _printfi.c.obj (.text:__TI_printfi)
                  0000dc62    00000002                                   : _lock.c.obj (.text:_nop)
                  0000dc64    00000680     Crystalfontz128x128_ST7735.obj (.text)
                  0000e2e4    0000047e     grlib.a : string.obj (.text:Graphics_drawString)
                  0000e762    00000390             : image.obj (.text:Graphics_drawImage)
                  0000eaf2    00000002     rtsv7M4_T_le_v4SPD16_eabi.lib : div0.asm.obj (.text)
                  0000eaf4    00000334     system_msp432p401r.obj (.text)
                  0000ee28    0000029c     menu.obj (.text)
                  0000f0c4    00000270     rtsv7M4_T_le_v4SPD16_eabi.lib : _printfi.c.obj (.text:_pconv_a)
                  0000f334    0000026e     grlib.a : circle.obj (.text:Graphics_drawCircle)
                  0000f5a2    00000002     --HOLE-- [fill = 0]
                  0000f5a4    00000244     meter.obj (.text)
                  0000f7e8    0000022a     grlib.a : circle.obj (.text:Graphics_fillCircle)
                  0000fa12    00000002     --HOLE-- [fill = 0]
                  0000fa14    000001d0     rtsv7M4_T_le_v4SPD16_eabi.lib : _printfi.c.obj (.text:_pconv_g)
                  0000fbe4    000001b8     init.obj (.text)
                  0000fd9c    000001b6     rtsv7M4_T_le_v4SPD16_eabi.lib : fd_add_t2.asm.obj (.text)
                  0000ff52    00000002     --HOLE-- [fill = 0]
                  0000ff54    000001b4     utils.obj (.text)
                  00010108    0000016c     main.obj (.text)
                  00010274    00000160     msp432p4xx_driverlib.lib : adc14.o (.text:_getIndexForMemRegister)
                  000103d4    0000015c                              : pcm.o (.text:__PCM_setPowerModeAdvanced)
                  00010530    0000013c     rtsv7M4_T_le_v4SPD16_eabi.lib : _printfi.c.obj (.text:_pconv_e)
                  0001066c    00000136                                   : fd_div_t2.asm.obj (.text)
                  000107a2    00000002     --HOLE-- [fill = 0]
                  000107a4    00000130     msp432p4xx_driverlib.lib : cs.o (.text:CS_initClockSignal)
                  000108d4    0000012c     bubbleLevel.obj (.text)
                  00010a00    00000124     rtsv7M4_T_le_v4SPD16_eabi.lib : _printfi.c.obj (.text:fcvt)
                  00010b24    00000114                                   : fputs.c.obj (.text:fputs)
                  00010c38    00000112     grlib.a : rectangle.obj (.text:Graphics_fillRectangle)
                  00010d4a    00000002     --HOLE-- [fill = 0]
                  00010d4c    00000110     rtsv7M4_T_le_v4SPD16_eabi.lib : s_scalbn.c.obj (.text:scalbn)
                  00010e5c    00000108     msp432p4xx_driverlib.lib : pcm.o (.text:__PCM_setCoreVoltageLevelAdvanced)
                  00010f64    00000100     rtsv7M4_T_le_v4SPD16_eabi.lib : memory.c.obj (.text:aligned_alloc)
                  00011064    000000fc                                   : fd_mul_t2.asm.obj (.text)
                  00011160    000000fa     grlib.a : string.obj (.text:Graphics_getStringWidth)
                  0001125a    00000002     --HOLE-- [fill = 0]
                  0001125c    000000e4     rtsv7M4_T_le_v4SPD16_eabi.lib : memory.c.obj (.text:free)
                  00011340    000000dc                                   : setvbuf.c.obj (.text:setvbuf)
                  0001141c    000000cc     HAL_MSP_EXP432P401R_Crystalfontz128x128_ST7735.obj (.text)
                  000114e8    000000b4     msp432p4xx_driverlib.lib : adc14.o (.text:ADC14_configureConversionMemory)
                  0001159c    000000b4                              : adc14.o (.text:ADC14_configureMultiSequenceMode)
                  00011650    000000b1     rtsv7M4_T_le_v4SPD16_eabi.lib : _printfi.c.obj (.text:_ltostr)
                  00011701    00000001     --HOLE-- [fill = 0]
                  00011702    000000b0     msp432p4xx_driverlib.lib : spi.o (.text:SPI_initMaster)
                  000117b2    0000009c     grlib.a : line.obj (.text:Graphics_drawLineH)
                  0001184e    0000009c             : line.obj (.text:Graphics_drawLineV)
                  000118ea    0000009c     rtsv7M4_T_le_v4SPD16_eabi.lib : memcpy_t2.asm.obj (.text)
                  00011986    00000096                                   : ull_div_t2.asm.obj (.text)
                  00011a1c    0000008c                                   : fputc.c.obj (.text:fputc)
                  00011aa8    00000088     msp432p4xx_driverlib.lib : gpio.o (.text:GPIO_setAsPeripheralModuleFunctionInputPin)
                  00011b30    00000088                              : gpio.o (.text:GPIO_setAsPeripheralModuleFunctionOutputPin)
                  00011bb8    00000086     rtsv7M4_T_le_v4SPD16_eabi.lib : fd_cmp_t2.asm.obj (.text:__aeabi_cdcmple)
                  00011c3e    00000086                                   : fd_cmp_t2.asm.obj (.text:__aeabi_cdrcmple)
                  00011cc4    00000084     msp432p4xx_driverlib.lib : gpio.o (.text:GPIO_getEnabledInterruptStatus)
                  00011d48    00000080                              : interrupt.o (.text:Interrupt_enableInterrupt)
                  00011dc8    0000007a     rtsv7M4_T_le_v4SPD16_eabi.lib : memset_t2.asm.obj (.text)
                  00011e42    00000002     --HOLE-- [fill = 0]
                  00011e44    00000074                                   : fclose.c.obj (.text:__TI_closefile)
                  00011eb8    00000070                                   : memory.c.obj (.text:split)
                  00011f28    0000006e                                   : _printfi.c.obj (.text:_mcpy)
                  00011f96    00000002     --HOLE-- [fill = 0]
                  00011f98    0000006c     grlib.a : image.obj (.text:Graphics_convertPalette)
                  00012004    0000006c     rtsv7M4_T_le_v4SPD16_eabi.lib : hostrename.c.obj (.text:HOSTrename)
                  00012070    00000068                                   : hostlseek.c.obj (.text:HOSTlseek)
                  000120d8    00000068                                   : copy_decompress_lzss.c.obj (.text:decompress:lzss:__TI_decompress_lzss)
                  00012140    00000068                                   : printf.c.obj (.text:printf)
                  000121a8    00000064                                   : s_frexp.c.obj (.text:frexp)
                  0001220c    00000064                                   : fseek.c.obj (.text:fseek)
                  00012270    00000062                                   : _io_perm.c.obj (.text:__TI_wrt_ok)
                  000122d2    00000002     --HOLE-- [fill = 0]
                  000122d4    00000060                                   : hostopen.c.obj (.text:HOSTopen)
                  00012334    0000005e     msp432p4xx_driverlib.lib : pcm.o (.text:PCM_getCoreVoltageLevel)
                  00012392    00000002     --HOLE-- [fill = 0]
                  00012394    0000005c     rtsv7M4_T_le_v4SPD16_eabi.lib : close.c.obj (.text:close)
                  000123f0    0000005a     grlib.a : context.obj (.text:Graphics_drawPixel)
                  0001244a    0000005a     msp432p4xx_driverlib.lib : pcm.o (.text:PCM_getPowerMode)
                  000124a4    00000058                              : gpio.o (.text:GPIO_setAsInputPinWithPullUpResistor)
                  000124fc    00000058     rtsv7M4_T_le_v4SPD16_eabi.lib : hostread.c.obj (.text:HOSTread)
                  00012554    00000058                                   : hostwrite.c.obj (.text:HOSTwrite)
                  000125ac    00000056                                   : _printfi.c.obj (.text:_pconv_f)
                  00012602    00000002     --HOLE-- [fill = 0]
                  00012604    00000054     msp432p4xx_driverlib.lib : adc14.o (.text:ADC14_initModule)
                  00012658    00000054     rtsv7M4_T_le_v4SPD16_eabi.lib : _ltoa.c.obj (.text:__TI_ltoa)
                  000126ac    00000052     grlib.a : context.obj (.text:Graphics_initContext)
                  000126fe    00000052     rtsv7M4_T_le_v4SPD16_eabi.lib : _printfi.c.obj (.text:_ecpy)
                  00012750    0000004c                                   : fflush.c.obj (.text:__TI_doflush)
                  0001279c    0000004c                                   : atoi.c.obj (.text:atoi)
                  000127e8    00000048     msp432p4xx_driverlib.lib : flash.o (.text:FlashCtl_setWaitState)
                  00012830    00000048     grlib.a : string.obj (.text:Graphics_drawStringCentered)
                  00012878    00000048     rtsv7M4_T_le_v4SPD16_eabi.lib : exit.c.obj (.text:exit)
                  000128c0    00000048                                   : fd_toi_t2.asm.obj (.text)
                  00012908    00000046     grlib.a : display.obj (.text:Graphics_drawMultiplePixelsOnDisplay)
                  0001294e    00000002     --HOLE-- [fill = 0]
                  00012950    00000044     rtsv7M4_T_le_v4SPD16_eabi.lib : hostclose.c.obj (.text:HOSTclose)
                  00012994    00000044                                   : hostunlink.c.obj (.text:HOSTunlink)
                  000129d8    00000044                                   : autoinit.c.obj (.text:__TI_auto_init_nobinit_nopinit:__TI_auto_init_nobinit_nopinit)
                  00012a1c    00000044                                   : getdevice.c.obj (.text:getdevice)
                  00012a60    00000040     msp432p4xx_driverlib.lib : gpio.o (.text:GPIO_setAsOutputPin)
                  00012aa0    00000040     grlib.a : string.obj (.text:Graphics_getNumberOfLeadingZeros)
                  00012ae0    00000040     msp432p4xx_driverlib.lib : spi.o (.text:is_A_Module)
                  00012b20    00000040     rtsv7M4_T_le_v4SPD16_eabi.lib : sprintf.c.obj (.text:sprintf)
                  00012b60    0000003e                                   : _printfi.c.obj (.text:_fcpy)
                  00012b9e    00000002     --HOLE-- [fill = 0]
                  00012ba0    00000038     msp432p4xx_driverlib.lib : adc14.o (.text:ADC14_getEnabledInterruptStatus)
                  00012bd8    00000038     rtsv7M4_T_le_v4SPD16_eabi.lib : trgmsg.c.obj (.text:__TI_writemsg)
                  00012c10    00000038                                   : fs_tod_t2.asm.obj (.text)
                  00012c48    00000036     grlib.a : display.obj (.text:Graphics_drawHorizontalLineOnDisplay)
                  00012c7e    00000036             : display.obj (.text:Graphics_drawVerticalLineOnDisplay)
                  00012cb4    00000036     rtsv7M4_T_le_v4SPD16_eabi.lib : strncpy.c.obj (.text:strncpy)
                  00012cea    00000002     --HOLE-- [fill = 0]
                  00012cec    00000034     msp432p4xx_driverlib.lib : adc14.o (.text:ADC14_enableSampleTimer)
                  00012d20    00000034                              : cs.o (.text:CS_setDCOCenteredFrequency)
                  00012d54    00000034     rtsv7M4_T_le_v4SPD16_eabi.lib : fopen.c.obj (.text:__TI_cleanup)
                  00012d88    00000034                                   : trgmsg.c.obj (.text:__TI_readmsg)
                  00012dbc    00000034                                   : boot_cortex_m.c.obj (.text:_c_int00_noargs:_c_int00_noargs)
                  00012df0    00000030     msp432p4xx_driverlib.lib : adc14.o (.text:ADC14_clearInterruptFlag)
                  00012e20    00000030                              : adc14.o (.text:ADC14_enableInterrupt)
                  00012e50    00000030                              : gpio.o (.text:GPIO_getInputPinValue)
                  00012e80    00000030     rtsv7M4_T_le_v4SPD16_eabi.lib : getdevice.c.obj (.text:finddevice)
                  00012eb0    0000002e                                   : i_tofd_t2.asm.obj (.text)
                  00012ede    00000002     --HOLE-- [fill = 0]
                  00012ee0    0000002c     msp432p4xx_driverlib.lib : adc14.o (.text:ADC14_getInterruptStatus)
                  00012f0c    0000002c                              : adc14.o (.text:ADC14_toggleConversionTrigger)
                  00012f38    0000002c     grlib.a : display.obj (.text:Graphics_drawPixelOnDisplay)
                  00012f64    0000002c     rtsv7M4_T_le_v4SPD16_eabi.lib : unlink.c.obj (.text:unlink)
                  00012f90    00000028     msp432p4xx_driverlib.lib : adc14.o (.text:ADC14_enableConversion)
                  00012fb8    00000028                              : adc14.o (.text:ADC14_getResult)
                  00012fe0    00000028                              : gpio.o (.text:GPIO_clearInterruptFlag)
                  00013008    00000028                              : gpio.o (.text:GPIO_enableInterrupt)
                  00013030    00000028                              : gpio.o (.text:GPIO_setOutputHighOnPin)
                  00013058    00000028                              : gpio.o (.text:GPIO_setOutputLowOnPin)
                  00013080    00000028                              : pcm.o (.text:PCM_gotoLPM0)
                  000130a8    00000028     rtsv7M4_T_le_v4SPD16_eabi.lib : memory.c.obj (.text:free_list_insert)
                  000130d0    00000028                                   : lseek.c.obj (.text:lseek)
                  000130f8    00000028                                   : write.c.obj (.text:write)
                  00013120    00000024     msp432p4xx_driverlib.lib : gpio.o (.text:GPIO_getInterruptStatus)
                  00013144    00000024                              : wdt_a.o (.text:WDT_A_holdTimer)
                  00013168    00000020     rtsv7M4_T_le_v4SPD16_eabi.lib : memchr.c.obj (.text:memchr)
                  00013188    0000001e     grlib.a : display.obj (.text:Graphics_fillRectangleOnDisplay)
                  000131a6    0000001c     msp432p4xx_driverlib.lib : spi.o (.text:SPI_enableModule)
                  000131c2    00000002     --HOLE-- [fill = 0]
                  000131c4    0000001c     rtsv7M4_T_le_v4SPD16_eabi.lib : memory.c.obj (.text:free_list_remove)
                  000131e0    0000001c                                   : memccpy.c.obj (.text:memccpy)
                  000131fc    0000001a     grlib.a : display.obj (.text:Graphics_clearDisplayOnDisplay)
                  00013216    0000001a             : context.obj (.text:Graphics_setBackgroundColor)
                  00013230    0000001a             : context.obj (.text:Graphics_setFont)
                  0001324a    0000001a     rtsv7M4_T_le_v4SPD16_eabi.lib : s_copysign.c.obj (.text:copysign)
                  00013264    00000018                                   : sprintf.c.obj (.text:_outs)
                  0001327c    00000018                                   : strcmp.c.obj (.text:strcmp)
                  00013294    00000016     msp432p4xx_driverlib.lib : spi.o (.text:EUSCI_A_SPI_enable)
                  000132aa    00000016                              : spi.o (.text:EUSCI_B_SPI_enable)
                  000132c0    00000016     grlib.a : context.obj (.text:Graphics_setForegroundColor)
                  000132d6    00000016             : display.obj (.text:Graphics_translateColorOnDisplay)
                  000132ec    00000016     rtsv7M4_T_le_v4SPD16_eabi.lib : strchr.c.obj (.text:strchr)
                  00013302    00000002     --HOLE-- [fill = 0]
                  00013304    00000014     msp432p4xx_driverlib.lib : pcm.o (.text:PCM_getPowerState)
                  00013318    00000014     rtsv7M4_T_le_v4SPD16_eabi.lib : strcpy.c.obj (.text:strcpy)
                  0001332c    00000014                                   : strlen.c.obj (.text:strlen)
                  00013340    00000012     grlib.a : context.obj (.text:Graphics_clearDisplay)
                  00013352    00000012     rtsv7M4_T_le_v4SPD16_eabi.lib : wcslen.c.obj (.text:wcslen)
                  00013364    00000010     msp432p4xx_driverlib.lib : adc14.o (.text:ADCIsConversionRunning)
                  00013374    00000010                              : interrupt.o (.text:Interrupt_disableMaster)
                  00013384    00000010                              : interrupt.o (.text:Interrupt_enableMaster)
                  00013394    00000010                              : pcm.o (.text:PCM_setCoreVoltageLevel)
                  000133a4    00000010                              : pcm.o (.text:PCM_setPowerMode)
                  000133b4    0000000e     rtsv7M4_T_le_v4SPD16_eabi.lib : copy_decompress_none.c.obj (.text:decompress:none:__TI_decompress_none)
                  000133c2    0000000e     startup_msp432p401r_ccs.obj (.text)
                  000133d0    0000000c     msp432p4xx_driverlib.lib : adc14.o (.text:ADC14_enableModule)
                  000133dc    0000000c                              : cpu.o (.text:CPU_cpsid)
                  000133e8    0000000c                              : cpu.o (.text:CPU_cpsie)
                  000133f4    0000000c     rtsv7M4_T_le_v4SPD16_eabi.lib : copy_zero_init.c.obj (.text:decompress:ZI:__TI_zero_init)
                  00013400    0000000a                                   : sprintf.c.obj (.text:_outc)
                  0001340a    00000002     --HOLE-- [fill = 0]
                  0001340c    00000008                                   : errno.c.obj (.text:__aeabi_errno_addr)
                  00013414    00000008                                   : memory.c.obj (.text:malloc)
                  0001341c    00000004     msp432p4xx_driverlib.lib : cpu.o (.text:CPU_wfi)
                  00013420    00000004     rtsv7M4_T_le_v4SPD16_eabi.lib : printf.c.obj (.text:_outc)
                  00013424    00000004                                   : printf.c.obj (.text:_outs)
                  00013428    00000004                                   : pre_init.c.obj (.text:_system_pre_init)
                  0001342c    00000004                                   : exit.c.obj (.text:abort:abort)

.cinit     0    00013430    000000b0     
                  00013430    0000008b     (.cinit..data.load) [load image, compression = lzss]
                  000134bb    00000001     --HOLE-- [fill = 0]
                  000134bc    0000000c     (__TI_handler_table)
                  000134c8    00000008     (.cinit..bss.load) [load image, compression = zero_init]
                  000134d0    00000010     (__TI_cinit_table)

.init_array 
*          0    00000000    00000000     UNINITIALIZED

.binit     0    00000000    00000000     

.bss       0    20000000    00000610     UNINITIALIZED
                  20000000    00000400     grlib.a : image.obj (.bss:g_pulConvertedPalette)
                  20000400    00000120     rtsv7M4_T_le_v4SPD16_eabi.lib : trgmsg.c.obj (.bss:_CIOBUF_)
                  20000520    000000a0     (.common:__TI_tmpnams)
                  200005c0    0000001c     (.common:g_sContext)
                  200005dc    0000000c     (.common:BOX)
                  200005e8    00000008     (.common:parmbuf)
                  200005f0    00000008     (.common:rectCanc)
                  200005f8    00000008     (.common:string)
                  20000600    00000004     (.common:oldPos)
                  20000604    00000002     (.common:Lcd_ScreenHeigth)
                  20000606    00000002     (.common:Lcd_ScreenWidth)
                  20000608    00000002     (.common:Lcd_TouchTrim)
                  2000060a    00000002     (.common:xMeasured)
                  2000060c    00000001     (.common:Lcd_FlagRead)
                  2000060d    00000001     (.common:Lcd_FontSolid)
                  2000060e    00000001     (.common:Lcd_Orientation)
                  2000060f    00000001     (.common:Lcd_PenSolid)

.sysmem    0    20000610    00000400     UNINITIALIZED
                  20000610    00000010     rtsv7M4_T_le_v4SPD16_eabi.lib : memory.c.obj (.sysmem)
                  20000620    000003f0     --HOLE--

.data      0    20000a10    00000234     UNINITIALIZED
                  20000a10    000000f0     rtsv7M4_T_le_v4SPD16_eabi.lib : defs.c.obj (.data:_ftable)
                  20000b00    00000078                                   : host_device.c.obj (.data:_device)
                  20000b78    00000050                                   : host_device.c.obj (.data:_stream)
                  20000bc8    00000014     menu.obj (.data)
                  20000bdc    00000014     meter.obj (.data)
                  20000bf0    00000010     Crystalfontz128x128_ST7735.obj (.data:g_sCrystalfontz128x128)
                  20000c00    00000010     rtsv7M4_T_le_v4SPD16_eabi.lib : defs.c.obj (.data)
                  20000c10    0000000c                                   : exit.c.obj (.data:$O1$$)
                  20000c1c    0000000c     main.obj (.data)
                  20000c28    00000008     rtsv7M4_T_le_v4SPD16_eabi.lib : _lock.c.obj (.data:$O1$$)
                  20000c30    00000008                                   : memory.c.obj (.data:$O1$$)
                  20000c38    00000004     bubbleLevel.obj (.data)
                  20000c3c    00000004     rtsv7M4_T_le_v4SPD16_eabi.lib : errno.c.obj (.data)
                  20000c40    00000004     system_msp432p401r.obj (.data)

.stack     0    2000fe00    00000200     UNINITIALIZED
                  2000fe00    00000004     rtsv7M4_T_le_v4SPD16_eabi.lib : boot_cortex_m.c.obj (.stack)
                  2000fe04    000001fc     --HOLE--

__llvm_prf_cnts 
*          0    20000000    00000000     UNINITIALIZED

MODULE SUMMARY

       Module                                               code    ro data   rw data
       ------                                               ----    -------   -------
    .\
       Gr_bubbleLevel.obj                                   0       8272      0      
       Gr_lidarInit.obj                                     0       8272      0      
       Gr_lidarMeasure.obj                                  0       8272      0      
       Gr_menu.obj                                          0       8272      0      
       Gr_meterInit.obj                                     0       8272      0      
       Gr_meterMeasure.obj                                  0       8272      0      
       system_msp432p401r.obj                               820     0         8      
       menu.obj                                             668     0         64     
       meter.obj                                            580     8         56     
       main.obj                                             364     0         80     
       init.obj                                             440     0         0      
       utils.obj                                            436     0         0      
       bubbleLevel.obj                                      300     0         36     
       startup_msp432p401r_ccs.obj                          14      228       0      
    +--+----------------------------------------------------+-------+---------+---------+
       Total:                                               3622    49868     244    
                                                                                     
    .\LcdDriver\
       Crystalfontz128x128_ST7735.obj                       1664    40        52     
       HAL_MSP_EXP432P401R_Crystalfontz128x128_ST7735.obj   204     28        0      
    +--+----------------------------------------------------+-------+---------+---------+
       Total:                                               1868    68        52     
                                                                                     
    C:/Users/pietr/Desktop/workspace_IoT/simplelink_msp432p4_sdk_3_40_01_02/source/ti/devices/msp432p4xx/driverlib/ccs/msp432p4xx_driverlib.lib
       adc14.o                                              1196    128       0      
       pcm.o                                                888     0         0      
       gpio.o                                               800     48        0      
       cs.o                                                 356     0         0      
       spi.o                                                312     0         0      
       interrupt.o                                          160     8         0      
       flash.o                                              72      0         0      
       wdt_a.o                                              36      0         0      
       cpu.o                                                28      0         0      
    +--+----------------------------------------------------+-------+---------+---------+
       Total:                                               3848    184       0      
                                                                                     
    C:/Users/pietr/Desktop/workspace_IoT/simplelink_msp432p4_sdk_3_40_01_02/source/ti/grlib/lib/ccs/m4f/grlib.a
       image.obj                                            1020    0         2048   
       fontcmss20.obj                                       0       2441      0      
       string.obj                                           1536    0         0      
       circle.obj                                           1176    0         0      
       fontfixed6x8.obj                                     0       960       0      
       line.obj                                             312     0         0      
       display.obj                                          300     0         0      
       rectangle.obj                                        274     0         0      
       context.obj                                          264     0         0      
    +--+----------------------------------------------------+-------+---------+---------+
       Total:                                               4882    3401      2048   
                                                                                     
    C:\ti\ccs1210\ccs\tools\compiler\ti-cgt-arm_20.2.7.LTS\lib\rtsv7M4_T_le_v4SPD16_eabi.lib
       _printfi.c.obj                                       4851    0         0      
       defs.c.obj                                           0       0         832    
       memory.c.obj                                         672     0         16     
       trgmsg.c.obj                                         108     0         576    
       fd_add_t2.asm.obj                                    438     0         0      
       host_device.c.obj                                    0       0         400    
       fd_div_t2.asm.obj                                    310     0         0      
       fputs.c.obj                                          276     0         0      
       s_scalbn.c.obj                                       272     0         0      
       fd_cmp_t2.asm.obj                                    268     0         0      
       ctype.c.obj                                          0       257       0      
       fd_mul_t2.asm.obj                                    252     0         0      
       setvbuf.c.obj                                        220     0         0      
       memcpy_t2.asm.obj                                    156     0         0      
       ull_div_t2.asm.obj                                   150     0         0      
       fputc.c.obj                                          140     0         0      
       memset_t2.asm.obj                                    122     0         0      
       fclose.c.obj                                         116     0         0      
       getdevice.c.obj                                      116     0         0      
       hostopen.c.obj                                       96      0         16     
       printf.c.obj                                         112     0         0      
       hostrename.c.obj                                     108     0         0      
       copy_decompress_lzss.c.obj                           104     0         0      
       hostlseek.c.obj                                      104     0         0      
       exit.c.obj                                           76      0         24     
       fseek.c.obj                                          100     0         0      
       s_frexp.c.obj                                        100     0         0      
       _io_perm.c.obj                                       98      0         0      
       sprintf.c.obj                                        98      0         0      
       close.c.obj                                          92      0         0      
       hostread.c.obj                                       88      0         0      
       hostwrite.c.obj                                      88      0         0      
       _ltoa.c.obj                                          84      0         0      
       atoi.c.obj                                           76      0         0      
       fflush.c.obj                                         76      0         0      
       fd_toi_t2.asm.obj                                    72      0         0      
       autoinit.c.obj                                       68      0         0      
       hostclose.c.obj                                      68      0         0      
       hostunlink.c.obj                                     68      0         0      
       fs_tod_t2.asm.obj                                    56      0         0      
       strncpy.c.obj                                        54      0         0      
       boot_cortex_m.c.obj                                  52      0         0      
       fopen.c.obj                                          52      0         0      
       i_tofd_t2.asm.obj                                    46      0         0      
       unlink.c.obj                                         44      0         0      
       lseek.c.obj                                          40      0         0      
       write.c.obj                                          40      0         0      
       memchr.c.obj                                         32      0         0      
       memccpy.c.obj                                        28      0         0      
       s_copysign.c.obj                                     26      0         0      
       strcmp.c.obj                                         24      0         0      
       strchr.c.obj                                         22      0         0      
       strcpy.c.obj                                         20      0         0      
       strlen.c.obj                                         20      0         0      
       _lock.c.obj                                          2       0         16     
       wcslen.c.obj                                         18      0         0      
       errno.c.obj                                          8       0         8      
       copy_decompress_none.c.obj                           14      0         0      
       copy_zero_init.c.obj                                 12      0         0      
       pre_init.c.obj                                       4       0         0      
       div0.asm.obj                                         2       0         0      
    +--+----------------------------------------------------+-------+---------+---------+
       Total:                                               10859   257       1888   
                                                                                     
       Heap:                                                0       0         2048   
       Stack:                                               0       0         1024   
       Linker Generated:                                    0       175       0      
    +--+----------------------------------------------------+-------+---------+---------+
       Grand Total:                                         25079   53953     7304   


LINKER GENERATED COPY TABLES

__TI_cinit_table @ 000134d0 records: 2, size/record: 8, table size: 16
	.data: load addr=00013430, load size=0000008b bytes, run addr=20000a10, run size=00000234 bytes, compression=lzss
	.bss: load addr=000134c8, load size=00000008 bytes, run addr=20000000, run size=00000610 bytes, compression=zero_init


LINKER GENERATED HANDLER TABLE

__TI_handler_table @ 000134bc records: 3, size/record: 4, table size: 12
	index: 0, handler: __TI_decompress_lzss
	index: 1, handler: __TI_decompress_none
	index: 2, handler: __TI_zero_init


GLOBAL SYMBOLS: SORTED ALPHABETICALLY BY Name 

address   name                                       
-------   ----                                       
00010123  ADC14_IRQHandler                           
00010123  ADC14_IRQHandler                           
00012df1  ADC14_clearInterruptFlag                   
000114e9  ADC14_configureConversionMemory            
0001159d  ADC14_configureMultiSequenceMode           
00012f91  ADC14_enableConversion                     
00012e21  ADC14_enableInterrupt                      
000133d1  ADC14_enableModule                         
00012ced  ADC14_enableSampleTimer                    
00012ba1  ADC14_getEnabledInterruptStatus            
00012ee1  ADC14_getInterruptStatus                   
00012fb9  ADC14_getResult                            
00012605  ADC14_initModule                           
00012f0d  ADC14_toggleConversionTrigger              
000133cf  AES256_IRQHandler                          
200005dc  BOX                                        
000133cf  BusFault_Handler                           
0001342d  C$$EXIT                                    
00012c07  C$$IO$$                                    
000133cf  COMP_E0_IRQHandler                         
000133cf  COMP_E1_IRQHandler                         
20000c24  CONTROL                                    
000133dd  CPU_cpsid                                  
000133e9  CPU_cpsie                                  
0001341d  CPU_wfi                                    
000133cf  CS_IRQHandler                              
000107a5  CS_initClockSignal                         
00012d21  CS_setDCOCenteredFrequency                 
20000c1c  CURRENT_STATE                              
20000bcc  CURSOR                                     
0000dc65  Crystalfontz128x128_Init                   
0000dd79  Crystalfontz128x128_SetDrawFrame           
0000dea7  Crystalfontz128x128_SetOrientation         
000133cf  DMA_ERR_IRQHandler                         
000133cf  DMA_INT0_IRQHandler                        
000133cf  DMA_INT1_IRQHandler                        
000133cf  DMA_INT2_IRQHandler                        
000133cf  DMA_INT3_IRQHandler                        
000133cf  DebugMon_Handler                           
000133cf  Default_Handler                            
000133cf  EUSCIA0_IRQHandler                         
000133cf  EUSCIA1_IRQHandler                         
000133cf  EUSCIA2_IRQHandler                         
000133cf  EUSCIA3_IRQHandler                         
000133cf  EUSCIB0_IRQHandler                         
000133cf  EUSCIB1_IRQHandler                         
000133cf  EUSCIB2_IRQHandler                         
000133cf  EUSCIB3_IRQHandler                         
00013295  EUSCI_A_SPI_enable                         
000132ab  EUSCI_B_SPI_enable                         
000133cf  FLCTL_IRQHandler                           
000133cf  FPU_IRQHandler                             
000127e9  FlashCtl_setWaitState                      
00012fe1  GPIO_clearInterruptFlag                    
00013009  GPIO_enableInterrupt                       
00011cc5  GPIO_getEnabledInterruptStatus             
00012e51  GPIO_getInputPinValue                      
00013121  GPIO_getInterruptStatus                    
000124a5  GPIO_setAsInputPinWithPullUpResistor       
00012a61  GPIO_setAsOutputPin                        
00011aa9  GPIO_setAsPeripheralModuleFunctionInputPin 
00011b31  GPIO_setAsPeripheralModuleFunctionOutputPin
00013031  GPIO_setOutputHighOnPin                    
00013059  GPIO_setOutputLowOnPin                     
00013341  Graphics_clearDisplay                      
000131fd  Graphics_clearDisplayOnDisplay             
0000f335  Graphics_drawCircle                        
00012c49  Graphics_drawHorizontalLineOnDisplay       
0000e763  Graphics_drawImage                         
000117b3  Graphics_drawLineH                         
0001184f  Graphics_drawLineV                         
00012909  Graphics_drawMultiplePixelsOnDisplay       
000123f1  Graphics_drawPixel                         
00012f39  Graphics_drawPixelOnDisplay                
0000e2e5  Graphics_drawString                        
00012831  Graphics_drawStringCentered                
00012c7f  Graphics_drawVerticalLineOnDisplay         
0000f7e9  Graphics_fillCircle                        
00010c39  Graphics_fillRectangle                     
00013189  Graphics_fillRectangleOnDisplay            
00011161  Graphics_getStringWidth                    
000126ad  Graphics_initContext                       
00013217  Graphics_setBackgroundColor                
00013231  Graphics_setFont                           
000132c1  Graphics_setForegroundColor                
000132d7  Graphics_translateColorOnDisplay           
0001141d  HAL_LCD_PortInit                           
0001144d  HAL_LCD_SpiInit                            
00011483  HAL_LCD_writeCommand                       
000114b3  HAL_LCD_writeData                          
00012951  HOSTclose                                  
00012071  HOSTlseek                                  
000122d5  HOSTopen                                   
000124fd  HOSTread                                   
00012005  HOSTrename                                 
00012995  HOSTunlink                                 
00012555  HOSTwrite                                  
000133cf  HardFault_Handler                          
20000bd4  INIT_POS                                   
00013375  Interrupt_disableMaster                    
00011d49  Interrupt_enableInterrupt                  
00013385  Interrupt_enableMaster                     
2000060c  Lcd_FlagRead                               
2000060d  Lcd_FontSolid                              
2000060e  Lcd_Orientation                            
2000060f  Lcd_PenSolid                               
20000604  Lcd_ScreenHeigth                           
20000606  Lcd_ScreenWidth                            
20000608  Lcd_TouchTrim                              
20000c20  METER_STATE                                
000133cf  MemManage_Handler                          
000133cf  NMI_Handler                                
000133cf  PCM_IRQHandler                             
00012335  PCM_getCoreVoltageLevel                    
0001244b  PCM_getPowerMode                           
00013305  PCM_getPowerState                          
00013081  PCM_gotoLPM0                               
00013395  PCM_setCoreVoltageLevel                    
000133a5  PCM_setPowerMode                           
000133cf  PORT1_IRQHandler                           
000133cf  PORT2_IRQHandler                           
00010213  PORT3_IRQHandler                           
00010213  PORT3_IRQHandler                           
000133cf  PORT4_IRQHandler                           
00010187  PORT5_IRQHandler                           
00010187  PORT5_IRQHandler                           
000133cf  PORT6_IRQHandler                           
000133cf  PSS_IRQHandler                             
000133cf  PendSV_Handler                             
000133cf  RTC_C_IRQHandler                           
000133c3  Reset_Handler                              
20000bc8  SELECTED                                   
20000bd8  SENSITIVITY                                
000131a7  SPI_enableModule                           
00011703  SPI_initMaster                             
20000bec  START                                      
000133cf  SVC_Handler                                
000133cf  SysTick_Handler                            
20000c40  SystemCoreClock                            
0000eaf5  SystemCoreClockUpdate                      
0000ed6d  SystemInit                                 
000133cf  T32_INT1_IRQHandler                        
000133cf  T32_INT2_IRQHandler                        
000133cf  T32_INTC_IRQHandler                        
000133cf  TA0_0_IRQHandler                           
000133cf  TA0_N_IRQHandler                           
000133cf  TA1_0_IRQHandler                           
000133cf  TA1_N_IRQHandler                           
000133cf  TA2_0_IRQHandler                           
000133cf  TA2_N_IRQHandler                           
000133cf  TA3_0_IRQHandler                           
000133cf  TA3_N_IRQHandler                           
000133cf  UsageFault_Handler                         
20000bd0  WAIT_POS                                   
4000480c  WDTCTL_SYM                                 
000133cf  WDT_A_IRQHandler                           
00013145  WDT_A_holdTimer                            
20000400  __CIOBUF_                                  
20010000  __STACK_END                                
00000200  __STACK_SIZE                               
00000400  __SYSMEM_SIZE                              
000134d0  __TI_CINIT_Base                            
000134e0  __TI_CINIT_Limit                           
000134bc  __TI_Handler_Table_Base                    
000134c8  __TI_Handler_Table_Limit                   
000129d9  __TI_auto_init_nobinit_nopinit             
00012d55  __TI_cleanup                               
20000c10  __TI_cleanup_ptr                           
00011e45  __TI_closefile                             
000120d9  __TI_decompress_lzss                       
000133b5  __TI_decompress_none                       
00012751  __TI_doflush                               
20000c14  __TI_dtors_ptr                             
20000c18  __TI_enable_exit_profile_output            
20000c00  __TI_ft_end                                
00012659  __TI_ltoa                                  
ffffffff  __TI_pprof_out_hndl                        
0000d215  __TI_printfi                               
ffffffff  __TI_prof_data_size                        
ffffffff  __TI_prof_data_start                       
00012d89  __TI_readmsg                               
00000000  __TI_static_base__                         
20000520  __TI_tmpnams                               
00012bd9  __TI_writemsg                              
00012271  __TI_wrt_ok                                
000133f5  __TI_zero_init                             
00011bb9  __aeabi_cdcmpeq                            
00011bb9  __aeabi_cdcmple                            
00011c3f  __aeabi_cdrcmple                           
000128c1  __aeabi_d2iz                               
0000fda7  __aeabi_dadd                               
0001066d  __aeabi_ddiv                               
00011065  __aeabi_dmul                               
0000fd9d  __aeabi_dsub                               
0001340d  __aeabi_errno_addr                         
00012c11  __aeabi_f2d                                
00012eb1  __aeabi_i2d                                
0000eaf3  __aeabi_idiv0                              
0000eaf3  __aeabi_ldiv0                              
00011dc9  __aeabi_memclr                             
00011dc9  __aeabi_memclr4                            
00011dc9  __aeabi_memclr8                            
000118eb  __aeabi_memcpy                             
000118eb  __aeabi_memcpy4                            
000118eb  __aeabi_memcpy8                            
00011dcb  __aeabi_memset                             
00011dcb  __aeabi_memset4                            
00011dcb  __aeabi_memset8                            
20000c0c  __aeabi_stderr                             
20000c04  __aeabi_stdin                              
20000c08  __aeabi_stdout                             
00011987  __aeabi_uldivmod                           
ffffffff  __binit__                                  
ffffffff  __c_args__                                 
UNDEFED   __mpu_init                                 
2000fe00  __stack                                    
20000000  __start___llvm_prf_cnts                    
20000000  __stop___llvm_prf_cnts                     
0000fc3b  _adcBubbleInit                             
0000fc3d  _adcInit                                   
0000fc15  _adcJoystickInit                           
0000fbe5  _buttonsInit                               
00012dbd  _c_int00_noargs                            
0000cc9d  _ctypes_                                   
20000b00  _device                                    
0000fcef  _encoderInit                               
20000a10  _ftable                                    
0000fcab  _graphicsInit                              
0000fd03  _ledInit                                   
20000c28  _lock                                      
0000dc63  _nop                                       
20000b78  _stream                                    
20000610  _sys_memory                                
UNDEFED   _system_post_cinit                         
00013429  _system_pre_init                           
20000c2c  _unlock                                    
0001342d  abort                                      
00010f65  aligned_alloc                              
0001279d  atoi                                       
ffffffff  binit                                      
000109db  bubbleInit                                 
0000d19c  bubbleLevel4BPP_UNCOMP                     
0000f063  buttonAMenu                                
000108d5  cancRect                                   
20000be0  centimeter                                 
0000ff7f  clearCircle                                
00012395  close                                      
0001324b  copysign                                   
0001324b  copysignl                                  
0000ff55  drawCircle                                 
0001007f  drawImageBubbleLevel                       
0001009d  drawImageLidarInit                         
000100c7  drawImageLidarMeasure                      
00010019  drawImageMenu                              
00010037  drawImageMeterInit                         
00010061  drawImageMeterMeasure                      
0000ee29  drawMenu                                   
00010953  drawRect                                   
0000f603  encoder                                    
0000f5eb  encoderInit                                
20000c3c  errno                                      
00012879  exit                                       
00012e81  finddevice                                 
00011a1d  fputc                                      
00010b25  fputs                                      
0001125d  free                                       
000121a9  frexp                                      
000121a9  frexpl                                     
0001220d  fseek                                      
200005c0  g_sContext                                 
20000bf0  g_sCrystalfontz128x128                     
0000d160  g_sCrystalfontz128x128_funcs               
0000cda0  g_sFontCmss20                              
0000ce68  g_sFontFixed6x8                            
00012a1d  getdevice                                  
0000fd27  hwInit                                     
20000be8  inc                                        
00000000  interruptVectors                           
0000ef5b  joystickMenu                               
00010d4d  ldexp                                      
00010d4d  ldexpl                                     
0000d1ac  lidarInit4BPP_UNCOMP                       
0000d1bc  lidarMeasure4BPP_UNCOMP                    
000130d1  lseek                                      
00010109  main                                       
00013415  malloc                                     
00010f65  memalign                                   
000131e1  memccpy                                    
00013169  memchr                                     
000118eb  memcpy                                     
00011dd1  memset                                     
0000d1cc  menu4BPP_UNCOMP                            
20000be4  meter                                      
0000d1dc  meterInit4BPP_UNCOMP                       
0000d1ec  meterMeasure4BPP_UNCOMP                    
0000f743  metro                                      
20000bdc  millimeter                                 
20000600  oldPos                                     
200005e8  parmbuf                                    
0000d210  pigreco                                    
20000c38  pos                                        
0000f5a5  printMeasure                               
00012141  printf                                     
00011a1d  putc                                       
0000d20c  radiusRuota                                
200005f0  rectCanc                                   
00012f65  remove                                     
00010d4d  scalbn                                     
00010d4d  scalbnl                                    
00011341  setvbuf                                    
00012b21  sprintf                                    
000132ed  strchr                                     
0001327d  strcmp                                     
00013319  strcpy                                     
200005f8  string                                     
0001332d  strlen                                     
00012cb5  strncpy                                    
00012f65  unlink                                     
00013353  wcslen                                     
000130f9  write                                      
2000060a  xMeasured                                  


GLOBAL SYMBOLS: SORTED BY Symbol Address 

address   name                                       
-------   ----                                       
00000000  __TI_static_base__                         
00000000  interruptVectors                           
00000200  __STACK_SIZE                               
00000400  __SYSMEM_SIZE                              
0000cc9d  _ctypes_                                   
0000cda0  g_sFontCmss20                              
0000ce68  g_sFontFixed6x8                            
0000d160  g_sCrystalfontz128x128_funcs               
0000d19c  bubbleLevel4BPP_UNCOMP                     
0000d1ac  lidarInit4BPP_UNCOMP                       
0000d1bc  lidarMeasure4BPP_UNCOMP                    
0000d1cc  menu4BPP_UNCOMP                            
0000d1dc  meterInit4BPP_UNCOMP                       
0000d1ec  meterMeasure4BPP_UNCOMP                    
0000d20c  radiusRuota                                
0000d210  pigreco                                    
0000d215  __TI_printfi                               
0000dc63  _nop                                       
0000dc65  Crystalfontz128x128_Init                   
0000dd79  Crystalfontz128x128_SetDrawFrame           
0000dea7  Crystalfontz128x128_SetOrientation         
0000e2e5  Graphics_drawString                        
0000e763  Graphics_drawImage                         
0000eaf3  __aeabi_idiv0                              
0000eaf3  __aeabi_ldiv0                              
0000eaf5  SystemCoreClockUpdate                      
0000ed6d  SystemInit                                 
0000ee29  drawMenu                                   
0000ef5b  joystickMenu                               
0000f063  buttonAMenu                                
0000f335  Graphics_drawCircle                        
0000f5a5  printMeasure                               
0000f5eb  encoderInit                                
0000f603  encoder                                    
0000f743  metro                                      
0000f7e9  Graphics_fillCircle                        
0000fbe5  _buttonsInit                               
0000fc15  _adcJoystickInit                           
0000fc3b  _adcBubbleInit                             
0000fc3d  _adcInit                                   
0000fcab  _graphicsInit                              
0000fcef  _encoderInit                               
0000fd03  _ledInit                                   
0000fd27  hwInit                                     
0000fd9d  __aeabi_dsub                               
0000fda7  __aeabi_dadd                               
0000ff55  drawCircle                                 
0000ff7f  clearCircle                                
00010019  drawImageMenu                              
00010037  drawImageMeterInit                         
00010061  drawImageMeterMeasure                      
0001007f  drawImageBubbleLevel                       
0001009d  drawImageLidarInit                         
000100c7  drawImageLidarMeasure                      
00010109  main                                       
00010123  ADC14_IRQHandler                           
00010123  ADC14_IRQHandler                           
00010187  PORT5_IRQHandler                           
00010187  PORT5_IRQHandler                           
00010213  PORT3_IRQHandler                           
00010213  PORT3_IRQHandler                           
0001066d  __aeabi_ddiv                               
000107a5  CS_initClockSignal                         
000108d5  cancRect                                   
00010953  drawRect                                   
000109db  bubbleInit                                 
00010b25  fputs                                      
00010c39  Graphics_fillRectangle                     
00010d4d  ldexp                                      
00010d4d  ldexpl                                     
00010d4d  scalbn                                     
00010d4d  scalbnl                                    
00010f65  aligned_alloc                              
00010f65  memalign                                   
00011065  __aeabi_dmul                               
00011161  Graphics_getStringWidth                    
0001125d  free                                       
00011341  setvbuf                                    
0001141d  HAL_LCD_PortInit                           
0001144d  HAL_LCD_SpiInit                            
00011483  HAL_LCD_writeCommand                       
000114b3  HAL_LCD_writeData                          
000114e9  ADC14_configureConversionMemory            
0001159d  ADC14_configureMultiSequenceMode           
00011703  SPI_initMaster                             
000117b3  Graphics_drawLineH                         
0001184f  Graphics_drawLineV                         
000118eb  __aeabi_memcpy                             
000118eb  __aeabi_memcpy4                            
000118eb  __aeabi_memcpy8                            
000118eb  memcpy                                     
00011987  __aeabi_uldivmod                           
00011a1d  fputc                                      
00011a1d  putc                                       
00011aa9  GPIO_setAsPeripheralModuleFunctionInputPin 
00011b31  GPIO_setAsPeripheralModuleFunctionOutputPin
00011bb9  __aeabi_cdcmpeq                            
00011bb9  __aeabi_cdcmple                            
00011c3f  __aeabi_cdrcmple                           
00011cc5  GPIO_getEnabledInterruptStatus             
00011d49  Interrupt_enableInterrupt                  
00011dc9  __aeabi_memclr                             
00011dc9  __aeabi_memclr4                            
00011dc9  __aeabi_memclr8                            
00011dcb  __aeabi_memset                             
00011dcb  __aeabi_memset4                            
00011dcb  __aeabi_memset8                            
00011dd1  memset                                     
00011e45  __TI_closefile                             
00012005  HOSTrename                                 
00012071  HOSTlseek                                  
000120d9  __TI_decompress_lzss                       
00012141  printf                                     
000121a9  frexp                                      
000121a9  frexpl                                     
0001220d  fseek                                      
00012271  __TI_wrt_ok                                
000122d5  HOSTopen                                   
00012335  PCM_getCoreVoltageLevel                    
00012395  close                                      
000123f1  Graphics_drawPixel                         
0001244b  PCM_getPowerMode                           
000124a5  GPIO_setAsInputPinWithPullUpResistor       
000124fd  HOSTread                                   
00012555  HOSTwrite                                  
00012605  ADC14_initModule                           
00012659  __TI_ltoa                                  
000126ad  Graphics_initContext                       
00012751  __TI_doflush                               
0001279d  atoi                                       
000127e9  FlashCtl_setWaitState                      
00012831  Graphics_drawStringCentered                
00012879  exit                                       
000128c1  __aeabi_d2iz                               
00012909  Graphics_drawMultiplePixelsOnDisplay       
00012951  HOSTclose                                  
00012995  HOSTunlink                                 
000129d9  __TI_auto_init_nobinit_nopinit             
00012a1d  getdevice                                  
00012a61  GPIO_setAsOutputPin                        
00012b21  sprintf                                    
00012ba1  ADC14_getEnabledInterruptStatus            
00012bd9  __TI_writemsg                              
00012c07  C$$IO$$                                    
00012c11  __aeabi_f2d                                
00012c49  Graphics_drawHorizontalLineOnDisplay       
00012c7f  Graphics_drawVerticalLineOnDisplay         
00012cb5  strncpy                                    
00012ced  ADC14_enableSampleTimer                    
00012d21  CS_setDCOCenteredFrequency                 
00012d55  __TI_cleanup                               
00012d89  __TI_readmsg                               
00012dbd  _c_int00_noargs                            
00012df1  ADC14_clearInterruptFlag                   
00012e21  ADC14_enableInterrupt                      
00012e51  GPIO_getInputPinValue                      
00012e81  finddevice                                 
00012eb1  __aeabi_i2d                                
00012ee1  ADC14_getInterruptStatus                   
00012f0d  ADC14_toggleConversionTrigger              
00012f39  Graphics_drawPixelOnDisplay                
00012f65  remove                                     
00012f65  unlink                                     
00012f91  ADC14_enableConversion                     
00012fb9  ADC14_getResult                            
00012fe1  GPIO_clearInterruptFlag                    
00013009  GPIO_enableInterrupt                       
00013031  GPIO_setOutputHighOnPin                    
00013059  GPIO_setOutputLowOnPin                     
00013081  PCM_gotoLPM0                               
000130d1  lseek                                      
000130f9  write                                      
00013121  GPIO_getInterruptStatus                    
00013145  WDT_A_holdTimer                            
00013169  memchr                                     
00013189  Graphics_fillRectangleOnDisplay            
000131a7  SPI_enableModule                           
000131e1  memccpy                                    
000131fd  Graphics_clearDisplayOnDisplay             
00013217  Graphics_setBackgroundColor                
00013231  Graphics_setFont                           
0001324b  copysign                                   
0001324b  copysignl                                  
0001327d  strcmp                                     
00013295  EUSCI_A_SPI_enable                         
000132ab  EUSCI_B_SPI_enable                         
000132c1  Graphics_setForegroundColor                
000132d7  Graphics_translateColorOnDisplay           
000132ed  strchr                                     
00013305  PCM_getPowerState                          
00013319  strcpy                                     
0001332d  strlen                                     
00013341  Graphics_clearDisplay                      
00013353  wcslen                                     
00013375  Interrupt_disableMaster                    
00013385  Interrupt_enableMaster                     
00013395  PCM_setCoreVoltageLevel                    
000133a5  PCM_setPowerMode                           
000133b5  __TI_decompress_none                       
000133c3  Reset_Handler                              
000133cf  AES256_IRQHandler                          
000133cf  BusFault_Handler                           
000133cf  COMP_E0_IRQHandler                         
000133cf  COMP_E1_IRQHandler                         
000133cf  CS_IRQHandler                              
000133cf  DMA_ERR_IRQHandler                         
000133cf  DMA_INT0_IRQHandler                        
000133cf  DMA_INT1_IRQHandler                        
000133cf  DMA_INT2_IRQHandler                        
000133cf  DMA_INT3_IRQHandler                        
000133cf  DebugMon_Handler                           
000133cf  Default_Handler                            
000133cf  EUSCIA0_IRQHandler                         
000133cf  EUSCIA1_IRQHandler                         
000133cf  EUSCIA2_IRQHandler                         
000133cf  EUSCIA3_IRQHandler                         
000133cf  EUSCIB0_IRQHandler                         
000133cf  EUSCIB1_IRQHandler                         
000133cf  EUSCIB2_IRQHandler                         
000133cf  EUSCIB3_IRQHandler                         
000133cf  FLCTL_IRQHandler                           
000133cf  FPU_IRQHandler                             
000133cf  HardFault_Handler                          
000133cf  MemManage_Handler                          
000133cf  NMI_Handler                                
000133cf  PCM_IRQHandler                             
000133cf  PORT1_IRQHandler                           
000133cf  PORT2_IRQHandler                           
000133cf  PORT4_IRQHandler                           
000133cf  PORT6_IRQHandler                           
000133cf  PSS_IRQHandler                             
000133cf  PendSV_Handler                             
000133cf  RTC_C_IRQHandler                           
000133cf  SVC_Handler                                
000133cf  SysTick_Handler                            
000133cf  T32_INT1_IRQHandler                        
000133cf  T32_INT2_IRQHandler                        
000133cf  T32_INTC_IRQHandler                        
000133cf  TA0_0_IRQHandler                           
000133cf  TA0_N_IRQHandler                           
000133cf  TA1_0_IRQHandler                           
000133cf  TA1_N_IRQHandler                           
000133cf  TA2_0_IRQHandler                           
000133cf  TA2_N_IRQHandler                           
000133cf  TA3_0_IRQHandler                           
000133cf  TA3_N_IRQHandler                           
000133cf  UsageFault_Handler                         
000133cf  WDT_A_IRQHandler                           
000133d1  ADC14_enableModule                         
000133dd  CPU_cpsid                                  
000133e9  CPU_cpsie                                  
000133f5  __TI_zero_init                             
0001340d  __aeabi_errno_addr                         
00013415  malloc                                     
0001341d  CPU_wfi                                    
00013429  _system_pre_init                           
0001342d  C$$EXIT                                    
0001342d  abort                                      
000134bc  __TI_Handler_Table_Base                    
000134c8  __TI_Handler_Table_Limit                   
000134d0  __TI_CINIT_Base                            
000134e0  __TI_CINIT_Limit                           
20000000  __start___llvm_prf_cnts                    
20000000  __stop___llvm_prf_cnts                     
20000400  __CIOBUF_                                  
20000520  __TI_tmpnams                               
200005c0  g_sContext                                 
200005dc  BOX                                        
200005e8  parmbuf                                    
200005f0  rectCanc                                   
200005f8  string                                     
20000600  oldPos                                     
20000604  Lcd_ScreenHeigth                           
20000606  Lcd_ScreenWidth                            
20000608  Lcd_TouchTrim                              
2000060a  xMeasured                                  
2000060c  Lcd_FlagRead                               
2000060d  Lcd_FontSolid                              
2000060e  Lcd_Orientation                            
2000060f  Lcd_PenSolid                               
20000610  _sys_memory                                
20000a10  _ftable                                    
20000b00  _device                                    
20000b78  _stream                                    
20000bc8  SELECTED                                   
20000bcc  CURSOR                                     
20000bd0  WAIT_POS                                   
20000bd4  INIT_POS                                   
20000bd8  SENSITIVITY                                
20000bdc  millimeter                                 
20000be0  centimeter                                 
20000be4  meter                                      
20000be8  inc                                        
20000bec  START                                      
20000bf0  g_sCrystalfontz128x128                     
20000c00  __TI_ft_end                                
20000c04  __aeabi_stdin                              
20000c08  __aeabi_stdout                             
20000c0c  __aeabi_stderr                             
20000c10  __TI_cleanup_ptr                           
20000c14  __TI_dtors_ptr                             
20000c18  __TI_enable_exit_profile_output            
20000c1c  CURRENT_STATE                              
20000c20  METER_STATE                                
20000c24  CONTROL                                    
20000c28  _lock                                      
20000c2c  _unlock                                    
20000c38  pos                                        
20000c3c  errno                                      
20000c40  SystemCoreClock                            
2000fe00  __stack                                    
20010000  __STACK_END                                
4000480c  WDTCTL_SYM                                 
ffffffff  __TI_pprof_out_hndl                        
ffffffff  __TI_prof_data_size                        
ffffffff  __TI_prof_data_start                       
ffffffff  __binit__                                  
ffffffff  __c_args__                                 
ffffffff  binit                                      
UNDEFED   __mpu_init                                 
UNDEFED   _system_post_cinit                         

[321 symbols]
