<?xml version="1.0" encoding="ISO-8859-1" ?>
<link_info>
   <banner>TI ARM Linker PC v20.2.7.LTS</banner>
   <copyright>Copyright (c) 1996-2018 Texas Instruments Incorporated</copyright>
   <link_time>0x63f510c7</link_time>
   <link_errors>0x0</link_errors>
   <output_file>ZZ_bLongFinal.out</output_file>
   <entry_point>
      <name>_c_int00_noargs</name>
      <address>0x133dd</address>
   </entry_point>
   <input_file_list>
      <input_file id="fl-2">
         <path>.\</path>
         <kind>object</kind>
         <file>Gr_bLong.obj</file>
         <name>Gr_bLong.obj</name>
      </input_file>
      <input_file id="fl-3">
         <path>.\</path>
         <kind>object</kind>
         <file>Gr_bubbleLevel.obj</file>
         <name>Gr_bubbleLevel.obj</name>
      </input_file>
      <input_file id="fl-4">
         <path>.\</path>
         <kind>object</kind>
         <file>Gr_lidarInit.obj</file>
         <name>Gr_lidarInit.obj</name>
      </input_file>
      <input_file id="fl-5">
         <path>.\</path>
         <kind>object</kind>
         <file>Gr_menu.obj</file>
         <name>Gr_menu.obj</name>
      </input_file>
      <input_file id="fl-6">
         <path>.\</path>
         <kind>object</kind>
         <file>Gr_meterInit.obj</file>
         <name>Gr_meterInit.obj</name>
      </input_file>
      <input_file id="fl-7">
         <path>.\</path>
         <kind>object</kind>
         <file>Gr_meterMeasure.obj</file>
         <name>Gr_meterMeasure.obj</name>
      </input_file>
      <input_file id="fl-8">
         <path>.\</path>
         <kind>object</kind>
         <file>main.obj</file>
         <name>main.obj</name>
      </input_file>
      <input_file id="fl-9">
         <path>.\</path>
         <kind>object</kind>
         <file>msp432_bubbleLevel.obj</file>
         <name>msp432_bubbleLevel.obj</name>
      </input_file>
      <input_file id="fl-a">
         <path>.\</path>
         <kind>object</kind>
         <file>msp432_init.obj</file>
         <name>msp432_init.obj</name>
      </input_file>
      <input_file id="fl-b">
         <path>.\</path>
         <kind>object</kind>
         <file>msp432_lidar.obj</file>
         <name>msp432_lidar.obj</name>
      </input_file>
      <input_file id="fl-c">
         <path>.\</path>
         <kind>object</kind>
         <file>msp432_menu.obj</file>
         <name>msp432_menu.obj</name>
      </input_file>
      <input_file id="fl-d">
         <path>.\</path>
         <kind>object</kind>
         <file>msp432_meter.obj</file>
         <name>msp432_meter.obj</name>
      </input_file>
      <input_file id="fl-e">
         <path>.\</path>
         <kind>object</kind>
         <file>msp432_uart.obj</file>
         <name>msp432_uart.obj</name>
      </input_file>
      <input_file id="fl-f">
         <path>.\</path>
         <kind>object</kind>
         <file>msp432_utils.obj</file>
         <name>msp432_utils.obj</name>
      </input_file>
      <input_file id="fl-10">
         <path>.\</path>
         <kind>object</kind>
         <file>startup_msp432p401r_ccs.obj</file>
         <name>startup_msp432p401r_ccs.obj</name>
      </input_file>
      <input_file id="fl-11">
         <path>.\</path>
         <kind>object</kind>
         <file>system_msp432p401r.obj</file>
         <name>system_msp432p401r.obj</name>
      </input_file>
      <input_file id="fl-12">
         <path>.\LcdDriver\</path>
         <kind>object</kind>
         <file>Crystalfontz128x128_ST7735.obj</file>
         <name>Crystalfontz128x128_ST7735.obj</name>
      </input_file>
      <input_file id="fl-13">
         <path>.\LcdDriver\</path>
         <kind>object</kind>
         <file>HAL_I2C.obj</file>
         <name>HAL_I2C.obj</name>
      </input_file>
      <input_file id="fl-14">
         <path>.\LcdDriver\</path>
         <kind>object</kind>
         <file>HAL_MSP_EXP432P401R_Crystalfontz128x128_ST7735.obj</file>
         <name>HAL_MSP_EXP432P401R_Crystalfontz128x128_ST7735.obj</name>
      </input_file>
      <input_file id="fl-15">
         <path>.\LcdDriver\</path>
         <kind>object</kind>
         <file>HAL_OPT3001.obj</file>
         <name>HAL_OPT3001.obj</name>
      </input_file>
      <input_file id="fl-16">
         <path>.\LcdDriver\</path>
         <kind>object</kind>
         <file>HAL_TMP006.obj</file>
         <name>HAL_TMP006.obj</name>
      </input_file>
      <input_file id="fl-1c">
         <kind>object</kind>
         <file>&lt;internal&gt;</file>
         <name>&lt;internal&gt;</name>
      </input_file>
      <input_file id="fl-d2">
         <path>C:\ti\ccs1210\ccs\tools\compiler\ti-cgt-arm_20.2.7.LTS\lib\</path>
         <kind>archive</kind>
         <file>rtsv7M4_T_le_v4SPD16_eabi.lib</file>
         <name>e_pow.c.obj</name>
      </input_file>
      <input_file id="fl-d3">
         <path>C:\ti\ccs1210\ccs\tools\compiler\ti-cgt-arm_20.2.7.LTS\lib\</path>
         <kind>archive</kind>
         <file>rtsv7M4_T_le_v4SPD16_eabi.lib</file>
         <name>e_sqrt.c.obj</name>
      </input_file>
      <input_file id="fl-d4">
         <path>C:\ti\ccs1210\ccs\tools\compiler\ti-cgt-arm_20.2.7.LTS\lib\</path>
         <kind>archive</kind>
         <file>rtsv7M4_T_le_v4SPD16_eabi.lib</file>
         <name>s_scalbn.c.obj</name>
      </input_file>
      <input_file id="fl-d5">
         <path>C:\ti\ccs1210\ccs\tools\compiler\ti-cgt-arm_20.2.7.LTS\lib\</path>
         <kind>archive</kind>
         <file>rtsv7M4_T_le_v4SPD16_eabi.lib</file>
         <name>printf.c.obj</name>
      </input_file>
      <input_file id="fl-d6">
         <path>C:\ti\ccs1210\ccs\tools\compiler\ti-cgt-arm_20.2.7.LTS\lib\</path>
         <kind>archive</kind>
         <file>rtsv7M4_T_le_v4SPD16_eabi.lib</file>
         <name>_printfi.c.obj</name>
      </input_file>
      <input_file id="fl-d7">
         <path>C:\ti\ccs1210\ccs\tools\compiler\ti-cgt-arm_20.2.7.LTS\lib\</path>
         <kind>archive</kind>
         <file>rtsv7M4_T_le_v4SPD16_eabi.lib</file>
         <name>sprintf.c.obj</name>
      </input_file>
      <input_file id="fl-d8">
         <path>C:\ti\ccs1210\ccs\tools\compiler\ti-cgt-arm_20.2.7.LTS\lib\</path>
         <kind>archive</kind>
         <file>rtsv7M4_T_le_v4SPD16_eabi.lib</file>
         <name>fputc.c.obj</name>
      </input_file>
      <input_file id="fl-d9">
         <path>C:\ti\ccs1210\ccs\tools\compiler\ti-cgt-arm_20.2.7.LTS\lib\</path>
         <kind>archive</kind>
         <file>rtsv7M4_T_le_v4SPD16_eabi.lib</file>
         <name>fputs.c.obj</name>
      </input_file>
      <input_file id="fl-da">
         <path>C:\ti\ccs1210\ccs\tools\compiler\ti-cgt-arm_20.2.7.LTS\lib\</path>
         <kind>archive</kind>
         <file>rtsv7M4_T_le_v4SPD16_eabi.lib</file>
         <name>_io_perm.c.obj</name>
      </input_file>
      <input_file id="fl-db">
         <path>C:\ti\ccs1210\ccs\tools\compiler\ti-cgt-arm_20.2.7.LTS\lib\</path>
         <kind>archive</kind>
         <file>rtsv7M4_T_le_v4SPD16_eabi.lib</file>
         <name>setvbuf.c.obj</name>
      </input_file>
      <input_file id="fl-dc">
         <path>C:\ti\ccs1210\ccs\tools\compiler\ti-cgt-arm_20.2.7.LTS\lib\</path>
         <kind>archive</kind>
         <file>rtsv7M4_T_le_v4SPD16_eabi.lib</file>
         <name>fd_add_t2.asm.obj</name>
      </input_file>
      <input_file id="fl-dd">
         <path>C:\ti\ccs1210\ccs\tools\compiler\ti-cgt-arm_20.2.7.LTS\lib\</path>
         <kind>archive</kind>
         <file>rtsv7M4_T_le_v4SPD16_eabi.lib</file>
         <name>fd_cmp_t2.asm.obj</name>
      </input_file>
      <input_file id="fl-de">
         <path>C:\ti\ccs1210\ccs\tools\compiler\ti-cgt-arm_20.2.7.LTS\lib\</path>
         <kind>archive</kind>
         <file>rtsv7M4_T_le_v4SPD16_eabi.lib</file>
         <name>fd_div_t2.asm.obj</name>
      </input_file>
      <input_file id="fl-df">
         <path>C:\ti\ccs1210\ccs\tools\compiler\ti-cgt-arm_20.2.7.LTS\lib\</path>
         <kind>archive</kind>
         <file>rtsv7M4_T_le_v4SPD16_eabi.lib</file>
         <name>fd_mul_t2.asm.obj</name>
      </input_file>
      <input_file id="fl-e0">
         <path>C:\ti\ccs1210\ccs\tools\compiler\ti-cgt-arm_20.2.7.LTS\lib\</path>
         <kind>archive</kind>
         <file>rtsv7M4_T_le_v4SPD16_eabi.lib</file>
         <name>fd_toi_t2.asm.obj</name>
      </input_file>
      <input_file id="fl-e1">
         <path>C:\ti\ccs1210\ccs\tools\compiler\ti-cgt-arm_20.2.7.LTS\lib\</path>
         <kind>archive</kind>
         <file>rtsv7M4_T_le_v4SPD16_eabi.lib</file>
         <name>fd_tos_t2.asm.obj</name>
      </input_file>
      <input_file id="fl-e2">
         <path>C:\ti\ccs1210\ccs\tools\compiler\ti-cgt-arm_20.2.7.LTS\lib\</path>
         <kind>archive</kind>
         <file>rtsv7M4_T_le_v4SPD16_eabi.lib</file>
         <name>fs_tod_t2.asm.obj</name>
      </input_file>
      <input_file id="fl-e3">
         <path>C:\ti\ccs1210\ccs\tools\compiler\ti-cgt-arm_20.2.7.LTS\lib\</path>
         <kind>archive</kind>
         <file>rtsv7M4_T_le_v4SPD16_eabi.lib</file>
         <name>i_tofd_t2.asm.obj</name>
      </input_file>
      <input_file id="fl-e4">
         <path>C:\ti\ccs1210\ccs\tools\compiler\ti-cgt-arm_20.2.7.LTS\lib\</path>
         <kind>archive</kind>
         <file>rtsv7M4_T_le_v4SPD16_eabi.lib</file>
         <name>memcpy_t2.asm.obj</name>
      </input_file>
      <input_file id="fl-e5">
         <path>C:\ti\ccs1210\ccs\tools\compiler\ti-cgt-arm_20.2.7.LTS\lib\</path>
         <kind>archive</kind>
         <file>rtsv7M4_T_le_v4SPD16_eabi.lib</file>
         <name>memset_t2.asm.obj</name>
      </input_file>
      <input_file id="fl-e6">
         <path>C:\ti\ccs1210\ccs\tools\compiler\ti-cgt-arm_20.2.7.LTS\lib\</path>
         <kind>archive</kind>
         <file>rtsv7M4_T_le_v4SPD16_eabi.lib</file>
         <name>ull_div_t2.asm.obj</name>
      </input_file>
      <input_file id="fl-e7">
         <path>C:\ti\ccs1210\ccs\tools\compiler\ti-cgt-arm_20.2.7.LTS\lib\</path>
         <kind>archive</kind>
         <file>rtsv7M4_T_le_v4SPD16_eabi.lib</file>
         <name>copy_zero_init.c.obj</name>
      </input_file>
      <input_file id="fl-e8">
         <path>C:\ti\ccs1210\ccs\tools\compiler\ti-cgt-arm_20.2.7.LTS\lib\</path>
         <kind>archive</kind>
         <file>rtsv7M4_T_le_v4SPD16_eabi.lib</file>
         <name>copy_decompress_none.c.obj</name>
      </input_file>
      <input_file id="fl-e9">
         <path>C:\ti\ccs1210\ccs\tools\compiler\ti-cgt-arm_20.2.7.LTS\lib\</path>
         <kind>archive</kind>
         <file>rtsv7M4_T_le_v4SPD16_eabi.lib</file>
         <name>copy_decompress_lzss.c.obj</name>
      </input_file>
      <input_file id="fl-ea">
         <path>C:\ti\ccs1210\ccs\tools\compiler\ti-cgt-arm_20.2.7.LTS\lib\</path>
         <kind>archive</kind>
         <file>rtsv7M4_T_le_v4SPD16_eabi.lib</file>
         <name>exit.c.obj</name>
      </input_file>
      <input_file id="fl-eb">
         <path>C:\ti\ccs1210\ccs\tools\compiler\ti-cgt-arm_20.2.7.LTS\lib\</path>
         <kind>archive</kind>
         <file>rtsv7M4_T_le_v4SPD16_eabi.lib</file>
         <name>_lock.c.obj</name>
      </input_file>
      <input_file id="fl-ec">
         <path>C:\ti\ccs1210\ccs\tools\compiler\ti-cgt-arm_20.2.7.LTS\lib\</path>
         <kind>archive</kind>
         <file>rtsv7M4_T_le_v4SPD16_eabi.lib</file>
         <name>_ltoa.c.obj</name>
      </input_file>
      <input_file id="fl-ed">
         <path>C:\ti\ccs1210\ccs\tools\compiler\ti-cgt-arm_20.2.7.LTS\lib\</path>
         <kind>archive</kind>
         <file>rtsv7M4_T_le_v4SPD16_eabi.lib</file>
         <name>atoi.c.obj</name>
      </input_file>
      <input_file id="fl-ee">
         <path>C:\ti\ccs1210\ccs\tools\compiler\ti-cgt-arm_20.2.7.LTS\lib\</path>
         <kind>archive</kind>
         <file>rtsv7M4_T_le_v4SPD16_eabi.lib</file>
         <name>ctype.c.obj</name>
      </input_file>
      <input_file id="fl-ef">
         <path>C:\ti\ccs1210\ccs\tools\compiler\ti-cgt-arm_20.2.7.LTS\lib\</path>
         <kind>archive</kind>
         <file>rtsv7M4_T_le_v4SPD16_eabi.lib</file>
         <name>defs.c.obj</name>
      </input_file>
      <input_file id="fl-f0">
         <path>C:\ti\ccs1210\ccs\tools\compiler\ti-cgt-arm_20.2.7.LTS\lib\</path>
         <kind>archive</kind>
         <file>rtsv7M4_T_le_v4SPD16_eabi.lib</file>
         <name>memccpy.c.obj</name>
      </input_file>
      <input_file id="fl-f1">
         <path>C:\ti\ccs1210\ccs\tools\compiler\ti-cgt-arm_20.2.7.LTS\lib\</path>
         <kind>archive</kind>
         <file>rtsv7M4_T_le_v4SPD16_eabi.lib</file>
         <name>memchr.c.obj</name>
      </input_file>
      <input_file id="fl-f2">
         <path>C:\ti\ccs1210\ccs\tools\compiler\ti-cgt-arm_20.2.7.LTS\lib\</path>
         <kind>archive</kind>
         <file>rtsv7M4_T_le_v4SPD16_eabi.lib</file>
         <name>memory.c.obj</name>
      </input_file>
      <input_file id="fl-f3">
         <path>C:\ti\ccs1210\ccs\tools\compiler\ti-cgt-arm_20.2.7.LTS\lib\</path>
         <kind>archive</kind>
         <file>rtsv7M4_T_le_v4SPD16_eabi.lib</file>
         <name>strchr.c.obj</name>
      </input_file>
      <input_file id="fl-f4">
         <path>C:\ti\ccs1210\ccs\tools\compiler\ti-cgt-arm_20.2.7.LTS\lib\</path>
         <kind>archive</kind>
         <file>rtsv7M4_T_le_v4SPD16_eabi.lib</file>
         <name>strlen.c.obj</name>
      </input_file>
      <input_file id="fl-f5">
         <path>C:\ti\ccs1210\ccs\tools\compiler\ti-cgt-arm_20.2.7.LTS\lib\</path>
         <kind>archive</kind>
         <file>rtsv7M4_T_le_v4SPD16_eabi.lib</file>
         <name>boot_cortex_m.c.obj</name>
      </input_file>
      <input_file id="fl-f6">
         <path>C:\ti\ccs1210\ccs\tools\compiler\ti-cgt-arm_20.2.7.LTS\lib\</path>
         <kind>archive</kind>
         <file>rtsv7M4_T_le_v4SPD16_eabi.lib</file>
         <name>write.c.obj</name>
      </input_file>
      <input_file id="fl-f7">
         <path>C:\ti\ccs1210\ccs\tools\compiler\ti-cgt-arm_20.2.7.LTS\lib\</path>
         <kind>archive</kind>
         <file>rtsv7M4_T_le_v4SPD16_eabi.lib</file>
         <name>host_device.c.obj</name>
      </input_file>
      <input_file id="fl-f8">
         <path>C:\ti\ccs1210\ccs\tools\compiler\ti-cgt-arm_20.2.7.LTS\lib\</path>
         <kind>archive</kind>
         <file>rtsv7M4_T_le_v4SPD16_eabi.lib</file>
         <name>time.c.obj</name>
      </input_file>
      <input_file id="fl-f9">
         <path>C:\ti\ccs1210\ccs\tools\compiler\ti-cgt-arm_20.2.7.LTS\lib\</path>
         <kind>archive</kind>
         <file>rtsv7M4_T_le_v4SPD16_eabi.lib</file>
         <name>errno.c.obj</name>
      </input_file>
      <input_file id="fl-fa">
         <path>C:\ti\ccs1210\ccs\tools\compiler\ti-cgt-arm_20.2.7.LTS\lib\</path>
         <kind>archive</kind>
         <file>rtsv7M4_T_le_v4SPD16_eabi.lib</file>
         <name>wcslen.c.obj</name>
      </input_file>
      <input_file id="fl-fb">
         <path>C:\ti\ccs1210\ccs\tools\compiler\ti-cgt-arm_20.2.7.LTS\lib\</path>
         <kind>archive</kind>
         <file>rtsv7M4_T_le_v4SPD16_eabi.lib</file>
         <name>s_copysign.c.obj</name>
      </input_file>
      <input_file id="fl-fc">
         <path>C:\ti\ccs1210\ccs\tools\compiler\ti-cgt-arm_20.2.7.LTS\lib\</path>
         <kind>archive</kind>
         <file>rtsv7M4_T_le_v4SPD16_eabi.lib</file>
         <name>s_frexp.c.obj</name>
      </input_file>
      <input_file id="fl-fd">
         <path>C:\ti\ccs1210\ccs\tools\compiler\ti-cgt-arm_20.2.7.LTS\lib\</path>
         <kind>archive</kind>
         <file>rtsv7M4_T_le_v4SPD16_eabi.lib</file>
         <name>fflush.c.obj</name>
      </input_file>
      <input_file id="fl-fe">
         <path>C:\ti\ccs1210\ccs\tools\compiler\ti-cgt-arm_20.2.7.LTS\lib\</path>
         <kind>archive</kind>
         <file>rtsv7M4_T_le_v4SPD16_eabi.lib</file>
         <name>fopen.c.obj</name>
      </input_file>
      <input_file id="fl-ff">
         <path>C:\ti\ccs1210\ccs\tools\compiler\ti-cgt-arm_20.2.7.LTS\lib\</path>
         <kind>archive</kind>
         <file>rtsv7M4_T_le_v4SPD16_eabi.lib</file>
         <name>fseek.c.obj</name>
      </input_file>
      <input_file id="fl-100">
         <path>C:\ti\ccs1210\ccs\tools\compiler\ti-cgt-arm_20.2.7.LTS\lib\</path>
         <kind>archive</kind>
         <file>rtsv7M4_T_le_v4SPD16_eabi.lib</file>
         <name>div0.asm.obj</name>
      </input_file>
      <input_file id="fl-101">
         <path>C:\ti\ccs1210\ccs\tools\compiler\ti-cgt-arm_20.2.7.LTS\lib\</path>
         <kind>archive</kind>
         <file>rtsv7M4_T_le_v4SPD16_eabi.lib</file>
         <name>autoinit.c.obj</name>
      </input_file>
      <input_file id="fl-102">
         <path>C:\ti\ccs1210\ccs\tools\compiler\ti-cgt-arm_20.2.7.LTS\lib\</path>
         <kind>archive</kind>
         <file>rtsv7M4_T_le_v4SPD16_eabi.lib</file>
         <name>pre_init.c.obj</name>
      </input_file>
      <input_file id="fl-103">
         <path>C:\ti\ccs1210\ccs\tools\compiler\ti-cgt-arm_20.2.7.LTS\lib\</path>
         <kind>archive</kind>
         <file>rtsv7M4_T_le_v4SPD16_eabi.lib</file>
         <name>cpy_tbl.c.obj</name>
      </input_file>
      <input_file id="fl-104">
         <path>C:\ti\ccs1210\ccs\tools\compiler\ti-cgt-arm_20.2.7.LTS\lib\</path>
         <kind>archive</kind>
         <file>rtsv7M4_T_le_v4SPD16_eabi.lib</file>
         <name>args_main.c.obj</name>
      </input_file>
      <input_file id="fl-105">
         <path>C:\ti\ccs1210\ccs\tools\compiler\ti-cgt-arm_20.2.7.LTS\lib\</path>
         <kind>archive</kind>
         <file>rtsv7M4_T_le_v4SPD16_eabi.lib</file>
         <name>hostclose.c.obj</name>
      </input_file>
      <input_file id="fl-106">
         <path>C:\ti\ccs1210\ccs\tools\compiler\ti-cgt-arm_20.2.7.LTS\lib\</path>
         <kind>archive</kind>
         <file>rtsv7M4_T_le_v4SPD16_eabi.lib</file>
         <name>hostlseek.c.obj</name>
      </input_file>
      <input_file id="fl-107">
         <path>C:\ti\ccs1210\ccs\tools\compiler\ti-cgt-arm_20.2.7.LTS\lib\</path>
         <kind>archive</kind>
         <file>rtsv7M4_T_le_v4SPD16_eabi.lib</file>
         <name>hostopen.c.obj</name>
      </input_file>
      <input_file id="fl-108">
         <path>C:\ti\ccs1210\ccs\tools\compiler\ti-cgt-arm_20.2.7.LTS\lib\</path>
         <kind>archive</kind>
         <file>rtsv7M4_T_le_v4SPD16_eabi.lib</file>
         <name>hostread.c.obj</name>
      </input_file>
      <input_file id="fl-109">
         <path>C:\ti\ccs1210\ccs\tools\compiler\ti-cgt-arm_20.2.7.LTS\lib\</path>
         <kind>archive</kind>
         <file>rtsv7M4_T_le_v4SPD16_eabi.lib</file>
         <name>hostrename.c.obj</name>
      </input_file>
      <input_file id="fl-10a">
         <path>C:\ti\ccs1210\ccs\tools\compiler\ti-cgt-arm_20.2.7.LTS\lib\</path>
         <kind>archive</kind>
         <file>rtsv7M4_T_le_v4SPD16_eabi.lib</file>
         <name>hosttime.c.obj</name>
      </input_file>
      <input_file id="fl-10b">
         <path>C:\ti\ccs1210\ccs\tools\compiler\ti-cgt-arm_20.2.7.LTS\lib\</path>
         <kind>archive</kind>
         <file>rtsv7M4_T_le_v4SPD16_eabi.lib</file>
         <name>hostunlink.c.obj</name>
      </input_file>
      <input_file id="fl-10c">
         <path>C:\ti\ccs1210\ccs\tools\compiler\ti-cgt-arm_20.2.7.LTS\lib\</path>
         <kind>archive</kind>
         <file>rtsv7M4_T_le_v4SPD16_eabi.lib</file>
         <name>hostwrite.c.obj</name>
      </input_file>
      <input_file id="fl-10d">
         <path>C:\ti\ccs1210\ccs\tools\compiler\ti-cgt-arm_20.2.7.LTS\lib\</path>
         <kind>archive</kind>
         <file>rtsv7M4_T_le_v4SPD16_eabi.lib</file>
         <name>trgmsg.c.obj</name>
      </input_file>
      <input_file id="fl-10e">
         <path>C:\ti\ccs1210\ccs\tools\compiler\ti-cgt-arm_20.2.7.LTS\lib\</path>
         <kind>archive</kind>
         <file>rtsv7M4_T_le_v4SPD16_eabi.lib</file>
         <name>open.c.obj</name>
      </input_file>
      <input_file id="fl-10f">
         <path>C:\ti\ccs1210\ccs\tools\compiler\ti-cgt-arm_20.2.7.LTS\lib\</path>
         <kind>archive</kind>
         <file>rtsv7M4_T_le_v4SPD16_eabi.lib</file>
         <name>lseek.c.obj</name>
      </input_file>
      <input_file id="fl-110">
         <path>C:\ti\ccs1210\ccs\tools\compiler\ti-cgt-arm_20.2.7.LTS\lib\</path>
         <kind>archive</kind>
         <file>rtsv7M4_T_le_v4SPD16_eabi.lib</file>
         <name>fclose.c.obj</name>
      </input_file>
      <input_file id="fl-111">
         <path>C:\ti\ccs1210\ccs\tools\compiler\ti-cgt-arm_20.2.7.LTS\lib\</path>
         <kind>archive</kind>
         <file>rtsv7M4_T_le_v4SPD16_eabi.lib</file>
         <name>getdevice.c.obj</name>
      </input_file>
      <input_file id="fl-112">
         <path>C:\ti\ccs1210\ccs\tools\compiler\ti-cgt-arm_20.2.7.LTS\lib\</path>
         <kind>archive</kind>
         <file>rtsv7M4_T_le_v4SPD16_eabi.lib</file>
         <name>strcmp.c.obj</name>
      </input_file>
      <input_file id="fl-113">
         <path>C:\ti\ccs1210\ccs\tools\compiler\ti-cgt-arm_20.2.7.LTS\lib\</path>
         <kind>archive</kind>
         <file>rtsv7M4_T_le_v4SPD16_eabi.lib</file>
         <name>strcpy.c.obj</name>
      </input_file>
      <input_file id="fl-114">
         <path>C:\ti\ccs1210\ccs\tools\compiler\ti-cgt-arm_20.2.7.LTS\lib\</path>
         <kind>archive</kind>
         <file>rtsv7M4_T_le_v4SPD16_eabi.lib</file>
         <name>strncpy.c.obj</name>
      </input_file>
      <input_file id="fl-115">
         <path>C:\ti\ccs1210\ccs\tools\compiler\ti-cgt-arm_20.2.7.LTS\lib\</path>
         <kind>archive</kind>
         <file>rtsv7M4_T_le_v4SPD16_eabi.lib</file>
         <name>remove.c.obj</name>
      </input_file>
      <input_file id="fl-116">
         <path>C:\ti\ccs1210\ccs\tools\compiler\ti-cgt-arm_20.2.7.LTS\lib\</path>
         <kind>archive</kind>
         <file>rtsv7M4_T_le_v4SPD16_eabi.lib</file>
         <name>close.c.obj</name>
      </input_file>
      <input_file id="fl-117">
         <path>C:\ti\ccs1210\ccs\tools\compiler\ti-cgt-arm_20.2.7.LTS\lib\</path>
         <kind>archive</kind>
         <file>rtsv7M4_T_le_v4SPD16_eabi.lib</file>
         <name>unlink.c.obj</name>
      </input_file>
      <input_file id="fl-118">
         <path>C:\Users\pietr\Desktop\workspace_IoT\simplelink_msp432p4_sdk_3_40_01_02\source\ti\devices\msp432p4xx\driverlib\ccs\</path>
         <kind>archive</kind>
         <file>msp432p4xx_driverlib.lib</file>
         <name>adc14.o</name>
      </input_file>
      <input_file id="fl-119">
         <path>C:\Users\pietr\Desktop\workspace_IoT\simplelink_msp432p4_sdk_3_40_01_02\source\ti\devices\msp432p4xx\driverlib\ccs\</path>
         <kind>archive</kind>
         <file>msp432p4xx_driverlib.lib</file>
         <name>cs.o</name>
      </input_file>
      <input_file id="fl-11a">
         <path>C:\Users\pietr\Desktop\workspace_IoT\simplelink_msp432p4_sdk_3_40_01_02\source\ti\devices\msp432p4xx\driverlib\ccs\</path>
         <kind>archive</kind>
         <file>msp432p4xx_driverlib.lib</file>
         <name>flash.o</name>
      </input_file>
      <input_file id="fl-11b">
         <path>C:\Users\pietr\Desktop\workspace_IoT\simplelink_msp432p4_sdk_3_40_01_02\source\ti\devices\msp432p4xx\driverlib\ccs\</path>
         <kind>archive</kind>
         <file>msp432p4xx_driverlib.lib</file>
         <name>gpio.o</name>
      </input_file>
      <input_file id="fl-11c">
         <path>C:\Users\pietr\Desktop\workspace_IoT\simplelink_msp432p4_sdk_3_40_01_02\source\ti\devices\msp432p4xx\driverlib\ccs\</path>
         <kind>archive</kind>
         <file>msp432p4xx_driverlib.lib</file>
         <name>i2c.o</name>
      </input_file>
      <input_file id="fl-11d">
         <path>C:\Users\pietr\Desktop\workspace_IoT\simplelink_msp432p4_sdk_3_40_01_02\source\ti\devices\msp432p4xx\driverlib\ccs\</path>
         <kind>archive</kind>
         <file>msp432p4xx_driverlib.lib</file>
         <name>interrupt.o</name>
      </input_file>
      <input_file id="fl-11e">
         <path>C:\Users\pietr\Desktop\workspace_IoT\simplelink_msp432p4_sdk_3_40_01_02\source\ti\devices\msp432p4xx\driverlib\ccs\</path>
         <kind>archive</kind>
         <file>msp432p4xx_driverlib.lib</file>
         <name>pcm.o</name>
      </input_file>
      <input_file id="fl-11f">
         <path>C:\Users\pietr\Desktop\workspace_IoT\simplelink_msp432p4_sdk_3_40_01_02\source\ti\devices\msp432p4xx\driverlib\ccs\</path>
         <kind>archive</kind>
         <file>msp432p4xx_driverlib.lib</file>
         <name>rtc_c.o</name>
      </input_file>
      <input_file id="fl-120">
         <path>C:\Users\pietr\Desktop\workspace_IoT\simplelink_msp432p4_sdk_3_40_01_02\source\ti\devices\msp432p4xx\driverlib\ccs\</path>
         <kind>archive</kind>
         <file>msp432p4xx_driverlib.lib</file>
         <name>spi.o</name>
      </input_file>
      <input_file id="fl-121">
         <path>C:\Users\pietr\Desktop\workspace_IoT\simplelink_msp432p4_sdk_3_40_01_02\source\ti\devices\msp432p4xx\driverlib\ccs\</path>
         <kind>archive</kind>
         <file>msp432p4xx_driverlib.lib</file>
         <name>sysctl.o</name>
      </input_file>
      <input_file id="fl-122">
         <path>C:\Users\pietr\Desktop\workspace_IoT\simplelink_msp432p4_sdk_3_40_01_02\source\ti\devices\msp432p4xx\driverlib\ccs\</path>
         <kind>archive</kind>
         <file>msp432p4xx_driverlib.lib</file>
         <name>sysctl_a.o</name>
      </input_file>
      <input_file id="fl-123">
         <path>C:\Users\pietr\Desktop\workspace_IoT\simplelink_msp432p4_sdk_3_40_01_02\source\ti\devices\msp432p4xx\driverlib\ccs\</path>
         <kind>archive</kind>
         <file>msp432p4xx_driverlib.lib</file>
         <name>uart.o</name>
      </input_file>
      <input_file id="fl-124">
         <path>C:\Users\pietr\Desktop\workspace_IoT\simplelink_msp432p4_sdk_3_40_01_02\source\ti\devices\msp432p4xx\driverlib\ccs\</path>
         <kind>archive</kind>
         <file>msp432p4xx_driverlib.lib</file>
         <name>wdt_a.o</name>
      </input_file>
      <input_file id="fl-125">
         <path>C:\Users\pietr\Desktop\workspace_IoT\simplelink_msp432p4_sdk_3_40_01_02\source\ti\devices\msp432p4xx\driverlib\ccs\</path>
         <kind>archive</kind>
         <file>msp432p4xx_driverlib.lib</file>
         <name>cpu.o</name>
      </input_file>
      <input_file id="fl-126">
         <path>C:\Users\pietr\Desktop\workspace_IoT\simplelink_msp432p4_sdk_3_40_01_02\source\ti\grlib\lib\ccs\m4f\</path>
         <kind>archive</kind>
         <file>grlib.a</file>
         <name>circle.obj</name>
      </input_file>
      <input_file id="fl-127">
         <path>C:\Users\pietr\Desktop\workspace_IoT\simplelink_msp432p4_sdk_3_40_01_02\source\ti\grlib\lib\ccs\m4f\</path>
         <kind>archive</kind>
         <file>grlib.a</file>
         <name>context.obj</name>
      </input_file>
      <input_file id="fl-128">
         <path>C:\Users\pietr\Desktop\workspace_IoT\simplelink_msp432p4_sdk_3_40_01_02\source\ti\grlib\lib\ccs\m4f\</path>
         <kind>archive</kind>
         <file>grlib.a</file>
         <name>display.obj</name>
      </input_file>
      <input_file id="fl-129">
         <path>C:\Users\pietr\Desktop\workspace_IoT\simplelink_msp432p4_sdk_3_40_01_02\source\ti\grlib\lib\ccs\m4f\</path>
         <kind>archive</kind>
         <file>grlib.a</file>
         <name>fontcmss20.obj</name>
      </input_file>
      <input_file id="fl-12a">
         <path>C:\Users\pietr\Desktop\workspace_IoT\simplelink_msp432p4_sdk_3_40_01_02\source\ti\grlib\lib\ccs\m4f\</path>
         <kind>archive</kind>
         <file>grlib.a</file>
         <name>fontfixed6x8.obj</name>
      </input_file>
      <input_file id="fl-12b">
         <path>C:\Users\pietr\Desktop\workspace_IoT\simplelink_msp432p4_sdk_3_40_01_02\source\ti\grlib\lib\ccs\m4f\</path>
         <kind>archive</kind>
         <file>grlib.a</file>
         <name>image.obj</name>
      </input_file>
      <input_file id="fl-12c">
         <path>C:\Users\pietr\Desktop\workspace_IoT\simplelink_msp432p4_sdk_3_40_01_02\source\ti\grlib\lib\ccs\m4f\</path>
         <kind>archive</kind>
         <file>grlib.a</file>
         <name>line.obj</name>
      </input_file>
      <input_file id="fl-12d">
         <path>C:\Users\pietr\Desktop\workspace_IoT\simplelink_msp432p4_sdk_3_40_01_02\source\ti\grlib\lib\ccs\m4f\</path>
         <kind>archive</kind>
         <file>grlib.a</file>
         <name>rectangle.obj</name>
      </input_file>
      <input_file id="fl-12e">
         <path>C:\Users\pietr\Desktop\workspace_IoT\simplelink_msp432p4_sdk_3_40_01_02\source\ti\grlib\lib\ccs\m4f\</path>
         <kind>archive</kind>
         <file>grlib.a</file>
         <name>string.obj</name>
      </input_file>
   </input_file_list>
   <object_component_list>
      <object_component id="oc-26">
         <name>.intvecs:retain</name>
         <load_address>0x0</load_address>
         <run_address>0x0</run_address>
         <size>0xe4</size>
         <input_file_ref idref="fl-10"/>
      </object_component>
      <object_component id="oc-410">
         <name>.text:__TI_printfi</name>
         <load_address>0xd23c</load_address>
         <run_address>0xd23c</run_address>
         <size>0xa4e</size>
         <input_file_ref idref="fl-d6"/>
      </object_component>
      <object_component id="oc-4cd">
         <name>.text:_nop</name>
         <load_address>0xdc8a</load_address>
         <run_address>0xdc8a</run_address>
         <size>0x2</size>
         <input_file_ref idref="fl-eb"/>
      </object_component>
      <object_component id="oc-1fa">
         <name>.text</name>
         <load_address>0xdc8c</load_address>
         <run_address>0xdc8c</run_address>
         <size>0x680</size>
         <input_file_ref idref="fl-12"/>
      </object_component>
      <object_component id="oc-2d4">
         <name>.text:Graphics_drawString</name>
         <load_address>0xe30c</load_address>
         <run_address>0xe30c</run_address>
         <size>0x47e</size>
         <input_file_ref idref="fl-12e"/>
      </object_component>
      <object_component id="oc-2da">
         <name>.text:Graphics_drawImage</name>
         <load_address>0xe78a</load_address>
         <run_address>0xe78a</run_address>
         <size>0x390</size>
         <input_file_ref idref="fl-12b"/>
      </object_component>
      <object_component id="oc-6f4">
         <name>.text</name>
         <load_address>0xeb1a</load_address>
         <run_address>0xeb1a</run_address>
         <size>0x2</size>
         <input_file_ref idref="fl-100"/>
      </object_component>
      <object_component id="oc-ac">
         <name>.text</name>
         <load_address>0xeb1c</load_address>
         <run_address>0xeb1c</run_address>
         <size>0x334</size>
         <input_file_ref idref="fl-11"/>
      </object_component>
      <object_component id="oc-b9">
         <name>.text</name>
         <load_address>0xee50</load_address>
         <run_address>0xee50</run_address>
         <size>0x2cc</size>
         <input_file_ref idref="fl-c"/>
      </object_component>
      <object_component id="oc-d7">
         <name>.text</name>
         <load_address>0xf11c</load_address>
         <run_address>0xf11c</run_address>
         <size>0x2a0</size>
         <input_file_ref idref="fl-9"/>
      </object_component>
      <object_component id="oc-70">
         <name>.text</name>
         <load_address>0xf3bc</load_address>
         <run_address>0xf3bc</run_address>
         <size>0x290</size>
         <input_file_ref idref="fl-8"/>
      </object_component>
      <object_component id="oc-580">
         <name>.text:_pconv_a</name>
         <load_address>0xf64c</load_address>
         <run_address>0xf64c</run_address>
         <size>0x270</size>
         <input_file_ref idref="fl-d6"/>
      </object_component>
      <object_component id="oc-25c">
         <name>.text:Graphics_drawCircle</name>
         <load_address>0xf8bc</load_address>
         <run_address>0xf8bc</run_address>
         <size>0x26e</size>
         <input_file_ref idref="fl-126"/>
      </object_component>
      <object_component id="oc-fb">
         <name>.text</name>
         <load_address>0xfb2c</load_address>
         <run_address>0xfb2c</run_address>
         <size>0x248</size>
         <input_file_ref idref="fl-d"/>
      </object_component>
      <object_component id="oc-256">
         <name>.text:Graphics_fillCircle</name>
         <load_address>0xfd74</load_address>
         <run_address>0xfd74</run_address>
         <size>0x22a</size>
         <input_file_ref idref="fl-126"/>
      </object_component>
      <object_component id="oc-e9">
         <name>.text</name>
         <load_address>0xffa0</load_address>
         <run_address>0xffa0</run_address>
         <size>0x1d8</size>
         <input_file_ref idref="fl-f"/>
      </object_component>
      <object_component id="oc-56e">
         <name>.text:_pconv_g</name>
         <load_address>0x10178</load_address>
         <run_address>0x10178</run_address>
         <size>0x1d0</size>
         <input_file_ref idref="fl-d6"/>
      </object_component>
      <object_component id="oc-b3">
         <name>.text</name>
         <load_address>0x10348</load_address>
         <run_address>0x10348</run_address>
         <size>0x1bc</size>
         <input_file_ref idref="fl-a"/>
      </object_component>
      <object_component id="oc-2a4">
         <name>.text</name>
         <load_address>0x10504</load_address>
         <run_address>0x10504</run_address>
         <size>0x1b6</size>
         <input_file_ref idref="fl-dc"/>
      </object_component>
      <object_component id="oc-27f">
         <name>.text:_getIndexForMemRegister</name>
         <load_address>0x106bc</load_address>
         <run_address>0x106bc</run_address>
         <size>0x160</size>
         <input_file_ref idref="fl-118"/>
      </object_component>
      <object_component id="oc-640">
         <name>.text:__PCM_setPowerModeAdvanced</name>
         <load_address>0x1081c</load_address>
         <run_address>0x1081c</run_address>
         <size>0x15c</size>
         <input_file_ref idref="fl-11e"/>
      </object_component>
      <object_component id="oc-57a">
         <name>.text:_pconv_e</name>
         <load_address>0x10978</load_address>
         <run_address>0x10978</run_address>
         <size>0x13c</size>
         <input_file_ref idref="fl-d6"/>
      </object_component>
      <object_component id="oc-29f">
         <name>.text</name>
         <load_address>0x10ab4</load_address>
         <run_address>0x10ab4</run_address>
         <size>0x136</size>
         <input_file_ref idref="fl-de"/>
      </object_component>
      <object_component id="oc-673">
         <name>.text:fcvt</name>
         <load_address>0x10bec</load_address>
         <run_address>0x10bec</run_address>
         <size>0x124</size>
         <input_file_ref idref="fl-d6"/>
      </object_component>
      <object_component id="oc-21e">
         <name>.text:UART_initModule</name>
         <load_address>0x10d10</load_address>
         <run_address>0x10d10</run_address>
         <size>0x11c</size>
         <input_file_ref idref="fl-123"/>
      </object_component>
      <object_component id="oc-5fe">
         <name>.text:fputs</name>
         <load_address>0x10e2c</load_address>
         <run_address>0x10e2c</run_address>
         <size>0x114</size>
         <input_file_ref idref="fl-d9"/>
      </object_component>
      <object_component id="oc-289">
         <name>.text:Graphics_fillRectangle</name>
         <load_address>0x10f40</load_address>
         <run_address>0x10f40</run_address>
         <size>0x112</size>
         <input_file_ref idref="fl-12d"/>
      </object_component>
      <object_component id="oc-687">
         <name>.text:scalbn</name>
         <load_address>0x11054</load_address>
         <run_address>0x11054</run_address>
         <size>0x110</size>
         <input_file_ref idref="fl-d4"/>
      </object_component>
      <object_component id="oc-3b9">
         <name>.text:__PCM_setCoreVoltageLevelAdvanced</name>
         <load_address>0x11164</load_address>
         <run_address>0x11164</run_address>
         <size>0x108</size>
         <input_file_ref idref="fl-11e"/>
      </object_component>
      <object_component id="oc-79f">
         <name>.text:aligned_alloc</name>
         <load_address>0x1126c</load_address>
         <run_address>0x1126c</run_address>
         <size>0x100</size>
         <input_file_ref idref="fl-f2"/>
      </object_component>
      <object_component id="oc-29a">
         <name>.text</name>
         <load_address>0x1136c</load_address>
         <run_address>0x1136c</run_address>
         <size>0xfc</size>
         <input_file_ref idref="fl-df"/>
      </object_component>
      <object_component id="oc-429">
         <name>.text:Graphics_getStringWidth</name>
         <load_address>0x11468</load_address>
         <run_address>0x11468</run_address>
         <size>0xfa</size>
         <input_file_ref idref="fl-12e"/>
      </object_component>
      <object_component id="oc-f5">
         <name>.text</name>
         <load_address>0x11564</load_address>
         <run_address>0x11564</run_address>
         <size>0xf0</size>
         <input_file_ref idref="fl-e"/>
      </object_component>
      <object_component id="oc-75d">
         <name>.text:free</name>
         <load_address>0x11654</load_address>
         <run_address>0x11654</run_address>
         <size>0xe4</size>
         <input_file_ref idref="fl-f2"/>
      </object_component>
      <object_component id="oc-101">
         <name>.text</name>
         <load_address>0x11738</load_address>
         <run_address>0x11738</run_address>
         <size>0xdc</size>
         <input_file_ref idref="fl-b"/>
      </object_component>
      <object_component id="oc-72f">
         <name>.text:setvbuf</name>
         <load_address>0x11814</load_address>
         <run_address>0x11814</run_address>
         <size>0xdc</size>
         <input_file_ref idref="fl-db"/>
      </object_component>
      <object_component id="oc-38f">
         <name>.text</name>
         <load_address>0x118f0</load_address>
         <run_address>0x118f0</run_address>
         <size>0xcc</size>
         <input_file_ref idref="fl-14"/>
      </object_component>
      <object_component id="oc-1c4">
         <name>.text:ADC14_configureConversionMemory</name>
         <load_address>0x119bc</load_address>
         <run_address>0x119bc</run_address>
         <size>0xb4</size>
         <input_file_ref idref="fl-118"/>
      </object_component>
      <object_component id="oc-1be">
         <name>.text:ADC14_configureMultiSequenceMode</name>
         <load_address>0x11a70</load_address>
         <run_address>0x11a70</run_address>
         <size>0xb4</size>
         <input_file_ref idref="fl-118"/>
      </object_component>
      <object_component id="oc-563">
         <name>.text:_ltostr</name>
         <load_address>0x11b24</load_address>
         <run_address>0x11b24</run_address>
         <size>0xb1</size>
         <input_file_ref idref="fl-d6"/>
      </object_component>
      <object_component id="oc-503">
         <name>.text:SPI_initMaster</name>
         <load_address>0x11bd6</load_address>
         <run_address>0x11bd6</run_address>
         <size>0xb0</size>
         <input_file_ref idref="fl-120"/>
      </object_component>
      <object_component id="oc-3d4">
         <name>.text:Graphics_drawLineH</name>
         <load_address>0x11c86</load_address>
         <run_address>0x11c86</run_address>
         <size>0x9c</size>
         <input_file_ref idref="fl-12c"/>
      </object_component>
      <object_component id="oc-28f">
         <name>.text:Graphics_drawLineV</name>
         <load_address>0x11d22</load_address>
         <run_address>0x11d22</run_address>
         <size>0x9c</size>
         <input_file_ref idref="fl-12c"/>
      </object_component>
      <object_component id="oc-3a">
         <name>.text</name>
         <load_address>0x11dbe</load_address>
         <run_address>0x11dbe</run_address>
         <size>0x9c</size>
         <input_file_ref idref="fl-e4"/>
      </object_component>
      <object_component id="oc-64f">
         <name>.text</name>
         <load_address>0x11e5a</load_address>
         <run_address>0x11e5a</run_address>
         <size>0x96</size>
         <input_file_ref idref="fl-e6"/>
      </object_component>
      <object_component id="oc-605">
         <name>.text:fputc</name>
         <load_address>0x11ef0</load_address>
         <run_address>0x11ef0</run_address>
         <size>0x8c</size>
         <input_file_ref idref="fl-d8"/>
      </object_component>
      <object_component id="oc-1ca">
         <name>.text:GPIO_setAsPeripheralModuleFunctionInputPin</name>
         <load_address>0x11f7c</load_address>
         <run_address>0x11f7c</run_address>
         <size>0x88</size>
         <input_file_ref idref="fl-11b"/>
      </object_component>
      <object_component id="oc-4fd">
         <name>.text:GPIO_setAsPeripheralModuleFunctionOutputPin</name>
         <load_address>0x12004</load_address>
         <run_address>0x12004</run_address>
         <size>0x88</size>
         <input_file_ref idref="fl-11b"/>
      </object_component>
      <object_component id="oc-569">
         <name>.text:__aeabi_cdcmple</name>
         <load_address>0x1208c</load_address>
         <run_address>0x1208c</run_address>
         <size>0x86</size>
         <input_file_ref idref="fl-dd"/>
      </object_component>
      <object_component id="oc-656">
         <name>.text:__aeabi_cdrcmple</name>
         <load_address>0x12112</load_address>
         <run_address>0x12112</run_address>
         <size>0x86</size>
         <input_file_ref idref="fl-dd"/>
      </object_component>
      <object_component id="oc-dd">
         <name>.text:GPIO_getEnabledInterruptStatus</name>
         <load_address>0x12198</load_address>
         <run_address>0x12198</run_address>
         <size>0x84</size>
         <input_file_ref idref="fl-11b"/>
      </object_component>
      <object_component id="oc-1b8">
         <name>.text:Interrupt_enableInterrupt</name>
         <load_address>0x1221c</load_address>
         <run_address>0x1221c</run_address>
         <size>0x80</size>
         <input_file_ref idref="fl-11d"/>
      </object_component>
      <object_component id="oc-94">
         <name>.text</name>
         <load_address>0x1229c</load_address>
         <run_address>0x1229c</run_address>
         <size>0x7a</size>
         <input_file_ref idref="fl-e5"/>
      </object_component>
      <object_component id="oc-7a6">
         <name>.text:__TI_closefile</name>
         <load_address>0x12318</load_address>
         <run_address>0x12318</run_address>
         <size>0x74</size>
         <input_file_ref idref="fl-110"/>
      </object_component>
      <object_component id="oc-7e7">
         <name>.text:split</name>
         <load_address>0x1238c</load_address>
         <run_address>0x1238c</run_address>
         <size>0x70</size>
         <input_file_ref idref="fl-f2"/>
      </object_component>
      <object_component id="oc-66c">
         <name>.text:_mcpy</name>
         <load_address>0x123fc</load_address>
         <run_address>0x123fc</run_address>
         <size>0x6e</size>
         <input_file_ref idref="fl-d6"/>
      </object_component>
      <object_component id="oc-2a9">
         <name>.text</name>
         <load_address>0x1246a</load_address>
         <run_address>0x1246a</run_address>
         <size>0x6e</size>
         <input_file_ref idref="fl-e1"/>
      </object_component>
      <object_component id="oc-444">
         <name>.text:Graphics_convertPalette</name>
         <load_address>0x124d8</load_address>
         <run_address>0x124d8</run_address>
         <size>0x6c</size>
         <input_file_ref idref="fl-12b"/>
      </object_component>
      <object_component id="oc-7d6">
         <name>.text:HOSTrename</name>
         <load_address>0x12544</load_address>
         <run_address>0x12544</run_address>
         <size>0x6c</size>
         <input_file_ref idref="fl-109"/>
      </object_component>
      <object_component id="oc-7ca">
         <name>.text:HOSTlseek</name>
         <load_address>0x125b0</load_address>
         <run_address>0x125b0</run_address>
         <size>0x68</size>
         <input_file_ref idref="fl-106"/>
      </object_component>
      <object_component id="oc-17">
         <name>.text:decompress:lzss:__TI_decompress_lzss</name>
         <load_address>0x12618</load_address>
         <run_address>0x12618</run_address>
         <size>0x68</size>
         <input_file_ref idref="fl-e9"/>
      </object_component>
      <object_component id="oc-312">
         <name>.text:printf</name>
         <load_address>0x12680</load_address>
         <run_address>0x12680</run_address>
         <size>0x68</size>
         <input_file_ref idref="fl-d5"/>
      </object_component>
      <object_component id="oc-10d">
         <name>.text:UART_getEnabledInterruptStatus</name>
         <load_address>0x126e8</load_address>
         <run_address>0x126e8</run_address>
         <size>0x64</size>
         <input_file_ref idref="fl-123"/>
      </object_component>
      <object_component id="oc-681">
         <name>.text:frexp</name>
         <load_address>0x1274c</load_address>
         <run_address>0x1274c</run_address>
         <size>0x64</size>
         <input_file_ref idref="fl-fc"/>
      </object_component>
      <object_component id="oc-729">
         <name>.text:fseek</name>
         <load_address>0x127b0</load_address>
         <run_address>0x127b0</run_address>
         <size>0x64</size>
         <input_file_ref idref="fl-ff"/>
      </object_component>
      <object_component id="oc-6c4">
         <name>.text:__TI_wrt_ok</name>
         <load_address>0x12814</load_address>
         <run_address>0x12814</run_address>
         <size>0x62</size>
         <input_file_ref idref="fl-da"/>
      </object_component>
      <object_component id="oc-7b2">
         <name>.text:HOSTopen</name>
         <load_address>0x12878</load_address>
         <run_address>0x12878</run_address>
         <size>0x60</size>
         <input_file_ref idref="fl-107"/>
      </object_component>
      <object_component id="oc-530">
         <name>.text:PCM_getCoreVoltageLevel</name>
         <load_address>0x128d8</load_address>
         <run_address>0x128d8</run_address>
         <size>0x5e</size>
         <input_file_ref idref="fl-11e"/>
      </object_component>
      <object_component id="oc-7ee">
         <name>.text:close</name>
         <load_address>0x12938</load_address>
         <run_address>0x12938</run_address>
         <size>0x5c</size>
         <input_file_ref idref="fl-116"/>
      </object_component>
      <object_component id="oc-3dc">
         <name>.text:Graphics_drawPixel</name>
         <load_address>0x12994</load_address>
         <run_address>0x12994</run_address>
         <size>0x5a</size>
         <input_file_ref idref="fl-127"/>
      </object_component>
      <object_component id="oc-52a">
         <name>.text:PCM_getPowerMode</name>
         <load_address>0x129ee</load_address>
         <run_address>0x129ee</run_address>
         <size>0x5a</size>
         <input_file_ref idref="fl-11e"/>
      </object_component>
      <object_component id="oc-1ac">
         <name>.text:GPIO_setAsInputPinWithPullUpResistor</name>
         <load_address>0x12a48</load_address>
         <run_address>0x12a48</run_address>
         <size>0x58</size>
         <input_file_ref idref="fl-11b"/>
      </object_component>
      <object_component id="oc-7be">
         <name>.text:HOSTread</name>
         <load_address>0x12aa0</load_address>
         <run_address>0x12aa0</run_address>
         <size>0x58</size>
         <input_file_ref idref="fl-108"/>
      </object_component>
      <object_component id="oc-7c4">
         <name>.text:HOSTwrite</name>
         <load_address>0x12af8</load_address>
         <run_address>0x12af8</run_address>
         <size>0x58</size>
         <input_file_ref idref="fl-10c"/>
      </object_component>
      <object_component id="oc-574">
         <name>.text:_pconv_f</name>
         <load_address>0x12b50</load_address>
         <run_address>0x12b50</run_address>
         <size>0x56</size>
         <input_file_ref idref="fl-d6"/>
      </object_component>
      <object_component id="oc-1d6">
         <name>.text:ADC14_initModule</name>
         <load_address>0x12ba8</load_address>
         <run_address>0x12ba8</run_address>
         <size>0x54</size>
         <input_file_ref idref="fl-118"/>
      </object_component>
      <object_component id="oc-660">
         <name>.text:__TI_ltoa</name>
         <load_address>0x12bfc</load_address>
         <run_address>0x12bfc</run_address>
         <size>0x54</size>
         <input_file_ref idref="fl-ec"/>
      </object_component>
      <object_component id="oc-200">
         <name>.text:Graphics_initContext</name>
         <load_address>0x12c50</load_address>
         <run_address>0x12c50</run_address>
         <size>0x52</size>
         <input_file_ref idref="fl-127"/>
      </object_component>
      <object_component id="oc-666">
         <name>.text:_ecpy</name>
         <load_address>0x12ca2</load_address>
         <run_address>0x12ca2</run_address>
         <size>0x52</size>
         <input_file_ref idref="fl-d6"/>
      </object_component>
      <object_component id="oc-6d0">
         <name>.text:__TI_doflush</name>
         <load_address>0x12cf4</load_address>
         <run_address>0x12cf4</run_address>
         <size>0x4c</size>
         <input_file_ref idref="fl-fd"/>
      </object_component>
      <object_component id="oc-55d">
         <name>.text:atoi</name>
         <load_address>0x12d40</load_address>
         <run_address>0x12d40</run_address>
         <size>0x4c</size>
         <input_file_ref idref="fl-ed"/>
      </object_component>
      <object_component id="oc-236">
         <name>.text:FlashCtl_setWaitState</name>
         <load_address>0x12d8c</load_address>
         <run_address>0x12d8c</run_address>
         <size>0x48</size>
         <input_file_ref idref="fl-11a"/>
      </object_component>
      <object_component id="oc-2bf">
         <name>.text:Graphics_drawStringCentered</name>
         <load_address>0x12dd4</load_address>
         <run_address>0x12dd4</run_address>
         <size>0x48</size>
         <input_file_ref idref="fl-12e"/>
      </object_component>
      <object_component id="oc-452">
         <name>.text:HOSTtime</name>
         <load_address>0x12e1c</load_address>
         <run_address>0x12e1c</run_address>
         <size>0x48</size>
         <input_file_ref idref="fl-10a"/>
      </object_component>
      <object_component id="oc-170">
         <name>.text:exit</name>
         <load_address>0x12e64</load_address>
         <run_address>0x12e64</run_address>
         <size>0x48</size>
         <input_file_ref idref="fl-ea"/>
      </object_component>
      <object_component id="oc-65b">
         <name>.text</name>
         <load_address>0x12eac</load_address>
         <run_address>0x12eac</run_address>
         <size>0x48</size>
         <input_file_ref idref="fl-e0"/>
      </object_component>
      <object_component id="oc-44a">
         <name>.text:Graphics_drawMultiplePixelsOnDisplay</name>
         <load_address>0x12ef4</load_address>
         <run_address>0x12ef4</run_address>
         <size>0x46</size>
         <input_file_ref idref="fl-128"/>
      </object_component>
      <object_component id="oc-7b8">
         <name>.text:HOSTclose</name>
         <load_address>0x12f3c</load_address>
         <run_address>0x12f3c</run_address>
         <size>0x44</size>
         <input_file_ref idref="fl-105"/>
      </object_component>
      <object_component id="oc-7d0">
         <name>.text:HOSTunlink</name>
         <load_address>0x12f80</load_address>
         <run_address>0x12f80</run_address>
         <size>0x44</size>
         <input_file_ref idref="fl-10b"/>
      </object_component>
      <object_component id="oc-176">
         <name>.text:__TI_auto_init_nobinit_nopinit:__TI_auto_init_nobinit_nopinit</name>
         <load_address>0x12fc4</load_address>
         <run_address>0x12fc4</run_address>
         <size>0x44</size>
         <input_file_ref idref="fl-101"/>
      </object_component>
      <object_component id="oc-817">
         <name>.text:getdevice</name>
         <load_address>0x13008</load_address>
         <run_address>0x13008</run_address>
         <size>0x44</size>
         <input_file_ref idref="fl-111"/>
      </object_component>
      <object_component id="oc-218">
         <name>.text:GPIO_setAsOutputPin</name>
         <load_address>0x1304c</load_address>
         <run_address>0x1304c</run_address>
         <size>0x40</size>
         <input_file_ref idref="fl-11b"/>
      </object_component>
      <object_component id="oc-437">
         <name>.text:Graphics_getNumberOfLeadingZeros</name>
         <load_address>0x1308c</load_address>
         <run_address>0x1308c</run_address>
         <size>0x40</size>
         <input_file_ref idref="fl-12e"/>
      </object_component>
      <object_component id="oc-625">
         <name>.text:is_A_Module</name>
         <load_address>0x130cc</load_address>
         <run_address>0x130cc</run_address>
         <size>0x40</size>
         <input_file_ref idref="fl-120"/>
      </object_component>
      <object_component id="oc-2b9">
         <name>.text:sprintf</name>
         <load_address>0x1310c</load_address>
         <run_address>0x1310c</run_address>
         <size>0x40</size>
         <input_file_ref idref="fl-d7"/>
      </object_component>
      <object_component id="oc-679">
         <name>.text:_fcpy</name>
         <load_address>0x1314c</load_address>
         <run_address>0x1314c</run_address>
         <size>0x3e</size>
         <input_file_ref idref="fl-d6"/>
      </object_component>
      <object_component id="oc-c5">
         <name>.text:ADC14_getEnabledInterruptStatus</name>
         <load_address>0x1318c</load_address>
         <run_address>0x1318c</run_address>
         <size>0x38</size>
         <input_file_ref idref="fl-118"/>
      </object_component>
      <object_component id="oc-5b6">
         <name>.text:__TI_writemsg</name>
         <load_address>0x131c4</load_address>
         <run_address>0x131c4</run_address>
         <size>0x38</size>
         <input_file_ref idref="fl-10d"/>
      </object_component>
      <object_component id="oc-2b4">
         <name>.text</name>
         <load_address>0x131fc</load_address>
         <run_address>0x131fc</run_address>
         <size>0x38</size>
         <input_file_ref idref="fl-e2"/>
      </object_component>
      <object_component id="oc-547">
         <name>.text:Graphics_drawHorizontalLineOnDisplay</name>
         <load_address>0x13234</load_address>
         <run_address>0x13234</run_address>
         <size>0x36</size>
         <input_file_ref idref="fl-128"/>
      </object_component>
      <object_component id="oc-401">
         <name>.text:Graphics_drawVerticalLineOnDisplay</name>
         <load_address>0x1326a</load_address>
         <run_address>0x1326a</run_address>
         <size>0x36</size>
         <input_file_ref idref="fl-128"/>
      </object_component>
      <object_component id="oc-831">
         <name>.text:strncpy</name>
         <load_address>0x132a0</load_address>
         <run_address>0x132a0</run_address>
         <size>0x36</size>
         <input_file_ref idref="fl-114"/>
      </object_component>
      <object_component id="oc-1e8">
         <name>.text:ADC14_enableSampleTimer</name>
         <load_address>0x132d8</load_address>
         <run_address>0x132d8</run_address>
         <size>0x34</size>
         <input_file_ref idref="fl-118"/>
      </object_component>
      <object_component id="oc-242">
         <name>.text:CS_setDCOCenteredFrequency</name>
         <load_address>0x1330c</load_address>
         <run_address>0x1330c</run_address>
         <size>0x34</size>
         <input_file_ref idref="fl-119"/>
      </object_component>
      <object_component id="oc-305">
         <name>.text:UART_transmitData</name>
         <load_address>0x13340</load_address>
         <run_address>0x13340</run_address>
         <size>0x34</size>
         <input_file_ref idref="fl-123"/>
      </object_component>
      <object_component id="oc-769">
         <name>.text:__TI_cleanup</name>
         <load_address>0x13374</load_address>
         <run_address>0x13374</run_address>
         <size>0x34</size>
         <input_file_ref idref="fl-fe"/>
      </object_component>
      <object_component id="oc-5bc">
         <name>.text:__TI_readmsg</name>
         <load_address>0x133a8</load_address>
         <run_address>0x133a8</run_address>
         <size>0x34</size>
         <input_file_ref idref="fl-10d"/>
      </object_component>
      <object_component id="oc-58">
         <name>.text:_c_int00_noargs:_c_int00_noargs</name>
         <load_address>0x133dc</load_address>
         <run_address>0x133dc</run_address>
         <size>0x34</size>
         <input_file_ref idref="fl-f5"/>
      </object_component>
      <object_component id="oc-cb">
         <name>.text:ADC14_clearInterruptFlag</name>
         <load_address>0x13410</load_address>
         <run_address>0x13410</run_address>
         <size>0x30</size>
         <input_file_ref idref="fl-118"/>
      </object_component>
      <object_component id="oc-1dc">
         <name>.text:ADC14_enableInterrupt</name>
         <load_address>0x13440</load_address>
         <run_address>0x13440</run_address>
         <size>0x30</size>
         <input_file_ref idref="fl-118"/>
      </object_component>
      <object_component id="oc-30c">
         <name>.text:GPIO_getInputPinValue</name>
         <load_address>0x13470</load_address>
         <run_address>0x13470</run_address>
         <size>0x30</size>
         <input_file_ref idref="fl-11b"/>
      </object_component>
      <object_component id="oc-11f">
         <name>.text:UART_receiveData</name>
         <load_address>0x134a0</load_address>
         <run_address>0x134a0</run_address>
         <size>0x30</size>
         <input_file_ref idref="fl-123"/>
      </object_component>
      <object_component id="oc-837">
         <name>.text:finddevice</name>
         <load_address>0x134d0</load_address>
         <run_address>0x134d0</run_address>
         <size>0x30</size>
         <input_file_ref idref="fl-111"/>
      </object_component>
      <object_component id="oc-295">
         <name>.text</name>
         <load_address>0x13500</load_address>
         <run_address>0x13500</run_address>
         <size>0x2e</size>
         <input_file_ref idref="fl-e3"/>
      </object_component>
      <object_component id="oc-26d">
         <name>.text:ADC14_getInterruptStatus</name>
         <load_address>0x13530</load_address>
         <run_address>0x13530</run_address>
         <size>0x2c</size>
         <input_file_ref idref="fl-118"/>
      </object_component>
      <object_component id="oc-1f4">
         <name>.text:ADC14_toggleConversionTrigger</name>
         <load_address>0x1355c</load_address>
         <run_address>0x1355c</run_address>
         <size>0x2c</size>
         <input_file_ref idref="fl-118"/>
      </object_component>
      <object_component id="oc-43d">
         <name>.text:Graphics_drawPixelOnDisplay</name>
         <load_address>0x13588</load_address>
         <run_address>0x13588</run_address>
         <size>0x2c</size>
         <input_file_ref idref="fl-128"/>
      </object_component>
      <object_component id="oc-7f4">
         <name>.text:unlink</name>
         <load_address>0x135b4</load_address>
         <run_address>0x135b4</run_address>
         <size>0x2c</size>
         <input_file_ref idref="fl-117"/>
      </object_component>
      <object_component id="oc-1ee">
         <name>.text:ADC14_enableConversion</name>
         <load_address>0x135e0</load_address>
         <run_address>0x135e0</run_address>
         <size>0x28</size>
         <input_file_ref idref="fl-118"/>
      </object_component>
      <object_component id="oc-d1">
         <name>.text:ADC14_getResult</name>
         <load_address>0x13608</load_address>
         <run_address>0x13608</run_address>
         <size>0x28</size>
         <input_file_ref idref="fl-118"/>
      </object_component>
      <object_component id="oc-e3">
         <name>.text:GPIO_clearInterruptFlag</name>
         <load_address>0x13630</load_address>
         <run_address>0x13630</run_address>
         <size>0x28</size>
         <input_file_ref idref="fl-11b"/>
      </object_component>
      <object_component id="oc-1b2">
         <name>.text:GPIO_enableInterrupt</name>
         <load_address>0x13658</load_address>
         <run_address>0x13658</run_address>
         <size>0x28</size>
         <input_file_ref idref="fl-11b"/>
      </object_component>
      <object_component id="oc-2ae">
         <name>.text:GPIO_setOutputHighOnPin</name>
         <load_address>0x13680</load_address>
         <run_address>0x13680</run_address>
         <size>0x28</size>
         <input_file_ref idref="fl-11b"/>
      </object_component>
      <object_component id="oc-107">
         <name>.text:GPIO_setOutputLowOnPin</name>
         <load_address>0x136a8</load_address>
         <run_address>0x136a8</run_address>
         <size>0x28</size>
         <input_file_ref idref="fl-11b"/>
      </object_component>
      <object_component id="oc-bf">
         <name>.text:PCM_gotoLPM0</name>
         <load_address>0x136d0</load_address>
         <run_address>0x136d0</run_address>
         <size>0x28</size>
         <input_file_ref idref="fl-11e"/>
      </object_component>
      <object_component id="oc-798">
         <name>.text:free_list_insert</name>
         <load_address>0x136f8</load_address>
         <run_address>0x136f8</run_address>
         <size>0x28</size>
         <input_file_ref idref="fl-f2"/>
      </object_component>
      <object_component id="oc-755">
         <name>.text:lseek</name>
         <load_address>0x13720</load_address>
         <run_address>0x13720</run_address>
         <size>0x28</size>
         <input_file_ref idref="fl-10f"/>
      </object_component>
      <object_component id="oc-6d6">
         <name>.text:write</name>
         <load_address>0x13748</load_address>
         <run_address>0x13748</run_address>
         <size>0x28</size>
         <input_file_ref idref="fl-f6"/>
      </object_component>
      <object_component id="oc-2c9">
         <name>.text:GPIO_getInterruptStatus</name>
         <load_address>0x13770</load_address>
         <run_address>0x13770</run_address>
         <size>0x24</size>
         <input_file_ref idref="fl-11b"/>
      </object_component>
      <object_component id="oc-22a">
         <name>.text:WDT_A_holdTimer</name>
         <load_address>0x13794</load_address>
         <run_address>0x13794</run_address>
         <size>0x24</size>
         <input_file_ref idref="fl-124"/>
      </object_component>
      <object_component id="oc-6ca">
         <name>.text:memchr</name>
         <load_address>0x137b8</load_address>
         <run_address>0x137b8</run_address>
         <size>0x20</size>
         <input_file_ref idref="fl-f1"/>
      </object_component>
      <object_component id="oc-3f4">
         <name>.text:Graphics_fillRectangleOnDisplay</name>
         <load_address>0x137d8</load_address>
         <run_address>0x137d8</run_address>
         <size>0x1e</size>
         <input_file_ref idref="fl-128"/>
      </object_component>
      <object_component id="oc-509">
         <name>.text:SPI_enableModule</name>
         <load_address>0x137f6</load_address>
         <run_address>0x137f6</run_address>
         <size>0x1c</size>
         <input_file_ref idref="fl-120"/>
      </object_component>
      <object_component id="oc-792">
         <name>.text:free_list_remove</name>
         <load_address>0x13814</load_address>
         <run_address>0x13814</run_address>
         <size>0x1c</size>
         <input_file_ref idref="fl-f2"/>
      </object_component>
      <object_component id="oc-586">
         <name>.text:memccpy</name>
         <load_address>0x13830</load_address>
         <run_address>0x13830</run_address>
         <size>0x1c</size>
         <input_file_ref idref="fl-f0"/>
      </object_component>
      <object_component id="oc-2fd">
         <name>.text:Graphics_clearDisplayOnDisplay</name>
         <load_address>0x1384c</load_address>
         <run_address>0x1384c</run_address>
         <size>0x1a</size>
         <input_file_ref idref="fl-128"/>
      </object_component>
      <object_component id="oc-20c">
         <name>.text:Graphics_setBackgroundColor</name>
         <load_address>0x13866</load_address>
         <run_address>0x13866</run_address>
         <size>0x1a</size>
         <input_file_ref idref="fl-127"/>
      </object_component>
      <object_component id="oc-212">
         <name>.text:Graphics_setFont</name>
         <load_address>0x13880</load_address>
         <run_address>0x13880</run_address>
         <size>0x1a</size>
         <input_file_ref idref="fl-127"/>
      </object_component>
      <object_component id="oc-709">
         <name>.text:copysign</name>
         <load_address>0x1389a</load_address>
         <run_address>0x1389a</run_address>
         <size>0x1a</size>
         <input_file_ref idref="fl-fb"/>
      </object_component>
      <object_component id="oc-320">
         <name>.text:UART_getInterruptStatus</name>
         <load_address>0x138b4</load_address>
         <run_address>0x138b4</run_address>
         <size>0x18</size>
         <input_file_ref idref="fl-123"/>
      </object_component>
      <object_component id="oc-416">
         <name>.text:_outs</name>
         <load_address>0x138cc</load_address>
         <run_address>0x138cc</run_address>
         <size>0x18</size>
         <input_file_ref idref="fl-d7"/>
      </object_component>
      <object_component id="oc-84a">
         <name>.text:strcmp</name>
         <load_address>0x138e4</load_address>
         <run_address>0x138e4</run_address>
         <size>0x18</size>
         <input_file_ref idref="fl-112"/>
      </object_component>
      <object_component id="oc-62d">
         <name>.text:EUSCI_A_SPI_enable</name>
         <load_address>0x138fc</load_address>
         <run_address>0x138fc</run_address>
         <size>0x16</size>
         <input_file_ref idref="fl-120"/>
      </object_component>
      <object_component id="oc-633">
         <name>.text:EUSCI_B_SPI_enable</name>
         <load_address>0x13912</load_address>
         <run_address>0x13912</run_address>
         <size>0x16</size>
         <input_file_ref idref="fl-120"/>
      </object_component>
      <object_component id="oc-206">
         <name>.text:Graphics_setForegroundColor</name>
         <load_address>0x13928</load_address>
         <run_address>0x13928</run_address>
         <size>0x16</size>
         <input_file_ref idref="fl-127"/>
      </object_component>
      <object_component id="oc-3a3">
         <name>.text:Graphics_translateColorOnDisplay</name>
         <load_address>0x1393e</load_address>
         <run_address>0x1393e</run_address>
         <size>0x16</size>
         <input_file_ref idref="fl-128"/>
      </object_component>
      <object_component id="oc-113">
         <name>.text:UART_clearInterruptFlag</name>
         <load_address>0x13954</load_address>
         <run_address>0x13954</run_address>
         <size>0x16</size>
         <input_file_ref idref="fl-123"/>
      </object_component>
      <object_component id="oc-224">
         <name>.text:UART_enableModule</name>
         <load_address>0x1396a</load_address>
         <run_address>0x1396a</run_address>
         <size>0x16</size>
         <input_file_ref idref="fl-123"/>
      </object_component>
      <object_component id="oc-68d">
         <name>.text:strchr</name>
         <load_address>0x13980</load_address>
         <run_address>0x13980</run_address>
         <size>0x16</size>
         <input_file_ref idref="fl-f3"/>
      </object_component>
      <object_component id="oc-536">
         <name>.text:PCM_getPowerState</name>
         <load_address>0x13998</load_address>
         <run_address>0x13998</run_address>
         <size>0x14</size>
         <input_file_ref idref="fl-11e"/>
      </object_component>
      <object_component id="oc-80a">
         <name>.text:strcpy</name>
         <load_address>0x139ac</load_address>
         <run_address>0x139ac</run_address>
         <size>0x14</size>
         <input_file_ref idref="fl-113"/>
      </object_component>
      <object_component id="oc-557">
         <name>.text:strlen</name>
         <load_address>0x139c0</load_address>
         <run_address>0x139c0</run_address>
         <size>0x14</size>
         <input_file_ref idref="fl-f4"/>
      </object_component>
      <object_component id="oc-ef">
         <name>.text:Graphics_clearDisplay</name>
         <load_address>0x139d4</load_address>
         <run_address>0x139d4</run_address>
         <size>0x12</size>
         <input_file_ref idref="fl-127"/>
      </object_component>
      <object_component id="oc-58c">
         <name>.text:wcslen</name>
         <load_address>0x139e6</load_address>
         <run_address>0x139e6</run_address>
         <size>0x12</size>
         <input_file_ref idref="fl-fa"/>
      </object_component>
      <object_component id="oc-378">
         <name>.text:ADCIsConversionRunning</name>
         <load_address>0x139f8</load_address>
         <run_address>0x139f8</run_address>
         <size>0x10</size>
         <input_file_ref idref="fl-118"/>
      </object_component>
      <object_component id="oc-230">
         <name>.text:Interrupt_disableMaster</name>
         <load_address>0x13a08</load_address>
         <run_address>0x13a08</run_address>
         <size>0x10</size>
         <input_file_ref idref="fl-11d"/>
      </object_component>
      <object_component id="oc-119">
         <name>.text:Interrupt_disableSleepOnIsrExit</name>
         <load_address>0x13a18</load_address>
         <run_address>0x13a18</run_address>
         <size>0x10</size>
         <input_file_ref idref="fl-11d"/>
      </object_component>
      <object_component id="oc-1e2">
         <name>.text:Interrupt_enableMaster</name>
         <load_address>0x13a28</load_address>
         <run_address>0x13a28</run_address>
         <size>0x10</size>
         <input_file_ref idref="fl-11d"/>
      </object_component>
      <object_component id="oc-23c">
         <name>.text:PCM_setCoreVoltageLevel</name>
         <load_address>0x13a38</load_address>
         <run_address>0x13a38</run_address>
         <size>0x10</size>
         <input_file_ref idref="fl-11e"/>
      </object_component>
      <object_component id="oc-53c">
         <name>.text:PCM_setPowerMode</name>
         <load_address>0x13a48</load_address>
         <run_address>0x13a48</run_address>
         <size>0x10</size>
         <input_file_ref idref="fl-11e"/>
      </object_component>
      <object_component id="oc-2e0">
         <name>.text:__time32</name>
         <load_address>0x13a58</load_address>
         <run_address>0x13a58</run_address>
         <size>0xe</size>
         <input_file_ref idref="fl-f8"/>
      </object_component>
      <object_component id="oc-1d">
         <name>.text:decompress:none:__TI_decompress_none</name>
         <load_address>0x13a66</load_address>
         <run_address>0x13a66</run_address>
         <size>0xe</size>
         <input_file_ref idref="fl-e8"/>
      </object_component>
      <object_component id="oc-6a">
         <name>.text</name>
         <load_address>0x13a74</load_address>
         <run_address>0x13a74</run_address>
         <size>0xe</size>
         <input_file_ref idref="fl-10"/>
      </object_component>
      <object_component id="oc-1d0">
         <name>.text:ADC14_enableModule</name>
         <load_address>0x13a84</load_address>
         <run_address>0x13a84</run_address>
         <size>0xc</size>
         <input_file_ref idref="fl-118"/>
      </object_component>
      <object_component id="oc-3b1">
         <name>.text:CPU_cpsid</name>
         <load_address>0x13a90</load_address>
         <run_address>0x13a90</run_address>
         <size>0xc</size>
         <input_file_ref idref="fl-125"/>
      </object_component>
      <object_component id="oc-385">
         <name>.text:CPU_cpsie</name>
         <load_address>0x13a9c</load_address>
         <run_address>0x13a9c</run_address>
         <size>0xc</size>
         <input_file_ref idref="fl-125"/>
      </object_component>
      <object_component id="oc-4c">
         <name>.text:decompress:ZI:__TI_zero_init</name>
         <load_address>0x13aa8</load_address>
         <run_address>0x13aa8</run_address>
         <size>0xc</size>
         <input_file_ref idref="fl-e7"/>
      </object_component>
      <object_component id="oc-41c">
         <name>.text:_outc</name>
         <load_address>0x13ab4</load_address>
         <run_address>0x13ab4</run_address>
         <size>0xa</size>
         <input_file_ref idref="fl-d7"/>
      </object_component>
      <object_component id="oc-592">
         <name>.text:__aeabi_errno_addr</name>
         <load_address>0x13ac0</load_address>
         <run_address>0x13ac0</run_address>
         <size>0x8</size>
         <input_file_ref idref="fl-f9"/>
      </object_component>
      <object_component id="oc-763">
         <name>.text:malloc</name>
         <load_address>0x13ac8</load_address>
         <run_address>0x13ac8</run_address>
         <size>0x8</size>
         <input_file_ref idref="fl-f2"/>
      </object_component>
      <object_component id="oc-266">
         <name>.text:CPU_wfi</name>
         <load_address>0x13ad0</load_address>
         <run_address>0x13ad0</run_address>
         <size>0x4</size>
         <input_file_ref idref="fl-125"/>
      </object_component>
      <object_component id="oc-4ba">
         <name>.text:_outc</name>
         <load_address>0x13ad4</load_address>
         <run_address>0x13ad4</run_address>
         <size>0x4</size>
         <input_file_ref idref="fl-d5"/>
      </object_component>
      <object_component id="oc-4b4">
         <name>.text:_outs</name>
         <load_address>0x13ad8</load_address>
         <run_address>0x13ad8</run_address>
         <size>0x4</size>
         <input_file_ref idref="fl-d5"/>
      </object_component>
      <object_component id="oc-9a">
         <name>.text:_system_pre_init</name>
         <load_address>0x13adc</load_address>
         <run_address>0x13adc</run_address>
         <size>0x4</size>
         <input_file_ref idref="fl-102"/>
      </object_component>
      <object_component id="oc-16a">
         <name>.text:abort:abort</name>
         <load_address>0x13ae0</load_address>
         <run_address>0x13ae0</run_address>
         <size>0x4</size>
         <input_file_ref idref="fl-ea"/>
      </object_component>
      <object_component id="oc-468">
         <name>.const:.string:pixel_bLong4BPP_UNCOMP</name>
         <load_address>0xe4</load_address>
         <run_address>0xe4</run_address>
         <size>0x2000</size>
         <input_file_ref idref="fl-2"/>
      </object_component>
      <object_component id="oc-48b">
         <name>.const:.string:pixel_bubbleLevel4BPP_UNCOMP</name>
         <load_address>0x20e4</load_address>
         <run_address>0x20e4</run_address>
         <size>0x2000</size>
         <input_file_ref idref="fl-3"/>
      </object_component>
      <object_component id="oc-494">
         <name>.const:.string:pixel_lidar4BPP_UNCOMP</name>
         <load_address>0x40e4</load_address>
         <run_address>0x40e4</run_address>
         <size>0x2000</size>
         <input_file_ref idref="fl-4"/>
      </object_component>
      <object_component id="oc-470">
         <name>.const:.string:pixel_menu4BPP_UNCOMP</name>
         <load_address>0x60e4</load_address>
         <run_address>0x60e4</run_address>
         <size>0x2000</size>
         <input_file_ref idref="fl-5"/>
      </object_component>
      <object_component id="oc-479">
         <name>.const:.string:pixel_meterInit4BPP_UNCOMP</name>
         <load_address>0x80e4</load_address>
         <run_address>0x80e4</run_address>
         <size>0x2000</size>
         <input_file_ref idref="fl-6"/>
      </object_component>
      <object_component id="oc-482">
         <name>.const:.string:pixel_meterMeasure4BPP_UNCOMP</name>
         <load_address>0xa0e4</load_address>
         <run_address>0xa0e4</run_address>
         <size>0x2000</size>
         <input_file_ref idref="fl-7"/>
      </object_component>
      <object_component id="oc-3c5">
         <name>.const:.string:g_pucCmss20Data</name>
         <load_address>0xc0e4</load_address>
         <run_address>0xc0e4</run_address>
         <size>0x8c1</size>
         <input_file_ref idref="fl-129"/>
      </object_component>
      <object_component id="oc-45f">
         <name>.const:.string:g_pucFontFixed6x8Data</name>
         <load_address>0xc9a5</load_address>
         <run_address>0xc9a5</run_address>
         <size>0x2f8</size>
         <input_file_ref idref="fl-12a"/>
      </object_component>
      <object_component id="oc-64a">
         <name>.const:.string:_ctypes_</name>
         <load_address>0xcc9d</load_address>
         <run_address>0xcc9d</run_address>
         <size>0x101</size>
         <input_file_ref idref="fl-ee"/>
      </object_component>
      <object_component id="oc-24e">
         <name>.const:g_sFontCmss20</name>
         <load_address>0xcda0</load_address>
         <run_address>0xcda0</run_address>
         <size>0xc8</size>
         <input_file_ref idref="fl-129"/>
      </object_component>
      <object_component id="oc-2e6">
         <name>.const:g_sFontFixed6x8</name>
         <load_address>0xce68</load_address>
         <run_address>0xce68</run_address>
[...]
      </symbol>
      <symbol id="sm-abb">
         <name>strcpy</name>
         <value>0x139ad</value>
         <object_component_ref idref="oc-80a"/>
      </symbol>
      <symbol id="sm-acb">
         <name>strncpy</name>
         <value>0x132a1</value>
         <object_component_ref idref="oc-831"/>
      </symbol>
      <symbol id="sm-ae0">
         <name>close</name>
         <value>0x12939</value>
         <object_component_ref idref="oc-7ee"/>
      </symbol>
      <symbol id="sm-af0">
         <name>unlink</name>
         <value>0x135b5</value>
         <object_component_ref idref="oc-7f4"/>
      </symbol>
      <symbol id="sm-bfb">
         <name>ADC14_enableInterrupt</name>
         <value>0x13441</value>
         <object_component_ref idref="oc-1dc"/>
      </symbol>
      <symbol id="sm-bfc">
         <name>ADC14_getInterruptStatus</name>
         <value>0x13531</value>
         <object_component_ref idref="oc-26d"/>
      </symbol>
      <symbol id="sm-bfd">
         <name>ADC14_enableSampleTimer</name>
         <value>0x132d9</value>
         <object_component_ref idref="oc-1e8"/>
      </symbol>
      <symbol id="sm-bfe">
         <name>ADC14_enableConversion</name>
         <value>0x135e1</value>
         <object_component_ref idref="oc-1ee"/>
      </symbol>
      <symbol id="sm-bff">
         <name>ADC14_toggleConversionTrigger</name>
         <value>0x1355d</value>
         <object_component_ref idref="oc-1f4"/>
      </symbol>
      <symbol id="sm-c00">
         <name>ADC14_getEnabledInterruptStatus</name>
         <value>0x1318d</value>
         <object_component_ref idref="oc-c5"/>
      </symbol>
      <symbol id="sm-c01">
         <name>ADC14_initModule</name>
         <value>0x12ba9</value>
         <object_component_ref idref="oc-1d6"/>
      </symbol>
      <symbol id="sm-c02">
         <name>ADC14_configureMultiSequenceMode</name>
         <value>0x11a71</value>
         <object_component_ref idref="oc-1be"/>
      </symbol>
      <symbol id="sm-c03">
         <name>ADC14_clearInterruptFlag</name>
         <value>0x13411</value>
         <object_component_ref idref="oc-cb"/>
      </symbol>
      <symbol id="sm-c04">
         <name>ADC14_configureConversionMemory</name>
         <value>0x119bd</value>
         <object_component_ref idref="oc-1c4"/>
      </symbol>
      <symbol id="sm-c05">
         <name>ADC14_enableModule</name>
         <value>0x13a85</value>
         <object_component_ref idref="oc-1d0"/>
      </symbol>
      <symbol id="sm-c06">
         <name>ADC14_getResult</name>
         <value>0x13609</value>
         <object_component_ref idref="oc-d1"/>
      </symbol>
      <symbol id="sm-c14">
         <name>CS_setDCOCenteredFrequency</name>
         <value>0x1330d</value>
         <object_component_ref idref="oc-242"/>
      </symbol>
      <symbol id="sm-c23">
         <name>FlashCtl_setWaitState</name>
         <value>0x12d8d</value>
         <object_component_ref idref="oc-236"/>
      </symbol>
      <symbol id="sm-cb2">
         <name>GPIO_setOutputHighOnPin</name>
         <value>0x13681</value>
         <object_component_ref idref="oc-2ae"/>
      </symbol>
      <symbol id="sm-cb3">
         <name>GPIO_setAsInputPinWithPullUpResistor</name>
         <value>0x12a49</value>
         <object_component_ref idref="oc-1ac"/>
      </symbol>
      <symbol id="sm-cb4">
         <name>GPIO_getInterruptStatus</name>
         <value>0x13771</value>
         <object_component_ref idref="oc-2c9"/>
      </symbol>
      <symbol id="sm-cb5">
         <name>GPIO_enableInterrupt</name>
         <value>0x13659</value>
         <object_component_ref idref="oc-1b2"/>
      </symbol>
      <symbol id="sm-cb6">
         <name>GPIO_getEnabledInterruptStatus</name>
         <value>0x12199</value>
         <object_component_ref idref="oc-dd"/>
      </symbol>
      <symbol id="sm-cb7">
         <name>GPIO_setAsOutputPin</name>
         <value>0x1304d</value>
         <object_component_ref idref="oc-218"/>
      </symbol>
      <symbol id="sm-cb8">
         <name>GPIO_setOutputLowOnPin</name>
         <value>0x136a9</value>
         <object_component_ref idref="oc-107"/>
      </symbol>
      <symbol id="sm-cb9">
         <name>GPIO_clearInterruptFlag</name>
         <value>0x13631</value>
         <object_component_ref idref="oc-e3"/>
      </symbol>
      <symbol id="sm-cba">
         <name>GPIO_setAsPeripheralModuleFunctionOutputPin</name>
         <value>0x12005</value>
         <object_component_ref idref="oc-4fd"/>
      </symbol>
      <symbol id="sm-cbb">
         <name>GPIO_getInputPinValue</name>
         <value>0x13471</value>
         <object_component_ref idref="oc-30c"/>
      </symbol>
      <symbol id="sm-cbc">
         <name>GPIO_setAsPeripheralModuleFunctionInputPin</name>
         <value>0x11f7d</value>
         <object_component_ref idref="oc-1ca"/>
      </symbol>
      <symbol id="sm-cf6">
         <name>Interrupt_disableMaster</name>
         <value>0x13a09</value>
         <object_component_ref idref="oc-230"/>
      </symbol>
      <symbol id="sm-cf7">
         <name>Interrupt_enableMaster</name>
         <value>0x13a29</value>
         <object_component_ref idref="oc-1e2"/>
      </symbol>
      <symbol id="sm-cf8">
         <name>Interrupt_enableInterrupt</name>
         <value>0x1221d</value>
         <object_component_ref idref="oc-1b8"/>
      </symbol>
      <symbol id="sm-cf9">
         <name>Interrupt_disableSleepOnIsrExit</name>
         <value>0x13a19</value>
         <object_component_ref idref="oc-119"/>
      </symbol>
      <symbol id="sm-d84">
         <name>PCM_setCoreVoltageLevel</name>
         <value>0x13a39</value>
         <object_component_ref idref="oc-23c"/>
      </symbol>
      <symbol id="sm-d85">
         <name>PCM_getCoreVoltageLevel</name>
         <value>0x128d9</value>
         <object_component_ref idref="oc-530"/>
      </symbol>
      <symbol id="sm-d86">
         <name>PCM_getPowerMode</name>
         <value>0x129ef</value>
         <object_component_ref idref="oc-52a"/>
      </symbol>
      <symbol id="sm-d87">
         <name>PCM_getPowerState</name>
         <value>0x13999</value>
         <object_component_ref idref="oc-536"/>
      </symbol>
      <symbol id="sm-d88">
         <name>PCM_gotoLPM0</name>
         <value>0x136d1</value>
         <object_component_ref idref="oc-bf"/>
      </symbol>
      <symbol id="sm-d89">
         <name>PCM_setPowerMode</name>
         <value>0x13a49</value>
         <object_component_ref idref="oc-53c"/>
      </symbol>
      <symbol id="sm-dc9">
         <name>EUSCI_B_SPI_enable</name>
         <value>0x13913</value>
         <object_component_ref idref="oc-633"/>
      </symbol>
      <symbol id="sm-dca">
         <name>SPI_enableModule</name>
         <value>0x137f7</value>
         <object_component_ref idref="oc-509"/>
      </symbol>
      <symbol id="sm-dcb">
         <name>EUSCI_A_SPI_enable</name>
         <value>0x138fd</value>
         <object_component_ref idref="oc-62d"/>
      </symbol>
      <symbol id="sm-dcc">
         <name>SPI_initMaster</name>
         <value>0x11bd7</value>
         <object_component_ref idref="oc-503"/>
      </symbol>
      <symbol id="sm-e30">
         <name>UART_receiveData</name>
         <value>0x134a1</value>
         <object_component_ref idref="oc-11f"/>
      </symbol>
      <symbol id="sm-e31">
         <name>UART_enableModule</name>
         <value>0x1396b</value>
         <object_component_ref idref="oc-224"/>
      </symbol>
      <symbol id="sm-e32">
         <name>UART_getEnabledInterruptStatus</name>
         <value>0x126e9</value>
         <object_component_ref idref="oc-10d"/>
      </symbol>
      <symbol id="sm-e33">
         <name>UART_transmitData</name>
         <value>0x13341</value>
         <object_component_ref idref="oc-305"/>
      </symbol>
      <symbol id="sm-e34">
         <name>UART_getInterruptStatus</name>
         <value>0x138b5</value>
         <object_component_ref idref="oc-320"/>
      </symbol>
      <symbol id="sm-e35">
         <name>UART_initModule</name>
         <value>0x10d11</value>
         <object_component_ref idref="oc-21e"/>
      </symbol>
      <symbol id="sm-e36">
         <name>UART_clearInterruptFlag</name>
         <value>0x13955</value>
         <object_component_ref idref="oc-113"/>
      </symbol>
      <symbol id="sm-e42">
         <name>WDT_A_holdTimer</name>
         <value>0x13795</value>
         <object_component_ref idref="oc-22a"/>
      </symbol>
      <symbol id="sm-e5c">
         <name>CPU_wfi</name>
         <value>0x13ad1</value>
         <object_component_ref idref="oc-266"/>
      </symbol>
      <symbol id="sm-e5d">
         <name>CPU_cpsie</name>
         <value>0x13a9d</value>
         <object_component_ref idref="oc-385"/>
      </symbol>
      <symbol id="sm-e5e">
         <name>CPU_cpsid</name>
         <value>0x13a91</value>
         <object_component_ref idref="oc-3b1"/>
      </symbol>
      <symbol id="sm-e94">
         <name>Graphics_drawCircle</name>
         <value>0xf8bd</value>
         <object_component_ref idref="oc-25c"/>
      </symbol>
      <symbol id="sm-e95">
         <name>Graphics_fillCircle</name>
         <value>0xfd75</value>
         <object_component_ref idref="oc-256"/>
      </symbol>
      <symbol id="sm-ecb">
         <name>Graphics_setBackgroundColor</name>
         <value>0x13867</value>
         <object_component_ref idref="oc-20c"/>
      </symbol>
      <symbol id="sm-ecc">
         <name>Graphics_setFont</name>
         <value>0x13881</value>
         <object_component_ref idref="oc-212"/>
      </symbol>
      <symbol id="sm-ecd">
         <name>Graphics_initContext</name>
         <value>0x12c51</value>
         <object_component_ref idref="oc-200"/>
      </symbol>
      <symbol id="sm-ece">
         <name>Graphics_drawPixel</name>
         <value>0x12995</value>
         <object_component_ref idref="oc-3dc"/>
      </symbol>
      <symbol id="sm-ecf">
         <name>Graphics_setForegroundColor</name>
         <value>0x13929</value>
         <object_component_ref idref="oc-206"/>
      </symbol>
      <symbol id="sm-ed0">
         <name>Graphics_clearDisplay</name>
         <value>0x139d5</value>
         <object_component_ref idref="oc-ef"/>
      </symbol>
      <symbol id="sm-f0d">
         <name>Graphics_clearDisplayOnDisplay</name>
         <value>0x1384d</value>
         <object_component_ref idref="oc-2fd"/>
      </symbol>
      <symbol id="sm-f0e">
         <name>Graphics_drawPixelOnDisplay</name>
         <value>0x13589</value>
         <object_component_ref idref="oc-43d"/>
      </symbol>
      <symbol id="sm-f0f">
         <name>Graphics_translateColorOnDisplay</name>
         <value>0x1393f</value>
         <object_component_ref idref="oc-3a3"/>
      </symbol>
      <symbol id="sm-f10">
         <name>Graphics_drawHorizontalLineOnDisplay</name>
         <value>0x13235</value>
         <object_component_ref idref="oc-547"/>
      </symbol>
      <symbol id="sm-f11">
         <name>Graphics_drawVerticalLineOnDisplay</name>
         <value>0x1326b</value>
         <object_component_ref idref="oc-401"/>
      </symbol>
      <symbol id="sm-f12">
         <name>Graphics_drawMultiplePixelsOnDisplay</name>
         <value>0x12ef5</value>
         <object_component_ref idref="oc-44a"/>
      </symbol>
      <symbol id="sm-f13">
         <name>Graphics_fillRectangleOnDisplay</name>
         <value>0x137d9</value>
         <object_component_ref idref="oc-3f4"/>
      </symbol>
      <symbol id="sm-f25">
         <name>g_sFontCmss20</name>
         <value>0xcda0</value>
         <object_component_ref idref="oc-24e"/>
      </symbol>
      <symbol id="sm-f37">
         <name>g_sFontFixed6x8</name>
         <value>0xce68</value>
         <object_component_ref idref="oc-2e6"/>
      </symbol>
      <symbol id="sm-f6d">
         <name>Graphics_drawImage</name>
         <value>0xe78b</value>
         <object_component_ref idref="oc-2da"/>
      </symbol>
      <symbol id="sm-f8e">
         <name>Graphics_drawLineH</name>
         <value>0x11c87</value>
         <object_component_ref idref="oc-3d4"/>
      </symbol>
      <symbol id="sm-f8f">
         <name>Graphics_drawLineV</name>
         <value>0x11d23</value>
         <object_component_ref idref="oc-28f"/>
      </symbol>
      <symbol id="sm-fa6">
         <name>Graphics_fillRectangle</name>
         <value>0x10f41</value>
         <object_component_ref idref="oc-289"/>
      </symbol>
      <symbol id="sm-ffe">
         <name>Graphics_drawStringCentered</name>
         <value>0x12dd5</value>
         <object_component_ref idref="oc-2bf"/>
      </symbol>
      <symbol id="sm-fff">
         <name>Graphics_drawString</name>
         <value>0xe30d</value>
         <object_component_ref idref="oc-2d4"/>
      </symbol>
      <symbol id="sm-1000">
         <name>Graphics_getStringWidth</name>
         <value>0x11469</value>
         <object_component_ref idref="oc-429"/>
      </symbol>
      <symbol id="sm-1001">
         <name>__TI_static_base__</name>
         <value>0x0</value>
      </symbol>
      <symbol id="sm-1004">
         <name>__mpu_init</name>
         <value>0x0</value>
      </symbol>
      <symbol id="sm-1005">
         <name>_system_post_cinit</name>
         <value>0x0</value>
      </symbol>
      <symbol id="sm-1006">
         <name>NMI_Handler</name>
         <value>0x13a81</value>
      </symbol>
      <symbol id="sm-1007">
         <name>HardFault_Handler</name>
         <value>0x13a81</value>
      </symbol>
      <symbol id="sm-1008">
         <name>MemManage_Handler</name>
         <value>0x13a81</value>
      </symbol>
      <symbol id="sm-1009">
         <name>BusFault_Handler</name>
         <value>0x13a81</value>
      </symbol>
      <symbol id="sm-100a">
         <name>UsageFault_Handler</name>
         <value>0x13a81</value>
      </symbol>
      <symbol id="sm-100b">
         <name>SVC_Handler</name>
         <value>0x13a81</value>
      </symbol>
      <symbol id="sm-100c">
         <name>DebugMon_Handler</name>
         <value>0x13a81</value>
      </symbol>
      <symbol id="sm-100d">
         <name>PendSV_Handler</name>
         <value>0x13a81</value>
      </symbol>
      <symbol id="sm-100e">
         <name>SysTick_Handler</name>
         <value>0x13a81</value>
      </symbol>
      <symbol id="sm-100f">
         <name>PSS_IRQHandler</name>
         <value>0x13a81</value>
      </symbol>
      <symbol id="sm-1010">
         <name>CS_IRQHandler</name>
         <value>0x13a81</value>
      </symbol>
      <symbol id="sm-1011">
         <name>PCM_IRQHandler</name>
         <value>0x13a81</value>
      </symbol>
      <symbol id="sm-1012">
         <name>WDT_A_IRQHandler</name>
         <value>0x13a81</value>
      </symbol>
      <symbol id="sm-1013">
         <name>FPU_IRQHandler</name>
         <value>0x13a81</value>
      </symbol>
      <symbol id="sm-1014">
         <name>FLCTL_IRQHandler</name>
         <value>0x13a81</value>
      </symbol>
      <symbol id="sm-1015">
         <name>COMP_E0_IRQHandler</name>
         <value>0x13a81</value>
      </symbol>
      <symbol id="sm-1016">
         <name>COMP_E1_IRQHandler</name>
         <value>0x13a81</value>
      </symbol>
      <symbol id="sm-1017">
         <name>TA0_0_IRQHandler</name>
         <value>0x13a81</value>
      </symbol>
      <symbol id="sm-1018">
         <name>TA0_N_IRQHandler</name>
         <value>0x13a81</value>
      </symbol>
      <symbol id="sm-1019">
         <name>TA1_0_IRQHandler</name>
         <value>0x13a81</value>
      </symbol>
      <symbol id="sm-101a">
         <name>TA1_N_IRQHandler</name>
         <value>0x13a81</value>
      </symbol>
      <symbol id="sm-101b">
         <name>TA2_0_IRQHandler</name>
         <value>0x13a81</value>
      </symbol>
      <symbol id="sm-101c">
         <name>TA2_N_IRQHandler</name>
         <value>0x13a81</value>
      </symbol>
      <symbol id="sm-101d">
         <name>TA3_0_IRQHandler</name>
         <value>0x13a81</value>
      </symbol>
      <symbol id="sm-101e">
         <name>TA3_N_IRQHandler</name>
         <value>0x13a81</value>
      </symbol>
      <symbol id="sm-101f">
         <name>EUSCIA0_IRQHandler</name>
         <value>0x13a81</value>
      </symbol>
      <symbol id="sm-1020">
         <name>EUSCIA1_IRQHandler</name>
         <value>0x13a81</value>
      </symbol>
      <symbol id="sm-1021">
         <name>EUSCIA2_IRQHandler</name>
         <value>0xf58f</value>
      </symbol>
      <symbol id="sm-1022">
         <name>EUSCIA3_IRQHandler</name>
         <value>0x13a81</value>
      </symbol>
      <symbol id="sm-1023">
         <name>EUSCIB0_IRQHandler</name>
         <value>0x13a81</value>
      </symbol>
      <symbol id="sm-1024">
         <name>EUSCIB1_IRQHandler</name>
         <value>0x13a81</value>
      </symbol>
      <symbol id="sm-1025">
         <name>EUSCIB2_IRQHandler</name>
         <value>0x13a81</value>
      </symbol>
      <symbol id="sm-1026">
         <name>EUSCIB3_IRQHandler</name>
         <value>0x13a81</value>
      </symbol>
      <symbol id="sm-1027">
         <name>ADC14_IRQHandler</name>
         <value>0xf3d1</value>
      </symbol>
      <symbol id="sm-1028">
         <name>T32_INT1_IRQHandler</name>
         <value>0x13a81</value>
      </symbol>
      <symbol id="sm-1029">
         <name>T32_INT2_IRQHandler</name>
         <value>0x13a81</value>
      </symbol>
      <symbol id="sm-102a">
         <name>T32_INTC_IRQHandler</name>
         <value>0x13a81</value>
      </symbol>
      <symbol id="sm-102b">
         <name>AES256_IRQHandler</name>
         <value>0x13a81</value>
      </symbol>
      <symbol id="sm-102c">
         <name>RTC_C_IRQHandler</name>
         <value>0x13a81</value>
      </symbol>
      <symbol id="sm-102d">
         <name>DMA_ERR_IRQHandler</name>
         <value>0x13a81</value>
      </symbol>
      <symbol id="sm-102e">
         <name>DMA_INT3_IRQHandler</name>
         <value>0x13a81</value>
      </symbol>
      <symbol id="sm-102f">
         <name>DMA_INT2_IRQHandler</name>
         <value>0x13a81</value>
      </symbol>
      <symbol id="sm-1030">
         <name>DMA_INT1_IRQHandler</name>
         <value>0x13a81</value>
      </symbol>
      <symbol id="sm-1031">
         <name>DMA_INT0_IRQHandler</name>
         <value>0x13a81</value>
      </symbol>
      <symbol id="sm-1032">
         <name>PORT1_IRQHandler</name>
         <value>0x13a81</value>
      </symbol>
      <symbol id="sm-1033">
         <name>PORT2_IRQHandler</name>
         <value>0x13a81</value>
      </symbol>
      <symbol id="sm-1034">
         <name>PORT3_IRQHandler</name>
         <value>0xf4eb</value>
      </symbol>
      <symbol id="sm-1035">
         <name>PORT4_IRQHandler</name>
         <value>0x13a81</value>
      </symbol>
      <symbol id="sm-1036">
         <name>PORT5_IRQHandler</name>
         <value>0xf42b</value>
      </symbol>
      <symbol id="sm-1037">
         <name>PORT6_IRQHandler</name>
         <value>0x13a81</value>
      </symbol>
      <symbol id="sm-1038">
         <name>remove</name>
         <value>0x135b5</value>
      </symbol>
   </symbol_table>
   <title>Link successful</title>
</link_info>
