******************************************************************************
                  TI ARM Linker PC v20.2.7                     
******************************************************************************
>> Linked Wed Feb 22 10:49:45 2023

OUTPUT FILE NAME:   <ZZ_bLongFinal.out>
ENTRY POINT SYMBOL: "_c_int00_noargs"  address: 00011351


MEMORY CONFIGURATION

         name            origin    length      used     unused   attr    fill
----------------------  --------  ---------  --------  --------  ----  --------
  MAIN                  00000000   00040000  00011b08  0002e4f8  R  X
  INFO                  00200000   00004000  00000000  00004000  R  X
  SRAM_CODE             01000000   00010000  00000e46  0000f1ba  RW X
  SRAM_DATA             20000000   00010000  00000e46  0000f1ba  RW  


SEGMENT ALLOCATION MAP

run origin  load origin   length   init length attrs members
----------  ----------- ---------- ----------- ----- -------
00000000    00000000    00011b08   00011b08    r-x
  00000000    00000000    000000e4   000000e4    r-- .intvecs
  000000e4    000000e4    0000b108   0000b108    r-- .const
  0000b1ec    0000b1ec    0000686c   0000686c    r-x .text
  00011a58    00011a58    000000b0   000000b0    r-- .cinit
20000000    20000000    00000c4c   00000000    rw-
  20000000    20000000    00000602   00000000    rw- .bss
  20000608    20000608    00000400   00000000    rw- .sysmem
  20000a08    20000a08    00000244   00000000    rw- .data
2000fe00    2000fe00    00000200   00000000    rw-
  2000fe00    2000fe00    00000200   00000000    rw- .stack


SECTION ALLOCATION MAP

 output                                  attributes/
section   page    origin      length       input sections
--------  ----  ----------  ----------   ----------------
.intvecs   0    00000000    000000e4     
                  00000000    000000e4     startup_msp432p401r_ccs.obj (.intvecs:retain)

.const     0    000000e4    0000b108     
                  000000e4    00002000     Gr_bLong.obj (.const:.string:pixel_bLong4BPP_UNCOMP)
                  000020e4    00002000     Gr_bubbleLevel.obj (.const:.string:pixel_bubbleLevel4BPP_UNCOMP)
                  000040e4    00002000     Gr_lidar.obj (.const:.string:pixel_lidar4BPP_UNCOMP)
                  000060e4    00002000     Gr_menu.obj (.const:.string:pixel_menu4BPP_UNCOMP)
                  000080e4    00002000     Gr_meter.obj (.const:.string:pixel_meter4BPP_UNCOMP)
                  0000a0e4    000008c1     grlib.a : fontcmss20.obj (.const:.string:g_pucCmss20Data)
                  0000a9a5    000002f8             : fontfixed6x8.obj (.const:.string:g_pucFontFixed6x8Data)
                  0000ac9d    00000101     rtsv7M4_T_le_v4SPD16_eabi.lib : ctype.c.obj (.const:.string:_ctypes_)
                  0000ad9e    00000002     --HOLE-- [fill = 0]
                  0000ada0    000000c8     grlib.a : fontcmss20.obj (.const:g_sFontCmss20)
                  0000ae68    000000c8             : fontfixed6x8.obj (.const:g_sFontFixed6x8)
                  0000af30    00000080     msp432p4xx_driverlib.lib : adc14.o (.const:_ctlRegs)
                  0000afb0    00000040     Gr_bLong.obj (.const:palette_bLong4BPP_UNCOMP)
                  0000aff0    00000040     Gr_bubbleLevel.obj (.const:palette_bubbleLevel4BPP_UNCOMP)
                  0000b030    00000040     Gr_lidar.obj (.const:palette_lidar4BPP_UNCOMP)
                  0000b070    00000040     Gr_menu.obj (.const:palette_menu4BPP_UNCOMP)
                  0000b0b0    00000040     Gr_meter.obj (.const:palette_meter4BPP_UNCOMP)
                  0000b0f0    00000030     msp432p4xx_driverlib.lib : gpio.o (.const:GPIO_PORT_TO_BASE)
                  0000b120    00000028     msp432_init.obj (.const:uartConfig)
                  0000b148    00000020     Crystalfontz128x128_ST7735.obj (.const:g_sCrystalfontz128x128_funcs)
                  0000b168    0000001c     HAL_MSP_EXP432P401R_Crystalfontz128x128_ST7735.obj (.const:$P$T0$1)
                  0000b184    00000010     Gr_bLong.obj (.const:bLong4BPP_UNCOMP)
                  0000b194    00000010     Gr_bubbleLevel.obj (.const:bubbleLevel4BPP_UNCOMP)
                  0000b1a4    00000010     Gr_lidar.obj (.const:lidar4BPP_UNCOMP)
                  0000b1b4    00000010     Gr_menu.obj (.const:menu4BPP_UNCOMP)
                  0000b1c4    00000010     Gr_meter.obj (.const:meter4BPP_UNCOMP)
                  0000b1d4    00000008     Crystalfontz128x128_ST7735.obj (.const:$P$T0$1)
                  0000b1dc    00000008     msp432p4xx_driverlib.lib : interrupt.o (.const:g_pulEnRegs)
                  0000b1e4    00000008     msp432_meter.obj (.const)

.text      0    0000b1ec    0000686c     
                  0000b1ec    00000a4e     rtsv7M4_T_le_v4SPD16_eabi.lib : _printfi.c.obj (.text:__TI_printfi)
                  0000bc3a    00000002                                   : _lock.c.obj (.text:_nop)
                  0000bc3c    00000680     Crystalfontz128x128_ST7735.obj (.text)
                  0000c2bc    0000047e     grlib.a : string.obj (.text:Graphics_drawString)
                  0000c73a    00000390             : image.obj (.text:Graphics_drawImage)
                  0000caca    00000002     rtsv7M4_T_le_v4SPD16_eabi.lib : div0.asm.obj (.text)
                  0000cacc    00000334     system_msp432p401r.obj (.text)
                  0000ce00    000002f8     msp432_bubbleLevel.obj (.text)
                  0000d0f8    000002cc     msp432_menu.obj (.text)
                  0000d3c4    00000270     rtsv7M4_T_le_v4SPD16_eabi.lib : _printfi.c.obj (.text:_pconv_a)
                  0000d634    0000026e     grlib.a : circle.obj (.text:Graphics_drawCircle)
                  0000d8a2    00000002     --HOLE-- [fill = 0]
                  0000d8a4    00000260     main.obj (.text)
                  0000db04    0000022a     grlib.a : circle.obj (.text:Graphics_fillCircle)
                  0000dd2e    00000002     --HOLE-- [fill = 0]
                  0000dd30    00000210     msp432_meter.obj (.text)
                  0000df40    000001d0     rtsv7M4_T_le_v4SPD16_eabi.lib : _printfi.c.obj (.text:_pconv_g)
                  0000e110    000001bc     msp432_init.obj (.text)
                  0000e2cc    000001b6     rtsv7M4_T_le_v4SPD16_eabi.lib : fd_add_t2.asm.obj (.text)
                  0000e482    00000002     --HOLE-- [fill = 0]
                  0000e484    000001ac     msp432_utils.obj (.text)
                  0000e630    00000160     msp432p4xx_driverlib.lib : adc14.o (.text:_getIndexForMemRegister)
                  0000e790    0000015c                              : pcm.o (.text:__PCM_setPowerModeAdvanced)
                  0000e8ec    0000013c     rtsv7M4_T_le_v4SPD16_eabi.lib : _printfi.c.obj (.text:_pconv_e)
                  0000ea28    00000136                                   : fd_div_t2.asm.obj (.text)
                  0000eb5e    00000002     --HOLE-- [fill = 0]
                  0000eb60    00000124                                   : _printfi.c.obj (.text:fcvt)
                  0000ec84    0000011c     msp432p4xx_driverlib.lib : uart.o (.text:UART_initModule)
                  0000eda0    00000114     rtsv7M4_T_le_v4SPD16_eabi.lib : fputs.c.obj (.text:fputs)
                  0000eeb4    00000112     grlib.a : rectangle.obj (.text:Graphics_fillRectangle)
                  0000efc6    00000002     --HOLE-- [fill = 0]
                  0000efc8    00000110     rtsv7M4_T_le_v4SPD16_eabi.lib : s_scalbn.c.obj (.text:scalbn)
                  0000f0d8    00000108     msp432p4xx_driverlib.lib : pcm.o (.text:__PCM_setCoreVoltageLevelAdvanced)
                  0000f1e0    00000100     rtsv7M4_T_le_v4SPD16_eabi.lib : memory.c.obj (.text:aligned_alloc)
                  0000f2e0    000000fc                                   : fd_mul_t2.asm.obj (.text)
                  0000f3dc    000000fa     grlib.a : string.obj (.text:Graphics_getStringWidth)
                  0000f4d6    00000002     --HOLE-- [fill = 0]
                  0000f4d8    000000f0     msp432_uart.obj (.text)
                  0000f5c8    000000e4     rtsv7M4_T_le_v4SPD16_eabi.lib : memory.c.obj (.text:free)
                  0000f6ac    000000dc     msp432_lidar.obj (.text)
                  0000f788    000000dc     rtsv7M4_T_le_v4SPD16_eabi.lib : setvbuf.c.obj (.text:setvbuf)
                  0000f864    000000cc     HAL_MSP_EXP432P401R_Crystalfontz128x128_ST7735.obj (.text)
                  0000f930    000000b4     msp432p4xx_driverlib.lib : adc14.o (.text:ADC14_configureConversionMemory)
                  0000f9e4    000000b4                              : adc14.o (.text:ADC14_configureMultiSequenceMode)
                  0000fa98    000000b1     rtsv7M4_T_le_v4SPD16_eabi.lib : _printfi.c.obj (.text:_ltostr)
                  0000fb49    00000001     --HOLE-- [fill = 0]
                  0000fb4a    000000b0     msp432p4xx_driverlib.lib : spi.o (.text:SPI_initMaster)
                  0000fbfa    0000009c     grlib.a : line.obj (.text:Graphics_drawLineH)
                  0000fc96    0000009c             : line.obj (.text:Graphics_drawLineV)
                  0000fd32    0000009c     rtsv7M4_T_le_v4SPD16_eabi.lib : memcpy_t2.asm.obj (.text)
                  0000fdce    00000096                                   : ull_div_t2.asm.obj (.text)
                  0000fe64    0000008c                                   : fputc.c.obj (.text:fputc)
                  0000fef0    00000088     msp432p4xx_driverlib.lib : gpio.o (.text:GPIO_setAsPeripheralModuleFunctionInputPin)
                  0000ff78    00000088                              : gpio.o (.text:GPIO_setAsPeripheralModuleFunctionOutputPin)
                  00010000    00000086     rtsv7M4_T_le_v4SPD16_eabi.lib : fd_cmp_t2.asm.obj (.text:__aeabi_cdcmple)
                  00010086    00000086                                   : fd_cmp_t2.asm.obj (.text:__aeabi_cdrcmple)
                  0001010c    00000084     msp432p4xx_driverlib.lib : gpio.o (.text:GPIO_getEnabledInterruptStatus)
                  00010190    00000080                              : interrupt.o (.text:Interrupt_enableInterrupt)
                  00010210    0000007a     rtsv7M4_T_le_v4SPD16_eabi.lib : memset_t2.asm.obj (.text)
                  0001028a    00000002     --HOLE-- [fill = 0]
                  0001028c    00000074                                   : fclose.c.obj (.text:__TI_closefile)
                  00010300    00000070                                   : memory.c.obj (.text:split)
                  00010370    0000006e                                   : _printfi.c.obj (.text:_mcpy)
                  000103de    0000006e                                   : fd_tos_t2.asm.obj (.text)
                  0001044c    0000006c     grlib.a : image.obj (.text:Graphics_convertPalette)
                  000104b8    0000006c     rtsv7M4_T_le_v4SPD16_eabi.lib : hostrename.c.obj (.text:HOSTrename)
                  00010524    00000068                                   : hostlseek.c.obj (.text:HOSTlseek)
                  0001058c    00000068                                   : copy_decompress_lzss.c.obj (.text:decompress:lzss:__TI_decompress_lzss)
                  000105f4    00000068                                   : printf.c.obj (.text:printf)
                  0001065c    00000064     msp432p4xx_driverlib.lib : uart.o (.text:UART_getEnabledInterruptStatus)
                  000106c0    00000064     rtsv7M4_T_le_v4SPD16_eabi.lib : s_frexp.c.obj (.text:frexp)
                  00010724    00000064                                   : fseek.c.obj (.text:fseek)
                  00010788    00000062                                   : _io_perm.c.obj (.text:__TI_wrt_ok)
                  000107ea    00000002     --HOLE-- [fill = 0]
                  000107ec    00000060                                   : hostopen.c.obj (.text:HOSTopen)
                  0001084c    0000005e     msp432p4xx_driverlib.lib : pcm.o (.text:PCM_getCoreVoltageLevel)
                  000108aa    00000002     --HOLE-- [fill = 0]
                  000108ac    0000005c     rtsv7M4_T_le_v4SPD16_eabi.lib : close.c.obj (.text:close)
                  00010908    0000005a     grlib.a : context.obj (.text:Graphics_drawPixel)
                  00010962    0000005a     msp432p4xx_driverlib.lib : pcm.o (.text:PCM_getPowerMode)
                  000109bc    00000058                              : gpio.o (.text:GPIO_setAsInputPinWithPullUpResistor)
                  00010a14    00000058     rtsv7M4_T_le_v4SPD16_eabi.lib : hostread.c.obj (.text:HOSTread)
                  00010a6c    00000058                                   : hostwrite.c.obj (.text:HOSTwrite)
                  00010ac4    00000056                                   : _printfi.c.obj (.text:_pconv_f)
                  00010b1a    00000002     --HOLE-- [fill = 0]
                  00010b1c    00000054     msp432p4xx_driverlib.lib : adc14.o (.text:ADC14_initModule)
                  00010b70    00000054     rtsv7M4_T_le_v4SPD16_eabi.lib : _ltoa.c.obj (.text:__TI_ltoa)
                  00010bc4    00000052     grlib.a : context.obj (.text:Graphics_initContext)
                  00010c16    00000052     rtsv7M4_T_le_v4SPD16_eabi.lib : _printfi.c.obj (.text:_ecpy)
                  00010c68    0000004c                                   : fflush.c.obj (.text:__TI_doflush)
                  00010cb4    0000004c                                   : atoi.c.obj (.text:atoi)
                  00010d00    00000048     msp432p4xx_driverlib.lib : flash.o (.text:FlashCtl_setWaitState)
                  00010d48    00000048     grlib.a : string.obj (.text:Graphics_drawStringCentered)
                  00010d90    00000048     rtsv7M4_T_le_v4SPD16_eabi.lib : hosttime.c.obj (.text:HOSTtime)
                  00010dd8    00000048                                   : exit.c.obj (.text:exit)
                  00010e20    00000048                                   : fd_toi_t2.asm.obj (.text)
                  00010e68    00000046     grlib.a : display.obj (.text:Graphics_drawMultiplePixelsOnDisplay)
                  00010eae    00000002     --HOLE-- [fill = 0]
                  00010eb0    00000044     rtsv7M4_T_le_v4SPD16_eabi.lib : hostclose.c.obj (.text:HOSTclose)
                  00010ef4    00000044                                   : hostunlink.c.obj (.text:HOSTunlink)
                  00010f38    00000044                                   : autoinit.c.obj (.text:__TI_auto_init_nobinit_nopinit:__TI_auto_init_nobinit_nopinit)
                  00010f7c    00000044                                   : getdevice.c.obj (.text:getdevice)
                  00010fc0    00000040     msp432p4xx_driverlib.lib : gpio.o (.text:GPIO_setAsOutputPin)
                  00011000    00000040     grlib.a : string.obj (.text:Graphics_getNumberOfLeadingZeros)
                  00011040    00000040     msp432p4xx_driverlib.lib : spi.o (.text:is_A_Module)
                  00011080    00000040     rtsv7M4_T_le_v4SPD16_eabi.lib : sprintf.c.obj (.text:sprintf)
                  000110c0    0000003e                                   : _printfi.c.obj (.text:_fcpy)
                  000110fe    00000002     --HOLE-- [fill = 0]
                  00011100    00000038     msp432p4xx_driverlib.lib : adc14.o (.text:ADC14_getEnabledInterruptStatus)
                  00011138    00000038     rtsv7M4_T_le_v4SPD16_eabi.lib : trgmsg.c.obj (.text:__TI_writemsg)
                  00011170    00000038                                   : fs_tod_t2.asm.obj (.text)
                  000111a8    00000036     grlib.a : display.obj (.text:Graphics_drawHorizontalLineOnDisplay)
                  000111de    00000036             : display.obj (.text:Graphics_drawVerticalLineOnDisplay)
                  00011214    00000036     rtsv7M4_T_le_v4SPD16_eabi.lib : strncpy.c.obj (.text:strncpy)
                  0001124a    00000002     --HOLE-- [fill = 0]
                  0001124c    00000034     msp432p4xx_driverlib.lib : adc14.o (.text:ADC14_enableSampleTimer)
                  00011280    00000034                              : cs.o (.text:CS_setDCOCenteredFrequency)
                  000112b4    00000034                              : uart.o (.text:UART_transmitData)
                  000112e8    00000034     rtsv7M4_T_le_v4SPD16_eabi.lib : fopen.c.obj (.text:__TI_cleanup)
                  0001131c    00000034                                   : trgmsg.c.obj (.text:__TI_readmsg)
                  00011350    00000034                                   : boot_cortex_m.c.obj (.text:_c_int00_noargs:_c_int00_noargs)
                  00011384    00000030     msp432p4xx_driverlib.lib : adc14.o (.text:ADC14_clearInterruptFlag)
                  000113b4    00000030                              : adc14.o (.text:ADC14_enableInterrupt)
                  000113e4    00000030                              : gpio.o (.text:GPIO_getInputPinValue)
                  00011414    00000030                              : uart.o (.text:UART_receiveData)
                  00011444    00000030     rtsv7M4_T_le_v4SPD16_eabi.lib : getdevice.c.obj (.text:finddevice)
                  00011474    0000002e                                   : i_tofd_t2.asm.obj (.text)
                  000114a2    00000002     --HOLE-- [fill = 0]
                  000114a4    0000002c     msp432p4xx_driverlib.lib : adc14.o (.text:ADC14_getInterruptStatus)
                  000114d0    0000002c                              : adc14.o (.text:ADC14_toggleConversionTrigger)
                  000114fc    0000002c     grlib.a : display.obj (.text:Graphics_drawPixelOnDisplay)
                  00011528    0000002c     rtsv7M4_T_le_v4SPD16_eabi.lib : unlink.c.obj (.text:unlink)
                  00011554    00000028     msp432p4xx_driverlib.lib : adc14.o (.text:ADC14_enableConversion)
                  0001157c    00000028                              : adc14.o (.text:ADC14_getResult)
                  000115a4    00000028                              : gpio.o (.text:GPIO_clearInterruptFlag)
                  000115cc    00000028                              : gpio.o (.text:GPIO_enableInterrupt)
                  000115f4    00000028                              : gpio.o (.text:GPIO_setOutputHighOnPin)
                  0001161c    00000028                              : gpio.o (.text:GPIO_setOutputLowOnPin)
                  00011644    00000028                              : pcm.o (.text:PCM_gotoLPM0)
                  0001166c    00000028     rtsv7M4_T_le_v4SPD16_eabi.lib : memory.c.obj (.text:free_list_insert)
                  00011694    00000028                                   : lseek.c.obj (.text:lseek)
                  000116bc    00000028                                   : write.c.obj (.text:write)
                  000116e4    00000024     msp432p4xx_driverlib.lib : gpio.o (.text:GPIO_getInterruptStatus)
                  00011708    00000024                              : wdt_a.o (.text:WDT_A_holdTimer)
                  0001172c    00000020     rtsv7M4_T_le_v4SPD16_eabi.lib : memchr.c.obj (.text:memchr)
                  0001174c    0000001e     grlib.a : display.obj (.text:Graphics_fillRectangleOnDisplay)
                  0001176a    0000001c     msp432p4xx_driverlib.lib : spi.o (.text:SPI_enableModule)
                  00011786    00000002     --HOLE-- [fill = 0]
                  00011788    0000001c     rtsv7M4_T_le_v4SPD16_eabi.lib : memory.c.obj (.text:free_list_remove)
                  000117a4    0000001c                                   : memccpy.c.obj (.text:memccpy)
                  000117c0    0000001a     grlib.a : display.obj (.text:Graphics_clearDisplayOnDisplay)
                  000117da    0000001a             : context.obj (.text:Graphics_setBackgroundColor)
                  000117f4    0000001a             : context.obj (.text:Graphics_setFont)
                  0001180e    0000001a     rtsv7M4_T_le_v4SPD16_eabi.lib : s_copysign.c.obj (.text:copysign)
                  00011828    00000018     msp432p4xx_driverlib.lib : uart.o (.text:UART_getInterruptStatus)
                  00011840    00000018     rtsv7M4_T_le_v4SPD16_eabi.lib : sprintf.c.obj (.text:_outs)
                  00011858    00000018                                   : strcmp.c.obj (.text:strcmp)
                  00011870    00000016     msp432p4xx_driverlib.lib : spi.o (.text:EUSCI_A_SPI_enable)
                  00011886    00000016                              : spi.o (.text:EUSCI_B_SPI_enable)
                  0001189c    00000016     grlib.a : context.obj (.text:Graphics_setForegroundColor)
                  000118b2    00000016             : display.obj (.text:Graphics_translateColorOnDisplay)
                  000118c8    00000016     msp432p4xx_driverlib.lib : uart.o (.text:UART_clearInterruptFlag)
                  000118de    00000016                              : uart.o (.text:UART_enableModule)
                  000118f4    00000016     rtsv7M4_T_le_v4SPD16_eabi.lib : strchr.c.obj (.text:strchr)
                  0001190a    00000002     --HOLE-- [fill = 0]
                  0001190c    00000014     msp432p4xx_driverlib.lib : pcm.o (.text:PCM_getPowerState)
                  00011920    00000014     rtsv7M4_T_le_v4SPD16_eabi.lib : strcpy.c.obj (.text:strcpy)
                  00011934    00000014                                   : strlen.c.obj (.text:strlen)
                  00011948    00000012     grlib.a : context.obj (.text:Graphics_clearDisplay)
                  0001195a    00000012     rtsv7M4_T_le_v4SPD16_eabi.lib : wcslen.c.obj (.text:wcslen)
                  0001196c    00000010     msp432p4xx_driverlib.lib : adc14.o (.text:ADCIsConversionRunning)
                  0001197c    00000010                              : interrupt.o (.text:Interrupt_disableMaster)
                  0001198c    00000010                              : interrupt.o (.text:Interrupt_disableSleepOnIsrExit)
                  0001199c    00000010                              : interrupt.o (.text:Interrupt_enableMaster)
                  000119ac    00000010                              : pcm.o (.text:PCM_setCoreVoltageLevel)
                  000119bc    00000010                              : pcm.o (.text:PCM_setPowerMode)
                  000119cc    0000000e     rtsv7M4_T_le_v4SPD16_eabi.lib : time.c.obj (.text:__time32)
                  000119da    0000000e                                   : copy_decompress_none.c.obj (.text:decompress:none:__TI_decompress_none)
                  000119e8    0000000e     startup_msp432p401r_ccs.obj (.text)
                  000119f6    00000002     --HOLE-- [fill = 0]
                  000119f8    0000000c     msp432p4xx_driverlib.lib : adc14.o (.text:ADC14_enableModule)
                  00011a04    0000000c                              : cpu.o (.text:CPU_cpsid)
                  00011a10    0000000c                              : cpu.o (.text:CPU_cpsie)
                  00011a1c    0000000c     rtsv7M4_T_le_v4SPD16_eabi.lib : copy_zero_init.c.obj (.text:decompress:ZI:__TI_zero_init)
                  00011a28    0000000a                                   : sprintf.c.obj (.text:_outc)
                  00011a32    00000002     --HOLE-- [fill = 0]
                  00011a34    00000008                                   : errno.c.obj (.text:__aeabi_errno_addr)
                  00011a3c    00000008                                   : memory.c.obj (.text:malloc)
                  00011a44    00000004     msp432p4xx_driverlib.lib : cpu.o (.text:CPU_wfi)
                  00011a48    00000004     rtsv7M4_T_le_v4SPD16_eabi.lib : printf.c.obj (.text:_outc)
                  00011a4c    00000004                                   : printf.c.obj (.text:_outs)
                  00011a50    00000004                                   : pre_init.c.obj (.text:_system_pre_init)
                  00011a54    00000004                                   : exit.c.obj (.text:abort:abort)

.cinit     0    00011a58    000000b0     
                  00011a58    00000087     (.cinit..data.load) [load image, compression = lzss]
                  00011adf    00000001     --HOLE-- [fill = 0]
                  00011ae0    0000000c     (__TI_handler_table)
                  00011aec    00000004     --HOLE-- [fill = 0]
                  00011af0    00000008     (.cinit..bss.load) [load image, compression = zero_init]
                  00011af8    00000010     (__TI_cinit_table)

.init_array 
*          0    00000000    00000000     UNINITIALIZED

.binit     0    00000000    00000000     

.bss       0    20000000    00000602     UNINITIALIZED
                  20000000    00000400     grlib.a : image.obj (.bss:g_pulConvertedPalette)
                  20000400    00000120     rtsv7M4_T_le_v4SPD16_eabi.lib : trgmsg.c.obj (.bss:_CIOBUF_)
                  20000520    000000a0     (.common:__TI_tmpnams)
                  200005c0    0000001c     (.common:g_sContext)
                  200005dc    0000000c     (.common:BOX)
                  200005e8    00000008     (.common:parmbuf)
                  200005f0    00000008     (.common:rectBubble)
                  200005f8    00000002     (.common:Lcd_ScreenHeigth)
                  200005fa    00000002     (.common:Lcd_ScreenWidth)
                  200005fc    00000002     (.common:Lcd_TouchTrim)
                  200005fe    00000001     (.common:Lcd_FlagRead)
                  200005ff    00000001     (.common:Lcd_FontSolid)
                  20000600    00000001     (.common:Lcd_Orientation)
                  20000601    00000001     (.common:Lcd_PenSolid)

.sysmem    0    20000608    00000400     UNINITIALIZED
                  20000608    00000010     rtsv7M4_T_le_v4SPD16_eabi.lib : memory.c.obj (.sysmem)
                  20000618    000003f0     --HOLE--

.data      0    20000a08    00000244     UNINITIALIZED
                  20000a08    000000f0     rtsv7M4_T_le_v4SPD16_eabi.lib : defs.c.obj (.data:_ftable)
                  20000af8    00000078                                   : host_device.c.obj (.data:_device)
                  20000b70    00000050                                   : host_device.c.obj (.data:_stream)
                  20000bc0    00000014     msp432_menu.obj (.data)
                  20000bd4    00000011     main.obj (.data)
                  20000be5    00000003     --HOLE--
                  20000be8    00000010     Crystalfontz128x128_ST7735.obj (.data:g_sCrystalfontz128x128)
                  20000bf8    00000010     rtsv7M4_T_le_v4SPD16_eabi.lib : defs.c.obj (.data)
                  20000c08    0000000e     msp432_bubbleLevel.obj (.data)
                  20000c16    00000002     --HOLE--
                  20000c18    0000000c     rtsv7M4_T_le_v4SPD16_eabi.lib : exit.c.obj (.data:$O1$$)
                  20000c24    0000000c     msp432_meter.obj (.data)
                  20000c30    00000008     rtsv7M4_T_le_v4SPD16_eabi.lib : _lock.c.obj (.data:$O1$$)
                  20000c38    00000008                                   : memory.c.obj (.data:$O1$$)
                  20000c40    00000004     msp432_lidar.obj (.data)
                  20000c44    00000004     rtsv7M4_T_le_v4SPD16_eabi.lib : errno.c.obj (.data)
                  20000c48    00000004     system_msp432p401r.obj (.data)

.stack     0    2000fe00    00000200     UNINITIALIZED
                  2000fe00    00000004     rtsv7M4_T_le_v4SPD16_eabi.lib : boot_cortex_m.c.obj (.stack)
                  2000fe04    000001fc     --HOLE--

__llvm_prf_cnts 
*          0    20000000    00000000     UNINITIALIZED

MODULE SUMMARY

       Module                                               code    ro data   rw data
       ------                                               ----    -------   -------
    .\
       Gr_bLong.obj                                         0       8272      0      
       Gr_bubbleLevel.obj                                   0       8272      0      
       Gr_lidar.obj                                         0       8272      0      
       Gr_menu.obj                                          0       8272      0      
       Gr_meter.obj                                         0       8272      0      
       system_msp432p401r.obj                               820     0         8      
       msp432_bubbleLevel.obj                               760     0         44     
       msp432_menu.obj                                      716     0         64     
       main.obj                                             608     0         90     
       msp432_meter.obj                                     528     8         24     
       msp432_init.obj                                      444     40        0      
       msp432_utils.obj                                     428     0         0      
       startup_msp432p401r_ccs.obj                          14      228       0      
       msp432_uart.obj                                      240     0         0      
       msp432_lidar.obj                                     220     0         8      
    +--+----------------------------------------------------+-------+---------+---------+
       Total:                                               4778    41636     238    
                                                                                     
    .\LcdDriver\
       Crystalfontz128x128_ST7735.obj                       1664    40        52     
       HAL_MSP_EXP432P401R_Crystalfontz128x128_ST7735.obj   204     28        0      
    +--+----------------------------------------------------+-------+---------+---------+
       Total:                                               1868    68        52     
                                                                                     
    C:/Users/pietr/Desktop/workspace_IoT/simplelink_msp432p4_sdk_3_40_01_02/source/ti/devices/msp432p4xx/driverlib/ccs/msp432p4xx_driverlib.lib
       adc14.o                                              1196    128       0      
       pcm.o                                                888     0         0      
       gpio.o                                               800     48        0      
       uart.o                                               552     0         0      
       spi.o                                                312     0         0      
       interrupt.o                                          176     8         0      
       flash.o                                              72      0         0      
       cs.o                                                 52      0         0      
       wdt_a.o                                              36      0         0      
       cpu.o                                                28      0         0      
    +--+----------------------------------------------------+-------+---------+---------+
       Total:                                               4112    184       0      
                                                                                     
    C:/Users/pietr/Desktop/workspace_IoT/simplelink_msp432p4_sdk_3_40_01_02/source/ti/grlib/lib/ccs/m4f/grlib.a
       image.obj                                            1020    0         2048   
       fontcmss20.obj                                       0       2441      0      
       string.obj                                           1536    0         0      
       circle.obj                                           1176    0         0      
       fontfixed6x8.obj                                     0       960       0      
       line.obj                                             312     0         0      
       display.obj                                          300     0         0      
       rectangle.obj                                        274     0         0      
       context.obj                                          264     0         0      
    +--+----------------------------------------------------+-------+---------+---------+
       Total:                                               4882    3401      2048   
                                                                                     
    C:\ti\ccs1210\ccs\tools\compiler\ti-cgt-arm_20.2.7.LTS\lib\rtsv7M4_T_le_v4SPD16_eabi.lib
       _printfi.c.obj                                       4851    0         0      
       defs.c.obj                                           0       0         832    
       memory.c.obj                                         672     0         16     
       trgmsg.c.obj                                         108     0         576    
       fd_add_t2.asm.obj                                    438     0         0      
       host_device.c.obj                                    0       0         400    
       fd_div_t2.asm.obj                                    310     0         0      
       fputs.c.obj                                          276     0         0      
       s_scalbn.c.obj                                       272     0         0      
       fd_cmp_t2.asm.obj                                    268     0         0      
       ctype.c.obj                                          0       257       0      
       fd_mul_t2.asm.obj                                    252     0         0      
       setvbuf.c.obj                                        220     0         0      
       memcpy_t2.asm.obj                                    156     0         0      
       ull_div_t2.asm.obj                                   150     0         0      
       fputc.c.obj                                          140     0         0      
       memset_t2.asm.obj                                    122     0         0      
       fclose.c.obj                                         116     0         0      
       getdevice.c.obj                                      116     0         0      
       hostopen.c.obj                                       96      0         16     
       printf.c.obj                                         112     0         0      
       fd_tos_t2.asm.obj                                    110     0         0      
       hostrename.c.obj                                     108     0         0      
       copy_decompress_lzss.c.obj                           104     0         0      
       hostlseek.c.obj                                      104     0         0      
       exit.c.obj                                           76      0         24     
       fseek.c.obj                                          100     0         0      
       s_frexp.c.obj                                        100     0         0      
       _io_perm.c.obj                                       98      0         0      
       sprintf.c.obj                                        98      0         0      
       close.c.obj                                          92      0         0      
       hostread.c.obj                                       88      0         0      
       hostwrite.c.obj                                      88      0         0      
       _ltoa.c.obj                                          84      0         0      
       atoi.c.obj                                           76      0         0      
       fflush.c.obj                                         76      0         0      
       fd_toi_t2.asm.obj                                    72      0         0      
       hosttime.c.obj                                       72      0         0      
       autoinit.c.obj                                       68      0         0      
       hostclose.c.obj                                      68      0         0      
       hostunlink.c.obj                                     68      0         0      
       fs_tod_t2.asm.obj                                    56      0         0      
       strncpy.c.obj                                        54      0         0      
       boot_cortex_m.c.obj                                  52      0         0      
       fopen.c.obj                                          52      0         0      
       i_tofd_t2.asm.obj                                    46      0         0      
       unlink.c.obj                                         44      0         0      
       lseek.c.obj                                          40      0         0      
       write.c.obj                                          40      0         0      
       memchr.c.obj                                         32      0         0      
       memccpy.c.obj                                        28      0         0      
       s_copysign.c.obj                                     26      0         0      
       strcmp.c.obj                                         24      0         0      
       strchr.c.obj                                         22      0         0      
       strcpy.c.obj                                         20      0         0      
       strlen.c.obj                                         20      0         0      
       _lock.c.obj                                          2       0         16     
       wcslen.c.obj                                         18      0         0      
       errno.c.obj                                          8       0         8      
       copy_decompress_none.c.obj                           14      0         0      
       time.c.obj                                           14      0         0      
       copy_zero_init.c.obj                                 12      0         0      
       pre_init.c.obj                                       4       0         0      
       div0.asm.obj                                         2       0         0      
    +--+----------------------------------------------------+-------+---------+---------+
       Total:                                               11055   257       1888   
                                                                                     
       Heap:                                                0       0         2048   
       Stack:                                               0       0         1024   
       Linker Generated:                                    0       171       0      
    +--+----------------------------------------------------+-------+---------+---------+
       Grand Total:                                         26695   45717     7298   


LINKER GENERATED COPY TABLES

__TI_cinit_table @ 00011af8 records: 2, size/record: 8, table size: 16
	.data: load addr=00011a58, load size=00000087 bytes, run addr=20000a08, run size=00000244 bytes, compression=lzss
	.bss: load addr=00011af0, load size=00000008 bytes, run addr=20000000, run size=00000602 bytes, compression=zero_init


LINKER GENERATED HANDLER TABLE

__TI_handler_table @ 00011ae0 records: 3, size/record: 4, table size: 12
	index: 0, handler: __TI_decompress_lzss
	index: 1, handler: __TI_decompress_none
	index: 2, handler: __TI_zero_init


GLOBAL SYMBOLS: SORTED ALPHABETICALLY BY Name 

address   name                                       
-------   ----                                       
0000d8b9  ADC14_IRQHandler                           
0000d8b9  ADC14_IRQHandler                           
00011385  ADC14_clearInterruptFlag                   
0000f931  ADC14_configureConversionMemory            
0000f9e5  ADC14_configureMultiSequenceMode           
00011555  ADC14_enableConversion                     
000113b5  ADC14_enableInterrupt                      
000119f9  ADC14_enableModule                         
0001124d  ADC14_enableSampleTimer                    
00011101  ADC14_getEnabledInterruptStatus            
000114a5  ADC14_getInterruptStatus                   
0001157d  ADC14_getResult                            
00010b1d  ADC14_initModule                           
000114d1  ADC14_toggleConversionTrigger              
000119f5  AES256_IRQHandler                          
200005dc  BOX                                        
000119f5  BusFault_Handler                           
00011a55  C$$EXIT                                    
00011167  C$$IO$$                                    
000119f5  COMP_E0_IRQHandler                         
000119f5  COMP_E1_IRQHandler                         
00011a05  CPU_cpsid                                  
00011a11  CPU_cpsie                                  
00011a45  CPU_wfi                                    
000119f5  CS_IRQHandler                              
00011281  CS_setDCOCenteredFrequency                 
20000be4  CURRENT_STATE                              
20000bc4  CURSOR                                     
0000bc3d  Crystalfontz128x128_Init                   
0000bd51  Crystalfontz128x128_SetDrawFrame           
0000be7f  Crystalfontz128x128_SetOrientation         
000119f5  DMA_ERR_IRQHandler                         
000119f5  DMA_INT0_IRQHandler                        
000119f5  DMA_INT1_IRQHandler                        
000119f5  DMA_INT2_IRQHandler                        
000119f5  DMA_INT3_IRQHandler                        
000119f5  DebugMon_Handler                           
000119f5  Default_Handler                            
000119f5  EUSCIA0_IRQHandler                         
000119f5  EUSCIA1_IRQHandler                         
0000da51  EUSCIA2_IRQHandler                         
0000da51  EUSCIA2_IRQHandler                         
000119f5  EUSCIA3_IRQHandler                         
000119f5  EUSCIB0_IRQHandler                         
000119f5  EUSCIB1_IRQHandler                         
000119f5  EUSCIB2_IRQHandler                         
000119f5  EUSCIB3_IRQHandler                         
00011871  EUSCI_A_SPI_enable                         
00011887  EUSCI_B_SPI_enable                         
000119f5  FLCTL_IRQHandler                           
000119f5  FPU_IRQHandler                             
00010d01  FlashCtl_setWaitState                      
000115a5  GPIO_clearInterruptFlag                    
000115cd  GPIO_enableInterrupt                       
0001010d  GPIO_getEnabledInterruptStatus             
000113e5  GPIO_getInputPinValue                      
000116e5  GPIO_getInterruptStatus                    
000109bd  GPIO_setAsInputPinWithPullUpResistor       
00010fc1  GPIO_setAsOutputPin                        
0000fef1  GPIO_setAsPeripheralModuleFunctionInputPin 
0000ff79  GPIO_setAsPeripheralModuleFunctionOutputPin
000115f5  GPIO_setOutputHighOnPin                    
0001161d  GPIO_setOutputLowOnPin                     
00011949  Graphics_clearDisplay                      
000117c1  Graphics_clearDisplayOnDisplay             
0000d635  Graphics_drawCircle                        
000111a9  Graphics_drawHorizontalLineOnDisplay       
0000c73b  Graphics_drawImage                         
0000fbfb  Graphics_drawLineH                         
0000fc97  Graphics_drawLineV                         
00010e69  Graphics_drawMultiplePixelsOnDisplay       
00010909  Graphics_drawPixel                         
000114fd  Graphics_drawPixelOnDisplay                
0000c2bd  Graphics_drawString                        
00010d49  Graphics_drawStringCentered                
000111df  Graphics_drawVerticalLineOnDisplay         
0000db05  Graphics_fillCircle                        
0000eeb5  Graphics_fillRectangle                     
0001174d  Graphics_fillRectangleOnDisplay            
0000f3dd  Graphics_getStringWidth                    
00010bc5  Graphics_initContext                       
000117db  Graphics_setBackgroundColor                
000117f5  Graphics_setFont                           
0001189d  Graphics_setForegroundColor                
000118b3  Graphics_translateColorOnDisplay           
0000f865  HAL_LCD_PortInit                           
0000f895  HAL_LCD_SpiInit                            
0000f8cb  HAL_LCD_writeCommand                       
0000f8fb  HAL_LCD_writeData                          
00010eb1  HOSTclose                                  
00010525  HOSTlseek                                  
000107ed  HOSTopen                                   
00010a15  HOSTread                                   
000104b9  HOSTrename                                 
00010d91  HOSTtime                                   
00010ef5  HOSTunlink                                 
00010a6d  HOSTwrite                                  
000119f5  HardFault_Handler                          
20000bd0  INIT_IMG                                   
20000bcc  INIT_POS                                   
0001197d  Interrupt_disableMaster                    
0001198d  Interrupt_disableSleepOnIsrExit            
00010191  Interrupt_enableInterrupt                  
0001199d  Interrupt_enableMaster                     
20000bd8  LAST_CLICK_A                               
20000bd4  LAST_CLICK_B                               
20000c40  LIDAR_STATE                                
200005fe  Lcd_FlagRead                               
200005ff  Lcd_FontSolid                              
20000600  Lcd_Orientation                            
20000601  Lcd_PenSolid                               
200005f8  Lcd_ScreenHeigth                           
200005fa  Lcd_ScreenWidth                            
200005fc  Lcd_TouchTrim                              
20000c2c  METER_STATE                                
000119f5  MemManage_Handler                          
000119f5  NMI_Handler                                
000119f5  PCM_IRQHandler                             
0001084d  PCM_getCoreVoltageLevel                    
00010963  PCM_getPowerMode                           
0001190d  PCM_getPowerState                          
00011645  PCM_gotoLPM0                               
000119ad  PCM_setCoreVoltageLevel                    
000119bd  PCM_setPowerMode                           
000119f5  PORT1_IRQHandler                           
000119f5  PORT2_IRQHandler                           
0000d9d5  PORT3_IRQHandler                           
0000d9d5  PORT3_IRQHandler                           
000119f5  PORT4_IRQHandler                           
0000d913  PORT5_IRQHandler                           
0000d913  PORT5_IRQHandler                           
000119f5  PORT6_IRQHandler                           
000119f5  PSS_IRQHandler                             
000119f5  PendSV_Handler                             
000119f5  RTC_C_IRQHandler                           
000119e9  Reset_Handler                              
20000bc0  SELECTED                                   
0001176b  SPI_enableModule                           
0000fb4b  SPI_initMaster                             
20000c28  START                                      
000119f5  SVC_Handler                                
000119f5  SysTick_Handler                            
20000c48  SystemCoreClock                            
0000cacd  SystemCoreClockUpdate                      
0000cd45  SystemInit                                 
000119f5  T32_INT1_IRQHandler                        
000119f5  T32_INT2_IRQHandler                        
000119f5  T32_INTC_IRQHandler                        
000119f5  TA0_0_IRQHandler                           
000119f5  TA0_N_IRQHandler                           
000119f5  TA1_0_IRQHandler                           
000119f5  TA1_N_IRQHandler                           
000119f5  TA2_0_IRQHandler                           
000119f5  TA2_N_IRQHandler                           
000119f5  TA3_0_IRQHandler                           
000119f5  TA3_N_IRQHandler                           
000118c9  UART_clearInterruptFlag                    
000118df  UART_enableModule                          
0001065d  UART_getEnabledInterruptStatus             
00011829  UART_getInterruptStatus                    
0000ec85  UART_initModule                            
00011415  UART_receiveData                           
000112b5  UART_transmitData                          
000119f5  UsageFault_Handler                         
20000bc8  WAIT_POS                                   
4000480c  WDTCTL_SYM                                 
000119f5  WDT_A_IRQHandler                           
00011709  WDT_A_holdTimer                            
0000e257  _UARTInit                                  
20000400  __CIOBUF_                                  
20010000  __STACK_END                                
00000200  __STACK_SIZE                               
00000400  __SYSMEM_SIZE                              
00011af8  __TI_CINIT_Base                            
00011b08  __TI_CINIT_Limit                           
00011ae0  __TI_Handler_Table_Base                    
00011aec  __TI_Handler_Table_Limit                   
00010f39  __TI_auto_init_nobinit_nopinit             
000112e9  __TI_cleanup                               
20000c18  __TI_cleanup_ptr                           
0001028d  __TI_closefile                             
0001058d  __TI_decompress_lzss                       
000119db  __TI_decompress_none                       
00010c69  __TI_doflush                               
20000c1c  __TI_dtors_ptr                             
20000c20  __TI_enable_exit_profile_output            
20000bf8  __TI_ft_end                                
00010b71  __TI_ltoa                                  
ffffffff  __TI_pprof_out_hndl                        
0000b1ed  __TI_printfi                               
ffffffff  __TI_prof_data_size                        
ffffffff  __TI_prof_data_start                       
0001131d  __TI_readmsg                               
00000000  __TI_static_base__                         
20000520  __TI_tmpnams                               
00011139  __TI_writemsg                              
00010789  __TI_wrt_ok                                
00011a1d  __TI_zero_init                             
00010001  __aeabi_cdcmpeq                            
00010001  __aeabi_cdcmple                            
00010087  __aeabi_cdrcmple                           
000103df  __aeabi_d2f                                
00010e21  __aeabi_d2iz                               
0000e2d7  __aeabi_dadd                               
0000ea29  __aeabi_ddiv                               
0000f2e1  __aeabi_dmul                               
0000e2cd  __aeabi_dsub                               
00011a35  __aeabi_errno_addr                         
00011171  __aeabi_f2d                                
00011475  __aeabi_i2d                                
0000cacb  __aeabi_idiv0                              
0000cacb  __aeabi_ldiv0                              
00010211  __aeabi_memclr                             
00010211  __aeabi_memclr4                            
00010211  __aeabi_memclr8                            
0000fd33  __aeabi_memcpy                             
0000fd33  __aeabi_memcpy4                            
0000fd33  __aeabi_memcpy8                            
00010213  __aeabi_memset                             
00010213  __aeabi_memset4                            
00010213  __aeabi_memset8                            
20000c04  __aeabi_stderr                             
20000bfc  __aeabi_stdin                              
20000c00  __aeabi_stdout                             
0000fdcf  __aeabi_uldivmod                           
ffffffff  __binit__                                  
ffffffff  __c_args__                                 
UNDEFED   __mpu_init                                 
2000fe00  __stack                                    
20000000  __start___llvm_prf_cnts                    
20000000  __stop___llvm_prf_cnts                     
000119cd  __time32                                   
0000e167  _adcInit                                   
0000e141  _adcJoystickInit                           
0000e111  _buttonsInit                               
00011351  _c_int00_noargs                            
0000ac9d  _ctypes_                                   
20000af8  _device                                    
0000e21f  _encoderInit                               
20000a08  _ftable                                    
0000e1d5  _graphicsInit                              
0000e233  _ledInit                                   
20000c30  _lock                                      
0000bc3b  _nop                                       
20000b70  _stream                                    
20000608  _sys_memory                                
UNDEFED   _system_post_cinit                         
00011a51  _system_pre_init                           
20000c34  _unlock                                    
00011a55  abort                                      
0000f1e1  aligned_alloc                              
00010cb5  atoi                                       
0000b184  bLong4BPP_UNCOMP                           
ffffffff  binit                                      
0000d033  bubbleInit                                 
0000b194  bubbleLevel4BPP_UNCOMP                     
0000d943  buttonA                                    
0000d31d  buttonAMenu                                
0000da05  buttonB                                    
0000d93b  canClickA                                  
0000d9fd  canClickB                                  
0000d921  checkInterruptA                            
0000d9e3  checkInterruptB                            
0000e4af  clearCircle                                
000108ad  close                                      
0001180f  copysign                                   
0001180f  copysignl                                  
20000c10  count                                      
0000e5d9  delay                                      
0000f6e1  displayMeasure                             
0000ce01  drawBubbleRect                             
0000e485  drawCircle                                 
0000e59d  drawImageBubbleLevel                       
0000e5bb  drawImageLidar                             
0000e561  drawImageMenu                              
0000e57f  drawImageMeterInit                         
0000ce7f  drawRect                                   
0000e549  drawSplashScreen                           
0000ddb5  encoderHandler                             
0000dd8d  encoderInit                                
20000c44  errno                                      
00010dd9  exit                                       
00011445  finddevice                                 
0000fe65  fputc                                      
0000eda1  fputs                                      
0000f5c9  free                                       
000106c1  frexp                                      
000106c1  frexpl                                     
00010725  fseek                                      
200005c0  g_sContext                                 
20000be8  g_sCrystalfontz128x128                     
0000b148  g_sCrystalfontz128x128_funcs               
0000ada0  g_sFontCmss20                              
0000ae68  g_sFontFixed6x8                            
0000e601  getTimestamp                               
00010f7d  getdevice                                  
0000e273  hwInit                                     
20000c24  inc                                        
20000be0  increment                                  
00000000  interruptVectors                           
0000d22b  joystickMenu                               
0000efc9  ldexp                                      
0000efc9  ldexpl                                     
0000f72f  lidar                                      
0000b1a4  lidar4BPP_UNCOMP                           
0000f6ad  lidarInit                                  
00011695  lseek                                      
0000d8a5  main                                       
00011a3d  malloc                                     
0000f1e1  memalign                                   
000117a5  memccpy                                    
0001172d  memchr                                     
0000fd33  memcpy                                     
00010219  memset                                     
0000b1b4  menu4BPP_UNCOMP                            
0000deeb  meter                                      
0000b1c4  meter4BPP_UNCOMP                           
20000c0c  oldPos                                     
200005e8  parmbuf                                    
0000b1e8  pi                                         
20000c08  pos                                        
0000dd31  printMeasure                               
000105f5  printf                                     
0000fe65  putc                                       
200005f0  rectBubble                                 
00011529  remove                                     
0000d363  resetMenu                                  
0000efc9  scalbn                                     
0000efc9  scalbnl                                    
0000f537  sendBubbleLevelAngle                       
0000f553  sendChunks                                 
0000f4d9  sendMessage                                
0000f4e7  sendMeterIncrement                         
0000f789  setvbuf                                    
00011081  sprintf                                    
20000bdc  status                                     
000118f5  strchr                                     
00011859  strcmp                                     
00011921  strcpy                                     
00011935  strlen                                     
00011215  strncpy                                    
000119cd  time                                       
0000b120  uartConfig                                 
00011529  unlink                                     
0000d0f9  updateMenu                                 
0001195b  wcslen                                     
0000b1e4  wheelRadius                                
000116bd  write                                      
20000c14  xMeasured                                  


GLOBAL SYMBOLS: SORTED BY Symbol Address 

address   name                                       
-------   ----                                       
00000000  __TI_static_base__                         
00000000  interruptVectors                           
00000200  __STACK_SIZE                               
00000400  __SYSMEM_SIZE                              
0000ac9d  _ctypes_                                   
0000ada0  g_sFontCmss20                              
0000ae68  g_sFontFixed6x8                            
0000b120  uartConfig                                 
0000b148  g_sCrystalfontz128x128_funcs               
0000b184  bLong4BPP_UNCOMP                           
0000b194  bubbleLevel4BPP_UNCOMP                     
0000b1a4  lidar4BPP_UNCOMP                           
0000b1b4  menu4BPP_UNCOMP                            
0000b1c4  meter4BPP_UNCOMP                           
0000b1e4  wheelRadius                                
0000b1e8  pi                                         
0000b1ed  __TI_printfi                               
0000bc3b  _nop                                       
0000bc3d  Crystalfontz128x128_Init                   
0000bd51  Crystalfontz128x128_SetDrawFrame           
0000be7f  Crystalfontz128x128_SetOrientation         
0000c2bd  Graphics_drawString                        
0000c73b  Graphics_drawImage                         
0000cacb  __aeabi_idiv0                              
0000cacb  __aeabi_ldiv0                              
0000cacd  SystemCoreClockUpdate                      
0000cd45  SystemInit                                 
0000ce01  drawBubbleRect                             
0000ce7f  drawRect                                   
0000d033  bubbleInit                                 
0000d0f9  updateMenu                                 
0000d22b  joystickMenu                               
0000d31d  buttonAMenu                                
0000d363  resetMenu                                  
0000d635  Graphics_drawCircle                        
0000d8a5  main                                       
0000d8b9  ADC14_IRQHandler                           
0000d8b9  ADC14_IRQHandler                           
0000d913  PORT5_IRQHandler                           
0000d913  PORT5_IRQHandler                           
0000d921  checkInterruptA                            
0000d93b  canClickA                                  
0000d943  buttonA                                    
0000d9d5  PORT3_IRQHandler                           
0000d9d5  PORT3_IRQHandler                           
0000d9e3  checkInterruptB                            
0000d9fd  canClickB                                  
0000da05  buttonB                                    
0000da51  EUSCIA2_IRQHandler                         
0000da51  EUSCIA2_IRQHandler                         
0000db05  Graphics_fillCircle                        
0000dd31  printMeasure                               
0000dd8d  encoderInit                                
0000ddb5  encoderHandler                             
0000deeb  meter                                      
0000e111  _buttonsInit                               
0000e141  _adcJoystickInit                           
0000e167  _adcInit                                   
0000e1d5  _graphicsInit                              
0000e21f  _encoderInit                               
0000e233  _ledInit                                   
0000e257  _UARTInit                                  
0000e273  hwInit                                     
0000e2cd  __aeabi_dsub                               
0000e2d7  __aeabi_dadd                               
0000e485  drawCircle                                 
0000e4af  clearCircle                                
0000e549  drawSplashScreen                           
0000e561  drawImageMenu                              
0000e57f  drawImageMeterInit                         
0000e59d  drawImageBubbleLevel                       
0000e5bb  drawImageLidar                             
0000e5d9  delay                                      
0000e601  getTimestamp                               
0000ea29  __aeabi_ddiv                               
0000ec85  UART_initModule                            
0000eda1  fputs                                      
0000eeb5  Graphics_fillRectangle                     
0000efc9  ldexp                                      
0000efc9  ldexpl                                     
0000efc9  scalbn                                     
0000efc9  scalbnl                                    
0000f1e1  aligned_alloc                              
0000f1e1  memalign                                   
0000f2e1  __aeabi_dmul                               
0000f3dd  Graphics_getStringWidth                    
0000f4d9  sendMessage                                
0000f4e7  sendMeterIncrement                         
0000f537  sendBubbleLevelAngle                       
0000f553  sendChunks                                 
0000f5c9  free                                       
0000f6ad  lidarInit                                  
0000f6e1  displayMeasure                             
0000f72f  lidar                                      
0000f789  setvbuf                                    
0000f865  HAL_LCD_PortInit                           
0000f895  HAL_LCD_SpiInit                            
0000f8cb  HAL_LCD_writeCommand                       
0000f8fb  HAL_LCD_writeData                          
0000f931  ADC14_configureConversionMemory            
0000f9e5  ADC14_configureMultiSequenceMode           
0000fb4b  SPI_initMaster                             
0000fbfb  Graphics_drawLineH                         
0000fc97  Graphics_drawLineV                         
0000fd33  __aeabi_memcpy                             
0000fd33  __aeabi_memcpy4                            
0000fd33  __aeabi_memcpy8                            
0000fd33  memcpy                                     
0000fdcf  __aeabi_uldivmod                           
0000fe65  fputc                                      
0000fe65  putc                                       
0000fef1  GPIO_setAsPeripheralModuleFunctionInputPin 
0000ff79  GPIO_setAsPeripheralModuleFunctionOutputPin
00010001  __aeabi_cdcmpeq                            
00010001  __aeabi_cdcmple                            
00010087  __aeabi_cdrcmple                           
0001010d  GPIO_getEnabledInterruptStatus             
00010191  Interrupt_enableInterrupt                  
00010211  __aeabi_memclr                             
00010211  __aeabi_memclr4                            
00010211  __aeabi_memclr8                            
00010213  __aeabi_memset                             
00010213  __aeabi_memset4                            
00010213  __aeabi_memset8                            
00010219  memset                                     
0001028d  __TI_closefile                             
000103df  __aeabi_d2f                                
000104b9  HOSTrename                                 
00010525  HOSTlseek                                  
0001058d  __TI_decompress_lzss                       
000105f5  printf                                     
0001065d  UART_getEnabledInterruptStatus             
000106c1  frexp                                      
000106c1  frexpl                                     
00010725  fseek                                      
00010789  __TI_wrt_ok                                
000107ed  HOSTopen                                   
0001084d  PCM_getCoreVoltageLevel                    
000108ad  close                                      
00010909  Graphics_drawPixel                         
00010963  PCM_getPowerMode                           
000109bd  GPIO_setAsInputPinWithPullUpResistor       
00010a15  HOSTread                                   
00010a6d  HOSTwrite                                  
00010b1d  ADC14_initModule                           
00010b71  __TI_ltoa                                  
00010bc5  Graphics_initContext                       
00010c69  __TI_doflush                               
00010cb5  atoi                                       
00010d01  FlashCtl_setWaitState                      
00010d49  Graphics_drawStringCentered                
00010d91  HOSTtime                                   
00010dd9  exit                                       
00010e21  __aeabi_d2iz                               
00010e69  Graphics_drawMultiplePixelsOnDisplay       
00010eb1  HOSTclose                                  
00010ef5  HOSTunlink                                 
00010f39  __TI_auto_init_nobinit_nopinit             
00010f7d  getdevice                                  
00010fc1  GPIO_setAsOutputPin                        
00011081  sprintf                                    
00011101  ADC14_getEnabledInterruptStatus            
00011139  __TI_writemsg                              
00011167  C$$IO$$                                    
00011171  __aeabi_f2d                                
000111a9  Graphics_drawHorizontalLineOnDisplay       
000111df  Graphics_drawVerticalLineOnDisplay         
00011215  strncpy                                    
0001124d  ADC14_enableSampleTimer                    
00011281  CS_setDCOCenteredFrequency                 
000112b5  UART_transmitData                          
000112e9  __TI_cleanup                               
0001131d  __TI_readmsg                               
00011351  _c_int00_noargs                            
00011385  ADC14_clearInterruptFlag                   
000113b5  ADC14_enableInterrupt                      
000113e5  GPIO_getInputPinValue                      
00011415  UART_receiveData                           
00011445  finddevice                                 
00011475  __aeabi_i2d                                
000114a5  ADC14_getInterruptStatus                   
000114d1  ADC14_toggleConversionTrigger              
000114fd  Graphics_drawPixelOnDisplay                
00011529  remove                                     
00011529  unlink                                     
00011555  ADC14_enableConversion                     
0001157d  ADC14_getResult                            
000115a5  GPIO_clearInterruptFlag                    
000115cd  GPIO_enableInterrupt                       
000115f5  GPIO_setOutputHighOnPin                    
0001161d  GPIO_setOutputLowOnPin                     
00011645  PCM_gotoLPM0                               
00011695  lseek                                      
000116bd  write                                      
000116e5  GPIO_getInterruptStatus                    
00011709  WDT_A_holdTimer                            
0001172d  memchr                                     
0001174d  Graphics_fillRectangleOnDisplay            
0001176b  SPI_enableModule                           
000117a5  memccpy                                    
000117c1  Graphics_clearDisplayOnDisplay             
000117db  Graphics_setBackgroundColor                
000117f5  Graphics_setFont                           
0001180f  copysign                                   
0001180f  copysignl                                  
00011829  UART_getInterruptStatus                    
00011859  strcmp                                     
00011871  EUSCI_A_SPI_enable                         
00011887  EUSCI_B_SPI_enable                         
0001189d  Graphics_setForegroundColor                
000118b3  Graphics_translateColorOnDisplay           
000118c9  UART_clearInterruptFlag                    
000118df  UART_enableModule                          
000118f5  strchr                                     
0001190d  PCM_getPowerState                          
00011921  strcpy                                     
00011935  strlen                                     
00011949  Graphics_clearDisplay                      
0001195b  wcslen                                     
0001197d  Interrupt_disableMaster                    
0001198d  Interrupt_disableSleepOnIsrExit            
0001199d  Interrupt_enableMaster                     
000119ad  PCM_setCoreVoltageLevel                    
000119bd  PCM_setPowerMode                           
000119cd  __time32                                   
000119cd  time                                       
000119db  __TI_decompress_none                       
000119e9  Reset_Handler                              
000119f5  AES256_IRQHandler                          
000119f5  BusFault_Handler                           
000119f5  COMP_E0_IRQHandler                         
000119f5  COMP_E1_IRQHandler                         
000119f5  CS_IRQHandler                              
000119f5  DMA_ERR_IRQHandler                         
000119f5  DMA_INT0_IRQHandler                        
000119f5  DMA_INT1_IRQHandler                        
000119f5  DMA_INT2_IRQHandler                        
000119f5  DMA_INT3_IRQHandler                        
000119f5  DebugMon_Handler                           
000119f5  Default_Handler                            
000119f5  EUSCIA0_IRQHandler                         
000119f5  EUSCIA1_IRQHandler                         
000119f5  EUSCIA3_IRQHandler                         
000119f5  EUSCIB0_IRQHandler                         
000119f5  EUSCIB1_IRQHandler                         
000119f5  EUSCIB2_IRQHandler                         
000119f5  EUSCIB3_IRQHandler                         
000119f5  FLCTL_IRQHandler                           
000119f5  FPU_IRQHandler                             
000119f5  HardFault_Handler                          
000119f5  MemManage_Handler                          
000119f5  NMI_Handler                                
000119f5  PCM_IRQHandler                             
000119f5  PORT1_IRQHandler                           
000119f5  PORT2_IRQHandler                           
000119f5  PORT4_IRQHandler                           
000119f5  PORT6_IRQHandler                           
000119f5  PSS_IRQHandler                             
000119f5  PendSV_Handler                             
000119f5  RTC_C_IRQHandler                           
000119f5  SVC_Handler                                
000119f5  SysTick_Handler                            
000119f5  T32_INT1_IRQHandler                        
000119f5  T32_INT2_IRQHandler                        
000119f5  T32_INTC_IRQHandler                        
000119f5  TA0_0_IRQHandler                           
000119f5  TA0_N_IRQHandler                           
000119f5  TA1_0_IRQHandler                           
000119f5  TA1_N_IRQHandler                           
000119f5  TA2_0_IRQHandler                           
000119f5  TA2_N_IRQHandler                           
000119f5  TA3_0_IRQHandler                           
000119f5  TA3_N_IRQHandler                           
000119f5  UsageFault_Handler                         
000119f5  WDT_A_IRQHandler                           
000119f9  ADC14_enableModule                         
00011a05  CPU_cpsid                                  
00011a11  CPU_cpsie                                  
00011a1d  __TI_zero_init                             
00011a35  __aeabi_errno_addr                         
00011a3d  malloc                                     
00011a45  CPU_wfi                                    
00011a51  _system_pre_init                           
00011a55  C$$EXIT                                    
00011a55  abort                                      
00011ae0  __TI_Handler_Table_Base                    
00011aec  __TI_Handler_Table_Limit                   
00011af8  __TI_CINIT_Base                            
00011b08  __TI_CINIT_Limit                           
20000000  __start___llvm_prf_cnts                    
20000000  __stop___llvm_prf_cnts                     
20000400  __CIOBUF_                                  
20000520  __TI_tmpnams                               
200005c0  g_sContext                                 
200005dc  BOX                                        
200005e8  parmbuf                                    
200005f0  rectBubble                                 
200005f8  Lcd_ScreenHeigth                           
200005fa  Lcd_ScreenWidth                            
200005fc  Lcd_TouchTrim                              
200005fe  Lcd_FlagRead                               
200005ff  Lcd_FontSolid                              
20000600  Lcd_Orientation                            
20000601  Lcd_PenSolid                               
20000608  _sys_memory                                
20000a08  _ftable                                    
20000af8  _device                                    
20000b70  _stream                                    
20000bc0  SELECTED                                   
20000bc4  CURSOR                                     
20000bc8  WAIT_POS                                   
20000bcc  INIT_POS                                   
20000bd0  INIT_IMG                                   
20000bd4  LAST_CLICK_B                               
20000bd8  LAST_CLICK_A                               
20000bdc  status                                     
20000be0  increment                                  
20000be4  CURRENT_STATE                              
20000be8  g_sCrystalfontz128x128                     
20000bf8  __TI_ft_end                                
20000bfc  __aeabi_stdin                              
20000c00  __aeabi_stdout                             
20000c04  __aeabi_stderr                             
20000c08  pos                                        
20000c0c  oldPos                                     
20000c10  count                                      
20000c14  xMeasured                                  
20000c18  __TI_cleanup_ptr                           
20000c1c  __TI_dtors_ptr                             
20000c20  __TI_enable_exit_profile_output            
20000c24  inc                                        
20000c28  START                                      
20000c2c  METER_STATE                                
20000c30  _lock                                      
20000c34  _unlock                                    
20000c40  LIDAR_STATE                                
20000c44  errno                                      
20000c48  SystemCoreClock                            
2000fe00  __stack                                    
20010000  __STACK_END                                
4000480c  WDTCTL_SYM                                 
ffffffff  __TI_pprof_out_hndl                        
ffffffff  __TI_prof_data_size                        
ffffffff  __TI_prof_data_start                       
ffffffff  __binit__                                  
ffffffff  __c_args__                                 
ffffffff  binit                                      
UNDEFED   __mpu_init                                 
UNDEFED   _system_post_cinit                         

[349 symbols]
